Archive member included because of file (symbol)

/Applications/lpcxpresso_4.2.4_267/lpcxpresso/Tools/bin/../lib/gcc/arm-none-eabi/4.6.2/armv6-m/libgcc.a(_thumb1_case_uqi.o)
                              ./src/libmbed/DigitalOut.o (__gnu_thumb1_case_uqi)
/Applications/lpcxpresso_4.2.4_267/lpcxpresso/Tools/bin/../lib/gcc/arm-none-eabi/4.6.2/armv6-m/libgcc.a(unwind-arm.o)
                              ./src/cr_startup_lpc11.o (__aeabi_unwind_cpp_pr0)
/Applications/lpcxpresso_4.2.4_267/lpcxpresso/Tools/bin/../lib/gcc/arm-none-eabi/4.6.2/armv6-m/libgcc.a(libunwind.o)
                              /Applications/lpcxpresso_4.2.4_267/lpcxpresso/Tools/bin/../lib/gcc/arm-none-eabi/4.6.2/armv6-m/libgcc.a(unwind-arm.o) (restore_core_regs)
/Applications/lpcxpresso_4.2.4_267/lpcxpresso/Tools/bin/../lib/gcc/arm-none-eabi/4.6.2/armv6-m/libgcc.a(pr-support.o)
                              /Applications/lpcxpresso_4.2.4_267/lpcxpresso/Tools/bin/../lib/gcc/arm-none-eabi/4.6.2/armv6-m/libgcc.a(unwind-arm.o) (__gnu_unwind_execute)
/Applications/lpcxpresso_4.2.4_267/lpcxpresso/Tools/bin/../lib/gcc/arm-none-eabi/4.6.2/../../../../arm-none-eabi/lib/armv6-m/libc.a(lib_a-abort.o)
                              /Applications/lpcxpresso_4.2.4_267/lpcxpresso/Tools/bin/../lib/gcc/arm-none-eabi/4.6.2/armv6-m/libgcc.a(unwind-arm.o) (abort)
/Applications/lpcxpresso_4.2.4_267/lpcxpresso/Tools/bin/../lib/gcc/arm-none-eabi/4.6.2/../../../../arm-none-eabi/lib/armv6-m/libc.a(lib_a-init.o)
                              ./src/cr_startup_lpc11.o (__libc_init_array)
/Applications/lpcxpresso_4.2.4_267/lpcxpresso/Tools/bin/../lib/gcc/arm-none-eabi/4.6.2/../../../../arm-none-eabi/lib/armv6-m/libc.a(lib_a-malloc.o)
                              ./src/cr_cpp_config.o (malloc)
/Applications/lpcxpresso_4.2.4_267/lpcxpresso/Tools/bin/../lib/gcc/arm-none-eabi/4.6.2/../../../../arm-none-eabi/lib/armv6-m/libc.a(lib_a-mallocr.o)
                              /Applications/lpcxpresso_4.2.4_267/lpcxpresso/Tools/bin/../lib/gcc/arm-none-eabi/4.6.2/../../../../arm-none-eabi/lib/armv6-m/libc.a(lib_a-malloc.o) (_malloc_r)
/Applications/lpcxpresso_4.2.4_267/lpcxpresso/Tools/bin/../lib/gcc/arm-none-eabi/4.6.2/../../../../arm-none-eabi/lib/armv6-m/libc.a(lib_a-memcpy.o)
                              /Applications/lpcxpresso_4.2.4_267/lpcxpresso/Tools/bin/../lib/gcc/arm-none-eabi/4.6.2/armv6-m/libgcc.a(unwind-arm.o) (memcpy)
/Applications/lpcxpresso_4.2.4_267/lpcxpresso/Tools/bin/../lib/gcc/arm-none-eabi/4.6.2/../../../../arm-none-eabi/lib/armv6-m/libc.a(lib_a-mlock.o)
                              /Applications/lpcxpresso_4.2.4_267/lpcxpresso/Tools/bin/../lib/gcc/arm-none-eabi/4.6.2/../../../../arm-none-eabi/lib/armv6-m/libc.a(lib_a-mallocr.o) (__malloc_lock)
/Applications/lpcxpresso_4.2.4_267/lpcxpresso/Tools/bin/../lib/gcc/arm-none-eabi/4.6.2/../../../../arm-none-eabi/lib/armv6-m/libc.a(lib_a-sbrkr.o)
                              /Applications/lpcxpresso_4.2.4_267/lpcxpresso/Tools/bin/../lib/gcc/arm-none-eabi/4.6.2/../../../../arm-none-eabi/lib/armv6-m/libc.a(lib_a-mallocr.o) (_sbrk_r)
/Applications/lpcxpresso_4.2.4_267/lpcxpresso/Tools/bin/../lib/gcc/arm-none-eabi/4.6.2/../../../../arm-none-eabi/lib/armv6-m/libc.a(lib_a-signal.o)
                              /Applications/lpcxpresso_4.2.4_267/lpcxpresso/Tools/bin/../lib/gcc/arm-none-eabi/4.6.2/../../../../arm-none-eabi/lib/armv6-m/libc.a(lib_a-abort.o) (raise)
/Applications/lpcxpresso_4.2.4_267/lpcxpresso/Tools/bin/../lib/gcc/arm-none-eabi/4.6.2/../../../../arm-none-eabi/lib/armv6-m/libc.a(lib_a-signalr.o)
                              /Applications/lpcxpresso_4.2.4_267/lpcxpresso/Tools/bin/../lib/gcc/arm-none-eabi/4.6.2/../../../../arm-none-eabi/lib/armv6-m/libc.a(lib_a-signal.o) (_kill_r)
/Applications/lpcxpresso_4.2.4_267/lpcxpresso/Tools/bin/../lib/gcc/arm-none-eabi/4.6.2/../../../../arm-none-eabi/lib/armv6-m/libc.a(lib_a-strlen.o)
                              ./src/libmbed/Print.o (strlen)
/Applications/lpcxpresso_4.2.4_267/lpcxpresso/Tools/bin/../lib/gcc/arm-none-eabi/4.6.2/../../../../arm-none-eabi/lib/armv6-m/libc.a(lib_a-freer.o)
                              /Applications/lpcxpresso_4.2.4_267/lpcxpresso/Tools/bin/../lib/gcc/arm-none-eabi/4.6.2/../../../../arm-none-eabi/lib/armv6-m/libc.a(lib_a-malloc.o) (_free_r)
/Applications/lpcxpresso_4.2.4_267/lpcxpresso/Tools/bin/../lib/gcc/arm-none-eabi/4.6.2/../../../../arm-none-eabi/lib/armv6-m/libc.a(lib_a-impure.o)
                              /Applications/lpcxpresso_4.2.4_267/lpcxpresso/Tools/bin/../lib/gcc/arm-none-eabi/4.6.2/../../../../arm-none-eabi/lib/armv6-m/libc.a(lib_a-malloc.o) (_impure_ptr)
/Applications/lpcxpresso_4.2.4_267/lpcxpresso/Tools/bin/../lib/gcc/arm-none-eabi/4.6.2/../../../../arm-none-eabi/lib/armv6-m/libc.a(lib_a-reent.o)
                              /Applications/lpcxpresso_4.2.4_267/lpcxpresso/Tools/bin/../lib/gcc/arm-none-eabi/4.6.2/../../../../arm-none-eabi/lib/armv6-m/libc.a(lib_a-sbrkr.o) (errno)
[...]
Memory Configuration

Name             Origin             Length             Attributes
MFlash32         0x0000000000000000 0x0000000000008000 xr
RamLoc4          0x0000000010000000 0x0000000000001000 xrw
*default*        0x0000000000000000 0xffffffffffffffff

Linker script and memory map

LOAD ./src/cr_cpp_config.o
LOAD ./src/cr_startup_lpc11.o
LOAD ./src/main.o
LOAD ./src/libmbed/BusOut.o
LOAD ./src/libmbed/DigitalOut.o
LOAD ./src/libmbed/Print.o
LOAD ./src/libmbed/TextLCD.o
LOAD ./src/libmbed/wait_api.o
START GROUP
LOAD /Applications/lpcxpresso_4.2.4_267/lpcxpresso/Tools/bin/../lib/gcc/arm-none-eabi/4.6.2/armv6-m/libgcc.a
LOAD /Applications/lpcxpresso_4.2.4_267/lpcxpresso/Tools/bin/../lib/gcc/arm-none-eabi/4.6.2/../../../../arm-none-eabi/lib/armv6-m/libc.a
LOAD /Applications/lpcxpresso_4.2.4_267/lpcxpresso/Tools/bin/../lib/gcc/arm-none-eabi/4.6.2/../../../../arm-none-eabi/lib/armv6-m/libstdc++.a
LOAD /Applications/lpcxpresso_4.2.4_267/lpcxpresso/Tools/bin/../lib/gcc/arm-none-eabi/4.6.2/../../../../arm-none-eabi/lib/armv6-m/libm.a
LOAD /Applications/lpcxpresso_4.2.4_267/lpcxpresso/Tools/bin/../lib/gcc/arm-none-eabi/4.6.2/armv6-m/crti.o
LOAD /Applications/lpcxpresso_4.2.4_267/lpcxpresso/Tools/bin/../lib/gcc/arm-none-eabi/4.6.2/armv6-m/crtn.o
LOAD /Applications/lpcxpresso_4.2.4_267/lpcxpresso/Tools/bin/../lib/gcc/arm-none-eabi/4.6.2/armv6-m/crtbegin.o
LOAD /Applications/lpcxpresso_4.2.4_267/lpcxpresso/Tools/bin/../lib/gcc/arm-none-eabi/4.6.2/armv6-m/crtend.o
END GROUP
                0x0000000000008000                __top_MFlash32 = 0x8000
                0x0000000010001000                __top_RamLoc4 = 0x10001000

.text           0x0000000000000000     0x3b28
 FILL mask 0xff
 *(.isr_vector)
 .isr_vector    0x0000000000000000       0xc0 ./src/cr_startup_lpc11.o
                0x0000000000000000                g_pfnVectors
                0x00000000000000c0                . = ALIGN (0x4)
                0x00000000000000c0                __section_table_start = .
                0x00000000000000c0                __data_section_table = .
                0x00000000000000c0        0x4 LONG 0x3f98 LOADADDR (.data)
                0x00000000000000c4        0x4 LONG 0x10000000 ADDR (.data)
                0x00000000000000c8        0x4 LONG 0x848 SIZEOF (.data)
                0x00000000000000cc                __data_section_table_end = .
                0x00000000000000cc                __bss_section_table = .
                0x00000000000000cc        0x4 LONG 0x10000848 ADDR (.bss)
                0x00000000000000d0        0x4 LONG 0xb40 SIZEOF (.bss)
                0x00000000000000d4                __bss_section_table_end = .
                0x00000000000000d4                __section_table_end = .
 *(.after_vectors*)
 .after_vectors
                0x00000000000000d4       0x80 ./src/cr_startup_lpc11.o
                0x00000000000000d4                NMI_Handler
                0x00000000000000d8                HardFault_Handler
                0x00000000000000dc                SVC_Handler
                0x00000000000000e0                PendSV_Handler
                0x00000000000000e4                SysTick_Handler
                0x00000000000000e8                _Z9data_initjjj
                0x00000000000000fa                _Z8bss_initjj
                0x000000000000010c                ResetISR
                0x0000000000000150                TIMER16_1_IRQHandler
                0x0000000000000150                ADC_IRQHandler
                0x0000000000000150                SSP1_IRQHandler
                0x0000000000000150                PIOINT2_IRQHandler
                0x0000000000000150                BOD_IRQHandler
                0x0000000000000150                WAKEUP_IRQHandler
                0x0000000000000150                PIOINT0_IRQHandler
                0x0000000000000150                I2C_IRQHandler
                0x0000000000000150                WDT_IRQHandler
                0x0000000000000150                TIMER16_0_IRQHandler
                0x0000000000000150                PIOINT3_IRQHandler
                0x0000000000000150                UART_IRQHandler
                0x0000000000000150                TIMER32_0_IRQHandler
                0x0000000000000150                TIMER32_1_IRQHandler
                0x0000000000000150                IntDefaultHandler
                0x0000000000000150                PIOINT1_IRQHandler
                0x0000000000000150                CAN_IRQHandler
                0x0000000000000150                SSP0_IRQHandler
 *(.text*)
 .text._Znwj    0x0000000000000154        0x8 ./src/cr_cpp_config.o
                0x0000000000000154                _Znwj
 .text._Znaj    0x000000000000015c        0x8 ./src/cr_cpp_config.o
                0x000000000000015c                _Znaj
 .text._ZdlPv   0x0000000000000164        0x8 ./src/cr_cpp_config.o
                0x0000000000000164                _ZdlPv
 .text._ZdaPv   0x000000000000016c        0x8 ./src/cr_cpp_config.o
                0x000000000000016c                _ZdaPv
 .text.__aeabi_atexit
                0x0000000000000174        0x4 ./src/cr_cpp_config.o
                0x0000000000000174                __aeabi_atexit
 .text._ZN9__gnu_cxx27__verbose_terminate_handlerEv
                0x0000000000000178        0x4 ./src/cr_cpp_config.o
                0x0000000000000178                _ZN9__gnu_cxx27__verbose_terminate_handlerEv
 .text._ZN4mbed10DigitalOutaSEi
                0x000000000000017c       0x24 ./src/main.o
                0x000000000000017c                _ZN4mbed10DigitalOutaSEi
 .text.startup.main
                0x00000000000001a0       0x4c ./src/main.o
                0x00000000000001a0                main
 .text.startup._GLOBAL__sub_I_CRP_WORD
                0x00000000000001ec       0x50 ./src/main.o
 .text._ZN4mbed6BusOutC2Eiiiiiiiiiiiiiiii
                0x000000000000023c       0xde ./src/libmbed/BusOut.o
                0x000000000000023c                _ZN4mbed6BusOutC1Eiiiiiiiiiiiiiiii
                0x000000000000023c                _ZN4mbed6BusOutC2Eiiiiiiiiiiiiiiii
 *fill*         0x000000000000031a        0x2 00
 .text._ZN4mbed6BusOut5writeEi
                0x000000000000031c       0x3c ./src/libmbed/BusOut.o
                0x000000000000031c                _ZN4mbed6BusOut5writeEi
 .text._ZN4mbed6BusOut4readEv
                0x0000000000000358       0x34 ./src/libmbed/BusOut.o
                0x0000000000000358                _ZN4mbed6BusOut4readEv
 .text._ZN4mbed10DigitalOutC2Ev
                0x000000000000038c        0xe ./src/libmbed/DigitalOut.o
                0x000000000000038c                _ZN4mbed10DigitalOutC2Ev
                0x000000000000038c                _ZN4mbed10DigitalOutC1Ev
 *fill*         0x000000000000039a        0x2 00
 .text._ZN4mbed10DigitalOut5setupEiPKc
                0x000000000000039c      0x134 ./src/libmbed/DigitalOut.o
                0x000000000000039c                _ZN4mbed10DigitalOut5setupEiPKc
 .text._ZN4mbed10DigitalOutC2EiPKc
                0x00000000000004d0       0x18 ./src/libmbed/DigitalOut.o
                0x00000000000004d0                _ZN4mbed10DigitalOutC1EiPKc
                0x00000000000004d0                _ZN4mbed10DigitalOutC2EiPKc
 .text._ZN5Print5writeEPKci
                0x00000000000004e8       0x24 ./src/libmbed/Print.o
                0x00000000000004e8                _ZN5Print5writeEPKci
 .text._ZN5Print5printEPKc
                0x000000000000050c       0x20 ./src/libmbed/Print.o
                0x000000000000050c                _ZN5Print5printEPKc
 .text._ZN5Print5printEc
                0x000000000000052c        0xa ./src/libmbed/Print.o
                0x000000000000052c                _ZN5Print5printEc
 .text._ZN5Print7printlnEv
                0x0000000000000536       0x18 ./src/libmbed/Print.o
                0x0000000000000536                _ZN5Print7printlnEv
 .text._ZN5Print7printlnEPKc
                0x000000000000054e       0x14 ./src/libmbed/Print.o
                0x000000000000054e                _ZN5Print7printlnEPKc
 .text._ZN5Print7printlnEc
                0x0000000000000562       0x14 ./src/libmbed/Print.o
                0x0000000000000562                _ZN5Print7printlnEc
 .text._ZN7TextLCD5_getcEv
                0x0000000000000576        0x6 ./src/libmbed/TextLCD.o
                0x0000000000000576                _ZN7TextLCD5_getcEv
 .text._ZN7TextLCD6locateEii
                0x000000000000057c        0xc ./src/libmbed/TextLCD.o
                0x000000000000057c                _ZN7TextLCD6locateEii
 .text._ZN7TextLCD9writeByteEi
                0x0000000000000588       0x56 ./src/libmbed/TextLCD.o
                0x0000000000000588                _ZN7TextLCD9writeByteEi
 .text._ZN7TextLCD12writeCommandEi
                0x00000000000005de       0x18 ./src/libmbed/TextLCD.o
                0x00000000000005de                _ZN7TextLCD12writeCommandEi
 .text._ZN7TextLCD3clsEv
                0x00000000000005f6       0x20 ./src/libmbed/TextLCD.o
                0x00000000000005f6                _ZN7TextLCD3clsEv
 *fill*         0x0000000000000616        0x2 00
 .text._ZN7TextLCDC2EiiiiiiNS_7LCDTypeE
                0x0000000000000618       0xd0 ./src/libmbed/TextLCD.o
                0x0000000000000618                _ZN7TextLCDC1EiiiiiiNS_7LCDTypeE
                0x0000000000000618                _ZN7TextLCDC2EiiiiiiNS_7LCDTypeE
 .text._ZN7TextLCD9writeDataEi
                0x00000000000006e8       0x18 ./src/libmbed/TextLCD.o
                0x00000000000006e8                _ZN7TextLCD9writeDataEi
 .text._ZN7TextLCD7addressEii
                0x0000000000000700       0x44 ./src/libmbed/TextLCD.o
                0x0000000000000700                _ZN7TextLCD7addressEii
 .text._ZN7TextLCD9characterEiii
                0x0000000000000744       0x1c ./src/libmbed/TextLCD.o
                0x0000000000000744                _ZN7TextLCD9characterEiii
 .text._ZN7TextLCD5_putcEi
                0x0000000000000760       0x7a ./src/libmbed/TextLCD.o
                0x0000000000000760                _ZN7TextLCD5_putcEi
 .text._ZN7TextLCD7columnsEv
                0x00000000000007da       0x12 ./src/libmbed/TextLCD.o
                0x00000000000007da                _ZN7TextLCD7columnsEv
 .text._ZN7TextLCD4rowsEv
                0x00000000000007ec       0x10 ./src/libmbed/TextLCD.o
                0x00000000000007ec                _ZN7TextLCD4rowsEv
 .text.wait_init
                0x00000000000007fc       0x14 ./src/libmbed/wait_api.o
                0x00000000000007fc                wait_init
 .text.wait_ms  0x0000000000000810       0x30 ./src/libmbed/wait_api.o
                0x0000000000000810                wait_ms
 .text.wait_us  0x0000000000000840        0x2 ./src/libmbed/wait_api.o
                0x0000000000000840                wait_us
 *fill*         0x0000000000000842        0x2 00
 .text          0x0000000000000844       0x14 /Applications/lpcxpresso_4.2.4_267/lpcxpresso/Tools/bin/../lib/gcc/arm-none-eabi/4.6.2/armv6-m/libgcc.a(_thumb1_case_uqi.o)
                0x0000000000000844                __gnu_thumb1_case_uqi
 .text          0x0000000000000858      0xb5c /Applications/lpcxpresso_4.2.4_267/lpcxpresso/Tools/bin/../lib/gcc/arm-none-eabi/4.6.2/armv6-m/libgcc.a(unwind-arm.o)
                0x0000000000000b18                _Unwind_VRS_Get
                0x0000000000000b5c                _Unwind_VRS_Set
                0x0000000000000ec0                __aeabi_unwind_cpp_pr2
                0x0000000000000ecc                __aeabi_unwind_cpp_pr1
                0x0000000000000ed8                __aeabi_unwind_cpp_pr0
                0x0000000000000ee4                _Unwind_VRS_Pop
                0x0000000000001268                _Unwind_GetCFA
                0x000000000000126c                __gnu_Unwind_RaiseException
                0x00000000000012c4                __gnu_Unwind_ForcedUnwind
                0x00000000000012d8                __gnu_Unwind_Resume
                0x0000000000001318                __gnu_Unwind_Resume_or_Rethrow
                0x0000000000001334                _Unwind_Complete
                0x0000000000001338                _Unwind_DeleteException
                0x0000000000001348                __gnu_Unwind_Backtrace
 .text          0x00000000000013b4      0x144 /Applications/lpcxpresso_4.2.4_267/lpcxpresso/Tools/bin/../lib/gcc/arm-none-eabi/4.6.2/armv6-m/libgcc.a(libunwind.o)
                0x00000000000013b4                __restore_core_regs
                0x00000000000013b4                restore_core_regs
                0x00000000000013e0                __gnu_Unwind_Restore_VFP
                0x00000000000013e4                __gnu_Unwind_Save_VFP
                0x00000000000013e8                __gnu_Unwind_Restore_VFP_D
                0x00000000000013ec                __gnu_Unwind_Save_VFP_D
                0x00000000000013f0                __gnu_Unwind_Restore_VFP_D_16_to_31
                0x00000000000013f4                __gnu_Unwind_Save_VFP_D_16_to_31
                0x00000000000013f8                __gnu_Unwind_Restore_WMMXD
                0x00000000000013fc                __gnu_Unwind_Save_WMMXD
                0x0000000000001400                __gnu_Unwind_Restore_WMMXC
                0x0000000000001404                __gnu_Unwind_Save_WMMXC
                0x0000000000001408                _Unwind_RaiseException
                0x0000000000001408                ___Unwind_RaiseException
                0x0000000000001438                ___Unwind_Resume
                0x0000000000001438                _Unwind_Resume
                0x0000000000001468                ___Unwind_Resume_or_Rethrow
                0x0000000000001468                _Unwind_Resume_or_Rethrow
                0x0000000000001498                _Unwind_ForcedUnwind
                0x0000000000001498                ___Unwind_ForcedUnwind
                0x00000000000014c8                _Unwind_Backtrace
                0x00000000000014c8                ___Unwind_Backtrace
 .text          0x00000000000014f8      0x38c /Applications/lpcxpresso_4.2.4_267/lpcxpresso/Tools/bin/../lib/gcc/arm-none-eabi/4.6.2/armv6-m/libgcc.a(pr-support.o)
                0x000000000000154c                __gnu_unwind_execute
                0x000000000000182c                __gnu_unwind_frame
                0x0000000000001854                _Unwind_GetRegionStart
                0x0000000000001860                _Unwind_GetLanguageSpecificData
                0x0000000000001874                _Unwind_GetDataRelBase
                0x000000000000187c                _Unwind_GetTextRelBase
 .text          0x0000000000001884       0x10 /Applications/lpcxpresso_4.2.4_267/lpcxpresso/Tools/bin/../lib/gcc/arm-none-eabi/4.6.2/../../../../arm-none-eabi/lib/armv6-m/libc.a(lib_a-abort.o)
                0x0000000000001884                abort
 .text          0x0000000000001894       0x44 /Applications/lpcxpresso_4.2.4_267/lpcxpresso/Tools/bin/../lib/gcc/arm-none-eabi/4.6.2/../../../../arm-none-eabi/lib/armv6-m/libc.a(lib_a-init.o)
                0x0000000000001894                __libc_init_array
 .text          0x00000000000018d8       0x28 /Applications/lpcxpresso_4.2.4_267/lpcxpresso/Tools/bin/../lib/gcc/arm-none-eabi/4.6.2/../../../../arm-none-eabi/lib/armv6-m/libc.a(lib_a-malloc.o)
                0x00000000000018d8                malloc
                0x00000000000018ec                free
 .text          0x0000000000001900      0x514 /Applications/lpcxpresso_4.2.4_267/lpcxpresso/Tools/bin/../lib/gcc/arm-none-eabi/4.6.2/../../../../arm-none-eabi/lib/armv6-m/libc.a(lib_a-mallocr.o)
                0x0000000000001900                _malloc_r
 .text          0x0000000000001e14       0x7c /Applications/lpcxpresso_4.2.4_267/lpcxpresso/Tools/bin/../lib/gcc/arm-none-eabi/4.6.2/../../../../arm-none-eabi/lib/armv6-m/libc.a(lib_a-memcpy.o)
                0x0000000000001e14                memcpy
 .text          0x0000000000001e90        0x8 /Applications/lpcxpresso_4.2.4_267/lpcxpresso/Tools/bin/../lib/gcc/arm-none-eabi/4.6.2/../../../../arm-none-eabi/lib/armv6-m/libc.a(lib_a-mlock.o)
                0x0000000000001e90                __malloc_lock
                0x0000000000001e94                __malloc_unlock
 .text          0x0000000000001e98       0x24 /Applications/lpcxpresso_4.2.4_267/lpcxpresso/Tools/bin/../lib/gcc/arm-none-eabi/4.6.2/../../../../arm-none-eabi/lib/armv6-m/libc.a(lib_a-sbrkr.o)
                0x0000000000001e98                _sbrk_r
 .text          0x0000000000001ebc      0x16c /Applications/lpcxpresso_4.2.4_267/lpcxpresso/Tools/bin/../lib/gcc/arm-none-eabi/4.6.2/../../../../arm-none-eabi/lib/armv6-m/libc.a(lib_a-signal.o)
                0x0000000000001ebc                _init_signal_r
                0x0000000000001ef8                _signal_r
                0x0000000000001f34                _raise_r
                0x0000000000001f8c                __sigtramp_r
                0x0000000000001fd8                raise
                0x0000000000001fec                signal
                0x0000000000002004                _init_signal
                0x0000000000002014                __sigtramp
 .text          0x0000000000002028       0x30 /Applications/lpcxpresso_4.2.4_267/lpcxpresso/Tools/bin/../lib/gcc/arm-none-eabi/4.6.2/../../../../arm-none-eabi/lib/armv6-m/libc.a(lib_a-signalr.o)
                0x0000000000002028                _kill_r
                0x0000000000002050                _getpid_r
 .text          0x0000000000002058       0x10 /Applications/lpcxpresso_4.2.4_267/lpcxpresso/Tools/bin/../lib/gcc/arm-none-eabi/4.6.2/../../../../arm-none-eabi/lib/armv6-m/libc.a(lib_a-strlen.o)
                0x0000000000002058                strlen
 .text          0x0000000000002068      0x240 /Applications/lpcxpresso_4.2.4_267/lpcxpresso/Tools/bin/../lib/gcc/arm-none-eabi/4.6.2/../../../../arm-none-eabi/lib/armv6-m/libc.a(lib_a-freer.o)
                0x0000000000002068                _malloc_trim_r
                0x0000000000002110                _free_r
 .text.__cxa_pure_virtual
                0x00000000000022a8       0x14 /Applications/lpcxpresso_4.2.4_267/lpcxpresso/Tools/bin/../lib/gcc/arm-none-eabi/4.6.2/../../../../arm-none-eabi/lib/armv6-m/libstdc++.a(pure.o)
                0x00000000000022a8                __cxa_pure_virtual
 .text._ZN10__cxxabiv111__terminateEPFvvE
                0x00000000000022bc       0x28 /Applications/lpcxpresso_4.2.4_267/lpcxpresso/Tools/bin/../lib/gcc/arm-none-eabi/4.6.2/../../../../arm-none-eabi/lib/armv6-m/libstdc++.a(eh_terminate.o)
                0x00000000000022bc                _ZN10__cxxabiv111__terminateEPFvvE
 .text._ZSt9terminatev
                0x00000000000022e4       0x10 /Applications/lpcxpresso_4.2.4_267/lpcxpresso/Tools/bin/../lib/gcc/arm-none-eabi/4.6.2/../../../../arm-none-eabi/lib/armv6-m/libstdc++.a(eh_terminate.o)
                0x00000000000022e4                _ZSt9terminatev
 .text._ZN10__cxxabiv112__unexpectedEPFvvE
                0x00000000000022f4        0x8 /Applications/lpcxpresso_4.2.4_267/lpcxpresso/Tools/bin/../lib/gcc/arm-none-eabi/4.6.2/../../../../arm-none-eabi/lib/armv6-m/libstdc++.a(eh_terminate.o)
                0x00000000000022f4                _ZN10__cxxabiv112__unexpectedEPFvvE
 .text._ZSt10unexpectedv
                0x00000000000022fc       0x10 /Applications/lpcxpresso_4.2.4_267/lpcxpresso/Tools/bin/../lib/gcc/arm-none-eabi/4.6.2/../../../../arm-none-eabi/lib/armv6-m/libstdc++.a(eh_terminate.o)
                0x00000000000022fc                _ZSt10unexpectedv
 .text._ZSt13set_terminatePFvvE
                0x000000000000230c       0x10 /Applications/lpcxpresso_4.2.4_267/lpcxpresso/Tools/bin/../lib/gcc/arm-none-eabi/4.6.2/../../../../arm-none-eabi/lib/armv6-m/libstdc++.a(eh_terminate.o)
                0x000000000000230c                _ZSt13set_terminatePFvvE
 .text._ZSt14set_unexpectedPFvvE
                0x000000000000231c       0x10 /Applications/lpcxpresso_4.2.4_267/lpcxpresso/Tools/bin/../lib/gcc/arm-none-eabi/4.6.2/../../../../arm-none-eabi/lib/armv6-m/libstdc++.a(eh_terminate.o)
                0x000000000000231c                _ZSt14set_unexpectedPFvvE
 .text.__cxa_end_cleanup
                0x000000000000232c        0xc /Applications/lpcxpresso_4.2.4_267/lpcxpresso/Tools/bin/../lib/gcc/arm-none-eabi/4.6.2/../../../../arm-none-eabi/lib/armv6-m/libstdc++.a(eh_arm.o)
                0x000000000000232c                __cxa_end_cleanup
 .text.__cxa_type_match
                0x0000000000002338       0xf0 /Applications/lpcxpresso_4.2.4_267/lpcxpresso/Tools/bin/../lib/gcc/arm-none-eabi/4.6.2/../../../../arm-none-eabi/lib/armv6-m/libstdc++.a(eh_arm.o)
                0x0000000000002338                __cxa_type_match
 .text.__cxa_begin_cleanup
                0x0000000000002428       0x60 /Applications/lpcxpresso_4.2.4_267/lpcxpresso/Tools/bin/../lib/gcc/arm-none-eabi/4.6.2/../../../../arm-none-eabi/lib/armv6-m/libstdc++.a(eh_arm.o)
                0x0000000000002428                __cxa_begin_cleanup
 .text.__gnu_end_cleanup
                0x0000000000002488       0x70 /Applications/lpcxpresso_4.2.4_267/lpcxpresso/Tools/bin/../lib/gcc/arm-none-eabi/4.6.2/../../../../arm-none-eabi/lib/armv6-m/libstdc++.a(eh_arm.o)
                0x0000000000002488                __gnu_end_cleanup
 .text.__cxa_bad_cast
                0x00000000000024f8       0x20 /Applications/lpcxpresso_4.2.4_267/lpcxpresso/Tools/bin/../lib/gcc/arm-none-eabi/4.6.2/../../../../arm-none-eabi/lib/armv6-m/libstdc++.a(eh_aux_runtime.o)
                0x00000000000024f8                __cxa_bad_cast
 .text.__cxa_bad_typeid
                0x0000000000002518       0x20 /Applications/lpcxpresso_4.2.4_267/lpcxpresso/Tools/bin/../lib/gcc/arm-none-eabi/4.6.2/../../../../arm-none-eabi/lib/armv6-m/libstdc++.a(eh_aux_runtime.o)
                0x0000000000002518                __cxa_bad_typeid
 .text.__cxa_call_terminate
                0x0000000000002538       0x48 /Applications/lpcxpresso_4.2.4_267/lpcxpresso/Tools/bin/../lib/gcc/arm-none-eabi/4.6.2/../../../../arm-none-eabi/lib/armv6-m/libstdc++.a(eh_call.o)
                0x0000000000002538                __cxa_call_terminate
 .text.__cxa_call_unexpected
                0x0000000000002580      0x12c /Applications/lpcxpresso_4.2.4_267/lpcxpresso/Tools/bin/../lib/gcc/arm-none-eabi/4.6.2/../../../../arm-none-eabi/lib/armv6-m/libstdc++.a(eh_call.o)
                0x0000000000002580                __cxa_call_unexpected
 .text.__cxa_get_exception_ptr
                0x00000000000026ac        0x4 /Applications/lpcxpresso_4.2.4_267/lpcxpresso/Tools/bin/../lib/gcc/arm-none-eabi/4.6.2/../../../../arm-none-eabi/lib/armv6-m/libstdc++.a(eh_catch.o)
                0x00000000000026ac                __cxa_get_exception_ptr
 .text.__cxa_begin_catch
                0x00000000000026b0       0x84 /Applications/lpcxpresso_4.2.4_267/lpcxpresso/Tools/bin/../lib/gcc/arm-none-eabi/4.6.2/../../../../arm-none-eabi/lib/armv6-m/libstdc++.a(eh_catch.o)
                0x00000000000026b0                __cxa_begin_catch
 .text.__cxa_end_catch
                0x0000000000002734       0x90 /Applications/lpcxpresso_4.2.4_267/lpcxpresso/Tools/bin/../lib/gcc/arm-none-eabi/4.6.2/../../../../arm-none-eabi/lib/armv6-m/libstdc++.a(eh_catch.o)
                0x0000000000002734                __cxa_end_catch
 .text._ZSt18uncaught_exceptionv
                0x00000000000027c4       0x10 /Applications/lpcxpresso_4.2.4_267/lpcxpresso/Tools/bin/../lib/gcc/arm-none-eabi/4.6.2/../../../../arm-none-eabi/lib/armv6-m/libstdc++.a(eh_catch.o)
                0x00000000000027c4                _ZSt18uncaught_exceptionv
 .text._ZNSt9exceptionD2Ev
                0x00000000000027d4        0xc /Applications/lpcxpresso_4.2.4_267/lpcxpresso/Tools/bin/../lib/gcc/arm-none-eabi/4.6.2/../../../../arm-none-eabi/lib/armv6-m/libstdc++.a(eh_exception.o)
                0x00000000000027d4                _ZNSt9exceptionD2Ev
                0x00000000000027d4                _ZNSt9exceptionD1Ev
 .text._ZNSt13bad_exceptionD2Ev
                0x00000000000027e0        0xc /Applications/lpcxpresso_4.2.4_267/lpcxpresso/Tools/bin/../lib/gcc/arm-none-eabi/4.6.2/../../../../arm-none-eabi/lib/armv6-m/libstdc++.a(eh_exception.o)
                0x00000000000027e0                _ZNSt13bad_exceptionD2Ev
                0x00000000000027e0                _ZNSt13bad_exceptionD1Ev
 .text._ZN10__cxxabiv115__forced_unwindD2Ev
                0x00000000000027ec        0xc /Applications/lpcxpresso_4.2.4_267/lpcxpresso/Tools/bin/../lib/gcc/arm-none-eabi/4.6.2/../../../../arm-none-eabi/lib/armv6-m/libstdc++.a(eh_exception.o)
                0x00000000000027ec                _ZN10__cxxabiv115__forced_unwindD1Ev
                0x00000000000027ec                _ZN10__cxxabiv115__forced_unwindD2Ev
 .text._ZN10__cxxabiv119__foreign_exceptionD2Ev
                0x00000000000027f8        0xc /Applications/lpcxpresso_4.2.4_267/lpcxpresso/Tools/bin/../lib/gcc/arm-none-eabi/4.6.2/../../../../arm-none-eabi/lib/armv6-m/libstdc++.a(eh_exception.o)
                0x00000000000027f8                _ZN10__cxxabiv119__foreign_exceptionD2Ev
                0x00000000000027f8                _ZN10__cxxabiv119__foreign_exceptionD1Ev
 .text._ZNKSt9exception4whatEv
                0x0000000000002804        0x8 /Applications/lpcxpresso_4.2.4_267/lpcxpresso/Tools/bin/../lib/gcc/arm-none-eabi/4.6.2/../../../../arm-none-eabi/lib/armv6-m/libstdc++.a(eh_exception.o)
                0x0000000000002804                _ZNKSt9exception4whatEv
 .text._ZNKSt13bad_exception4whatEv
                0x000000000000280c        0x8 /Applications/lpcxpresso_4.2.4_267/lpcxpresso/Tools/bin/../lib/gcc/arm-none-eabi/4.6.2/../../../../arm-none-eabi/lib/armv6-m/libstdc++.a(eh_exception.o)
                0x000000000000280c                _ZNKSt13bad_exception4whatEv
 .text._ZN10__cxxabiv119__foreign_exceptionD0Ev
                0x0000000000002814       0x18 /Applications/lpcxpresso_4.2.4_267/lpcxpresso/Tools/bin/../lib/gcc/arm-none-eabi/4.6.2/../../../../arm-none-eabi/lib/armv6-m/libstdc++.a(eh_exception.o)
                0x0000000000002814                _ZN10__cxxabiv119__foreign_exceptionD0Ev
 .text._ZN10__cxxabiv115__forced_unwindD0Ev
                0x000000000000282c       0x18 /Applications/lpcxpresso_4.2.4_267/lpcxpresso/Tools/bin/../lib/gcc/arm-none-eabi/4.6.2/../../../../arm-none-eabi/lib/armv6-m/libstdc++.a(eh_exception.o)
                0x000000000000282c                _ZN10__cxxabiv115__forced_unwindD0Ev
 .text._ZNSt13bad_exceptionD0Ev
                0x0000000000002844       0x18 /Applications/lpcxpresso_4.2.4_267/lpcxpresso/Tools/bin/../lib/gcc/arm-none-eabi/4.6.2/../../../../arm-none-eabi/lib/armv6-m/libstdc++.a(eh_exception.o)
                0x0000000000002844                _ZNSt13bad_exceptionD0Ev
 .text._ZNSt9exceptionD0Ev
                0x000000000000285c       0x18 /Applications/lpcxpresso_4.2.4_267/lpcxpresso/Tools/bin/../lib/gcc/arm-none-eabi/4.6.2/../../../../arm-none-eabi/lib/armv6-m/libstdc++.a(eh_exception.o)
                0x000000000000285c                _ZNSt9exceptionD0Ev
 .text.__cxa_get_globals_fast
                0x0000000000002874        0x8 /Applications/lpcxpresso_4.2.4_267/lpcxpresso/Tools/bin/../lib/gcc/arm-none-eabi/4.6.2/../../../../arm-none-eabi/lib/armv6-m/libstdc++.a(eh_globals.o)
                0x0000000000002874                __cxa_get_globals_fast
 .text.__cxa_get_globals
                0x000000000000287c        0x8 /Applications/lpcxpresso_4.2.4_267/lpcxpresso/Tools/bin/../lib/gcc/arm-none-eabi/4.6.2/../../../../arm-none-eabi/lib/armv6-m/libstdc++.a(eh_globals.o)
                0x000000000000287c                __cxa_get_globals
 .text._ZL12read_sleb128PKhPl
                0x0000000000002884       0x30 /Applications/lpcxpresso_4.2.4_267/lpcxpresso/Tools/bin/../lib/gcc/arm-none-eabi/4.6.2/../../../../arm-none-eabi/lib/armv6-m/libstdc++.a(eh_personality.o)
 .text._ZL28read_encoded_value_with_basehjPKhPj
                0x00000000000028b4       0xdc /Applications/lpcxpresso_4.2.4_267/lpcxpresso/Tools/bin/../lib/gcc/arm-none-eabi/4.6.2/../../../../arm-none-eabi/lib/armv6-m/libstdc++.a(eh_personality.o)
 .text._ZL21base_of_encoded_valuehP15_Unwind_Context
                0x0000000000002990       0x48 /Applications/lpcxpresso_4.2.4_267/lpcxpresso/Tools/bin/../lib/gcc/arm-none-eabi/4.6.2/../../../../arm-none-eabi/lib/armv6-m/libstdc++.a(eh_personality.o)
 .text._ZL17parse_lsda_headerP15_Unwind_ContextPKhP16lsda_header_info.constprop.1
                0x00000000000029d8       0x94 /Applications/lpcxpresso_4.2.4_267/lpcxpresso/Tools/bin/../lib/gcc/arm-none-eabi/4.6.2/../../../../arm-none-eabi/lib/armv6-m/libstdc++.a(eh_personality.o)
 .text.__gxx_personality_v0
                0x0000000000002a6c      0x3a8 /Applications/lpcxpresso_4.2.4_267/lpcxpresso/Tools/bin/../lib/gcc/arm-none-eabi/4.6.2/../../../../arm-none-eabi/lib/armv6-m/libstdc++.a(eh_personality.o)
                0x0000000000002a6c                __gxx_personality_v0
 .text._ZL23__gxx_exception_cleanup19_Unwind_Reason_CodeP21_Unwind_Control_Block
                0x0000000000002e14       0x28 /Applications/lpcxpresso_4.2.4_267/lpcxpresso/Tools/bin/../lib/gcc/arm-none-eabi/4.6.2/../../../../arm-none-eabi/lib/armv6-m/libstdc++.a(eh_throw.o)
 .text.__cxa_throw
                0x0000000000002e3c       0x64 /Applications/lpcxpresso_4.2.4_267/lpcxpresso/Tools/bin/../lib/gcc/arm-none-eabi/4.6.2/../../../../arm-none-eabi/lib/armv6-m/libstdc++.a(eh_throw.o)
                0x0000000000002e3c                __cxa_throw
 .text.__cxa_rethrow
                0x0000000000002ea0       0x70 /Applications/lpcxpresso_4.2.4_267/lpcxpresso/Tools/bin/../lib/gcc/arm-none-eabi/4.6.2/../../../../arm-none-eabi/lib/armv6-m/libstdc++.a(eh_throw.o)
                0x0000000000002ea0                __cxa_rethrow
 .text._ZN10__cxxabiv123__fundamental_type_infoD2Ev
                0x0000000000002f10       0x18 /Applications/lpcxpresso_4.2.4_267/lpcxpresso/Tools/bin/../lib/gcc/arm-none-eabi/4.6.2/../../../../arm-none-eabi/lib/armv6-m/libstdc++.a(fundamental_type_info.o)
                0x0000000000002f10                _ZN10__cxxabiv123__fundamental_type_infoD1Ev
                0x0000000000002f10                _ZN10__cxxabiv123__fundamental_type_infoD2Ev
 .text._ZN10__cxxabiv123__fundamental_type_infoD0Ev
                0x0000000000002f28       0x1c /Applications/lpcxpresso_4.2.4_267/lpcxpresso/Tools/bin/../lib/gcc/arm-none-eabi/4.6.2/../../../../arm-none-eabi/lib/armv6-m/libstdc++.a(fundamental_type_info.o)
                0x0000000000002f28                _ZN10__cxxabiv123__fundamental_type_infoD0Ev
 .text._ZNK10__cxxabiv119__pointer_type_info14__is_pointer_pEv
                0x0000000000002f44        0x4 /Applications/lpcxpresso_4.2.4_267/lpcxpresso/Tools/bin/../lib/gcc/arm-none-eabi/4.6.2/../../../../arm-none-eabi/lib/armv6-m/libstdc++.a(pointer_type_info.o)
                0x0000000000002f44                _ZNK10__cxxabiv119__pointer_type_info14__is_pointer_pEv
 .text._ZN10__cxxabiv119__pointer_type_infoD2Ev
                0x0000000000002f48       0x18 /Applications/lpcxpresso_4.2.4_267/lpcxpresso/Tools/bin/../lib/gcc/arm-none-eabi/4.6.2/../../../../arm-none-eabi/lib/armv6-m/libstdc++.a(pointer_type_info.o)
                0x0000000000002f48                _ZN10__cxxabiv119__pointer_type_infoD1Ev
                0x0000000000002f48                _ZN10__cxxabiv119__pointer_type_infoD2Ev
 .text._ZN10__cxxabiv119__pointer_type_infoD0Ev
                0x0000000000002f60       0x1c /Applications/lpcxpresso_4.2.4_267/lpcxpresso/Tools/bin/../lib/gcc/arm-none-eabi/4.6.2/../../../../arm-none-eabi/lib/armv6-m/libstdc++.a(pointer_type_info.o)
                0x0000000000002f60                _ZN10__cxxabiv119__pointer_type_infoD0Ev
 .text._ZNK10__cxxabiv119__pointer_type_info15__pointer_catchEPKNS_17__pbase_type_infoEPPvj
                0x0000000000002f7c       0x40 /Applications/lpcxpresso_4.2.4_267/lpcxpresso/Tools/bin/../lib/gcc/arm-none-eabi/4.6.2/../../../../arm-none-eabi/lib/armv6-m/libstdc++.a(pointer_type_info.o)
                0x0000000000002f7c                _ZNK10__cxxabiv119__pointer_type_info15__pointer_catchEPKNS_17__pbase_type_infoEPPvj
 .text._ZN10__cxxabiv120__si_class_type_infoD2Ev
                0x0000000000002fbc       0x18 /Applications/lpcxpresso_4.2.4_267/lpcxpresso/Tools/bin/../lib/gcc/arm-none-eabi/4.6.2/../../../../arm-none-eabi/lib/armv6-m/libstdc++.a(si_class_type_info.o)
                0x0000000000002fbc                _ZN10__cxxabiv120__si_class_type_infoD2Ev
                0x0000000000002fbc                _ZN10__cxxabiv120__si_class_type_infoD1Ev
 .text._ZN10__cxxabiv120__si_class_type_infoD0Ev
                0x0000000000002fd4       0x1c /Applications/lpcxpresso_4.2.4_267/lpcxpresso/Tools/bin/../lib/gcc/arm-none-eabi/4.6.2/../../../../arm-none-eabi/lib/armv6-m/libstdc++.a(si_class_type_info.o)
                0x0000000000002fd4                _ZN10__cxxabiv120__si_class_type_infoD0Ev
 .text._ZNK10__cxxabiv120__si_class_type_info11__do_upcastEPKNS_17__class_type_infoEPKvRNS1_15__upcast_resultE
                0x0000000000002ff0       0x28 /Applications/lpcxpresso_4.2.4_267/lpcxpresso/Tools/bin/../lib/gcc/arm-none-eabi/4.6.2/../../../../arm-none-eabi/lib/armv6-m/libstdc++.a(si_class_type_info.o)
                0x0000000000002ff0                _ZNK10__cxxabiv120__si_class_type_info11__do_upcastEPKNS_17__class_type_infoEPKvRNS1_15__upcast_resultE
 .text._ZNK10__cxxabiv120__si_class_type_info12__do_dyncastEiNS_17__class_type_info10__sub_kindEPKS1_PKvS4_S6_RNS1_16__dyncast_resultE
                0x0000000000003018       0x94 /Applications/lpcxpresso_4.2.4_267/lpcxpresso/Tools/bin/../lib/gcc/arm-none-eabi/4.6.2/../../../../arm-none-eabi/lib/armv6-m/libstdc++.a(si_class_type_info.o)
                0x0000000000003018                _ZNK10__cxxabiv120__si_class_type_info12__do_dyncastEiNS_17__class_type_info10__sub_kindEPKS1_PKvS4_S6_RNS1_16__dyncast_resultE
 .text._ZNK10__cxxabiv120__si_class_type_info20__do_find_public_srcEiPKvPKNS_17__class_type_infoES2_
                0x00000000000030ac       0x40 /Applications/lpcxpresso_4.2.4_267/lpcxpresso/Tools/bin/../lib/gcc/arm-none-eabi/4.6.2/../../../../arm-none-eabi/lib/armv6-m/libstdc++.a(si_class_type_info.o)
                0x00000000000030ac                _ZNK10__cxxabiv120__si_class_type_info20__do_find_public_srcEiPKvPKNS_17__class_type_infoES2_
 .text._ZNSt9type_infoD2Ev
                0x00000000000030ec        0xc /Applications/lpcxpresso_4.2.4_267/lpcxpresso/Tools/bin/../lib/gcc/arm-none-eabi/4.6.2/../../../../arm-none-eabi/lib/armv6-m/libstdc++.a(tinfo.o)
                0x00000000000030ec                _ZNSt9type_infoD1Ev
                0x00000000000030ec                _ZNSt9type_infoD2Ev
 .text._ZNKSt9type_info14__is_pointer_pEv
                0x00000000000030f8        0x4 /Applications/lpcxpresso_4.2.4_267/lpcxpresso/Tools/bin/../lib/gcc/arm-none-eabi/4.6.2/../../../../arm-none-eabi/lib/armv6-m/libstdc++.a(tinfo.o)
                0x00000000000030f8                _ZNKSt9type_info14__is_pointer_pEv
 .text._ZNKSt9type_info15__is_function_pEv
                0x00000000000030fc        0x4 /Applications/lpcxpresso_4.2.4_267/lpcxpresso/Tools/bin/../lib/gcc/arm-none-eabi/4.6.2/../../../../arm-none-eabi/lib/armv6-m/libstdc++.a(tinfo.o)
                0x00000000000030fc                _ZNKSt9type_info15__is_function_pEv
 .text._ZNKSt9type_info11__do_upcastEPKN10__cxxabiv117__class_type_infoEPPv
                0x0000000000003100        0x4 /Applications/lpcxpresso_4.2.4_267/lpcxpresso/Tools/bin/../lib/gcc/arm-none-eabi/4.6.2/../../../../arm-none-eabi/lib/armv6-m/libstdc++.a(tinfo.o)
                0x0000000000003100                _ZNKSt9type_info11__do_upcastEPKN10__cxxabiv117__class_type_infoEPPv
 .text._ZNSt9type_infoD0Ev
                0x0000000000003104       0x18 /Applications/lpcxpresso_4.2.4_267/lpcxpresso/Tools/bin/../lib/gcc/arm-none-eabi/4.6.2/../../../../arm-none-eabi/lib/armv6-m/libstdc++.a(tinfo.o)
                0x0000000000003104                _ZNSt9type_infoD0Ev
 .text._ZNKSt9type_infoeqERKS_
                0x000000000000311c       0x2c /Applications/lpcxpresso_4.2.4_267/lpcxpresso/Tools/bin/../lib/gcc/arm-none-eabi/4.6.2/../../../../arm-none-eabi/lib/armv6-m/libstdc++.a(tinfo.o)
                0x000000000000311c                _ZNKSt9type_infoeqERKS_
 .text._ZNKSt9type_info10__do_catchEPKS_PPvj
                0x0000000000003148        0x8 /Applications/lpcxpresso_4.2.4_267/lpcxpresso/Tools/bin/../lib/gcc/arm-none-eabi/4.6.2/../../../../arm-none-eabi/lib/armv6-m/libstdc++.a(tinfo.o)
                0x0000000000003148                _ZNKSt9type_info10__do_catchEPKS_PPvj
 .text._ZNKSt8bad_cast4whatEv
                0x0000000000003150        0x8 /Applications/lpcxpresso_4.2.4_267/lpcxpresso/Tools/bin/../lib/gcc/arm-none-eabi/4.6.2/../../../../arm-none-eabi/lib/armv6-m/libstdc++.a(bad_cast.o)
                0x0000000000003150                _ZNKSt8bad_cast4whatEv
 .text._ZNSt8bad_castD2Ev
                0x0000000000003158       0x18 /Applications/lpcxpresso_4.2.4_267/lpcxpresso/Tools/bin/../lib/gcc/arm-none-eabi/4.6.2/../../../../arm-none-eabi/lib/armv6-m/libstdc++.a(bad_cast.o)
                0x0000000000003158                _ZNSt8bad_castD1Ev
                0x0000000000003158                _ZNSt8bad_castD2Ev
 .text._ZNSt8bad_castD0Ev
                0x0000000000003170       0x1c /Applications/lpcxpresso_4.2.4_267/lpcxpresso/Tools/bin/../lib/gcc/arm-none-eabi/4.6.2/../../../../arm-none-eabi/lib/armv6-m/libstdc++.a(bad_cast.o)
                0x0000000000003170                _ZNSt8bad_castD0Ev
 .text._ZNKSt10bad_typeid4whatEv
                0x000000000000318c        0x8 /Applications/lpcxpresso_4.2.4_267/lpcxpresso/Tools/bin/../lib/gcc/arm-none-eabi/4.6.2/../../../../arm-none-eabi/lib/armv6-m/libstdc++.a(bad_typeid.o)
                0x000000000000318c                _ZNKSt10bad_typeid4whatEv
 .text._ZNSt10bad_typeidD2Ev
                0x0000000000003194       0x18 /Applications/lpcxpresso_4.2.4_267/lpcxpresso/Tools/bin/../lib/gcc/arm-none-eabi/4.6.2/../../../../arm-none-eabi/lib/armv6-m/libstdc++.a(bad_typeid.o)
                0x0000000000003194                _ZNSt10bad_typeidD1Ev
                0x0000000000003194                _ZNSt10bad_typeidD2Ev
 .text._ZNSt10bad_typeidD0Ev
                0x00000000000031ac       0x1c /Applications/lpcxpresso_4.2.4_267/lpcxpresso/Tools/bin/../lib/gcc/arm-none-eabi/4.6.2/../../../../arm-none-eabi/lib/armv6-m/libstdc++.a(bad_typeid.o)
                0x00000000000031ac                _ZNSt10bad_typeidD0Ev
 .text._ZNK10__cxxabiv117__class_type_info11__do_upcastEPKS0_PPv
                0x00000000000031c8       0x38 /Applications/lpcxpresso_4.2.4_267/lpcxpresso/Tools/bin/../lib/gcc/arm-none-eabi/4.6.2/../../../../arm-none-eabi/lib/armv6-m/libstdc++.a(class_type_info.o)
                0x00000000000031c8                _ZNK10__cxxabiv117__class_type_info11__do_upcastEPKS0_PPv
 .text._ZNK10__cxxabiv117__class_type_info20__do_find_public_srcEiPKvPKS0_S2_
                0x0000000000003200       0x10 /Applications/lpcxpresso_4.2.4_267/lpcxpresso/Tools/bin/../lib/gcc/arm-none-eabi/4.6.2/../../../../arm-none-eabi/lib/armv6-m/libstdc++.a(class_type_info.o)
                0x0000000000003200                _ZNK10__cxxabiv117__class_type_info20__do_find_public_srcEiPKvPKS0_S2_
 .text._ZNK10__cxxabiv117__class_type_info11__do_upcastEPKS0_PKvRNS0_15__upcast_resultE
                0x0000000000003210       0x20 /Applications/lpcxpresso_4.2.4_267/lpcxpresso/Tools/bin/../lib/gcc/arm-none-eabi/4.6.2/../../../../arm-none-eabi/lib/armv6-m/libstdc++.a(class_type_info.o)
                0x0000000000003210                _ZNK10__cxxabiv117__class_type_info11__do_upcastEPKS0_PKvRNS0_15__upcast_resultE
 .text._ZN10__cxxabiv117__class_type_infoD2Ev
                0x0000000000003230       0x18 /Applications/lpcxpresso_4.2.4_267/lpcxpresso/Tools/bin/../lib/gcc/arm-none-eabi/4.6.2/../../../../arm-none-eabi/lib/armv6-m/libstdc++.a(class_type_info.o)
                0x0000000000003230                _ZN10__cxxabiv117__class_type_infoD1Ev
                0x0000000000003230                _ZN10__cxxabiv117__class_type_infoD2Ev
 .text._ZN10__cxxabiv117__class_type_infoD0Ev
                0x0000000000003248       0x1c /Applications/lpcxpresso_4.2.4_267/lpcxpresso/Tools/bin/../lib/gcc/arm-none-eabi/4.6.2/../../../../arm-none-eabi/lib/armv6-m/libstdc++.a(class_type_info.o)
                0x0000000000003248                _ZN10__cxxabiv117__class_type_infoD0Ev
 .text._ZNK10__cxxabiv117__class_type_info12__do_dyncastEiNS0_10__sub_kindEPKS0_PKvS3_S5_RNS0_16__dyncast_resultE
                0x0000000000003264       0x48 /Applications/lpcxpresso_4.2.4_267/lpcxpresso/Tools/bin/../lib/gcc/arm-none-eabi/4.6.2/../../../../arm-none-eabi/lib/armv6-m/libstdc++.a(class_type_info.o)
                0x0000000000003264                _ZNK10__cxxabiv117__class_type_info12__do_dyncastEiNS0_10__sub_kindEPKS0_PKvS3_S5_RNS0_16__dyncast_resultE
 .text._ZNK10__cxxabiv117__class_type_info10__do_catchEPKSt9type_infoPPvj
                0x00000000000032ac       0x2c /Applications/lpcxpresso_4.2.4_267/lpcxpresso/Tools/bin/../lib/gcc/arm-none-eabi/4.6.2/../../../../arm-none-eabi/lib/armv6-m/libstdc++.a(class_type_info.o)
                0x00000000000032ac                _ZNK10__cxxabiv117__class_type_info10__do_catchEPKSt9type_infoPPvj
 .text.__cxa_allocate_exception
                0x00000000000032d8       0x78 /Applications/lpcxpresso_4.2.4_267/lpcxpresso/Tools/bin/../lib/gcc/arm-none-eabi/4.6.2/../../../../arm-none-eabi/lib/armv6-m/libstdc++.a(eh_alloc.o)
                0x00000000000032d8                __cxa_allocate_exception
 .text.__cxa_free_exception
                0x0000000000003350       0x34 /Applications/lpcxpresso_4.2.4_267/lpcxpresso/Tools/bin/../lib/gcc/arm-none-eabi/4.6.2/../../../../arm-none-eabi/lib/armv6-m/libstdc++.a(eh_alloc.o)
                0x0000000000003350                __cxa_free_exception
 .text.__cxa_allocate_dependent_exception
                0x0000000000003384       0x70 /Applications/lpcxpresso_4.2.4_267/lpcxpresso/Tools/bin/../lib/gcc/arm-none-eabi/4.6.2/../../../../arm-none-eabi/lib/armv6-m/libstdc++.a(eh_alloc.o)
                0x0000000000003384                __cxa_allocate_dependent_exception
 .text.__cxa_free_dependent_exception
                0x00000000000033f4       0x38 /Applications/lpcxpresso_4.2.4_267/lpcxpresso/Tools/bin/../lib/gcc/arm-none-eabi/4.6.2/../../../../arm-none-eabi/lib/armv6-m/libstdc++.a(eh_alloc.o)
                0x00000000000033f4                __cxa_free_dependent_exception
 .text._ZNK10__cxxabiv117__pbase_type_info15__pointer_catchEPKS0_PPvj
                0x000000000000342c       0x10 /Applications/lpcxpresso_4.2.4_267/lpcxpresso/Tools/bin/../lib/gcc/arm-none-eabi/4.6.2/../../../../arm-none-eabi/lib/armv6-m/libstdc++.a(pbase_type_info.o)
                0x000000000000342c                _ZNK10__cxxabiv117__pbase_type_info15__pointer_catchEPKS0_PPvj
 .text._ZN10__cxxabiv117__pbase_type_infoD2Ev
                0x000000000000343c       0x18 /Applications/lpcxpresso_4.2.4_267/lpcxpresso/Tools/bin/../lib/gcc/arm-none-eabi/4.6.2/../../../../arm-none-eabi/lib/armv6-m/libstdc++.a(pbase_type_info.o)
                0x000000000000343c                _ZN10__cxxabiv117__pbase_type_infoD1Ev
                0x000000000000343c                _ZN10__cxxabiv117__pbase_type_infoD2Ev
 .text._ZN10__cxxabiv117__pbase_type_infoD0Ev
                0x0000000000003454       0x1c /Applications/lpcxpresso_4.2.4_267/lpcxpresso/Tools/bin/../lib/gcc/arm-none-eabi/4.6.2/../../../../arm-none-eabi/lib/armv6-m/libstdc++.a(pbase_type_info.o)
                0x0000000000003454                _ZN10__cxxabiv117__pbase_type_infoD0Ev
 .text._ZNK10__cxxabiv117__pbase_type_info10__do_catchEPKSt9type_infoPPvj
                0x0000000000003470       0x64 /Applications/lpcxpresso_4.2.4_267/lpcxpresso/Tools/bin/../lib/gcc/arm-none-eabi/4.6.2/../../../../arm-none-eabi/lib/armv6-m/libstdc++.a(pbase_type_info.o)
                0x0000000000003470                _ZNK10__cxxabiv117__pbase_type_info10__do_catchEPKSt9type_infoPPvj
 .text          0x00000000000034d4       0x60 /Applications/lpcxpresso_4.2.4_267/lpcxpresso/Tools/bin/../lib/gcc/arm-none-eabi/4.6.2/armv6-m/crtbegin.o
 .text          0x0000000000003534       0x9c /Applications/lpcxpresso_4.2.4_267/lpcxpresso/Tools/bin/../lib/gcc/arm-none-eabi/4.6.2/armv6-m/libgcc.a(_udivsi3.o)
                0x0000000000003534                __udivsi3
                0x0000000000003534                __aeabi_uidiv
                0x00000000000035bc                __aeabi_uidivmod
 .text          0x00000000000035d0        0x4 /Applications/lpcxpresso_4.2.4_267/lpcxpresso/Tools/bin/../lib/gcc/arm-none-eabi/4.6.2/armv6-m/libgcc.a(_dvmd_tls.o)
                0x00000000000035d0                __aeabi_ldiv0
                0x00000000000035d0                __aeabi_idiv0
 .text          0x00000000000035d4       0x90 /Applications/lpcxpresso_4.2.4_267/lpcxpresso/Tools/bin/../lib/gcc/arm-none-eabi/4.6.2/../../../../arm-none-eabi/lib/armv6-m/libc.a(lib_a-memset.o)
                0x00000000000035d4                memset
 .text          0x0000000000003664       0x14 /Applications/lpcxpresso_4.2.4_267/lpcxpresso/Tools/bin/../lib/gcc/arm-none-eabi/4.6.2/../../../../arm-none-eabi/lib/armv6-m/libc.a(lib_a-strcmp.o)
                0x0000000000003664                strcmp
 .text          0x0000000000003678       0x1c /Applications/lpcxpresso_4.2.4_267/lpcxpresso/Tools/bin/../lib/gcc/arm-none-eabi/4.6.2/../../../../arm-none-eabi/lib/armv6-m/libc.a(lib_a-syswrite.o)
                0x0000000000003678                write
 .text          0x0000000000003694       0x28 /Applications/lpcxpresso_4.2.4_267/lpcxpresso/Tools/bin/../lib/gcc/arm-none-eabi/4.6.2/../../../../arm-none-eabi/lib/armv6-m/libc.a(lib_a-writer.o)
                0x0000000000003694                _write_r
 *(.rodata .rodata.*)
 .rodata.str1.1
                0x00000000000036bc        0x6 ./src/main.o
 *fill*         0x00000000000036c2        0x6 00
 .rodata._ZTV7TextLCD
                0x00000000000036c8       0x10 ./src/libmbed/TextLCD.o
                0x00000000000036c8                _ZTV7TextLCD
 .rodata        0x00000000000036d8       0x14 /Applications/lpcxpresso_4.2.4_267/lpcxpresso/Tools/bin/../lib/gcc/arm-none-eabi/4.6.2/armv6-m/libgcc.a(unwind-arm.o)
 .rodata.str1.4
                0x00000000000036ec        0x2 /Applications/lpcxpresso_4.2.4_267/lpcxpresso/Tools/bin/../lib/gcc/arm-none-eabi/4.6.2/../../../../arm-none-eabi/lib/armv6-m/libc.a(lib_a-impure.o)
                                          0x4 (size before relaxing)
 *fill*         0x00000000000036ee        0x2 00
 .rodata.str1.4
                0x00000000000036f0       0x1c /Applications/lpcxpresso_4.2.4_267/lpcxpresso/Tools/bin/../lib/gcc/arm-none-eabi/4.6.2/../../../../arm-none-eabi/lib/armv6-m/libstdc++.a(pure.o)
 *fill*         0x000000000000370c        0x4 00
 .rodata._ZTVN10__cxxabiv115__forced_unwindE
                0x0000000000003710       0x18 /Applications/lpcxpresso_4.2.4_267/lpcxpresso/Tools/bin/../lib/gcc/arm-none-eabi/4.6.2/../../../../arm-none-eabi/lib/armv6-m/libstdc++.a(eh_exception.o)
                0x0000000000003710                _ZTVN10__cxxabiv115__forced_unwindE
 .rodata._ZTVSt9exception
                0x0000000000003728       0x18 /Applications/lpcxpresso_4.2.4_267/lpcxpresso/Tools/bin/../lib/gcc/arm-none-eabi/4.6.2/../../../../arm-none-eabi/lib/armv6-m/libstdc++.a(eh_exception.o)
                0x0000000000003728                _ZTVSt9exception
 .rodata._ZTIN10__cxxabiv115__forced_unwindE
                0x0000000000003740        0x8 /Applications/lpcxpresso_4.2.4_267/lpcxpresso/Tools/bin/../lib/gcc/arm-none-eabi/4.6.2/../../../../arm-none-eabi/lib/armv6-m/libstdc++.a(eh_exception.o)
                0x0000000000003740                _ZTIN10__cxxabiv115__forced_unwindE
 .rodata._ZTISt9exception
                0x0000000000003748        0x8 /Applications/lpcxpresso_4.2.4_267/lpcxpresso/Tools/bin/../lib/gcc/arm-none-eabi/4.6.2/../../../../arm-none-eabi/lib/armv6-m/libstdc++.a(eh_exception.o)
                0x0000000000003748                _ZTISt9exception
 .rodata._ZTSSt13bad_exception
                0x0000000000003750       0x14 /Applications/lpcxpresso_4.2.4_267/lpcxpresso/Tools/bin/../lib/gcc/arm-none-eabi/4.6.2/../../../../arm-none-eabi/lib/armv6-m/libstdc++.a(eh_exception.o)
                0x0000000000003750                _ZTSSt13bad_exception
 .rodata.str1.4
                0x0000000000003764       0x23 /Applications/lpcxpresso_4.2.4_267/lpcxpresso/Tools/bin/../lib/gcc/arm-none-eabi/4.6.2/../../../../arm-none-eabi/lib/armv6-m/libstdc++.a(eh_exception.o)
                                         0x24 (size before relaxing)
 *fill*         0x0000000000003787        0x1 00
 .rodata._ZTSN10__cxxabiv119__foreign_exceptionE
                0x0000000000003788       0x24 /Applications/lpcxpresso_4.2.4_267/lpcxpresso/Tools/bin/../lib/gcc/arm-none-eabi/4.6.2/../../../../arm-none-eabi/lib/armv6-m/libstdc++.a(eh_exception.o)
                0x0000000000003788                _ZTSN10__cxxabiv119__foreign_exceptionE
 .rodata._ZTIN10__cxxabiv119__foreign_exceptionE
                0x00000000000037ac        0x8 /Applications/lpcxpresso_4.2.4_267/lpcxpresso/Tools/bin/../lib/gcc/arm-none-eabi/4.6.2/../../../../arm-none-eabi/lib/armv6-m/libstdc++.a(eh_exception.o)
                0x00000000000037ac                _ZTIN10__cxxabiv119__foreign_exceptionE
 *fill*         0x00000000000037b4        0x4 00
 .rodata._ZTVSt13bad_exception
                0x00000000000037b8       0x18 /Applications/lpcxpresso_4.2.4_267/lpcxpresso/Tools/bin/../lib/gcc/arm-none-eabi/4.6.2/../../../../arm-none-eabi/lib/armv6-m/libstdc++.a(eh_exception.o)
                0x00000000000037b8                _ZTVSt13bad_exception
 .rodata._ZTSSt9exception
                0x00000000000037d0       0x10 /Applications/lpcxpresso_4.2.4_267/lpcxpresso/Tools/bin/../lib/gcc/arm-none-eabi/4.6.2/../../../../arm-none-eabi/lib/armv6-m/libstdc++.a(eh_exception.o)
                0x00000000000037d0                _ZTSSt9exception
 .rodata._ZTVN10__cxxabiv119__foreign_exceptionE
                0x00000000000037e0       0x18 /Applications/lpcxpresso_4.2.4_267/lpcxpresso/Tools/bin/../lib/gcc/arm-none-eabi/4.6.2/../../../../arm-none-eabi/lib/armv6-m/libstdc++.a(eh_exception.o)
                0x00000000000037e0                _ZTVN10__cxxabiv119__foreign_exceptionE
 .rodata._ZTSN10__cxxabiv115__forced_unwindE
                0x00000000000037f8       0x20 /Applications/lpcxpresso_4.2.4_267/lpcxpresso/Tools/bin/../lib/gcc/arm-none-eabi/4.6.2/../../../../arm-none-eabi/lib/armv6-m/libstdc++.a(eh_exception.o)
                0x00000000000037f8                _ZTSN10__cxxabiv115__forced_unwindE
 .rodata._ZTISt13bad_exception
                0x0000000000003818        0xc /Applications/lpcxpresso_4.2.4_267/lpcxpresso/Tools/bin/../lib/gcc/arm-none-eabi/4.6.2/../../../../arm-none-eabi/lib/armv6-m/libstdc++.a(eh_exception.o)
                0x0000000000003818                _ZTISt13bad_exception
 .rodata._ZL28read_encoded_value_with_basehjPKhPj
                0x0000000000003824       0x34 /Applications/lpcxpresso_4.2.4_267/lpcxpresso/Tools/bin/../lib/gcc/arm-none-eabi/4.6.2/../../../../arm-none-eabi/lib/armv6-m/libstdc++.a(eh_personality.o)
 .rodata._ZTIPv
                0x0000000000003858       0x10 /Applications/lpcxpresso_4.2.4_267/lpcxpresso/Tools/bin/../lib/gcc/arm-none-eabi/4.6.2/../../../../arm-none-eabi/lib/armv6-m/libstdc++.a(fundamental_type_info.o)
                0x0000000000003858                _ZTIPv
 .rodata._ZTIv  0x0000000000003868        0x8 /Applications/lpcxpresso_4.2.4_267/lpcxpresso/Tools/bin/../lib/gcc/arm-none-eabi/4.6.2/../../../../arm-none-eabi/lib/armv6-m/libstdc++.a(fundamental_type_info.o)
                0x0000000000003868                _ZTIv
 .rodata._ZTSPv
                0x0000000000003870        0x4 /Applications/lpcxpresso_4.2.4_267/lpcxpresso/Tools/bin/../lib/gcc/arm-none-eabi/4.6.2/../../../../arm-none-eabi/lib/armv6-m/libstdc++.a(fundamental_type_info.o)
                0x0000000000003870                _ZTSPv
 .rodata._ZTSv  0x0000000000003874        0x4 /Applications/lpcxpresso_4.2.4_267/lpcxpresso/Tools/bin/../lib/gcc/arm-none-eabi/4.6.2/../../../../arm-none-eabi/lib/armv6-m/libstdc++.a(fundamental_type_info.o)
                0x0000000000003874                _ZTSv
 .rodata._ZTIN10__cxxabiv123__fundamental_type_infoE
                0x0000000000003878        0xc /Applications/lpcxpresso_4.2.4_267/lpcxpresso/Tools/bin/../lib/gcc/arm-none-eabi/4.6.2/../../../../arm-none-eabi/lib/armv6-m/libstdc++.a(fundamental_type_info.o)
                0x0000000000003878                _ZTIN10__cxxabiv123__fundamental_type_infoE
 .rodata._ZTSN10__cxxabiv123__fundamental_type_infoE
                0x0000000000003884       0x28 /Applications/lpcxpresso_4.2.4_267/lpcxpresso/Tools/bin/../lib/gcc/arm-none-eabi/4.6.2/../../../../arm-none-eabi/lib/armv6-m/libstdc++.a(fundamental_type_info.o)
                0x0000000000003884                _ZTSN10__cxxabiv123__fundamental_type_infoE
 *fill*         0x00000000000038ac        0x4 00
 .rodata._ZTVN10__cxxabiv123__fundamental_type_infoE
                0x00000000000038b0       0x20 /Applications/lpcxpresso_4.2.4_267/lpcxpresso/Tools/bin/../lib/gcc/arm-none-eabi/4.6.2/../../../../arm-none-eabi/lib/armv6-m/libstdc++.a(fundamental_type_info.o)
                0x00000000000038b0                _ZTVN10__cxxabiv123__fundamental_type_infoE
 .rodata._ZTSN10__cxxabiv119__pointer_type_infoE
                0x00000000000038d0       0x24 /Applications/lpcxpresso_4.2.4_267/lpcxpresso/Tools/bin/../lib/gcc/arm-none-eabi/4.6.2/../../../../arm-none-eabi/lib/armv6-m/libstdc++.a(pointer_type_info.o)
                0x00000000000038d0                _ZTSN10__cxxabiv119__pointer_type_infoE
 .rodata._ZTIN10__cxxabiv119__pointer_type_infoE
                0x00000000000038f4        0xc /Applications/lpcxpresso_4.2.4_267/lpcxpresso/Tools/bin/../lib/gcc/arm-none-eabi/4.6.2/../../../../arm-none-eabi/lib/armv6-m/libstdc++.a(pointer_type_info.o)
                0x00000000000038f4                _ZTIN10__cxxabiv119__pointer_type_infoE
 .rodata._ZTVN10__cxxabiv119__pointer_type_infoE
                0x0000000000003900       0x28 /Applications/lpcxpresso_4.2.4_267/lpcxpresso/Tools/bin/../lib/gcc/arm-none-eabi/4.6.2/../../../../arm-none-eabi/lib/armv6-m/libstdc++.a(pointer_type_info.o)
                0x0000000000003900                _ZTVN10__cxxabiv119__pointer_type_infoE
 .rodata._ZTVN10__cxxabiv120__si_class_type_infoE
                0x0000000000003928       0x30 /Applications/lpcxpresso_4.2.4_267/lpcxpresso/Tools/bin/../lib/gcc/arm-none-eabi/4.6.2/../../../../arm-none-eabi/lib/armv6-m/libstdc++.a(si_class_type_info.o)
                0x0000000000003928                _ZTVN10__cxxabiv120__si_class_type_infoE
 .rodata._ZTIN10__cxxabiv120__si_class_type_infoE
                0x0000000000003958        0xc /Applications/lpcxpresso_4.2.4_267/lpcxpresso/Tools/bin/../lib/gcc/arm-none-eabi/4.6.2/../../../../arm-none-eabi/lib/armv6-m/libstdc++.a(si_class_type_info.o)
                0x0000000000003958                _ZTIN10__cxxabiv120__si_class_type_infoE
 .rodata._ZTSN10__cxxabiv120__si_class_type_infoE
                0x0000000000003964       0x28 /Applications/lpcxpresso_4.2.4_267/lpcxpresso/Tools/bin/../lib/gcc/arm-none-eabi/4.6.2/../../../../arm-none-eabi/lib/armv6-m/libstdc++.a(si_class_type_info.o)
                0x0000000000003964                _ZTSN10__cxxabiv120__si_class_type_infoE
 .rodata._ZTISt9type_info
                0x000000000000398c        0x8 /Applications/lpcxpresso_4.2.4_267/lpcxpresso/Tools/bin/../lib/gcc/arm-none-eabi/4.6.2/../../../../arm-none-eabi/lib/armv6-m/libstdc++.a(tinfo.o)
                0x000000000000398c                _ZTISt9type_info
 .rodata._ZTSSt9type_info
                0x0000000000003994       0x10 /Applications/lpcxpresso_4.2.4_267/lpcxpresso/Tools/bin/../lib/gcc/arm-none-eabi/4.6.2/../../../../arm-none-eabi/lib/armv6-m/libstdc++.a(tinfo.o)
                0x0000000000003994                _ZTSSt9type_info
 *fill*         0x00000000000039a4        0x4 00
 .rodata._ZTVSt9type_info
                0x00000000000039a8       0x20 /Applications/lpcxpresso_4.2.4_267/lpcxpresso/Tools/bin/../lib/gcc/arm-none-eabi/4.6.2/../../../../arm-none-eabi/lib/armv6-m/libstdc++.a(tinfo.o)
                0x00000000000039a8                _ZTVSt9type_info
 .rodata._ZTISt8bad_cast
                0x00000000000039c8        0xc /Applications/lpcxpresso_4.2.4_267/lpcxpresso/Tools/bin/../lib/gcc/arm-none-eabi/4.6.2/../../../../arm-none-eabi/lib/armv6-m/libstdc++.a(bad_cast.o)
                0x00000000000039c8                _ZTISt8bad_cast
 .rodata._ZTSSt8bad_cast
                0x00000000000039d4        0xc /Applications/lpcxpresso_4.2.4_267/lpcxpresso/Tools/bin/../lib/gcc/arm-none-eabi/4.6.2/../../../../arm-none-eabi/lib/armv6-m/libstdc++.a(bad_cast.o)
                0x00000000000039d4                _ZTSSt8bad_cast
 .rodata._ZTVSt8bad_cast
                0x00000000000039e0       0x18 /Applications/lpcxpresso_4.2.4_267/lpcxpresso/Tools/bin/../lib/gcc/arm-none-eabi/4.6.2/../../../../arm-none-eabi/lib/armv6-m/libstdc++.a(bad_cast.o)
                0x00000000000039e0                _ZTVSt8bad_cast
 .rodata.str1.4
                0x00000000000039f8        0xe /Applications/lpcxpresso_4.2.4_267/lpcxpresso/Tools/bin/../lib/gcc/arm-none-eabi/4.6.2/../../../../arm-none-eabi/lib/armv6-m/libstdc++.a(bad_cast.o)
                                         0x10 (size before relaxing)
 *fill*         0x0000000000003a06        0x2 00
 .rodata._ZTVSt10bad_typeid
                0x0000000000003a08       0x18 /Applications/lpcxpresso_4.2.4_267/lpcxpresso/Tools/bin/../lib/gcc/arm-none-eabi/4.6.2/../../../../arm-none-eabi/lib/armv6-m/libstdc++.a(bad_typeid.o)
                0x0000000000003a08                _ZTVSt10bad_typeid
 .rodata._ZTISt10bad_typeid
                0x0000000000003a20        0xc /Applications/lpcxpresso_4.2.4_267/lpcxpresso/Tools/bin/../lib/gcc/arm-none-eabi/4.6.2/../../../../arm-none-eabi/lib/armv6-m/libstdc++.a(bad_typeid.o)
                0x0000000000003a20                _ZTISt10bad_typeid
 .rodata.str1.4
                0x0000000000003a2c       0x10 /Applications/lpcxpresso_4.2.4_267/lpcxpresso/Tools/bin/../lib/gcc/arm-none-eabi/4.6.2/../../../../arm-none-eabi/lib/armv6-m/libstdc++.a(bad_typeid.o)
 .rodata._ZTSSt10bad_typeid
                0x0000000000003a3c       0x10 /Applications/lpcxpresso_4.2.4_267/lpcxpresso/Tools/bin/../lib/gcc/arm-none-eabi/4.6.2/../../../../arm-none-eabi/lib/armv6-m/libstdc++.a(bad_typeid.o)
                0x0000000000003a3c                _ZTSSt10bad_typeid
 *fill*         0x0000000000003a4c        0x4 00
 .rodata._ZTVN10__cxxabiv117__class_type_infoE
                0x0000000000003a50       0x30 /Applications/lpcxpresso_4.2.4_267/lpcxpresso/Tools/bin/../lib/gcc/arm-none-eabi/4.6.2/../../../../arm-none-eabi/lib/armv6-m/libstdc++.a(class_type_info.o)
                0x0000000000003a50                _ZTVN10__cxxabiv117__class_type_infoE
 .rodata._ZTIN10__cxxabiv117__class_type_infoE
                0x0000000000003a80        0xc /Applications/lpcxpresso_4.2.4_267/lpcxpresso/Tools/bin/../lib/gcc/arm-none-eabi/4.6.2/../../../../arm-none-eabi/lib/armv6-m/libstdc++.a(class_type_info.o)
                0x0000000000003a80                _ZTIN10__cxxabiv117__class_type_infoE
 .rodata._ZTSN10__cxxabiv117__class_type_infoE
                0x0000000000003a8c       0x24 /Applications/lpcxpresso_4.2.4_267/lpcxpresso/Tools/bin/../lib/gcc/arm-none-eabi/4.6.2/../../../../arm-none-eabi/lib/armv6-m/libstdc++.a(class_type_info.o)
                0x0000000000003a8c                _ZTSN10__cxxabiv117__class_type_infoE
 .rodata._ZTIN10__cxxabiv117__pbase_type_infoE
                0x0000000000003ab0        0xc /Applications/lpcxpresso_4.2.4_267/lpcxpresso/Tools/bin/../lib/gcc/arm-none-eabi/4.6.2/../../../../arm-none-eabi/lib/armv6-m/libstdc++.a(pbase_type_info.o)
                0x0000000000003ab0                _ZTIN10__cxxabiv117__pbase_type_infoE
 .rodata._ZTSN10__cxxabiv117__pbase_type_infoE
                0x0000000000003abc       0x24 /Applications/lpcxpresso_4.2.4_267/lpcxpresso/Tools/bin/../lib/gcc/arm-none-eabi/4.6.2/../../../../arm-none-eabi/lib/armv6-m/libstdc++.a(pbase_type_info.o)
                0x0000000000003abc                _ZTSN10__cxxabiv117__pbase_type_infoE
 .rodata._ZTVN10__cxxabiv117__pbase_type_infoE
                0x0000000000003ae0       0x28 /Applications/lpcxpresso_4.2.4_267/lpcxpresso/Tools/bin/../lib/gcc/arm-none-eabi/4.6.2/../../../../arm-none-eabi/lib/armv6-m/libstdc++.a(pbase_type_info.o)
                0x0000000000003ae0                _ZTVN10__cxxabiv117__pbase_type_infoE
                0x0000000000003b08                . = ALIGN (0x4)
                0x0000000000003b08                . = ALIGN (0x4)
 *(.init)
 .init          0x0000000000003b08        0x4 /Applications/lpcxpresso_4.2.4_267/lpcxpresso/Tools/bin/../lib/gcc/arm-none-eabi/4.6.2/armv6-m/crti.o
                0x0000000000003b08                _init
 .init          0x0000000000003b0c        0x8 /Applications/lpcxpresso_4.2.4_267/lpcxpresso/Tools/bin/../lib/gcc/arm-none-eabi/4.6.2/armv6-m/crtn.o
                0x0000000000003b14                . = ALIGN (0x4)
                0x0000000000003b14                __preinit_array_start = .
 *(.preinit_array)
                0x0000000000003b14                __preinit_array_end = .
                0x0000000000003b14                . = ALIGN (0x4)
                0x0000000000003b14                __init_array_start = .
 *(SORT(.init_array.*))
 *(.init_array)
 .init_array    0x0000000000003b14        0x4 ./src/main.o
 .init_array    0x0000000000003b18        0x4 /Applications/lpcxpresso_4.2.4_267/lpcxpresso/Tools/bin/../lib/gcc/arm-none-eabi/4.6.2/armv6-m/crtbegin.o
                0x0000000000003b1c                __init_array_end = .
 *(.fini)
 .fini          0x0000000000003b1c        0x4 /Applications/lpcxpresso_4.2.4_267/lpcxpresso/Tools/bin/../lib/gcc/arm-none-eabi/4.6.2/armv6-m/crti.o
                0x0000000000003b1c                _fini
 .fini          0x0000000000003b20        0x8 /Applications/lpcxpresso_4.2.4_267/lpcxpresso/Tools/bin/../lib/gcc/arm-none-eabi/4.6.2/armv6-m/crtn.o
                0x0000000000003b28                . = ALIGN (0x4)
 *crtbegin.o(.ctors)
 *(EXCLUDE_FILE(*crtend.o) .ctors)
 *(SORT(.ctors.*))
 *crtend.o(.ctors)
                0x0000000000003b28                . = ALIGN (0x4)
 *crtbegin.o(.dtors)
 *(EXCLUDE_FILE(*crtend.o) .dtors)
 *(SORT(.dtors.*))
 *crtend.o(.dtors)

.glue_7         0x0000000000003b28        0x0
 .glue_7        0x0000000000000000        0x0 linker stubs

.glue_7t        0x0000000000003b28        0x0
 .glue_7t       0x0000000000000000        0x0 linker stubs

.vfp11_veneer   0x0000000000003b28        0x0
 .vfp11_veneer  0x0000000000000000        0x0 linker stubs

.v4_bx          0x0000000000003b28        0x0
 .v4_bx         0x0000000000000000        0x0 linker stubs

.ARM.extab      0x0000000000003b28      0x1bc
 *(.ARM.extab* .gnu.linkonce.armextab.*)
 .ARM.extab.text._Znwj
                0x0000000000003b28        0x0 ./src/cr_cpp_config.o
 .ARM.extab.text._Znaj
                0x0000000000003b28        0x0 ./src/cr_cpp_config.o
 .ARM.extab.text._ZdlPv
                0x0000000000003b28        0x0 ./src/cr_cpp_config.o
 .ARM.extab.text._ZdaPv
                0x0000000000003b28        0x0 ./src/cr_cpp_config.o
 .ARM.extab.text.__aeabi_atexit
                0x0000000000003b28        0x0 ./src/cr_cpp_config.o
 .ARM.extab.text._ZN9__gnu_cxx27__verbose_terminate_handlerEv
                0x0000000000003b28        0x0 ./src/cr_cpp_config.o
 .ARM.extab.after_vectors
                0x0000000000003b28        0x0 ./src/cr_startup_lpc11.o
 .ARM.extab.text._ZN4mbed10DigitalOutaSEi
                0x0000000000003b28        0x0 ./src/main.o
 .ARM.extab.text.startup.main
                0x0000000000003b28        0x0 ./src/main.o
 .ARM.extab.text.startup._GLOBAL__sub_I_CRP_WORD
                0x0000000000003b28        0x0 ./src/main.o
 .ARM.extab.text._ZN4mbed6BusOutC2Eiiiiiiiiiiiiiiii
                0x0000000000003b28        0x0 ./src/libmbed/BusOut.o
 .ARM.extab.text._ZN4mbed6BusOut5writeEi
                0x0000000000003b28        0x0 ./src/libmbed/BusOut.o
 .ARM.extab.text._ZN4mbed6BusOut4readEv
                0x0000000000003b28        0x0 ./src/libmbed/BusOut.o
 .ARM.extab.text._ZN4mbed10DigitalOutC2Ev
                0x0000000000003b28        0x0 ./src/libmbed/DigitalOut.o
 .ARM.extab.text._ZN4mbed10DigitalOut5setupEiPKc
                0x0000000000003b28        0x0 ./src/libmbed/DigitalOut.o
 .ARM.extab.text._ZN4mbed10DigitalOutC2EiPKc
                0x0000000000003b28        0x0 ./src/libmbed/DigitalOut.o
 .ARM.extab.text._ZN5Print5writeEPKci
                0x0000000000003b28        0x0 ./src/libmbed/Print.o
 .ARM.extab.text._ZN5Print5printEPKc
                0x0000000000003b28        0x0 ./src/libmbed/Print.o
 .ARM.extab.text._ZN5Print5printEc
                0x0000000000003b28        0xc ./src/libmbed/Print.o
 .ARM.extab.text._ZN5Print7printlnEv
                0x0000000000003b34        0x0 ./src/libmbed/Print.o
 .ARM.extab.text._ZN5Print7printlnEPKc
                0x0000000000003b34        0x0 ./src/libmbed/Print.o
 .ARM.extab.text._ZN5Print7printlnEc
                0x0000000000003b34        0x0 ./src/libmbed/Print.o
 .ARM.extab.text._ZN7TextLCD5_getcEv
                0x0000000000003b34        0x0 ./src/libmbed/TextLCD.o
 .ARM.extab.text._ZN7TextLCD6locateEii
                0x0000000000003b34        0x0 ./src/libmbed/TextLCD.o
 .ARM.extab.text._ZN7TextLCD9writeByteEi
                0x0000000000003b34        0x0 ./src/libmbed/TextLCD.o
 .ARM.extab.text._ZN7TextLCD12writeCommandEi
                0x0000000000003b34        0x0 ./src/libmbed/TextLCD.o
 .ARM.extab.text._ZN7TextLCD3clsEv
                0x0000000000003b34        0x0 ./src/libmbed/TextLCD.o
 .ARM.extab.text._ZN7TextLCDC2EiiiiiiNS_7LCDTypeE
                0x0000000000003b34        0x0 ./src/libmbed/TextLCD.o
 .ARM.extab.text._ZN7TextLCD9writeDataEi
                0x0000000000003b34        0x0 ./src/libmbed/TextLCD.o
 .ARM.extab.text._ZN7TextLCD7addressEii
                0x0000000000003b34        0x0 ./src/libmbed/TextLCD.o
 .ARM.extab.text._ZN7TextLCD9characterEiii
                0x0000000000003b34        0x0 ./src/libmbed/TextLCD.o
 .ARM.extab.text._ZN7TextLCD5_putcEi
                0x0000000000003b34        0x0 ./src/libmbed/TextLCD.o
 .ARM.extab.text._ZN7TextLCD7columnsEv
                0x0000000000003b34        0x0 ./src/libmbed/TextLCD.o
 .ARM.extab.text._ZN7TextLCD4rowsEv
                0x0000000000003b34        0x0 ./src/libmbed/TextLCD.o
 .ARM.extab     0x0000000000003b34       0x6c /Applications/lpcxpresso_4.2.4_267/lpcxpresso/Tools/bin/../lib/gcc/arm-none-eabi/4.6.2/armv6-m/libgcc.a(unwind-arm.o)
 .ARM.extab     0x0000000000003ba0       0x30 /Applications/lpcxpresso_4.2.4_267/lpcxpresso/Tools/bin/../lib/gcc/arm-none-eabi/4.6.2/armv6-m/libgcc.a(pr-support.o)
 .ARM.extab.text.__cxa_pure_virtual
                0x0000000000003bd0        0xc /Applications/lpcxpresso_4.2.4_267/lpcxpresso/Tools/bin/../lib/gcc/arm-none-eabi/4.6.2/../../../../arm-none-eabi/lib/armv6-m/libstdc++.a(pure.o)
 .ARM.extab.text._ZN10__cxxabiv111__terminateEPFvvE
                0x0000000000003bdc       0x28 /Applications/lpcxpresso_4.2.4_267/lpcxpresso/Tools/bin/../lib/gcc/arm-none-eabi/4.6.2/../../../../arm-none-eabi/lib/armv6-m/libstdc++.a(eh_terminate.o)
 .ARM.extab.text._ZSt9terminatev
                0x0000000000003c04        0x0 /Applications/lpcxpresso_4.2.4_267/lpcxpresso/Tools/bin/../lib/gcc/arm-none-eabi/4.6.2/../../../../arm-none-eabi/lib/armv6-m/libstdc++.a(eh_terminate.o)
 .ARM.extab.text._ZN10__cxxabiv112__unexpectedEPFvvE
                0x0000000000003c04        0xc /Applications/lpcxpresso_4.2.4_267/lpcxpresso/Tools/bin/../lib/gcc/arm-none-eabi/4.6.2/../../../../arm-none-eabi/lib/armv6-m/libstdc++.a(eh_terminate.o)
 .ARM.extab.text._ZSt10unexpectedv
                0x0000000000003c10        0xc /Applications/lpcxpresso_4.2.4_267/lpcxpresso/Tools/bin/../lib/gcc/arm-none-eabi/4.6.2/../../../../arm-none-eabi/lib/armv6-m/libstdc++.a(eh_terminate.o)
 .ARM.extab.text._ZSt13set_terminatePFvvE
                0x0000000000003c1c        0x0 /Applications/lpcxpresso_4.2.4_267/lpcxpresso/Tools/bin/../lib/gcc/arm-none-eabi/4.6.2/../../../../arm-none-eabi/lib/armv6-m/libstdc++.a(eh_terminate.o)
 .ARM.extab.text._ZSt14set_unexpectedPFvvE
                0x0000000000003c1c        0x0 /Applications/lpcxpresso_4.2.4_267/lpcxpresso/Tools/bin/../lib/gcc/arm-none-eabi/4.6.2/../../../../arm-none-eabi/lib/armv6-m/libstdc++.a(eh_terminate.o)
 .ARM.extab.text.__cxa_type_match
                0x0000000000003c1c        0x0 /Applications/lpcxpresso_4.2.4_267/lpcxpresso/Tools/bin/../lib/gcc/arm-none-eabi/4.6.2/../../../../arm-none-eabi/lib/armv6-m/libstdc++.a(eh_arm.o)
 .ARM.extab.text.__cxa_begin_cleanup
                0x0000000000003c1c        0x0 /Applications/lpcxpresso_4.2.4_267/lpcxpresso/Tools/bin/../lib/gcc/arm-none-eabi/4.6.2/../../../../arm-none-eabi/lib/armv6-m/libstdc++.a(eh_arm.o)
 .ARM.extab.text.__gnu_end_cleanup
                0x0000000000003c1c        0x0 /Applications/lpcxpresso_4.2.4_267/lpcxpresso/Tools/bin/../lib/gcc/arm-none-eabi/4.6.2/../../../../arm-none-eabi/lib/armv6-m/libstdc++.a(eh_arm.o)
 .ARM.extab.text.__cxa_bad_cast
                0x0000000000003c1c        0xc /Applications/lpcxpresso_4.2.4_267/lpcxpresso/Tools/bin/../lib/gcc/arm-none-eabi/4.6.2/../../../../arm-none-eabi/lib/armv6-m/libstdc++.a(eh_aux_runtime.o)
 .ARM.extab.text.__cxa_bad_typeid
                0x0000000000003c28        0xc /Applications/lpcxpresso_4.2.4_267/lpcxpresso/Tools/bin/../lib/gcc/arm-none-eabi/4.6.2/../../../../arm-none-eabi/lib/armv6-m/libstdc++.a(eh_aux_runtime.o)
 .ARM.extab.text.__cxa_call_terminate
                0x0000000000003c34        0x0 /Applications/lpcxpresso_4.2.4_267/lpcxpresso/Tools/bin/../lib/gcc/arm-none-eabi/4.6.2/../../../../arm-none-eabi/lib/armv6-m/libstdc++.a(eh_call.o)
 .ARM.extab.text.__cxa_call_unexpected
                0x0000000000003c34       0x34 /Applications/lpcxpresso_4.2.4_267/lpcxpresso/Tools/bin/../lib/gcc/arm-none-eabi/4.6.2/../../../../arm-none-eabi/lib/armv6-m/libstdc++.a(eh_call.o)
 .ARM.extab.text.__cxa_get_exception_ptr
                0x0000000000003c68        0x0 /Applications/lpcxpresso_4.2.4_267/lpcxpresso/Tools/bin/../lib/gcc/arm-none-eabi/4.6.2/../../../../arm-none-eabi/lib/armv6-m/libstdc++.a(eh_catch.o)
 .ARM.extab.text.__cxa_begin_catch
                0x0000000000003c68       0x1c /Applications/lpcxpresso_4.2.4_267/lpcxpresso/Tools/bin/../lib/gcc/arm-none-eabi/4.6.2/../../../../arm-none-eabi/lib/armv6-m/libstdc++.a(eh_catch.o)
 .ARM.extab.text.__cxa_end_catch
                0x0000000000003c84        0xc /Applications/lpcxpresso_4.2.4_267/lpcxpresso/Tools/bin/../lib/gcc/arm-none-eabi/4.6.2/../../../../arm-none-eabi/lib/armv6-m/libstdc++.a(eh_catch.o)
 .ARM.extab.text._ZSt18uncaught_exceptionv
                0x0000000000003c90        0x0 /Applications/lpcxpresso_4.2.4_267/lpcxpresso/Tools/bin/../lib/gcc/arm-none-eabi/4.6.2/../../../../arm-none-eabi/lib/armv6-m/libstdc++.a(eh_catch.o)
 .ARM.extab.text._ZNSt9exceptionD2Ev
                0x0000000000003c90        0x0 /Applications/lpcxpresso_4.2.4_267/lpcxpresso/Tools/bin/../lib/gcc/arm-none-eabi/4.6.2/../../../../arm-none-eabi/lib/armv6-m/libstdc++.a(eh_exception.o)
 .ARM.extab.text._ZNSt13bad_exceptionD2Ev
                0x0000000000003c90        0x0 /Applications/lpcxpresso_4.2.4_267/lpcxpresso/Tools/bin/../lib/gcc/arm-none-eabi/4.6.2/../../../../arm-none-eabi/lib/armv6-m/libstdc++.a(eh_exception.o)
 .ARM.extab.text._ZN10__cxxabiv115__forced_unwindD2Ev
                0x0000000000003c90        0x0 /Applications/lpcxpresso_4.2.4_267/lpcxpresso/Tools/bin/../lib/gcc/arm-none-eabi/4.6.2/../../../../arm-none-eabi/lib/armv6-m/libstdc++.a(eh_exception.o)
 .ARM.extab.text._ZN10__cxxabiv119__foreign_exceptionD2Ev
                0x0000000000003c90        0x0 /Applications/lpcxpresso_4.2.4_267/lpcxpresso/Tools/bin/../lib/gcc/arm-none-eabi/4.6.2/../../../../arm-none-eabi/lib/armv6-m/libstdc++.a(eh_exception.o)
 .ARM.extab.text._ZNKSt9exception4whatEv
                0x0000000000003c90        0x0 /Applications/lpcxpresso_4.2.4_267/lpcxpresso/Tools/bin/../lib/gcc/arm-none-eabi/4.6.2/../../../../arm-none-eabi/lib/armv6-m/libstdc++.a(eh_exception.o)
 .ARM.extab.text._ZNKSt13bad_exception4whatEv
                0x0000000000003c90        0x0 /Applications/lpcxpresso_4.2.4_267/lpcxpresso/Tools/bin/../lib/gcc/arm-none-eabi/4.6.2/../../../../arm-none-eabi/lib/armv6-m/libstdc++.a(eh_exception.o)
 .ARM.extab.text._ZN10__cxxabiv119__foreign_exceptionD0Ev
                0x0000000000003c90        0x0 /Applications/lpcxpresso_4.2.4_267/lpcxpresso/Tools/bin/../lib/gcc/arm-none-eabi/4.6.2/../../../../arm-none-eabi/lib/armv6-m/libstdc++.a(eh_exception.o)
 .ARM.extab.text._ZN10__cxxabiv115__forced_unwindD0Ev
                0x0000000000003c90        0x0 /Applications/lpcxpresso_4.2.4_267/lpcxpresso/Tools/bin/../lib/gcc/arm-none-eabi/4.6.2/../../../../arm-none-eabi/lib/armv6-m/libstdc++.a(eh_exception.o)
 .ARM.extab.text._ZNSt13bad_exceptionD0Ev
                0x0000000000003c90        0x0 /Applications/lpcxpresso_4.2.4_267/lpcxpresso/Tools/bin/../lib/gcc/arm-none-eabi/4.6.2/../../../../arm-none-eabi/lib/armv6-m/libstdc++.a(eh_exception.o)
 .ARM.extab.text._ZNSt9exceptionD0Ev
                0x0000000000003c90        0x0 /Applications/lpcxpresso_4.2.4_267/lpcxpresso/Tools/bin/../lib/gcc/arm-none-eabi/4.6.2/../../../../arm-none-eabi/lib/armv6-m/libstdc++.a(eh_exception.o)
 .ARM.extab.text.__cxa_get_globals_fast
                0x0000000000003c90        0x0 /Applications/lpcxpresso_4.2.4_267/lpcxpresso/Tools/bin/../lib/gcc/arm-none-eabi/4.6.2/../../../../arm-none-eabi/lib/armv6-m/libstdc++.a(eh_globals.o)
 .ARM.extab.text.__cxa_get_globals
                0x0000000000003c90        0x0 /Applications/lpcxpresso_4.2.4_267/lpcxpresso/Tools/bin/../lib/gcc/arm-none-eabi/4.6.2/../../../../arm-none-eabi/lib/armv6-m/libstdc++.a(eh_globals.o)
 .ARM.extab.text._ZL12read_sleb128PKhPl
                0x0000000000003c90        0x0 /Applications/lpcxpresso_4.2.4_267/lpcxpresso/Tools/bin/../lib/gcc/arm-none-eabi/4.6.2/../../../../arm-none-eabi/lib/armv6-m/libstdc++.a(eh_personality.o)
 .ARM.extab.text._ZL28read_encoded_value_with_basehjPKhPj
                0x0000000000003c90        0xc /Applications/lpcxpresso_4.2.4_267/lpcxpresso/Tools/bin/../lib/gcc/arm-none-eabi/4.6.2/../../../../arm-none-eabi/lib/armv6-m/libstdc++.a(eh_personality.o)
 .ARM.extab.text._ZL21base_of_encoded_valuehP15_Unwind_Context
                0x0000000000003c9c        0xc /Applications/lpcxpresso_4.2.4_267/lpcxpresso/Tools/bin/../lib/gcc/arm-none-eabi/4.6.2/../../../../arm-none-eabi/lib/armv6-m/libstdc++.a(eh_personality.o)
 .ARM.extab.text._ZL17parse_lsda_headerP15_Unwind_ContextPKhP16lsda_header_info.constprop.1
                0x0000000000003ca8        0x0 /Applications/lpcxpresso_4.2.4_267/lpcxpresso/Tools/bin/../lib/gcc/arm-none-eabi/4.6.2/../../../../arm-none-eabi/lib/armv6-m/libstdc++.a(eh_personality.o)
 .ARM.extab.text.__gxx_personality_v0
                0x0000000000003ca8       0x24 /Applications/lpcxpresso_4.2.4_267/lpcxpresso/Tools/bin/../lib/gcc/arm-none-eabi/4.6.2/../../../../arm-none-eabi/lib/armv6-m/libstdc++.a(eh_personality.o)
 .ARM.extab.text._ZL23__gxx_exception_cleanup19_Unwind_Reason_CodeP21_Unwind_Control_Block
                0x0000000000003ccc        0x0 /Applications/lpcxpresso_4.2.4_267/lpcxpresso/Tools/bin/../lib/gcc/arm-none-eabi/4.6.2/../../../../arm-none-eabi/lib/armv6-m/libstdc++.a(eh_throw.o)
 .ARM.extab.text.__cxa_throw
                0x0000000000003ccc        0x0 /Applications/lpcxpresso_4.2.4_267/lpcxpresso/Tools/bin/../lib/gcc/arm-none-eabi/4.6.2/../../../../arm-none-eabi/lib/armv6-m/libstdc++.a(eh_throw.o)
 .ARM.extab.text.__cxa_rethrow
                0x0000000000003ccc        0x0 /Applications/lpcxpresso_4.2.4_267/lpcxpresso/Tools/bin/../lib/gcc/arm-none-eabi/4.6.2/../../../../arm-none-eabi/lib/armv6-m/libstdc++.a(eh_throw.o)
 .ARM.extab.text._ZN10__cxxabiv123__fundamental_type_infoD2Ev
                0x0000000000003ccc        0x0 /Applications/lpcxpresso_4.2.4_267/lpcxpresso/Tools/bin/../lib/gcc/arm-none-eabi/4.6.2/../../../../arm-none-eabi/lib/armv6-m/libstdc++.a(fundamental_type_info.o)
 .ARM.extab.text._ZN10__cxxabiv123__fundamental_type_infoD0Ev
                0x0000000000003ccc        0x0 /Applications/lpcxpresso_4.2.4_267/lpcxpresso/Tools/bin/../lib/gcc/arm-none-eabi/4.6.2/../../../../arm-none-eabi/lib/armv6-m/libstdc++.a(fundamental_type_info.o)
 .ARM.extab.text._ZNK10__cxxabiv119__pointer_type_info14__is_pointer_pEv
                0x0000000000003ccc        0x0 /Applications/lpcxpresso_4.2.4_267/lpcxpresso/Tools/bin/../lib/gcc/arm-none-eabi/4.6.2/../../../../arm-none-eabi/lib/armv6-m/libstdc++.a(pointer_type_info.o)
 .ARM.extab.text._ZN10__cxxabiv119__pointer_type_infoD2Ev
                0x0000000000003ccc        0x0 /Applications/lpcxpresso_4.2.4_267/lpcxpresso/Tools/bin/../lib/gcc/arm-none-eabi/4.6.2/../../../../arm-none-eabi/lib/armv6-m/libstdc++.a(pointer_type_info.o)
 .ARM.extab.text._ZN10__cxxabiv119__pointer_type_infoD0Ev
                0x0000000000003ccc        0x0 /Applications/lpcxpresso_4.2.4_267/lpcxpresso/Tools/bin/../lib/gcc/arm-none-eabi/4.6.2/../../../../arm-none-eabi/lib/armv6-m/libstdc++.a(pointer_type_info.o)
 .ARM.extab.text._ZNK10__cxxabiv119__pointer_type_info15__pointer_catchEPKNS_17__pbase_type_infoEPPvj
                0x0000000000003ccc        0x0 /Applications/lpcxpresso_4.2.4_267/lpcxpresso/Tools/bin/../lib/gcc/arm-none-eabi/4.6.2/../../../../arm-none-eabi/lib/armv6-m/libstdc++.a(pointer_type_info.o)
 .ARM.extab.text._ZN10__cxxabiv120__si_class_type_infoD2Ev
                0x0000000000003ccc        0x0 /Applications/lpcxpresso_4.2.4_267/lpcxpresso/Tools/bin/../lib/gcc/arm-none-eabi/4.6.2/../../../../arm-none-eabi/lib/armv6-m/libstdc++.a(si_class_type_info.o)
 .ARM.extab.text._ZN10__cxxabiv120__si_class_type_infoD0Ev
                0x0000000000003ccc        0x0 /Applications/lpcxpresso_4.2.4_267/lpcxpresso/Tools/bin/../lib/gcc/arm-none-eabi/4.6.2/../../../../arm-none-eabi/lib/armv6-m/libstdc++.a(si_class_type_info.o)
 .ARM.extab.text._ZNK10__cxxabiv120__si_class_type_info11__do_upcastEPKNS_17__class_type_infoEPKvRNS1_15__upcast_resultE
                0x0000000000003ccc        0x0 /Applications/lpcxpresso_4.2.4_267/lpcxpresso/Tools/bin/../lib/gcc/arm-none-eabi/4.6.2/../../../../arm-none-eabi/lib/armv6-m/libstdc++.a(si_class_type_info.o)
 .ARM.extab.text._ZNK10__cxxabiv120__si_class_type_info12__do_dyncastEiNS_17__class_type_info10__sub_kindEPKS1_PKvS4_S6_RNS1_16__dyncast_resultE
                0x0000000000003ccc        0xc /Applications/lpcxpresso_4.2.4_267/lpcxpresso/Tools/bin/../lib/gcc/arm-none-eabi/4.6.2/../../../../arm-none-eabi/lib/armv6-m/libstdc++.a(si_class_type_info.o)
 .ARM.extab.text._ZNK10__cxxabiv120__si_class_type_info20__do_find_public_srcEiPKvPKNS_17__class_type_infoES2_
                0x0000000000003cd8        0xc /Applications/lpcxpresso_4.2.4_267/lpcxpresso/Tools/bin/../lib/gcc/arm-none-eabi/4.6.2/../../../../arm-none-eabi/lib/armv6-m/libstdc++.a(si_class_type_info.o)
 .ARM.extab.text._ZNSt9type_infoD2Ev
                0x0000000000003ce4        0x0 /Applications/lpcxpresso_4.2.4_267/lpcxpresso/Tools/bin/../lib/gcc/arm-none-eabi/4.6.2/../../../../arm-none-eabi/lib/armv6-m/libstdc++.a(tinfo.o)
 .ARM.extab.text._ZNKSt9type_info14__is_pointer_pEv
                0x0000000000003ce4        0x0 /Applications/lpcxpresso_4.2.4_267/lpcxpresso/Tools/bin/../lib/gcc/arm-none-eabi/4.6.2/../../../../arm-none-eabi/lib/armv6-m/libstdc++.a(tinfo.o)
 .ARM.extab.text._ZNKSt9type_info15__is_function_pEv
                0x0000000000003ce4        0x0 /Applications/lpcxpresso_4.2.4_267/lpcxpresso/Tools/bin/../lib/gcc/arm-none-eabi/4.6.2/../../../../arm-none-eabi/lib/armv6-m/libstdc++.a(tinfo.o)
 .ARM.extab.text._ZNKSt9type_info11__do_upcastEPKN10__cxxabiv117__class_type_infoEPPv
                0x0000000000003ce4        0x0 /Applications/lpcxpresso_4.2.4_267/lpcxpresso/Tools/bin/../lib/gcc/arm-none-eabi/4.6.2/../../../../arm-none-eabi/lib/armv6-m/libstdc++.a(tinfo.o)
 .ARM.extab.text._ZNSt9type_infoD0Ev
                0x0000000000003ce4        0x0 /Applications/lpcxpresso_4.2.4_267/lpcxpresso/Tools/bin/../lib/gcc/arm-none-eabi/4.6.2/../../../../arm-none-eabi/lib/armv6-m/libstdc++.a(tinfo.o)
 .ARM.extab.text._ZNKSt9type_infoeqERKS_
                0x0000000000003ce4        0x0 /Applications/lpcxpresso_4.2.4_267/lpcxpresso/Tools/bin/../lib/gcc/arm-none-eabi/4.6.2/../../../../arm-none-eabi/lib/armv6-m/libstdc++.a(tinfo.o)
 .ARM.extab.text._ZNKSt9type_info10__do_catchEPKS_PPvj
                0x0000000000003ce4        0x0 /Applications/lpcxpresso_4.2.4_267/lpcxpresso/Tools/bin/../lib/gcc/arm-none-eabi/4.6.2/../../../../arm-none-eabi/lib/armv6-m/libstdc++.a(tinfo.o)
 .ARM.extab.text._ZNKSt8bad_cast4whatEv
                0x0000000000003ce4        0x0 /Applications/lpcxpresso_4.2.4_267/lpcxpresso/Tools/bin/../lib/gcc/arm-none-eabi/4.6.2/../../../../arm-none-eabi/lib/armv6-m/libstdc++.a(bad_cast.o)
 .ARM.extab.text._ZNSt8bad_castD2Ev
                0x0000000000003ce4        0x0 /Applications/lpcxpresso_4.2.4_267/lpcxpresso/Tools/bin/../lib/gcc/arm-none-eabi/4.6.2/../../../../arm-none-eabi/lib/armv6-m/libstdc++.a(bad_cast.o)
 .ARM.extab.text._ZNSt8bad_castD0Ev
                0x0000000000003ce4        0x0 /Applications/lpcxpresso_4.2.4_267/lpcxpresso/Tools/bin/../lib/gcc/arm-none-eabi/4.6.2/../../../../arm-none-eabi/lib/armv6-m/libstdc++.a(bad_cast.o)
 .ARM.extab.text._ZNKSt10bad_typeid4whatEv
                0x0000000000003ce4        0x0 /Applications/lpcxpresso_4.2.4_267/lpcxpresso/Tools/bin/../lib/gcc/arm-none-eabi/4.6.2/../../../../arm-none-eabi/lib/armv6-m/libstdc++.a(bad_typeid.o)
 .ARM.extab.text._ZNSt10bad_typeidD2Ev
                0x0000000000003ce4        0x0 /Applications/lpcxpresso_4.2.4_267/lpcxpresso/Tools/bin/../lib/gcc/arm-none-eabi/4.6.2/../../../../arm-none-eabi/lib/armv6-m/libstdc++.a(bad_typeid.o)
 .ARM.extab.text._ZNSt10bad_typeidD0Ev
                0x0000000000003ce4        0x0 /Applications/lpcxpresso_4.2.4_267/lpcxpresso/Tools/bin/../lib/gcc/arm-none-eabi/4.6.2/../../../../arm-none-eabi/lib/armv6-m/libstdc++.a(bad_typeid.o)
 .ARM.extab.text._ZNK10__cxxabiv117__class_type_info11__do_upcastEPKS0_PPv
                0x0000000000003ce4        0x0 /Applications/lpcxpresso_4.2.4_267/lpcxpresso/Tools/bin/../lib/gcc/arm-none-eabi/4.6.2/../../../../arm-none-eabi/lib/armv6-m/libstdc++.a(class_type_info.o)
 .ARM.extab.text._ZNK10__cxxabiv117__class_type_info20__do_find_public_srcEiPKvPKS0_S2_
                0x0000000000003ce4        0x0 /Applications/lpcxpresso_4.2.4_267/lpcxpresso/Tools/bin/../lib/gcc/arm-none-eabi/4.6.2/../../../../arm-none-eabi/lib/armv6-m/libstdc++.a(class_type_info.o)
 .ARM.extab.text._ZNK10__cxxabiv117__class_type_info11__do_upcastEPKS0_PKvRNS0_15__upcast_resultE
                0x0000000000003ce4        0x0 /Applications/lpcxpresso_4.2.4_267/lpcxpresso/Tools/bin/../lib/gcc/arm-none-eabi/4.6.2/../../../../arm-none-eabi/lib/armv6-m/libstdc++.a(class_type_info.o)
 .ARM.extab.text._ZN10__cxxabiv117__class_type_infoD2Ev
                0x0000000000003ce4        0x0 /Applications/lpcxpresso_4.2.4_267/lpcxpresso/Tools/bin/../lib/gcc/arm-none-eabi/4.6.2/../../../../arm-none-eabi/lib/armv6-m/libstdc++.a(class_type_info.o)
 .ARM.extab.text._ZN10__cxxabiv117__class_type_infoD0Ev
                0x0000000000003ce4        0x0 /Applications/lpcxpresso_4.2.4_267/lpcxpresso/Tools/bin/../lib/gcc/arm-none-eabi/4.6.2/../../../../arm-none-eabi/lib/armv6-m/libstdc++.a(class_type_info.o)
 .ARM.extab.text._ZNK10__cxxabiv117__class_type_info12__do_dyncastEiNS0_10__sub_kindEPKS0_PKvS3_S5_RNS0_16__dyncast_resultE
                0x0000000000003ce4        0x0 /Applications/lpcxpresso_4.2.4_267/lpcxpresso/Tools/bin/../lib/gcc/arm-none-eabi/4.6.2/../../../../arm-none-eabi/lib/armv6-m/libstdc++.a(class_type_info.o)
 .ARM.extab.text._ZNK10__cxxabiv117__class_type_info10__do_catchEPKSt9type_infoPPvj
                0x0000000000003ce4        0x0 /Applications/lpcxpresso_4.2.4_267/lpcxpresso/Tools/bin/../lib/gcc/arm-none-eabi/4.6.2/../../../../arm-none-eabi/lib/armv6-m/libstdc++.a(class_type_info.o)
 .ARM.extab.text.__cxa_allocate_exception
                0x0000000000003ce4        0x0 /Applications/lpcxpresso_4.2.4_267/lpcxpresso/Tools/bin/../lib/gcc/arm-none-eabi/4.6.2/../../../../arm-none-eabi/lib/armv6-m/libstdc++.a(eh_alloc.o)
 .ARM.extab.text.__cxa_free_exception
                0x0000000000003ce4        0x0 /Applications/lpcxpresso_4.2.4_267/lpcxpresso/Tools/bin/../lib/gcc/arm-none-eabi/4.6.2/../../../../arm-none-eabi/lib/armv6-m/libstdc++.a(eh_alloc.o)
 .ARM.extab.text.__cxa_allocate_dependent_exception
                0x0000000000003ce4        0x0 /Applications/lpcxpresso_4.2.4_267/lpcxpresso/Tools/bin/../lib/gcc/arm-none-eabi/4.6.2/../../../../arm-none-eabi/lib/armv6-m/libstdc++.a(eh_alloc.o)
 .ARM.extab.text.__cxa_free_dependent_exception
                0x0000000000003ce4        0x0 /Applications/lpcxpresso_4.2.4_267/lpcxpresso/Tools/bin/../lib/gcc/arm-none-eabi/4.6.2/../../../../arm-none-eabi/lib/armv6-m/libstdc++.a(eh_alloc.o)
 .ARM.extab.text._ZNK10__cxxabiv117__pbase_type_info15__pointer_catchEPKS0_PPvj
                0x0000000000003ce4        0x0 /Applications/lpcxpresso_4.2.4_267/lpcxpresso/Tools/bin/../lib/gcc/arm-none-eabi/4.6.2/../../../../arm-none-eabi/lib/armv6-m/libstdc++.a(pbase_type_info.o)
 .ARM.extab.text._ZN10__cxxabiv117__pbase_type_infoD2Ev
                0x0000000000003ce4        0x0 /Applications/lpcxpresso_4.2.4_267/lpcxpresso/Tools/bin/../lib/gcc/arm-none-eabi/4.6.2/../../../../arm-none-eabi/lib/armv6-m/libstdc++.a(pbase_type_info.o)
 .ARM.extab.text._ZN10__cxxabiv117__pbase_type_infoD0Ev
                0x0000000000003ce4        0x0 /Applications/lpcxpresso_4.2.4_267/lpcxpresso/Tools/bin/../lib/gcc/arm-none-eabi/4.6.2/../../../../arm-none-eabi/lib/armv6-m/libstdc++.a(pbase_type_info.o)
 .ARM.extab.text._ZNK10__cxxabiv117__pbase_type_info10__do_catchEPKSt9type_infoPPvj
                0x0000000000003ce4        0x0 /Applications/lpcxpresso_4.2.4_267/lpcxpresso/Tools/bin/../lib/gcc/arm-none-eabi/4.6.2/../../../../arm-none-eabi/lib/armv6-m/libstdc++.a(pbase_type_info.o)
                0x0000000000003ce4                __exidx_start = .

.eh_frame       0x0000000000003ce4        0x0
 .eh_frame      0x0000000000003ce4        0x0 /Applications/lpcxpresso_4.2.4_267/lpcxpresso/Tools/bin/../lib/gcc/arm-none-eabi/4.6.2/armv6-m/crtbegin.o

.ARM.exidx      0x0000000000003ce4      0x2b0
 *(.ARM.exidx* .gnu.linkonce.armexidx.*)
 .ARM.exidx.text._Znwj
                0x0000000000003cfc        0x0 ./src/cr_cpp_config.o
                                          0x8 (size before relaxing)
 .ARM.exidx.text._Znaj
                0x0000000000003cfc        0x0 ./src/cr_cpp_config.o
                                          0x8 (size before relaxing)
 .ARM.exidx.text._ZdlPv
                0x0000000000003cfc        0x0 ./src/cr_cpp_config.o
                                          0x8 (size before relaxing)
 .ARM.exidx.text._ZdaPv
                0x0000000000003cfc        0x0 ./src/cr_cpp_config.o
                                          0x8 (size before relaxing)
 .ARM.exidx.text.__aeabi_atexit
                0x0000000000003cfc        0x0 ./src/cr_cpp_config.o
                                          0x8 (size before relaxing)
 .ARM.exidx.text._ZN9__gnu_cxx27__verbose_terminate_handlerEv
                0x0000000000003cfc        0x0 ./src/cr_cpp_config.o
                                          0x8 (size before relaxing)
 .ARM.exidx.after_vectors
                0x0000000000003ce4       0x18 ./src/cr_startup_lpc11.o
                                         0x48 (size before relaxing)
 .ARM.exidx.text._ZN4mbed10DigitalOutaSEi
                0x0000000000003cfc        0x0 ./src/main.o
                                          0x8 (size before relaxing)
 .ARM.exidx.text.startup.main
                0x0000000000003cfc        0x8 ./src/main.o
 .ARM.exidx.text.startup._GLOBAL__sub_I_CRP_WORD
                0x0000000000003d04        0x8 ./src/main.o
 .ARM.exidx.text._ZN4mbed6BusOutC2Eiiiiiiiiiiiiiiii
                0x0000000000003d0c        0x8 ./src/libmbed/BusOut.o
 .ARM.exidx.text._ZN4mbed6BusOut5writeEi
                0x0000000000003d14        0x8 ./src/libmbed/BusOut.o
 .ARM.exidx.text._ZN4mbed6BusOut4readEv
                0x0000000000003d1c        0x0 ./src/libmbed/BusOut.o
                                          0x8 (size before relaxing)
 .ARM.exidx.text._ZN4mbed10DigitalOutC2Ev
                0x0000000000003d1c        0x0 ./src/libmbed/DigitalOut.o
                                          0x8 (size before relaxing)
 .ARM.exidx.text._ZN4mbed10DigitalOut5setupEiPKc
                0x0000000000003d1c        0x0 ./src/libmbed/DigitalOut.o
                                          0x8 (size before relaxing)
 .ARM.exidx.text._ZN4mbed10DigitalOutC2EiPKc
                0x0000000000003d1c        0x0 ./src/libmbed/DigitalOut.o
                                          0x8 (size before relaxing)
 .ARM.exidx.text._ZN5Print5writeEPKci
                0x0000000000003d1c        0x8 ./src/libmbed/Print.o
 .ARM.exidx.text._ZN5Print5printEPKc
                0x0000000000003d24        0x8 ./src/libmbed/Print.o
 .ARM.exidx.text._ZN5Print5printEc
                0x0000000000003d2c        0x8 ./src/libmbed/Print.o
 .ARM.exidx.text._ZN5Print7printlnEv
                0x0000000000003d34        0x8 ./src/libmbed/Print.o
 .ARM.exidx.text._ZN5Print7printlnEPKc
                0x0000000000003d3c        0x0 ./src/libmbed/Print.o
                                          0x8 (size before relaxing)
 .ARM.exidx.text._ZN5Print7printlnEc
                0x0000000000003d3c        0x0 ./src/libmbed/Print.o
                                          0x8 (size before relaxing)
 .ARM.exidx.text._ZN7TextLCD5_getcEv
                0x0000000000003d3c        0x8 ./src/libmbed/TextLCD.o
 .ARM.exidx.text._ZN7TextLCD6locateEii
                0x0000000000003d44        0x0 ./src/libmbed/TextLCD.o
                                          0x8 (size before relaxing)
 .ARM.exidx.text._ZN7TextLCD9writeByteEi
                0x0000000000003d44        0x8 ./src/libmbed/TextLCD.o
 .ARM.exidx.text._ZN7TextLCD12writeCommandEi
                0x0000000000003d4c        0x8 ./src/libmbed/TextLCD.o
 .ARM.exidx.text._ZN7TextLCD3clsEv
                0x0000000000003d54        0x8 ./src/libmbed/TextLCD.o
 .ARM.exidx.text._ZN7TextLCDC2EiiiiiiNS_7LCDTypeE
                0x0000000000003d5c        0x8 ./src/libmbed/TextLCD.o
 .ARM.exidx.text._ZN7TextLCD9writeDataEi
                0x0000000000003d64        0x8 ./src/libmbed/TextLCD.o
 .ARM.exidx.text._ZN7TextLCD7addressEii
                0x0000000000003d6c        0x8 ./src/libmbed/TextLCD.o
 .ARM.exidx.text._ZN7TextLCD9characterEiii
                0x0000000000003d74        0x8 ./src/libmbed/TextLCD.o
 .ARM.exidx.text._ZN7TextLCD5_putcEi
                0x0000000000003d7c        0x8 ./src/libmbed/TextLCD.o
 .ARM.exidx.text._ZN7TextLCD7columnsEv
                0x0000000000003d84        0x8 ./src/libmbed/TextLCD.o
 .ARM.exidx.text._ZN7TextLCD4rowsEv
                0x0000000000003d8c        0x0 ./src/libmbed/TextLCD.o
                                          0x8 (size before relaxing)
 .ARM.exidx     0x0000000000003d8c       0x98 /Applications/lpcxpresso_4.2.4_267/lpcxpresso/Tools/bin/../lib/gcc/arm-none-eabi/4.6.2/armv6-m/libgcc.a(unwind-arm.o)
                                         0xc0 (size before relaxing)
 .ARM.exidx     0x0000000000003e24       0x38 /Applications/lpcxpresso_4.2.4_267/lpcxpresso/Tools/bin/../lib/gcc/arm-none-eabi/4.6.2/armv6-m/libgcc.a(pr-support.o)
                                         0x48 (size before relaxing)
 .ARM.exidx.text.__cxa_pure_virtual
                0x0000000000003e5c        0x8 /Applications/lpcxpresso_4.2.4_267/lpcxpresso/Tools/bin/../lib/gcc/arm-none-eabi/4.6.2/../../../../arm-none-eabi/lib/armv6-m/libstdc++.a(pure.o)
 .ARM.exidx.text._ZN10__cxxabiv111__terminateEPFvvE
                0x0000000000003e64        0x8 /Applications/lpcxpresso_4.2.4_267/lpcxpresso/Tools/bin/../lib/gcc/arm-none-eabi/4.6.2/../../../../arm-none-eabi/lib/armv6-m/libstdc++.a(eh_terminate.o)
 .ARM.exidx.text._ZSt9terminatev
                0x0000000000003e6c        0x8 /Applications/lpcxpresso_4.2.4_267/lpcxpresso/Tools/bin/../lib/gcc/arm-none-eabi/4.6.2/../../../../arm-none-eabi/lib/armv6-m/libstdc++.a(eh_terminate.o)
 .ARM.exidx.text._ZN10__cxxabiv112__unexpectedEPFvvE
                0x0000000000003e74        0x8 /Applications/lpcxpresso_4.2.4_267/lpcxpresso/Tools/bin/../lib/gcc/arm-none-eabi/4.6.2/../../../../arm-none-eabi/lib/armv6-m/libstdc++.a(eh_terminate.o)
 .ARM.exidx.text._ZSt10unexpectedv
                0x0000000000003e7c        0x8 /Applications/lpcxpresso_4.2.4_267/lpcxpresso/Tools/bin/../lib/gcc/arm-none-eabi/4.6.2/../../../../arm-none-eabi/lib/armv6-m/libstdc++.a(eh_terminate.o)
 .ARM.exidx.text._ZSt13set_terminatePFvvE
                0x0000000000003e84        0x8 /Applications/lpcxpresso_4.2.4_267/lpcxpresso/Tools/bin/../lib/gcc/arm-none-eabi/4.6.2/../../../../arm-none-eabi/lib/armv6-m/libstdc++.a(eh_terminate.o)
 .ARM.exidx.text._ZSt14set_unexpectedPFvvE
                0x0000000000003e8c        0x0 /Applications/lpcxpresso_4.2.4_267/lpcxpresso/Tools/bin/../lib/gcc/arm-none-eabi/4.6.2/../../../../arm-none-eabi/lib/armv6-m/libstdc++.a(eh_terminate.o)
                                          0x8 (size before relaxing)
 .ARM.exidx.text.__cxa_type_match
                0x0000000000003e8c        0x8 /Applications/lpcxpresso_4.2.4_267/lpcxpresso/Tools/bin/../lib/gcc/arm-none-eabi/4.6.2/../../../../arm-none-eabi/lib/armv6-m/libstdc++.a(eh_arm.o)
 .ARM.exidx.text.__cxa_begin_cleanup
                0x0000000000003e94        0x8 /Applications/lpcxpresso_4.2.4_267/lpcxpresso/Tools/bin/../lib/gcc/arm-none-eabi/4.6.2/../../../../arm-none-eabi/lib/armv6-m/libstdc++.a(eh_arm.o)
 .ARM.exidx.text.__gnu_end_cleanup