Archive member included because of file (symbol)

/Users/take/proj/LBED/lbed/CMSISv2p00_LPC13xx/Debug/libCMSISv2p00_LPC13xx.a(system_LPC13xx.o)
                              ./src/cr_startup_lpc13.o (SystemInit)
/Users/take/proj/LBED/lbed/LBED_LPC13xx_USERLIB/Debug/libLBED_LPC13xx_USERLIB.a(LM75B.o)
                              ./src/TestLM75B.o (_ZN5LM75B4readEv)
/Users/take/proj/LBED/lbed/LBED_LPC13xx_USERLIB/Debug/libLBED_LPC13xx_USERLIB.a(TextLCD.o)
                              ./src/TestLM75B.o (_ZN7TextLCD6locateEii)
/Users/take/proj/LBED/lbed/LBED_LPC13xx/Debug/libLBED_LPC13xx.a(BusOut.o)
                              /Users/take/proj/LBED/lbed/LBED_LPC13xx_USERLIB/Debug/libLBED_LPC13xx_USERLIB.a(TextLCD.o) (_ZN6BusOut5writeEi)
/Users/take/proj/LBED/lbed/LBED_LPC13xx/Debug/libLBED_LPC13xx.a(DigitalIn.o)
                              ./src/TestLM75B.o (_ZN9DigitalIn4readEv)
/Users/take/proj/LBED/lbed/LBED_LPC13xx/Debug/libLBED_LPC13xx.a(DigitalOut.o)
                              /Users/take/proj/LBED/lbed/LBED_LPC13xx/Debug/libLBED_LPC13xx.a(BusOut.o) (_ZN10DigitalOut5setupEiPKc)
/Users/take/proj/LBED/lbed/LBED_LPC13xx/Debug/libLBED_LPC13xx.a(I2C.o)
                              /Users/take/proj/LBED/lbed/LBED_LPC13xx_USERLIB/Debug/libLBED_LPC13xx_USERLIB.a(LM75B.o) (_ZN3I2C4readEiPcib)
/Users/take/proj/LBED/lbed/LBED_LPC13xx/Debug/libLBED_LPC13xx.a(Print.o)
                              /Users/take/proj/LBED/lbed/LBED_LPC13xx_USERLIB/Debug/libLBED_LPC13xx_USERLIB.a(TextLCD.o) (_ZN5Print5writeEPKci)
/Users/take/proj/LBED/lbed/LBED_LPC13xx/Debug/libLBED_LPC13xx.a(pure_virtual.o)
                              /Users/take/proj/LBED/lbed/LBED_LPC13xx/Debug/libLBED_LPC13xx.a(Print.o) (__cxa_pure_virtual)
/Users/take/proj/LBED/lbed/LBED_LPC13xx/Debug/libLBED_LPC13xx.a(wait_api.o)
                              ./src/TestLM75B.o (wait_init)
/Users/take/proj/LBED/lbed/LBED_LPC13xx/Debug/libLBED_LPC13xx.a(_i2c.o)
                              /Users/take/proj/LBED/lbed/LBED_LPC13xx/Debug/libLBED_LPC13xx.a(I2C.o) (getI2CMasterBuffer)
/Users/take/proj/LBED/lbed/LBED_LPC13xx/Debug/libLBED_LPC13xx.a(_usbcore.o)
                              ./src/ForSerialCDC_usbhw.o (USB_DeviceStatus)
/Users/take/proj/LBED/lbed/LBED_LPC13xx/Debug/libLBED_LPC13xx.a(_usbuser.o)
                              ./src/ForSerialCDC_usbhw.o (USB_Reset_Event)
/Users/take/proj/LBED/lbed/LBED_LPC13xx/Debug/libLBED_LPC13xx.a(_cdc_usbdesc.o)
                              /Users/take/proj/LBED/lbed/LBED_LPC13xx/Debug/libLBED_LPC13xx.a(_usbcore.o) (USB_StringDescriptor)
/Users/take/proj/LBED/lbed/LBED_LPC13xx/Debug/libLBED_LPC13xx.a(_cdcuser.o)
                              /Users/take/proj/LBED/lbed/LBED_LPC13xx/Debug/libLBED_LPC13xx.a(_usbcore.o) (CDC_SendEncapsulatedCommand)
/Applications/lpcxpresso_6.0.2_151/lpcxpresso/tools/bin/../lib/gcc/arm-none-eabi/4.6.2/armv7-m/libgcc.a(_arm_addsubdf3.o)
                              /Users/take/proj/LBED/lbed/LBED_LPC13xx/Debug/libLBED_LPC13xx.a(Print.o) (__aeabi_dsub)
/Applications/lpcxpresso_6.0.2_151/lpcxpresso/tools/bin/../lib/gcc/arm-none-eabi/4.6.2/armv7-m/libgcc.a(_arm_muldivdf3.o)
                              /Users/take/proj/LBED/lbed/LBED_LPC13xx/Debug/libLBED_LPC13xx.a(Print.o) (__aeabi_dmul)
/Applications/lpcxpresso_6.0.2_151/lpcxpresso/tools/bin/../lib/gcc/arm-none-eabi/4.6.2/armv7-m/libgcc.a(_arm_cmpdf2.o)
                              /Users/take/proj/LBED/lbed/LBED_LPC13xx/Debug/libLBED_LPC13xx.a(Print.o) (__aeabi_dcmplt)
/Applications/lpcxpresso_6.0.2_151/lpcxpresso/tools/bin/../lib/gcc/arm-none-eabi/4.6.2/armv7-m/libgcc.a(_arm_fixdfsi.o)
                              /Users/take/proj/LBED/lbed/LBED_LPC13xx/Debug/libLBED_LPC13xx.a(Print.o) (__aeabi_d2iz)
/Applications/lpcxpresso_6.0.2_151/lpcxpresso/tools/bin/../lib/gcc/arm-none-eabi/4.6.2/armv7-m/libgcc.a(_arm_fixunsdfsi.o)
                              /Users/take/proj/LBED/lbed/LBED_LPC13xx/Debug/libLBED_LPC13xx.a(Print.o) (__aeabi_d2uiz)
/Applications/lpcxpresso_6.0.2_151/lpcxpresso/tools/bin/../lib/gcc/arm-none-eabi/4.6.2/armv7-m/libgcc.a(_arm_truncdfsf2.o)
                              /Users/take/proj/LBED/lbed/LBED_LPC13xx_USERLIB/Debug/libLBED_LPC13xx_USERLIB.a(LM75B.o) (__aeabi_d2f)
/Applications/lpcxpresso_6.0.2_151/lpcxpresso/tools/bin/../lib/gcc/arm-none-eabi/4.6.2/armv7-m/libgcc.a(unwind-arm.o)
                              ./src/cr_startup_lpc13.o (__aeabi_unwind_cpp_pr0)
/Applications/lpcxpresso_6.0.2_151/lpcxpresso/tools/bin/../lib/gcc/arm-none-eabi/4.6.2/armv7-m/libgcc.a(libunwind.o)
                              /Applications/lpcxpresso_6.0.2_151/lpcxpresso/tools/bin/../lib/gcc/arm-none-eabi/4.6.2/armv7-m/libgcc.a(unwind-arm.o) (restore_core_regs)
/Applications/lpcxpresso_6.0.2_151/lpcxpresso/tools/bin/../lib/gcc/arm-none-eabi/4.6.2/armv7-m/libgcc.a(pr-support.o)
[...]
Memory Configuration

Name             Origin             Length             Attributes
MFlash32         0x0000000000000000 0x0000000000008000 xr
RamLoc8          0x0000000010000000 0x0000000000002000 xrw
*default*        0x0000000000000000 0xffffffffffffffff

Linker script and memory map

LOAD ./src/ForSerialCDC_usbhw.o
LOAD ./src/TestLM75B.o
LOAD ./src/cr_cpp_config.o
LOAD ./src/cr_startup_lpc13.o
LOAD /Users/take/proj/LBED/lbed/CMSISv2p00_LPC13xx/Debug/libCMSISv2p00_LPC13xx.a
LOAD /Users/take/proj/LBED/lbed/LBED_LPC13xx_USERLIB/Debug/libLBED_LPC13xx_USERLIB.a
LOAD /Users/take/proj/LBED/lbed/LBED_LPC13xx/Debug/libLBED_LPC13xx.a
START GROUP
LOAD /Applications/lpcxpresso_6.0.2_151/lpcxpresso/tools/bin/../lib/gcc/arm-none-eabi/4.6.2/armv7-m/libgcc.a
LOAD /Applications/lpcxpresso_6.0.2_151/lpcxpresso/tools/bin/../lib/gcc/arm-none-eabi/4.6.2/../../../../arm-none-eabi/lib/armv7-m/libc.a
LOAD /Applications/lpcxpresso_6.0.2_151/lpcxpresso/tools/bin/../lib/gcc/arm-none-eabi/4.6.2/../../../../arm-none-eabi/lib/armv7-m/libstdc++.a
LOAD /Applications/lpcxpresso_6.0.2_151/lpcxpresso/tools/bin/../lib/gcc/arm-none-eabi/4.6.2/../../../../arm-none-eabi/lib/armv7-m/libm.a
LOAD /Applications/lpcxpresso_6.0.2_151/lpcxpresso/tools/bin/../lib/gcc/arm-none-eabi/4.6.2/../../../../arm-none-eabi/lib/armv7-m/libcr_newlib_nohost.a
LOAD /Applications/lpcxpresso_6.0.2_151/lpcxpresso/tools/bin/../lib/gcc/arm-none-eabi/4.6.2/armv7-m/crti.o
LOAD /Applications/lpcxpresso_6.0.2_151/lpcxpresso/tools/bin/../lib/gcc/arm-none-eabi/4.6.2/armv7-m/crtn.o
LOAD /Applications/lpcxpresso_6.0.2_151/lpcxpresso/tools/bin/../lib/gcc/arm-none-eabi/4.6.2/armv7-m/crtbegin.o
LOAD /Applications/lpcxpresso_6.0.2_151/lpcxpresso/tools/bin/../lib/gcc/arm-none-eabi/4.6.2/armv7-m/crtend.o
END GROUP
                0x0000000000008000                __top_MFlash32 = 0x8000
                0x0000000010002000                __top_RamLoc8 = 0x10002000

.text           0x0000000000000000     0x5cd4
 FILL mask 0xff
                0x0000000000000000                __vectors_start__ = ABSOLUTE (.)
 *(.isr_vector)
 .isr_vector    0x0000000000000000      0x128 ./src/cr_startup_lpc13.o
                0x0000000000000000                g_pfnVectors
                0x0000000000000128                . = ALIGN (0x4)
                0x0000000000000128                __section_table_start = .
                0x0000000000000128                __data_section_table = .
                0x0000000000000128        0x4 LONG 0x600c LOADADDR (.data)
                0x000000000000012c        0x4 LONG 0x10000000 ADDR (.data)
                0x0000000000000130        0x4 LONG 0x854 SIZEOF (.data)
                0x0000000000000134                __data_section_table_end = .
                0x0000000000000134                __bss_section_table = .
                0x0000000000000134        0x4 LONG 0x10000858 ADDR (.bss)
                0x0000000000000138        0x4 LONG 0x9dc SIZEOF (.bss)
                0x000000000000013c                __bss_section_table_end = .
                0x000000000000013c                __section_table_end = .
 *(.after_vectors*)
 .after_vectors
                0x000000000000013c       0x7c ./src/cr_startup_lpc13.o
                0x000000000000013c                NMI_Handler
                0x000000000000013e                HardFault_Handler
                0x0000000000000140                MemManage_Handler
                0x0000000000000142                BusFault_Handler
                0x0000000000000144                UsageFault_Handler
                0x0000000000000146                SVC_Handler
                0x0000000000000148                DebugMon_Handler
                0x000000000000014a                PendSV_Handler
                0x000000000000014e                _Z9data_initjjj
                0x0000000000000160                _Z8bss_initjj
                0x0000000000000170                ResetISR
                0x00000000000001b4                PIOINT2_IRQHandler
                0x00000000000001b4                BOD_IRQHandler
                0x00000000000001b4                WAKEUP_IRQHandler
                0x00000000000001b4                PIOINT0_IRQHandler
                0x00000000000001b4                WDT_IRQHandler
                0x00000000000001b4                PIOINT3_IRQHandler
                0x00000000000001b4                TIMER16_0_IRQHandler
                0x00000000000001b4                FMC_IRQHandler
                0x00000000000001b4                UART_IRQHandler
                0x00000000000001b4                TIMER32_0_IRQHandler
                0x00000000000001b4                TIMER32_1_IRQHandler
                0x00000000000001b4                IntDefaultHandler
                0x00000000000001b4                PIOINT1_IRQHandler
                0x00000000000001b4                SSP_IRQHandler
                0x00000000000001b4                TIMER16_1_IRQHandler
                0x00000000000001b4                USB_FIQHandler
                0x00000000000001b4                ADC_IRQHandler
                0x00000000000001b4                SSP1_IRQHandler
 *(.text*)
 .text.delay    0x00000000000001b8       0x2c ./src/ForSerialCDC_usbhw.o
                0x00000000000001b8                delay
 .text.EPAdr    0x00000000000001e4       0x34 ./src/ForSerialCDC_usbhw.o
                0x00000000000001e4                EPAdr
 .text.WrCmd    0x0000000000000218       0x40 ./src/ForSerialCDC_usbhw.o
                0x0000000000000218                WrCmd
 .text.WrCmdDat
                0x0000000000000258       0x20 ./src/ForSerialCDC_usbhw.o
                0x0000000000000258                WrCmdDat
 .text.WrCmdEP  0x0000000000000278       0x30 ./src/ForSerialCDC_usbhw.o
                0x0000000000000278                WrCmdEP
 .text.RdCmdDat
                0x00000000000002a8       0x4c ./src/ForSerialCDC_usbhw.o
                0x00000000000002a8                RdCmdDat
 .text.USB_Reset
                0x00000000000002f4       0x2c ./src/ForSerialCDC_usbhw.o
                0x00000000000002f4                USB_Reset
 .text.USB_Suspend
                0x0000000000000320        0xc ./src/ForSerialCDC_usbhw.o
                0x0000000000000320                USB_Suspend
 .text.USB_Resume
                0x000000000000032c        0xc ./src/ForSerialCDC_usbhw.o
                0x000000000000032c                USB_Resume
 .text.USB_WakeUpCfg
                0x0000000000000338       0x14 ./src/ForSerialCDC_usbhw.o
                0x0000000000000338                USB_WakeUpCfg
 .text.USB_SetAddress
                0x000000000000034c       0x48 ./src/ForSerialCDC_usbhw.o
                0x000000000000034c                USB_SetAddress
 .text.USB_Configure
                0x0000000000000394       0x34 ./src/ForSerialCDC_usbhw.o
                0x0000000000000394                USB_Configure
 .text.USB_ConfigEP
                0x00000000000003c8       0x14 ./src/ForSerialCDC_usbhw.o
                0x00000000000003c8                USB_ConfigEP
 .text.USB_DirCtrlEP
                0x00000000000003dc       0x14 ./src/ForSerialCDC_usbhw.o
                0x00000000000003dc                USB_DirCtrlEP
 .text.USB_EnableEP
                0x00000000000003f0       0x30 ./src/ForSerialCDC_usbhw.o
                0x00000000000003f0                USB_EnableEP
 .text.USB_DisableEP
                0x0000000000000420       0x34 ./src/ForSerialCDC_usbhw.o
                0x0000000000000420                USB_DisableEP
 .text.USB_ResetEP
                0x0000000000000454       0x30 ./src/ForSerialCDC_usbhw.o
                0x0000000000000454                USB_ResetEP
 .text.USB_SetStallEP
                0x0000000000000484       0x34 ./src/ForSerialCDC_usbhw.o
                0x0000000000000484                USB_SetStallEP
 .text.USB_ClrStallEP
                0x00000000000004b8       0x30 ./src/ForSerialCDC_usbhw.o
                0x00000000000004b8                USB_ClrStallEP
 .text.USB_ReadEP
                0x00000000000004e8       0xac ./src/ForSerialCDC_usbhw.o
                0x00000000000004e8                USB_ReadEP
 .text.USB_WriteEP
                0x0000000000000594       0x98 ./src/ForSerialCDC_usbhw.o
                0x0000000000000594                USB_WriteEP
 .text.USB_IRQHandler
                0x000000000000062c      0x180 ./src/ForSerialCDC_usbhw.o
                0x000000000000062c                USB_IRQHandler
 .text.startup.main
                0x00000000000007ac       0xc8 ./src/TestLM75B.o
                0x00000000000007ac                main
 .text._ZdlPv   0x0000000000000874        0x4 ./src/cr_cpp_config.o
                0x0000000000000874                _ZdlPv
 .text._ZN9__gnu_cxx27__verbose_terminate_handlerEv
                0x0000000000000878        0x2 ./src/cr_cpp_config.o
                0x0000000000000878                _ZN9__gnu_cxx27__verbose_terminate_handlerEv
 *fill*         0x000000000000087a        0x2 00
 .text.SystemInit
                0x000000000000087c       0xb4 /Users/take/proj/LBED/lbed/CMSISv2p00_LPC13xx/Debug/libCMSISv2p00_LPC13xx.a(system_LPC13xx.o)
                0x000000000000087c                SystemInit
 .text._ZN5LM75BC2Eii
                0x0000000000000930       0x2a /Users/take/proj/LBED/lbed/LBED_LPC13xx_USERLIB/Debug/libLBED_LPC13xx_USERLIB.a(LM75B.o)
                0x0000000000000930                _ZN5LM75BC2Eii
                0x0000000000000930                _ZN5LM75BC1Eii
 .text._ZN5LM75BD2Ev
                0x000000000000095a        0x2 /Users/take/proj/LBED/lbed/LBED_LPC13xx_USERLIB/Debug/libLBED_LPC13xx_USERLIB.a(LM75B.o)
                0x000000000000095a                _ZN5LM75BD1Ev
                0x000000000000095a                _ZN5LM75BD2Ev
 *fill*         0x000000000000095c        0x4 00
 .text._ZN5LM75B4readEv
                0x0000000000000960       0x58 /Users/take/proj/LBED/lbed/LBED_LPC13xx_USERLIB/Debug/libLBED_LPC13xx_USERLIB.a(LM75B.o)
                0x0000000000000960                _ZN5LM75B4readEv
 .text._ZN7TextLCD5writeEc
                0x00000000000009b8        0xc /Users/take/proj/LBED/lbed/LBED_LPC13xx_USERLIB/Debug/libLBED_LPC13xx_USERLIB.a(TextLCD.o)
                0x00000000000009b8                _ZN7TextLCD5writeEc
 .text._ZN7TextLCD5_getcEv
                0x00000000000009c4        0x6 /Users/take/proj/LBED/lbed/LBED_LPC13xx_USERLIB/Debug/libLBED_LPC13xx_USERLIB.a(TextLCD.o)
                0x00000000000009c4                _ZN7TextLCD5_getcEv
 .text._ZN10DigitalOutaSEi
                0x00000000000009ca       0x1e /Users/take/proj/LBED/lbed/LBED_LPC13xx_USERLIB/Debug/libLBED_LPC13xx_USERLIB.a(TextLCD.o)
                0x00000000000009ca                _ZN10DigitalOutaSEi
 .text._ZN7TextLCD6locateEii
                0x00000000000009e8        0xa /Users/take/proj/LBED/lbed/LBED_LPC13xx_USERLIB/Debug/libLBED_LPC13xx_USERLIB.a(TextLCD.o)
                0x00000000000009e8                _ZN7TextLCD6locateEii
 .text._ZN7TextLCD9writeByteEi
                0x00000000000009f2       0x56 /Users/take/proj/LBED/lbed/LBED_LPC13xx_USERLIB/Debug/libLBED_LPC13xx_USERLIB.a(TextLCD.o)
                0x00000000000009f2                _ZN7TextLCD9writeByteEi
 .text._ZN7TextLCD12writeCommandEi
                0x0000000000000a48       0x1a /Users/take/proj/LBED/lbed/LBED_LPC13xx_USERLIB/Debug/libLBED_LPC13xx_USERLIB.a(TextLCD.o)
                0x0000000000000a48                _ZN7TextLCD12writeCommandEi
 .text._ZN7TextLCD3clsEv
                0x0000000000000a62       0x1e /Users/take/proj/LBED/lbed/LBED_LPC13xx_USERLIB/Debug/libLBED_LPC13xx_USERLIB.a(TextLCD.o)
                0x0000000000000a62                _ZN7TextLCD3clsEv
 .text._ZN7TextLCDC2EiiiiiiNS_7LCDTypeE
                0x0000000000000a80       0xc4 /Users/take/proj/LBED/lbed/LBED_LPC13xx_USERLIB/Debug/libLBED_LPC13xx_USERLIB.a(TextLCD.o)
                0x0000000000000a80                _ZN7TextLCDC1EiiiiiiNS_7LCDTypeE
                0x0000000000000a80                _ZN7TextLCDC2EiiiiiiNS_7LCDTypeE
 .text._ZN7TextLCD9writeDataEi
                0x0000000000000b44       0x1a /Users/take/proj/LBED/lbed/LBED_LPC13xx_USERLIB/Debug/libLBED_LPC13xx_USERLIB.a(TextLCD.o)
                0x0000000000000b44                _ZN7TextLCD9writeDataEi
 .text._ZN7TextLCD7addressEii
                0x0000000000000b5e       0x3e /Users/take/proj/LBED/lbed/LBED_LPC13xx_USERLIB/Debug/libLBED_LPC13xx_USERLIB.a(TextLCD.o)
                0x0000000000000b5e                _ZN7TextLCD7addressEii
 .text._ZN7TextLCD9characterEiii
                0x0000000000000b9c       0x1e /Users/take/proj/LBED/lbed/LBED_LPC13xx_USERLIB/Debug/libLBED_LPC13xx_USERLIB.a(TextLCD.o)
                0x0000000000000b9c                _ZN7TextLCD9characterEiii
 .text._ZN7TextLCD5_putcEi
                0x0000000000000bba       0x70 /Users/take/proj/LBED/lbed/LBED_LPC13xx_USERLIB/Debug/libLBED_LPC13xx_USERLIB.a(TextLCD.o)
                0x0000000000000bba                _ZN7TextLCD5_putcEi
 *fill*         0x0000000000000c2a        0x2 00
 .text._ZN6BusOutC2Eiiiiiiiiiiiiiiii
                0x0000000000000c2c      0x104 /Users/take/proj/LBED/lbed/LBED_LPC13xx/Debug/libLBED_LPC13xx.a(BusOut.o)
                0x0000000000000c2c                _ZN6BusOutC2Eiiiiiiiiiiiiiiii
                0x0000000000000c2c                _ZN6BusOutC1Eiiiiiiiiiiiiiiii
 .text._ZN6BusOut5writeEi
                0x0000000000000d30       0x34 /Users/take/proj/LBED/lbed/LBED_LPC13xx/Debug/libLBED_LPC13xx.a(BusOut.o)
                0x0000000000000d30                _ZN6BusOut5writeEi
 .text._ZN9DigitalInC2Ev
                0x0000000000000d64       0x10 /Users/take/proj/LBED/lbed/LBED_LPC13xx/Debug/libLBED_LPC13xx.a(DigitalIn.o)
                0x0000000000000d64                _ZN9DigitalInC1Ev
                0x0000000000000d64                _ZN9DigitalInC2Ev
 .text._ZN9DigitalIn5setupEiPKc
                0x0000000000000d74      0x300 /Users/take/proj/LBED/lbed/LBED_LPC13xx/Debug/libLBED_LPC13xx.a(DigitalIn.o)
                0x0000000000000d74                _ZN9DigitalIn5setupEiPKc
 .text._ZN9DigitalIn4readEv
                0x0000000000001074       0x1c /Users/take/proj/LBED/lbed/LBED_LPC13xx/Debug/libLBED_LPC13xx.a(DigitalIn.o)
                0x0000000000001074                _ZN9DigitalIn4readEv
 .text._ZN10DigitalOutC2Ev
                0x0000000000001090        0xc /Users/take/proj/LBED/lbed/LBED_LPC13xx/Debug/libLBED_LPC13xx.a(DigitalOut.o)
                0x0000000000001090                _ZN10DigitalOutC1Ev
                0x0000000000001090                _ZN10DigitalOutC2Ev
 .text._ZN10DigitalOut5setupEiPKc
                0x000000000000109c       0x1c /Users/take/proj/LBED/lbed/LBED_LPC13xx/Debug/libLBED_LPC13xx.a(DigitalOut.o)
                0x000000000000109c                _ZN10DigitalOut5setupEiPKc
 .text._ZN10DigitalOutC2EiPKc
                0x00000000000010b8       0x1c /Users/take/proj/LBED/lbed/LBED_LPC13xx/Debug/libLBED_LPC13xx.a(DigitalOut.o)
                0x00000000000010b8                _ZN10DigitalOutC2EiPKc
                0x00000000000010b8                _ZN10DigitalOutC1EiPKc
 .text._ZN3I2CC2EiiPKc
                0x00000000000010d4       0x18 /Users/take/proj/LBED/lbed/LBED_LPC13xx/Debug/libLBED_LPC13xx.a(I2C.o)
                0x00000000000010d4                _ZN3I2CC2EiiPKc
                0x00000000000010d4                _ZN3I2CC1EiiPKc
 .text._ZN3I2C4readEiPcib
                0x00000000000010ec       0x88 /Users/take/proj/LBED/lbed/LBED_LPC13xx/Debug/libLBED_LPC13xx.a(I2C.o)
                0x00000000000010ec                _ZN3I2C4readEiPcib
 .text._ZN3I2C5writeEiPKcib
                0x0000000000001174       0x50 /Users/take/proj/LBED/lbed/LBED_LPC13xx/Debug/libLBED_LPC13xx.a(I2C.o)
                0x0000000000001174                _ZN3I2C5writeEiPKcib
 .text._ZN5Print5writeEPKci
                0x00000000000011c4       0x2c /Users/take/proj/LBED/lbed/LBED_LPC13xx/Debug/libLBED_LPC13xx.a(Print.o)
                0x00000000000011c4                _ZN5Print5writeEPKci
 .text._ZN5Print5printEPKc
                0x00000000000011f0       0x24 /Users/take/proj/LBED/lbed/LBED_LPC13xx/Debug/libLBED_LPC13xx.a(Print.o)
                0x00000000000011f0                _ZN5Print5printEPKc
 .text._ZN5Print5printEc
                0x0000000000001214        0xc /Users/take/proj/LBED/lbed/LBED_LPC13xx/Debug/libLBED_LPC13xx.a(Print.o)
                0x0000000000001214                _ZN5Print5printEc
 .text._ZN5Print11printNumberEmi
                0x0000000000001220       0x5c /Users/take/proj/LBED/lbed/LBED_LPC13xx/Debug/libLBED_LPC13xx.a(Print.o)
                0x0000000000001220                _ZN5Print11printNumberEmi
 .text._ZN5Print5printEli
                0x000000000000127c       0x48 /Users/take/proj/LBED/lbed/LBED_LPC13xx/Debug/libLBED_LPC13xx.a(Print.o)
                0x000000000000127c                _ZN5Print5printEli
 .text._ZN5Print5printEii
                0x00000000000012c4        0x8 /Users/take/proj/LBED/lbed/LBED_LPC13xx/Debug/libLBED_LPC13xx.a(Print.o)
                0x00000000000012c4                _ZN5Print5printEii
 .text._ZN5Print5printEmi
                0x00000000000012cc       0x14 /Users/take/proj/LBED/lbed/LBED_LPC13xx/Debug/libLBED_LPC13xx.a(Print.o)
                0x00000000000012cc                _ZN5Print5printEmi
 .text._ZN5Print10printFloatEdi
                0x00000000000012e0      0x184 /Users/take/proj/LBED/lbed/LBED_LPC13xx/Debug/libLBED_LPC13xx.a(Print.o)
                0x00000000000012e0                _ZN5Print10printFloatEdi
 .text._ZN5Print5printEdi
                0x0000000000001464       0x10 /Users/take/proj/LBED/lbed/LBED_LPC13xx/Debug/libLBED_LPC13xx.a(Print.o)
                0x0000000000001464                _ZN5Print5printEdi
 .text.SysTick_Handler
                0x0000000000001474       0x10 /Users/take/proj/LBED/lbed/LBED_LPC13xx/Debug/libLBED_LPC13xx.a(wait_api.o)
                0x0000000000001474                SysTick_Handler
 .text.wait_init
                0x0000000000001484       0x30 /Users/take/proj/LBED/lbed/LBED_LPC13xx/Debug/libLBED_LPC13xx.a(wait_api.o)
                0x0000000000001484                wait_init
 .text.wait_ms  0x00000000000014b4       0x14 /Users/take/proj/LBED/lbed/LBED_LPC13xx/Debug/libLBED_LPC13xx.a(wait_api.o)
                0x00000000000014b4                wait_ms
 .text.wait_us  0x00000000000014c8       0x14 /Users/take/proj/LBED/lbed/LBED_LPC13xx/Debug/libLBED_LPC13xx.a(wait_api.o)
                0x00000000000014c8                wait_us
 .text.getI2CMasterBuffer
                0x00000000000014dc        0x8 /Users/take/proj/LBED/lbed/LBED_LPC13xx/Debug/libLBED_LPC13xx.a(_i2c.o)
                0x00000000000014dc                getI2CMasterBuffer
 .text.getI2CSlaveBuffer
                0x00000000000014e4        0x8 /Users/take/proj/LBED/lbed/LBED_LPC13xx/Debug/libLBED_LPC13xx.a(_i2c.o)
                0x00000000000014e4                getI2CSlaveBuffer
 .text.I2C_IRQHandler
                0x00000000000014ec      0x168 /Users/take/proj/LBED/lbed/LBED_LPC13xx/Debug/libLBED_LPC13xx.a(_i2c.o)
                0x00000000000014ec                I2C_IRQHandler
 .text.I2CStart
                0x0000000000001654       0x20 /Users/take/proj/LBED/lbed/LBED_LPC13xx/Debug/libLBED_LPC13xx.a(_i2c.o)
                0x0000000000001654                I2CStart
 .text.I2CStop  0x0000000000001674       0x16 /Users/take/proj/LBED/lbed/LBED_LPC13xx/Debug/libLBED_LPC13xx.a(_i2c.o)
                0x0000000000001674                I2CStop
 *fill*         0x000000000000168a        0x2 00
 .text.I2CInit  0x000000000000168c       0x70 /Users/take/proj/LBED/lbed/LBED_LPC13xx/Debug/libLBED_LPC13xx.a(_i2c.o)
                0x000000000000168c                I2CInit
 .text.I2CEngine
                0x00000000000016fc       0x3c /Users/take/proj/LBED/lbed/LBED_LPC13xx/Debug/libLBED_LPC13xx.a(_i2c.o)
                0x00000000000016fc                I2CEngine
 .text.USB_ResetCore
                0x0000000000001738       0x38 /Users/take/proj/LBED/lbed/LBED_LPC13xx/Debug/libLBED_LPC13xx.a(_usbcore.o)
                0x0000000000001738                USB_ResetCore
 .text.USB_SetupStage
                0x0000000000001770        0xc /Users/take/proj/LBED/lbed/LBED_LPC13xx/Debug/libLBED_LPC13xx.a(_usbcore.o)
                0x0000000000001770                USB_SetupStage
 .text.USB_DataInStage
                0x000000000000177c       0x28 /Users/take/proj/LBED/lbed/LBED_LPC13xx/Debug/libLBED_LPC13xx.a(_usbcore.o)
                0x000000000000177c                USB_DataInStage
 .text.USB_DataOutStage
                0x00000000000017a4       0x20 /Users/take/proj/LBED/lbed/LBED_LPC13xx/Debug/libLBED_LPC13xx.a(_usbcore.o)
                0x00000000000017a4                USB_DataOutStage
 .text.USB_StatusInStage
                0x00000000000017c4        0xa /Users/take/proj/LBED/lbed/LBED_LPC13xx/Debug/libLBED_LPC13xx.a(_usbcore.o)
                0x00000000000017c4                USB_StatusInStage
 *fill*         0x00000000000017ce        0x2 00
 .text.USB_StatusOutStage
                0x00000000000017d0        0xc /Users/take/proj/LBED/lbed/LBED_LPC13xx/Debug/libLBED_LPC13xx.a(_usbcore.o)
                0x00000000000017d0                USB_StatusOutStage
 .text.USB_ReqGetStatus
                0x00000000000017dc       0xa8 /Users/take/proj/LBED/lbed/LBED_LPC13xx/Debug/libLBED_LPC13xx.a(_usbcore.o)
                0x00000000000017dc                USB_ReqGetStatus
 .text.USB_ReqSetClrFeature
                0x0000000000001884       0xc0 /Users/take/proj/LBED/lbed/LBED_LPC13xx/Debug/libLBED_LPC13xx.a(_usbcore.o)
                0x0000000000001884                USB_ReqSetClrFeature
 .text.USB_ReqSetAddress
                0x0000000000001944       0x24 /Users/take/proj/LBED/lbed/LBED_LPC13xx/Debug/libLBED_LPC13xx.a(_usbcore.o)
                0x0000000000001944                USB_ReqSetAddress
 .text.USB_ReqGetDescriptor
                0x0000000000001968       0x88 /Users/take/proj/LBED/lbed/LBED_LPC13xx/Debug/libLBED_LPC13xx.a(_usbcore.o)
                0x0000000000001968                USB_ReqGetDescriptor
 .text.USB_ReqGetConfiguration
                0x00000000000019f0       0x24 /Users/take/proj/LBED/lbed/LBED_LPC13xx/Debug/libLBED_LPC13xx.a(_usbcore.o)
                0x00000000000019f0                USB_ReqGetConfiguration
 .text.USB_ReqSetConfiguration
                0x0000000000001a14      0x184 /Users/take/proj/LBED/lbed/LBED_LPC13xx/Debug/libLBED_LPC13xx.a(_usbcore.o)
                0x0000000000001a14                USB_ReqSetConfiguration
 .text.USB_ReqGetInterface
                0x0000000000001b98       0x48 /Users/take/proj/LBED/lbed/LBED_LPC13xx/Debug/libLBED_LPC13xx.a(_usbcore.o)
                0x0000000000001b98                USB_ReqGetInterface
 .text.USB_ReqSetInterface
                0x0000000000001be0      0x138 /Users/take/proj/LBED/lbed/LBED_LPC13xx/Debug/libLBED_LPC13xx.a(_usbcore.o)
                0x0000000000001be0                USB_ReqSetInterface
 .text.USB_EndPoint0
                0x0000000000001d18      0x1f8 /Users/take/proj/LBED/lbed/LBED_LPC13xx/Debug/libLBED_LPC13xx.a(_usbcore.o)
                0x0000000000001d18                USB_EndPoint0
 .text.USB_EndPoint3
                0x0000000000001f10       0x14 /Users/take/proj/LBED/lbed/LBED_LPC13xx/Debug/libLBED_LPC13xx.a(_usbuser.o)
                0x0000000000001f10                USB_EndPoint3
 .text.USB_EndPoint1
                0x0000000000001f24       0x24 /Users/take/proj/LBED/lbed/LBED_LPC13xx/Debug/libLBED_LPC13xx.a(_usbuser.o)
                0x0000000000001f24                USB_EndPoint1
 .text.USB_Reset_Event
                0x0000000000001f48        0x4 /Users/take/proj/LBED/lbed/LBED_LPC13xx/Debug/libLBED_LPC13xx.a(_usbuser.o)
                0x0000000000001f48                USB_Reset_Event
 .text.USB_Suspend_Event
                0x0000000000001f4c        0x2 /Users/take/proj/LBED/lbed/LBED_LPC13xx/Debug/libLBED_LPC13xx.a(_usbuser.o)
                0x0000000000001f4c                USB_Suspend_Event
 .text.USB_Resume_Event
                0x0000000000001f4e        0x2 /Users/take/proj/LBED/lbed/LBED_LPC13xx/Debug/libLBED_LPC13xx.a(_usbuser.o)
                0x0000000000001f4e                USB_Resume_Event
 .text.USB_Configure_Event
                0x0000000000001f50        0x2 /Users/take/proj/LBED/lbed/LBED_LPC13xx/Debug/libLBED_LPC13xx.a(_usbuser.o)
                0x0000000000001f50                USB_Configure_Event
 *fill*         0x0000000000001f52        0x2 00
 .text.CDC_WrOutBuf
                0x0000000000001f54       0x28 /Users/take/proj/LBED/lbed/LBED_LPC13xx/Debug/libLBED_LPC13xx.a(_cdcuser.o)
                0x0000000000001f54                CDC_WrOutBuf
 .text.CDC_SendEncapsulatedCommand
                0x0000000000001f7c        0x4 /Users/take/proj/LBED/lbed/LBED_LPC13xx/Debug/libLBED_LPC13xx.a(_cdcuser.o)
                0x0000000000001f7c                CDC_SendEncapsulatedCommand
 .text.CDC_GetEncapsulatedResponse
                0x0000000000001f80        0x4 /Users/take/proj/LBED/lbed/LBED_LPC13xx/Debug/libLBED_LPC13xx.a(_cdcuser.o)
                0x0000000000001f80                CDC_GetEncapsulatedResponse
 .text.CDC_SetCommFeature
                0x0000000000001f84        0x4 /Users/take/proj/LBED/lbed/LBED_LPC13xx/Debug/libLBED_LPC13xx.a(_cdcuser.o)
                0x0000000000001f84                CDC_SetCommFeature
 .text.CDC_GetCommFeature
                0x0000000000001f88        0x4 /Users/take/proj/LBED/lbed/LBED_LPC13xx/Debug/libLBED_LPC13xx.a(_cdcuser.o)
                0x0000000000001f88                CDC_GetCommFeature
 .text.CDC_ClearCommFeature
                0x0000000000001f8c        0x4 /Users/take/proj/LBED/lbed/LBED_LPC13xx/Debug/libLBED_LPC13xx.a(_cdcuser.o)
                0x0000000000001f8c                CDC_ClearCommFeature
 .text.CDC_SetLineCoding
                0x0000000000001f90       0x34 /Users/take/proj/LBED/lbed/LBED_LPC13xx/Debug/libLBED_LPC13xx.a(_cdcuser.o)
                0x0000000000001f90                CDC_SetLineCoding
 .text.CDC_GetLineCoding
                0x0000000000001fc4       0x2c /Users/take/proj/LBED/lbed/LBED_LPC13xx/Debug/libLBED_LPC13xx.a(_cdcuser.o)
                0x0000000000001fc4                CDC_GetLineCoding
 .text.CDC_SetControlLineState
                0x0000000000001ff0        0x4 /Users/take/proj/LBED/lbed/LBED_LPC13xx/Debug/libLBED_LPC13xx.a(_cdcuser.o)
                0x0000000000001ff0                CDC_SetControlLineState
 .text.CDC_SendBreak
                0x0000000000001ff4        0x4 /Users/take/proj/LBED/lbed/LBED_LPC13xx/Debug/libLBED_LPC13xx.a(_cdcuser.o)
                0x0000000000001ff4                CDC_SendBreak
 .text.CDC_BulkIn
                0x0000000000001ff8        0xc /Users/take/proj/LBED/lbed/LBED_LPC13xx/Debug/libLBED_LPC13xx.a(_cdcuser.o)
                0x0000000000001ff8                CDC_BulkIn
 .text.CDC_BulkOut
                0x0000000000002004       0x20 /Users/take/proj/LBED/lbed/LBED_LPC13xx/Debug/libLBED_LPC13xx.a(_cdcuser.o)
                0x0000000000002004                CDC_BulkOut
 .text.CDC_GetSerialState
                0x0000000000002024       0x10 /Users/take/proj/LBED/lbed/LBED_LPC13xx/Debug/libLBED_LPC13xx.a(_cdcuser.o)
                0x0000000000002024                CDC_GetSerialState
 .text.CDC_NotificationIn
                0x0000000000002034       0x34 /Users/take/proj/LBED/lbed/LBED_LPC13xx/Debug/libLBED_LPC13xx.a(_cdcuser.o)
                0x0000000000002034                CDC_NotificationIn
 .text          0x0000000000002068      0x370 /Applications/lpcxpresso_6.0.2_151/lpcxpresso/tools/bin/../lib/gcc/arm-none-eabi/4.6.2/armv7-m/libgcc.a(_arm_addsubdf3.o)
                0x0000000000002068                __aeabi_drsub
                0x0000000000002070                __subdf3
                0x0000000000002070                __aeabi_dsub
                0x0000000000002074                __aeabi_dadd
                0x0000000000002074                __adddf3
                0x00000000000022ec                __aeabi_ui2d
                0x00000000000022ec                __floatunsidf
                0x000000000000230c                __floatsidf
                0x000000000000230c                __aeabi_i2d
                0x0000000000002330                __extendsfdf2
                0x0000000000002330                __aeabi_f2d
                0x000000000000236c                __aeabi_ul2d
                0x000000000000236c                __floatundidf
                0x000000000000237c                __aeabi_l2d
                0x000000000000237c                __floatdidf
 .text          0x00000000000023d8      0x424 /Applications/lpcxpresso_6.0.2_151/lpcxpresso/tools/bin/../lib/gcc/arm-none-eabi/4.6.2/armv7-m/libgcc.a(_arm_muldivdf3.o)
                0x00000000000023d8                __aeabi_dmul
                0x00000000000023d8                __muldf3
                0x000000000000262c                __aeabi_ddiv
                0x000000000000262c                __divdf3
 .text          0x00000000000027fc      0x110 /Applications/lpcxpresso_6.0.2_151/lpcxpresso/tools/bin/../lib/gcc/arm-none-eabi/4.6.2/armv7-m/libgcc.a(_arm_cmpdf2.o)
                0x00000000000027fc                __gtdf2
                0x00000000000027fc                __gedf2
                0x0000000000002804                __ltdf2
                0x0000000000002804                __ledf2
                0x000000000000280c                __eqdf2
                0x000000000000280c                __nedf2
                0x000000000000280c                __cmpdf2
                0x0000000000002888                __aeabi_cdrcmple
                0x0000000000002898                __aeabi_cdcmple
                0x0000000000002898                __aeabi_cdcmpeq
                0x00000000000028a8                __aeabi_dcmpeq
                0x00000000000028bc                __aeabi_dcmplt
                0x00000000000028d0                __aeabi_dcmple
                0x00000000000028e4                __aeabi_dcmpge
                0x00000000000028f8                __aeabi_dcmpgt
 .text          0x000000000000290c       0x50 /Applications/lpcxpresso_6.0.2_151/lpcxpresso/tools/bin/../lib/gcc/arm-none-eabi/4.6.2/armv7-m/libgcc.a(_arm_fixdfsi.o)
                0x000000000000290c                __fixdfsi
                0x000000000000290c                __aeabi_d2iz
 .text          0x000000000000295c       0x40 /Applications/lpcxpresso_6.0.2_151/lpcxpresso/tools/bin/../lib/gcc/arm-none-eabi/4.6.2/armv7-m/libgcc.a(_arm_fixunsdfsi.o)
                0x000000000000295c                __fixunsdfsi
                0x000000000000295c                __aeabi_d2uiz
 .text          0x000000000000299c       0xa0 /Applications/lpcxpresso_6.0.2_151/lpcxpresso/tools/bin/../lib/gcc/arm-none-eabi/4.6.2/armv7-m/libgcc.a(_arm_truncdfsf2.o)
                0x000000000000299c                __aeabi_d2f
                0x000000000000299c                __truncdfsf2
 .text          0x0000000000002a3c      0xb50 /Applications/lpcxpresso_6.0.2_151/lpcxpresso/tools/bin/../lib/gcc/arm-none-eabi/4.6.2/armv7-m/libgcc.a(unwind-arm.o)
                0x0000000000002ce4                _Unwind_VRS_Get
                0x0000000000002d24                _Unwind_VRS_Set
                0x000000000000307c                __aeabi_unwind_cpp_pr2
                0x0000000000003080                __aeabi_unwind_cpp_pr1
                0x0000000000003084                __aeabi_unwind_cpp_pr0
                0x0000000000003088                _Unwind_VRS_Pop
                0x000000000000343c                _Unwind_GetCFA
                0x0000000000003440                __gnu_Unwind_RaiseException
                0x00000000000034a4                __gnu_Unwind_ForcedUnwind
                0x00000000000034b8                __gnu_Unwind_Resume
                0x00000000000034f4                __gnu_Unwind_Resume_or_Rethrow
                0x0000000000003504                _Unwind_Complete
                0x0000000000003508                _Unwind_DeleteException
                0x0000000000003518                __gnu_Unwind_Backtrace
 .text          0x000000000000358c      0x1ac /Applications/lpcxpresso_6.0.2_151/lpcxpresso/tools/bin/../lib/gcc/arm-none-eabi/4.6.2/armv7-m/libgcc.a(libunwind.o)
                0x000000000000358c                __restore_core_regs
                0x000000000000358c                restore_core_regs
                0x00000000000035a4                __gnu_Unwind_Restore_VFP
                0x00000000000035ac                __gnu_Unwind_Save_VFP
                0x00000000000035b4                __gnu_Unwind_Restore_VFP_D
                0x00000000000035bc                __gnu_Unwind_Save_VFP_D
                0x00000000000035c4                __gnu_Unwind_Restore_VFP_D_16_to_31
                0x00000000000035cc                __gnu_Unwind_Save_VFP_D_16_to_31
                0x00000000000035d4                __gnu_Unwind_Restore_WMMXD
                0x0000000000003618                __gnu_Unwind_Save_WMMXD
                0x000000000000365c                __gnu_Unwind_Restore_WMMXC
                0x0000000000003670                __gnu_Unwind_Save_WMMXC
                0x0000000000003684                _Unwind_RaiseException
                0x0000000000003684                ___Unwind_RaiseException
                0x00000000000036a8                ___Unwind_Resume
                0x00000000000036a8                _Unwind_Resume
                0x00000000000036cc                ___Unwind_Resume_or_Rethrow
                0x00000000000036cc                _Unwind_Resume_or_Rethrow
                0x00000000000036f0                _Unwind_ForcedUnwind
                0x00000000000036f0                ___Unwind_ForcedUnwind
                0x0000000000003714                _Unwind_Backtrace
                0x0000000000003714                ___Unwind_Backtrace
 .text          0x0000000000003738      0x378 /Applications/lpcxpresso_6.0.2_151/lpcxpresso/tools/bin/../lib/gcc/arm-none-eabi/4.6.2/armv7-m/libgcc.a(pr-support.o)
                0x000000000000378c                __gnu_unwind_execute
                0x0000000000003a58                __gnu_unwind_frame
                0x0000000000003a80                _Unwind_GetRegionStart
                0x0000000000003a8c                _Unwind_GetLanguageSpecificData
                0x0000000000003aa0                _Unwind_GetDataRelBase
                0x0000000000003aa8                _Unwind_GetTextRelBase
 .text.abort    0x0000000000003ab0       0x10 /Applications/lpcxpresso_6.0.2_151/lpcxpresso/tools/bin/../lib/gcc/arm-none-eabi/4.6.2/../../../../arm-none-eabi/lib/armv7-m/libc.a(lib_a-abort.o)
                0x0000000000003ab0                abort
 .text.__libc_init_array
                0x0000000000003ac0       0x48 /Applications/lpcxpresso_6.0.2_151/lpcxpresso/tools/bin/../lib/gcc/arm-none-eabi/4.6.2/../../../../arm-none-eabi/lib/armv7-m/libc.a(lib_a-init.o)
                0x0000000000003ac0                __libc_init_array
 .text.malloc   0x0000000000003b08       0x14 /Applications/lpcxpresso_6.0.2_151/lpcxpresso/tools/bin/../lib/gcc/arm-none-eabi/4.6.2/../../../../arm-none-eabi/lib/armv7-m/libc.a(lib_a-malloc.o)
                0x0000000000003b08                malloc
 .text.free     0x0000000000003b1c       0x14 /Applications/lpcxpresso_6.0.2_151/lpcxpresso/tools/bin/../lib/gcc/arm-none-eabi/4.6.2/../../../../arm-none-eabi/lib/armv7-m/libc.a(lib_a-malloc.o)
                0x0000000000003b1c                free
 .text._malloc_r
                0x0000000000003b30      0x528 /Applications/lpcxpresso_6.0.2_151/lpcxpresso/tools/bin/../lib/gcc/arm-none-eabi/4.6.2/../../../../arm-none-eabi/lib/armv7-m/libc.a(lib_a-mallocr.o)
                0x0000000000003b30                _malloc_r
 .text.memcpy   0x0000000000004058       0x84 /Applications/lpcxpresso_6.0.2_151/lpcxpresso/tools/bin/../lib/gcc/arm-none-eabi/4.6.2/../../../../arm-none-eabi/lib/armv7-m/libc.a(lib_a-memcpy.o)
                0x0000000000004058                memcpy
 .text.__malloc_lock
                0x00000000000040dc        0x4 /Applications/lpcxpresso_6.0.2_151/lpcxpresso/tools/bin/../lib/gcc/arm-none-eabi/4.6.2/../../../../arm-none-eabi/lib/armv7-m/libc.a(lib_a-mlock.o)
                0x00000000000040dc                __malloc_lock
 .text.__malloc_unlock
                0x00000000000040e0        0x4 /Applications/lpcxpresso_6.0.2_151/lpcxpresso/tools/bin/../lib/gcc/arm-none-eabi/4.6.2/../../../../arm-none-eabi/lib/armv7-m/libc.a(lib_a-mlock.o)
                0x00000000000040e0                __malloc_unlock
 .text._sbrk_r  0x00000000000040e4       0x24 /Applications/lpcxpresso_6.0.2_151/lpcxpresso/tools/bin/../lib/gcc/arm-none-eabi/4.6.2/../../../../arm-none-eabi/lib/armv7-m/libc.a(lib_a-sbrkr.o)
                0x00000000000040e4                _sbrk_r
 .text._raise_r
                0x0000000000004108       0x58 /Applications/lpcxpresso_6.0.2_151/lpcxpresso/tools/bin/../lib/gcc/arm-none-eabi/4.6.2/../../../../arm-none-eabi/lib/armv7-m/libc.a(lib_a-signal.o)
                0x0000000000004108                _raise_r
 .text.raise    0x0000000000004160       0x14 /Applications/lpcxpresso_6.0.2_151/lpcxpresso/tools/bin/../lib/gcc/arm-none-eabi/4.6.2/../../../../arm-none-eabi/lib/armv7-m/libc.a(lib_a-signal.o)
                0x0000000000004160                raise
 .text._kill_r  0x0000000000004174       0x28 /Applications/lpcxpresso_6.0.2_151/lpcxpresso/tools/bin/../lib/gcc/arm-none-eabi/4.6.2/../../../../arm-none-eabi/lib/armv7-m/libc.a(lib_a-signalr.o)
                0x0000000000004174                _kill_r
 .text._getpid_r
                0x000000000000419c        0x4 /Applications/lpcxpresso_6.0.2_151/lpcxpresso/tools/bin/../lib/gcc/arm-none-eabi/4.6.2/../../../../arm-none-eabi/lib/armv7-m/libc.a(lib_a-signalr.o)
                0x000000000000419c                _getpid_r
 .text.strlen   0x00000000000041a0       0x60 /Applications/lpcxpresso_6.0.2_151/lpcxpresso/tools/bin/../lib/gcc/arm-none-eabi/4.6.2/../../../../arm-none-eabi/lib/armv7-m/libc.a(lib_a-strlen.o)
                0x00000000000041a0                strlen
 .text._malloc_trim_r
                0x0000000000004200       0xa0 /Applications/lpcxpresso_6.0.2_151/lpcxpresso/tools/bin/../lib/gcc/arm-none-eabi/4.6.2/../../../../arm-none-eabi/lib/armv7-m/libc.a(lib_a-freer.o)
                0x0000000000004200                _malloc_trim_r
 .text._free_r  0x00000000000042a0      0x190 /Applications/lpcxpresso_6.0.2_151/lpcxpresso/tools/bin/../lib/gcc/arm-none-eabi/4.6.2/../../../../arm-none-eabi/lib/armv7-m/libc.a(lib_a-freer.o)
                0x00000000000042a0                _free_r
 .text.__cxa_end_cleanup
                0x0000000000004430        0xc /Applications/lpcxpresso_6.0.2_151/lpcxpresso/tools/bin/../lib/gcc/arm-none-eabi/4.6.2/../../../../arm-none-eabi/lib/armv7-m/libstdc++.a(eh_arm.o)
                0x0000000000004430                __cxa_end_cleanup
 .text.__cxa_type_match
                0x000000000000443c       0xec /Applications/lpcxpresso_6.0.2_151/lpcxpresso/tools/bin/../lib/gcc/arm-none-eabi/4.6.2/../../../../arm-none-eabi/lib/armv7-m/libstdc++.a(eh_arm.o)
                0x000000000000443c                __cxa_type_match
 .text.__cxa_begin_cleanup
                0x0000000000004528       0x78 /Applications/lpcxpresso_6.0.2_151/lpcxpresso/tools/bin/../lib/gcc/arm-none-eabi/4.6.2/../../../../arm-none-eabi/lib/armv7-m/libstdc++.a(eh_arm.o)
                0x0000000000004528                __cxa_begin_cleanup
 .text.__gnu_end_cleanup
                0x00000000000045a0       0x7c /Applications/lpcxpresso_6.0.2_151/lpcxpresso/tools/bin/../lib/gcc/arm-none-eabi/4.6.2/../../../../arm-none-eabi/lib/armv7-m/libstdc++.a(eh_arm.o)
                0x00000000000045a0                __gnu_end_cleanup
 .text.__cxa_bad_typeid
                0x000000000000461c       0x24 /Applications/lpcxpresso_6.0.2_151/lpcxpresso/tools/bin/../lib/gcc/arm-none-eabi/4.6.2/../../../../arm-none-eabi/lib/armv7-m/libstdc++.a(eh_aux_runtime.o)
                0x000000000000461c                __cxa_bad_typeid
 .text._ZNSt9exceptionD2Ev
                0x0000000000004640        0xc /Applications/lpcxpresso_6.0.2_151/lpcxpresso/tools/bin/../lib/gcc/arm-none-eabi/4.6.2/../../../../arm-none-eabi/lib/armv7-m/libstdc++.a(eh_exception.o)
                0x0000000000004640                _ZNSt9exceptionD2Ev
                0x0000000000004640                _ZNSt9exceptionD1Ev
 .text._ZNSt13bad_exceptionD2Ev
                0x000000000000464c        0xc /Applications/lpcxpresso_6.0.2_151/lpcxpresso/tools/bin/../lib/gcc/arm-none-eabi/4.6.2/../../../../arm-none-eabi/lib/armv7-m/libstdc++.a(eh_exception.o)
                0x000000000000464c                _ZNSt13bad_exceptionD2Ev
                0x000000000000464c                _ZNSt13bad_exceptionD1Ev
 .text._ZNKSt9exception4whatEv
                0x0000000000004658        0xc /Applications/lpcxpresso_6.0.2_151/lpcxpresso/tools/bin/../lib/gcc/arm-none-eabi/4.6.2/../../../../arm-none-eabi/lib/armv7-m/libstdc++.a(eh_exception.o)
                0x0000000000004658                _ZNKSt9exception4whatEv
 .text._ZNKSt13bad_exception4whatEv
                0x0000000000004664        0xc /Applications/lpcxpresso_6.0.2_151/lpcxpresso/tools/bin/../lib/gcc/arm-none-eabi/4.6.2/../../../../arm-none-eabi/lib/armv7-m/libstdc++.a(eh_exception.o)
                0x0000000000004664                _ZNKSt13bad_exception4whatEv
 .text._ZNSt13bad_exceptionD0Ev
                0x0000000000004670       0x14 /Applications/lpcxpresso_6.0.2_151/lpcxpresso/tools/bin/../lib/gcc/arm-none-eabi/4.6.2/../../../../arm-none-eabi/lib/armv7-m/libstdc++.a(eh_exception.o)
                0x0000000000004670                _ZNSt13bad_exceptionD0Ev
 .text._ZNSt9exceptionD0Ev
                0x0000000000004684       0x14 /Applications/lpcxpresso_6.0.2_151/lpcxpresso/tools/bin/../lib/gcc/arm-none-eabi/4.6.2/../../../../arm-none-eabi/lib/armv7-m/libstdc++.a(eh_exception.o)
                0x0000000000004684                _ZNSt9exceptionD0Ev
 .text.__cxa_get_globals_fast
                0x0000000000004698        0xc /Applications/lpcxpresso_6.0.2_151/lpcxpresso/tools/bin/../lib/gcc/arm-none-eabi/4.6.2/../../../../arm-none-eabi/lib/armv7-m/libstdc++.a(eh_globals.o)
                0x0000000000004698                __cxa_get_globals_fast
 .text.__cxa_get_globals
                0x00000000000046a4        0xc /Applications/lpcxpresso_6.0.2_151/lpcxpresso/tools/bin/../lib/gcc/arm-none-eabi/4.6.2/../../../../arm-none-eabi/lib/armv7-m/libstdc++.a(eh_globals.o)
                0x00000000000046a4                __cxa_get_globals
 .text._ZL12read_sleb128PKhPl
                0x00000000000046b0       0x3c /Applications/lpcxpresso_6.0.2_151/lpcxpresso/tools/bin/../lib/gcc/arm-none-eabi/4.6.2/../../../../arm-none-eabi/lib/armv7-m/libstdc++.a(eh_personality.o)
 .text._ZL28read_encoded_value_with_basehjPKhPj
                0x00000000000046ec       0xa4 /Applications/lpcxpresso_6.0.2_151/lpcxpresso/tools/bin/../lib/gcc/arm-none-eabi/4.6.2/../../../../arm-none-eabi/lib/armv7-m/libstdc++.a(eh_personality.o)
 .text._ZL21base_of_encoded_valuehP15_Unwind_Context
                0x0000000000004790       0x4c /Applications/lpcxpresso_6.0.2_151/lpcxpresso/tools/bin/../lib/gcc/arm-none-eabi/4.6.2/../../../../arm-none-eabi/lib/armv7-m/libstdc++.a(eh_personality.o)
 .text._ZL17parse_lsda_headerP15_Unwind_ContextPKhP16lsda_header_info.constprop.1
                0x00000000000047dc       0x90 /Applications/lpcxpresso_6.0.2_151/lpcxpresso/tools/bin/../lib/gcc/arm-none-eabi/4.6.2/../../../../arm-none-eabi/lib/armv7-m/libstdc++.a(eh_personality.o)
 .text.__gxx_personality_v0
                0x000000000000486c      0x3bc /Applications/lpcxpresso_6.0.2_151/lpcxpresso/tools/bin/../lib/gcc/arm-none-eabi/4.6.2/../../../../arm-none-eabi/lib/armv7-m/libstdc++.a(eh_personality.o)
                0x000000000000486c                __gxx_personality_v0
 .text._ZN10__cxxabiv111__terminateEPFvvE
                0x0000000000004c28       0x28 /Applications/lpcxpresso_6.0.2_151/lpcxpresso/tools/bin/../lib/gcc/arm-none-eabi/4.6.2/../../../../arm-none-eabi/lib/armv7-m/libstdc++.a(eh_terminate.o)
                0x0000000000004c28                _ZN10__cxxabiv111__terminateEPFvvE
 .text._ZSt9terminatev
                0x0000000000004c50       0x10 /Applications/lpcxpresso_6.0.2_151/lpcxpresso/tools/bin/../lib/gcc/arm-none-eabi/4.6.2/../../../../arm-none-eabi/lib/armv7-m/libstdc++.a(eh_terminate.o)
                0x0000000000004c50                _ZSt9terminatev
 .text._ZN10__cxxabiv112__unexpectedEPFvvE
                0x0000000000004c60        0x8 /Applications/lpcxpresso_6.0.2_151/lpcxpresso/tools/bin/../lib/gcc/arm-none-eabi/4.6.2/../../../../arm-none-eabi/lib/armv7-m/libstdc++.a(eh_terminate.o)
                0x0000000000004c60                _ZN10__cxxabiv112__unexpectedEPFvvE
 .text._ZSt10unexpectedv
                0x0000000000004c68       0x14 /Applications/lpcxpresso_6.0.2_151/lpcxpresso/tools/bin/../lib/gcc/arm-none-eabi/4.6.2/../../../../arm-none-eabi/lib/armv7-m/libstdc++.a(eh_terminate.o)
                0x0000000000004c68                _ZSt10unexpectedv
 .text._ZL23__gxx_exception_cleanup19_Unwind_Reason_CodeP21_Unwind_Control_Block
                0x0000000000004c7c       0x4c /Applications/lpcxpresso_6.0.2_151/lpcxpresso/tools/bin/../lib/gcc/arm-none-eabi/4.6.2/../../../../arm-none-eabi/lib/armv7-m/libstdc++.a(eh_throw.o)
 .text.__cxa_throw
                0x0000000000004cc8       0x80 /Applications/lpcxpresso_6.0.2_151/lpcxpresso/tools/bin/../lib/gcc/arm-none-eabi/4.6.2/../../../../arm-none-eabi/lib/armv7-m/libstdc++.a(eh_throw.o)
                0x0000000000004cc8                __cxa_throw
 .text.__cxa_rethrow
                0x0000000000004d48       0x78 /Applications/lpcxpresso_6.0.2_151/lpcxpresso/tools/bin/../lib/gcc/arm-none-eabi/4.6.2/../../../../arm-none-eabi/lib/armv7-m/libstdc++.a(eh_throw.o)
                0x0000000000004d48                __cxa_rethrow
 .text._ZN10__cxxabiv123__fundamental_type_infoD2Ev
                0x0000000000004dc0       0x14 /Applications/lpcxpresso_6.0.2_151/lpcxpresso/tools/bin/../lib/gcc/arm-none-eabi/4.6.2/../../../../arm-none-eabi/lib/armv7-m/libstdc++.a(fundamental_type_info.o)
                0x0000000000004dc0                _ZN10__cxxabiv123__fundamental_type_infoD1Ev
                0x0000000000004dc0                _ZN10__cxxabiv123__fundamental_type_infoD2Ev
 .text._ZN10__cxxabiv123__fundamental_type_infoD0Ev
                0x0000000000004dd4       0x1c /Applications/lpcxpresso_6.0.2_151/lpcxpresso/tools/bin/../lib/gcc/arm-none-eabi/4.6.2/../../../../arm-none-eabi/lib/armv7-m/libstdc++.a(fundamental_type_info.o)
                0x0000000000004dd4                _ZN10__cxxabiv123__fundamental_type_infoD0Ev
 .text._ZNK10__cxxabiv119__pointer_type_info14__is_pointer_pEv
                0x0000000000004df0        0x4 /Applications/lpcxpresso_6.0.2_151/lpcxpresso/tools/bin/../lib/gcc/arm-none-eabi/4.6.2/../../../../arm-none-eabi/lib/armv7-m/libstdc++.a(pointer_type_info.o)
                0x0000000000004df0                _ZNK10__cxxabiv119__pointer_type_info14__is_pointer_pEv
 .text._ZN10__cxxabiv119__pointer_type_infoD2Ev
                0x0000000000004df4       0x14 /Applications/lpcxpresso_6.0.2_151/lpcxpresso/tools/bin/../lib/gcc/arm-none-eabi/4.6.2/../../../../arm-none-eabi/lib/armv7-m/libstdc++.a(pointer_type_info.o)
                0x0000000000004df4                _ZN10__cxxabiv119__pointer_type_infoD1Ev
                0x0000000000004df4                _ZN10__cxxabiv119__pointer_type_infoD2Ev
 .text._ZN10__cxxabiv119__pointer_type_infoD0Ev
                0x0000000000004e08       0x1c /Applications/lpcxpresso_6.0.2_151/lpcxpresso/tools/bin/../lib/gcc/arm-none-eabi/4.6.2/../../../../arm-none-eabi/lib/armv7-m/libstdc++.a(pointer_type_info.o)
                0x0000000000004e08                _ZN10__cxxabiv119__pointer_type_infoD0Ev
 .text._ZNK10__cxxabiv119__pointer_type_info15__pointer_catchEPKNS_17__pbase_type_infoEPPvj
                0x0000000000004e24       0x44 /Applications/lpcxpresso_6.0.2_151/lpcxpresso/tools/bin/../lib/gcc/arm-none-eabi/4.6.2/../../../../arm-none-eabi/lib/armv7-m/libstdc++.a(pointer_type_info.o)
                0x0000000000004e24                _ZNK10__cxxabiv119__pointer_type_info15__pointer_catchEPKNS_17__pbase_type_infoEPPvj
 .text._ZN10__cxxabiv120__si_class_type_infoD2Ev
                0x0000000000004e68       0x14 /Applications/lpcxpresso_6.0.2_151/lpcxpresso/tools/bin/../lib/gcc/arm-none-eabi/4.6.2/../../../../arm-none-eabi/lib/armv7-m/libstdc++.a(si_class_type_info.o)
                0x0000000000004e68                _ZN10__cxxabiv120__si_class_type_infoD2Ev
                0x0000000000004e68                _ZN10__cxxabiv120__si_class_type_infoD1Ev
 .text._ZN10__cxxabiv120__si_class_type_infoD0Ev
                0x0000000000004e7c       0x1c /Applications/lpcxpresso_6.0.2_151/lpcxpresso/tools/bin/../lib/gcc/arm-none-eabi/4.6.2/../../../../arm-none-eabi/lib/armv7-m/libstdc++.a(si_class_type_info.o)
                0x0000000000004e7c                _ZN10__cxxabiv120__si_class_type_infoD0Ev
 .text._ZNK10__cxxabiv120__si_class_type_info11__do_upcastEPKNS_17__class_type_infoEPKvRNS1_15__upcast_resultE
                0x0000000000004e98       0x24 /Applications/lpcxpresso_6.0.2_151/lpcxpresso/tools/bin/../lib/gcc/arm-none-eabi/4.6.2/../../../../arm-none-eabi/lib/armv7-m/libstdc++.a(si_class_type_info.o)
                0x0000000000004e98                _ZNK10__cxxabiv120__si_class_type_info11__do_upcastEPKNS_17__class_type_infoEPKvRNS1_15__upcast_resultE
 .text._ZNK10__cxxabiv120__si_class_type_info12__do_dyncastEiNS_17__class_type_info10__sub_kindEPKS1_PKvS4_S6_RNS1_16__dyncast_resultE
                0x0000000000004ebc       0x94 /Applications/lpcxpresso_6.0.2_151/lpcxpresso/tools/bin/../lib/gcc/arm-none-eabi/4.6.2/../../../../arm-none-eabi/lib/armv7-m/libstdc++.a(si_class_type_info.o)
                0x0000000000004ebc                _ZNK10__cxxabiv120__si_class_type_info12__do_dyncastEiNS_17__class_type_info10__sub_kindEPKS1_PKvS4_S6_RNS1_16__dyncast_resultE
 .text._ZNK10__cxxabiv120__si_class_type_info20__do_find_public_srcEiPKvPKNS_17__class_type_infoES2_
                0x0000000000004f50       0x34 /Applications/lpcxpresso_6.0.2_151/lpcxpresso/tools/bin/../lib/gcc/arm-none-eabi/4.6.2/../../../../arm-none-eabi/lib/armv7-m/libstdc++.a(si_class_type_info.o)
                0x0000000000004f50                _ZNK10__cxxabiv120__si_class_type_info20__do_find_public_srcEiPKvPKNS_17__class_type_infoES2_
 .text._ZNSt9type_infoD2Ev
                0x0000000000004f84        0xc /Applications/lpcxpresso_6.0.2_151/lpcxpresso/tools/bin/../lib/gcc/arm-none-eabi/4.6.2/../../../../arm-none-eabi/lib/armv7-m/libstdc++.a(tinfo.o)
                0x0000000000004f84                _ZNSt9type_infoD1Ev
                0x0000000000004f84                _ZNSt9type_infoD2Ev
 .text._ZNKSt9type_info14__is_pointer_pEv
                0x0000000000004f90        0x4 /Applications/lpcxpresso_6.0.2_151/lpcxpresso/tools/bin/../lib/gcc/arm-none-eabi/4.6.2/../../../../arm-none-eabi/lib/armv7-m/libstdc++.a(tinfo.o)
                0x0000000000004f90                _ZNKSt9type_info14__is_pointer_pEv
 .text._ZNKSt9type_info15__is_function_pEv
                0x0000000000004f94        0x4 /Applications/lpcxpresso_6.0.2_151/lpcxpresso/tools/bin/../lib/gcc/arm-none-eabi/4.6.2/../../../../arm-none-eabi/lib/armv7-m/libstdc++.a(tinfo.o)
                0x0000000000004f94                _ZNKSt9type_info15__is_function_pEv
 .text._ZNKSt9type_info11__do_upcastEPKN10__cxxabiv117__class_type_infoEPPv
                0x0000000000004f98        0x4 /Applications/lpcxpresso_6.0.2_151/lpcxpresso/tools/bin/../lib/gcc/arm-none-eabi/4.6.2/../../../../arm-none-eabi/lib/armv7-m/libstdc++.a(tinfo.o)
                0x0000000000004f98                _ZNKSt9type_info11__do_upcastEPKN10__cxxabiv117__class_type_infoEPPv
 .text._ZNSt9type_infoD0Ev
                0x0000000000004f9c       0x14 /Applications/lpcxpresso_6.0.2_151/lpcxpresso/tools/bin/../lib/gcc/arm-none-eabi/4.6.2/../../../../arm-none-eabi/lib/armv7-m/libstdc++.a(tinfo.o)
                0x0000000000004f9c                _ZNSt9type_infoD0Ev
 .text._ZNKSt9type_infoeqERKS_
                0x0000000000004fb0       0x30 /Applications/lpcxpresso_6.0.2_151/lpcxpresso/tools/bin/../lib/gcc/arm-none-eabi/4.6.2/../../../../arm-none-eabi/lib/armv7-m/libstdc++.a(tinfo.o)
                0x0000000000004fb0                _ZNKSt9type_infoeqERKS_
 .text._ZNKSt9type_info10__do_catchEPKS_PPvj
                0x0000000000004fe0        0x4 /Applications/lpcxpresso_6.0.2_151/lpcxpresso/tools/bin/../lib/gcc/arm-none-eabi/4.6.2/../../../../arm-none-eabi/lib/armv7-m/libstdc++.a(tinfo.o)
                0x0000000000004fe0                _ZNKSt9type_info10__do_catchEPKS_PPvj
 .text._ZNKSt10bad_typeid4whatEv
                0x0000000000004fe4        0xc /Applications/lpcxpresso_6.0.2_151/lpcxpresso/tools/bin/../lib/gcc/arm-none-eabi/4.6.2/../../../../arm-none-eabi/lib/armv7-m/libstdc++.a(bad_typeid.o)
                0x0000000000004fe4                _ZNKSt10bad_typeid4whatEv
 .text._ZNSt10bad_typeidD2Ev
                0x0000000000004ff0       0x14 /Applications/lpcxpresso_6.0.2_151/lpcxpresso/tools/bin/../lib/gcc/arm-none-eabi/4.6.2/../../../../arm-none-eabi/lib/armv7-m/libstdc++.a(bad_typeid.o)
                0x0000000000004ff0                _ZNSt10bad_typeidD1Ev
                0x0000000000004ff0                _ZNSt10bad_typeidD2Ev
 .text._ZNSt10bad_typeidD0Ev
                0x0000000000005004       0x1c /Applications/lpcxpresso_6.0.2_151/lpcxpresso/tools/bin/../lib/gcc/arm-none-eabi/4.6.2/../../../../arm-none-eabi/lib/armv7-m/libstdc++.a(bad_typeid.o)
                0x0000000000005004                _ZNSt10bad_typeidD0Ev
 .text._ZNK10__cxxabiv117__class_type_info11__do_upcastEPKS0_PPv
                0x0000000000005020       0x38 /Applications/lpcxpresso_6.0.2_151/lpcxpresso/tools/bin/../lib/gcc/arm-none-eabi/4.6.2/../../../../arm-none-eabi/lib/armv7-m/libstdc++.a(class_type_info.o)
                0x0000000000005020                _ZNK10__cxxabiv117__class_type_info11__do_upcastEPKS0_PPv
 .text._ZNK10__cxxabiv117__class_type_info20__do_find_public_srcEiPKvPKS0_S2_
                0x0000000000005058        0xc /Applications/lpcxpresso_6.0.2_151/lpcxpresso/tools/bin/../lib/gcc/arm-none-eabi/4.6.2/../../../../arm-none-eabi/lib/armv7-m/libstdc++.a(class_type_info.o)
                0x0000000000005058                _ZNK10__cxxabiv117__class_type_info20__do_find_public_srcEiPKvPKS0_S2_
 .text._ZNK10__cxxabiv117__class_type_info11__do_upcastEPKS0_PKvRNS0_15__upcast_resultE
                0x0000000000005064       0x1c /Applications/lpcxpresso_6.0.2_151/lpcxpresso/tools/bin/../lib/gcc/arm-none-eabi/4.6.2/../../../../arm-none-eabi/lib/armv7-m/libstdc++.a(class_type_info.o)
                0x0000000000005064                _ZNK10__cxxabiv117__class_type_info11__do_upcastEPKS0_PKvRNS0_15__upcast_resultE
 .text._ZN10__cxxabiv117__class_type_infoD2Ev
                0x0000000000005080       0x14 /Applications/lpcxpresso_6.0.2_151/lpcxpresso/tools/bin/../lib/gcc/arm-none-eabi/4.6.2/../../../../arm-none-eabi/lib/armv7-m/libstdc++.a(class_type_info.o)
                0x0000000000005080                _ZN10__cxxabiv117__class_type_infoD1Ev
                0x0000000000005080                _ZN10__cxxabiv117__class_type_infoD2Ev
 .text._ZN10__cxxabiv117__class_type_infoD0Ev
                0x0000000000005094       0x1c /Applications/lpcxpresso_6.0.2_151/lpcxpresso/tools/bin/../lib/gcc/arm-none-eabi/4.6.2/../../../../arm-none-eabi/lib/armv7-m/libstdc++.a(class_type_info.o)
                0x0000000000005094                _ZN10__cxxabiv117__class_type_infoD0Ev
 .text._ZNK10__cxxabiv117__class_type_info12__do_dyncastEiNS0_10__sub_kindEPKS0_PKvS3_S5_RNS0_16__dyncast_resultE
                0x00000000000050b0       0x3c /Applications/lpcxpresso_6.0.2_151/lpcxpresso/tools/bin/../lib/gcc/arm-none-eabi/4.6.2/../../../../arm-none-eabi/lib/armv7-m/libstdc++.a(class_type_info.o)
                0x00000000000050b0                _ZNK10__cxxabiv117__class_type_info12__do_dyncastEiNS0_10__sub_kindEPKS0_PKvS3_S5_RNS0_16__dyncast_resultE
 .text._ZNK10__cxxabiv117__class_type_info10__do_catchEPKSt9type_infoPPvj
                0x00000000000050ec       0x28 /Applications/lpcxpresso_6.0.2_151/lpcxpresso/tools/bin/../lib/gcc/arm-none-eabi/4.6.2/../../../../arm-none-eabi/lib/armv7-m/libstdc++.a(class_type_info.o)
                0x00000000000050ec                _ZNK10__cxxabiv117__class_type_info10__do_catchEPKSt9type_infoPPvj
 .text.__cxa_allocate_exception
                0x0000000000005114       0x74 /Applications/lpcxpresso_6.0.2_151/lpcxpresso/tools/bin/../lib/gcc/arm-none-eabi/4.6.2/../../../../arm-none-eabi/lib/armv7-m/libstdc++.a(eh_alloc.o)
                0x0000000000005114                __cxa_allocate_exception
 .text.__cxa_free_exception
                0x0000000000005188       0x34 /Applications/lpcxpresso_6.0.2_151/lpcxpresso/tools/bin/../lib/gcc/arm-none-eabi/4.6.2/../../../../arm-none-eabi/lib/armv7-m/libstdc++.a(eh_alloc.o)
                0x0000000000005188                __cxa_free_exception
 .text.__cxa_call_terminate
                0x00000000000051bc       0x50 /Applications/lpcxpresso_6.0.2_151/lpcxpresso/tools/bin/../lib/gcc/arm-none-eabi/4.6.2/../../../../arm-none-eabi/lib/armv7-m/libstdc++.a(eh_call.o)
                0x00000000000051bc                __cxa_call_terminate
 .text.__cxa_call_unexpected
                0x000000000000520c      0x120 /Applications/lpcxpresso_6.0.2_151/lpcxpresso/tools/bin/../lib/gcc/arm-none-eabi/4.6.2/../../../../arm-none-eabi/lib/armv7-m/libstdc++.a(eh_call.o)
                0x000000000000520c                __cxa_call_unexpected
 .text.__cxa_begin_catch
                0x000000000000532c       0x98 /Applications/lpcxpresso_6.0.2_151/lpcxpresso/tools/bin/../lib/gcc/arm-none-eabi/4.6.2/../../../../arm-none-eabi/lib/armv7-m/libstdc++.a(eh_catch.o)
                0x000000000000532c                __cxa_begin_catch
 .text.__cxa_end_catch
                0x00000000000053c4       0x98 /Applications/lpcxpresso_6.0.2_151/lpcxpresso/tools/bin/../lib/gcc/arm-none-eabi/4.6.2/../../../../arm-none-eabi/lib/armv7-m/libstdc++.a(eh_catch.o)
                0x00000000000053c4                __cxa_end_catch
 .text._ZNK10__cxxabiv117__pbase_type_info15__pointer_catchEPKS0_PPvj
                0x000000000000545c       0x10 /Applications/lpcxpresso_6.0.2_151/lpcxpresso/tools/bin/../lib/gcc/arm-none-eabi/4.6.2/../../../../arm-none-eabi/lib/armv7-m/libstdc++.a(pbase_type_info.o)
                0x000000000000545c                _ZNK10__cxxabiv117__pbase_type_info15__pointer_catchEPKS0_PPvj
 .text._ZN10__cxxabiv117__pbase_type_infoD2Ev
                0x000000000000546c       0x14 /Applications/lpcxpresso_6.0.2_151/lpcxpresso/tools/bin/../lib/gcc/arm-none-eabi/4.6.2/../../../../arm-none-eabi/lib/armv7-m/libstdc++.a(pbase_type_info.o)
                0x000000000000546c                _ZN10__cxxabiv117__pbase_type_infoD1Ev
                0x000000000000546c                _ZN10__cxxabiv117__pbase_type_infoD2Ev
 .text._ZN10__cxxabiv117__pbase_type_infoD0Ev
                0x0000000000005480       0x1c /Applications/lpcxpresso_6.0.2_151/lpcxpresso/tools/bin/../lib/gcc/arm-none-eabi/4.6.2/../../../../arm-none-eabi/lib/armv7-m/libstdc++.a(pbase_type_info.o)
                0x0000000000005480                _ZN10__cxxabiv117__pbase_type_infoD0Ev
 .text._ZNK10__cxxabiv117__pbase_type_info10__do_catchEPKSt9type_infoPPvj
                0x000000000000549c       0x68 /Applications/lpcxpresso_6.0.2_151/lpcxpresso/tools/bin/../lib/gcc/arm-none-eabi/4.6.2/../../../../arm-none-eabi/lib/armv7-m/libstdc++.a(pbase_type_info.o)
                0x000000000000549c                _ZNK10__cxxabiv117__pbase_type_info10__do_catchEPKSt9type_infoPPvj
 .text._sbrk    0x0000000000005504       0x3c /Applications/lpcxpresso_6.0.2_151/lpcxpresso/tools/bin/../lib/gcc/arm-none-eabi/4.6.2/../../../../arm-none-eabi/lib/armv7-m/libcr_newlib_nohost.a(_cr_sbrk.o)
                0x0000000000005504                _sbrk
 .text._exit    0x0000000000005540        0x2 /Applications/lpcxpresso_6.0.2_151/lpcxpresso/tools/bin/../lib/gcc/arm-none-eabi/4.6.2/../../../../arm-none-eabi/lib/armv7-m/libcr_newlib_nohost.a(_exit.o)
                0x0000000000005540                _exit
 *fill*         0x0000000000005542        0x2 00
 .text._getpid  0x0000000000005544       0x10 /Applications/lpcxpresso_6.0.2_151/lpcxpresso/tools/bin/../lib/gcc/arm-none-eabi/4.6.2/../../../../arm-none-eabi/lib/armv7-m/libcr_newlib_nohost.a(getpid.o)
                0x0000000000005544                _getpid
 .text._kill    0x0000000000005554       0x10 /Applications/lpcxpresso_6.0.2_151/lpcxpresso/tools/bin/../lib/gcc/arm-none-eabi/4.6.2/../../../../arm-none-eabi/lib/armv7-m/libcr_newlib_nohost.a(kill.o)
                0x0000000000005554                _kill
 .text.__check_heap_overflow
                0x0000000000005564       0x2c /Applications/lpcxpresso_6.0.2_151/lpcxpresso/tools/bin/../lib/gcc/arm-none-eabi/4.6.2/../../../../arm-none-eabi/lib/armv7-m/libcr_newlib_nohost.a(_cr_check_heap.o)
                0x0000000000005564                __check_heap_overflow
 .text          0x0000000000005590       0x54 /Applications/lpcxpresso_6.0.2_151/lpcxpresso/tools/bin/../lib/gcc/arm-none-eabi/4.6.2/armv7-m/crtbegin.o
 .text.__errno  0x00000000000055e4        0xc /Applications/lpcxpresso_6.0.2_151/lpcxpresso/tools/bin/../lib/gcc/arm-none-eabi/4.6.2/../../../../arm-none-eabi/lib/armv7-m/libc.a(lib_a-errno.o)
                0x00000000000055e4                __errno
 .text.memset   0x00000000000055f0       0x90 /Applications/lpcxpresso_6.0.2_151/lpcxpresso/tools/bin/../lib/gcc/arm-none-eabi/4.6.2/../../../../arm-none-eabi/lib/armv7-m/libc.a(lib_a-memset.o)
                0x00000000000055f0                memset
 .text.strcmp   0x0000000000005680       0x80 /Applications/lpcxpresso_6.0.2_151/lpcxpresso/tools/bin/../lib/gcc/arm-none-eabi/4.6.2/../../../../arm-none-eabi/lib/armv7-m/libc.a(lib_a-strcmp.o)
                0x0000000000005680                strcmp
 .text.strcmp_unaligned
                0x0000000000005700      0x15c /Applications/lpcxpresso_6.0.2_151/lpcxpresso/tools/bin/../lib/gcc/arm-none-eabi/4.6.2/../../../../arm-none-eabi/lib/armv7-m/libc.a(lib_a-strcmp.o)
 *(.rodata .rodata.*)
 .rodata.str1.1
                0x000000000000585c       0x12 ./src/TestLM75B.o
 *fill*         0x000000000000586e        0x2 00
 .rodata._ZTV7TextLCD
                0x0000000000005870       0x18 /Users/take/proj/LBED/lbed/LBED_LPC13xx_USERLIB/Debug/libLBED_LPC13xx_USERLIB.a(TextLCD.o)
                0x0000000000005870                _ZTV7TextLCD
 .rodata.str1.4
                0x0000000000005888        0x6 /Users/take/proj/LBED/lbed/LBED_LPC13xx/Debug/libLBED_LPC13xx.a(Print.o)
                                          0x8 (size before relaxing)
 *fill*         0x000000000000588e        0x2 00
 .rodata.USB_P_EP
                0x0000000000005890       0x14 /Users/take/proj/LBED/lbed/LBED_LPC13xx/Debug/libLBED_LPC13xx.a(_usbuser.o)
                0x0000000000005890                USB_P_EP
 .rodata.USB_ConfigDescriptor
                0x00000000000058a4       0x44 /Users/take/proj/LBED/lbed/LBED_LPC13xx/Debug/libLBED_LPC13xx.a(_cdc_usbdesc.o)
                0x00000000000058a4                USB_ConfigDescriptor
 .rodata.USB_StringDescriptor
                0x00000000000058e8       0x68 /Users/take/proj/LBED/lbed/LBED_LPC13xx/Debug/libLBED_LPC13xx.a(_cdc_usbdesc.o)
                0x00000000000058e8                USB_StringDescriptor
 .rodata.USB_DeviceDescriptor
                0x0000000000005950       0x12 /Users/take/proj/LBED/lbed/LBED_LPC13xx/Debug/libLBED_LPC13xx.a(_cdc_usbdesc.o)
                0x0000000000005950                USB_DeviceDescriptor
 *fill*         0x0000000000005962        0x2 00
 .rodata.str1.4
                0x0000000000005964        0x2 /Applications/lpcxpresso_6.0.2_151/lpcxpresso/tools/bin/../lib/gcc/arm-none-eabi/4.6.2/../../../../arm-none-eabi/lib/armv7-m/libc.a(lib_a-impure.o)
                                          0x4 (size before relaxing)
 *fill*         0x0000000000005966        0x2 00
 .rodata._ZTVSt9exception
                0x0000000000005968       0x18 /Applications/lpcxpresso_6.0.2_151/lpcxpresso/tools/bin/../lib/gcc/arm-none-eabi/4.6.2/../../../../arm-none-eabi/lib/armv7-m/libstdc++.a(eh_exception.o)
                0x0000000000005968                _ZTVSt9exception
 .rodata._ZTIN10__cxxabiv115__forced_unwindE
                0x0000000000005980        0x8 /Applications/lpcxpresso_6.0.2_151/lpcxpresso/tools/bin/../lib/gcc/arm-none-eabi/4.6.2/../../../../arm-none-eabi/lib/armv7-m/libstdc++.a(eh_exception.o)
                0x0000000000005980                _ZTIN10__cxxabiv115__forced_unwindE
 .rodata._ZTISt9exception
                0x0000000000005988        0x8 /Applications/lpcxpresso_6.0.2_151/lpcxpresso/tools/bin/../lib/gcc/arm-none-eabi/4.6.2/../../../../arm-none-eabi/lib/armv7-m/libstdc++.a(eh_exception.o)
                0x0000000000005988                _ZTISt9exception
 .rodata._ZTSSt13bad_exception
                0x0000000000005990       0x14 /Applications/lpcxpresso_6.0.2_151/lpcxpresso/tools/bin/../lib/gcc/arm-none-eabi/4.6.2/../../../../arm-none-eabi/lib/armv7-m/libstdc++.a(eh_exception.o)
                0x0000000000005990                _ZTSSt13bad_exception
 .rodata.str1.4
                0x00000000000059a4       0x23 /Applications/lpcxpresso_6.0.2_151/lpcxpresso/tools/bin/../lib/gcc/arm-none-eabi/4.6.2/../../../../arm-none-eabi/lib/armv7-m/libstdc++.a(eh_exception.o)
                                         0x24 (size before relaxing)
 *fill*         0x00000000000059c7        0x1 00
 .rodata._ZTSN10__cxxabiv119__foreign_exceptionE
                0x00000000000059c8       0x24 /Applications/lpcxpresso_6.0.2_151/lpcxpresso/tools/bin/../lib/gcc/arm-none-eabi/4.6.2/../../../../arm-none-eabi/lib/armv7-m/libstdc++.a(eh_exception.o)
                0x00000000000059c8                _ZTSN10__cxxabiv119__foreign_exceptionE
 .rodata._ZTIN10__cxxabiv119__foreign_exceptionE
                0x00000000000059ec        0x8 /Applications/lpcxpresso_6.0.2_151/lpcxpresso/tools/bin/../lib/gcc/arm-none-eabi/4.6.2/../../../../arm-none-eabi/lib/armv7-m/libstdc++.a(eh_exception.o)
                0x00000000000059ec                _ZTIN10__cxxabiv119__foreign_exceptionE
 *fill*         0x00000000000059f4        0x4 00
 .rodata._ZTVSt13bad_exception
                0x00000000000059f8       0x18 /Applications/lpcxpresso_6.0.2_151/lpcxpresso/tools/bin/../lib/gcc/arm-none-eabi/4.6.2/../../../../arm-none-eabi/lib/armv7-m/libstdc++.a(eh_exception.o)
                0x00000000000059f8                _ZTVSt13bad_exception
 .rodata._ZTSSt9exception
                0x0000000000005a10       0x10 /Applications/lpcxpresso_6.0.2_151/lpcxpresso/tools/bin/../lib/gcc/arm-none-eabi/4.6.2/../../../../arm-none-eabi/lib/armv7-m/libstdc++.a(eh_exception.o)
                0x0000000000005a10                _ZTSSt9exception
 .rodata._ZTSN10__cxxabiv115__forced_unwindE
                0x0000000000005a20       0x20 /Applications/lpcxpresso_6.0.2_151/lpcxpresso/tools/bin/../lib/gcc/arm-none-eabi/4.6.2/../../../../arm-none-eabi/lib/armv7-m/libstdc++.a(eh_exception.o)
                0x0000000000005a20                _ZTSN10__cxxabiv115__forced_unwindE
 .rodata._ZTISt13bad_exception
                0x0000000000005a40        0xc /Applications/lpcxpresso_6.0.2_151/lpcxpresso/tools/bin/../lib/gcc/arm-none-eabi/4.6.2/../../../../arm-none-eabi/lib/armv7-m/libstdc++.a(eh_exception.o)
                0x0000000000005a40                _ZTISt13bad_exception
 .rodata._ZTIPv
                0x0000000000005a4c       0x10 /Applications/lpcxpresso_6.0.2_151/lpcxpresso/tools/bin/../lib/gcc/arm-none-eabi/4.6.2/../../../../arm-none-eabi/lib/armv7-m/libstdc++.a(fundamental_type_info.o)
                0x0000000000005a4c                _ZTIPv
 .rodata._ZTIv  0x0000000000005a5c        0x8 /Applications/lpcxpresso_6.0.2_151/lpcxpresso/tools/bin/../lib/gcc/arm-none-eabi/4.6.2/../../../../arm-none-eabi/lib/armv7-m/libstdc++.a(fundamental_type_info.o)
                0x0000000000005a5c                _ZTIv
 .rodata._ZTSPv
                0x0000000000005a64        0x4 /Applications/lpcxpresso_6.0.2_151/lpcxpresso/tools/bin/../lib/gcc/arm-none-eabi/4.6.2/../../../../arm-none-eabi/lib/armv7-m/libstdc++.a(fundamental_type_info.o)
                0x0000000000005a64                _ZTSPv
 .rodata._ZTSv  0x0000000000005a68        0x4 /Applications/lpcxpresso_6.0.2_151/lpcxpresso/tools/bin/../lib/gcc/arm-none-eabi/4.6.2/../../../../arm-none-eabi/lib/armv7-m/libstdc++.a(fundamental_type_info.o)
                0x0000000000005a68                _ZTSv
 .rodata._ZTIN10__cxxabiv123__fundamental_type_infoE
                0x0000000000005a6c        0xc /Applications/lpcxpresso_6.0.2_151/lpcxpresso/tools/bin/../lib/gcc/arm-none-eabi/4.6.2/../../../../arm-none-eabi/lib/armv7-m/libstdc++.a(fundamental_type_info.o)
                0x0000000000005a6c                _ZTIN10__cxxabiv123__fundamental_type_infoE
 .rodata._ZTSN10__cxxabiv123__fundamental_type_infoE
                0x0000000000005a78       0x28 /Applications/lpcxpresso_6.0.2_151/lpcxpresso/tools/bin/../lib/gcc/arm-none-eabi/4.6.2/../../../../arm-none-eabi/lib/armv7-m/libstdc++.a(fundamental_type_info.o)
                0x0000000000005a78                _ZTSN10__cxxabiv123__fundamental_type_infoE
 .rodata._ZTVN10__cxxabiv123__fundamental_type_infoE
                0x0000000000005aa0       0x20 /Applications/lpcxpresso_6.0.2_151/lpcxpresso/tools/bin/../lib/gcc/arm-none-eabi/4.6.2/../../../../arm-none-eabi/lib/armv7-m/libstdc++.a(fundamental_type_info.o)
                0x0000000000005aa0                _ZTVN10__cxxabiv123__fundamental_type_infoE
 .rodata._ZTSN10__cxxabiv119__pointer_type_infoE
                0x0000000000005ac0       0x24 /Applications/lpcxpresso_6.0.2_151/lpcxpresso/tools/bin/../lib/gcc/arm-none-eabi/4.6.2/../../../../arm-none-eabi/lib/armv7-m/libstdc++.a(pointer_type_info.o)
                0x0000000000005ac0                _ZTSN10__cxxabiv119__pointer_type_infoE
 .rodata._ZTIN10__cxxabiv119__pointer_type_infoE
                0x0000000000005ae4        0xc /Applications/lpcxpresso_6.0.2_151/lpcxpresso/tools/bin/../lib/gcc/arm-none-eabi/4.6.2/../../../../arm-none-eabi/lib/armv7-m/libstdc++.a(pointer_type_info.o)
                0x0000000000005ae4                _ZTIN10__cxxabiv119__pointer_type_infoE
 .rodata._ZTVN10__cxxabiv119__pointer_type_infoE
                0x0000000000005af0       0x28 /Applications/lpcxpresso_6.0.2_151/lpcxpresso/tools/bin/../lib/gcc/arm-none-eabi/4.6.2/../../../../arm-none-eabi/lib/armv7-m/libstdc++.a(pointer_type_info.o)
                0x0000000000005af0                _ZTVN10__cxxabiv119__pointer_type_infoE
 .rodata._ZTVN10__cxxabiv120__si_class_type_infoE
                0x0000000000005b18       0x30 /Applications/lpcxpresso_6.0.2_151/lpcxpresso/tools/bin/../lib/gcc/arm-none-eabi/4.6.2/../../../../arm-none-eabi/lib/armv7-m/libstdc++.a(si_class_type_info.o)
                0x0000000000005b18                _ZTVN10__cxxabiv120__si_class_type_infoE
 .rodata._ZTIN10__cxxabiv120__si_class_type_infoE
                0x0000000000005b48        0xc /Applications/lpcxpresso_6.0.2_151/lpcxpresso/tools/bin/../lib/gcc/arm-none-eabi/4.6.2/../../../../arm-none-eabi/lib/armv7-m/libstdc++.a(si_class_type_info.o)
                0x0000000000005b48                _ZTIN10__cxxabiv120__si_class_type_infoE
 .rodata._ZTSN10__cxxabiv120__si_class_type_infoE
                0x0000000000005b54       0x28 /Applications/lpcxpresso_6.0.2_151/lpcxpresso/tools/bin/../lib/gcc/arm-none-eabi/4.6.2/../../../../arm-none-eabi/lib/armv7-m/libstdc++.a(si_class_type_info.o)
                0x0000000000005b54                _ZTSN10__cxxabiv120__si_class_type_infoE
 .rodata._ZTISt9type_info
                0x0000000000005b7c        0x8 /Applications/lpcxpresso_6.0.2_151/lpcxpresso/tools/bin/../lib/gcc/arm-none-eabi/4.6.2/../../../../arm-none-eabi/lib/armv7-m/libstdc++.a(tinfo.o)
                0x0000000000005b7c                _ZTISt9type_info
 .rodata._ZTSSt9type_info
                0x0000000000005b84       0x10 /Applications/lpcxpresso_6.0.2_151/lpcxpresso/tools/bin/../lib/gcc/arm-none-eabi/4.6.2/../../../../arm-none-eabi/lib/armv7-m/libstdc++.a(tinfo.o)
                0x0000000000005b84                _ZTSSt9type_info
 *fill*         0x0000000000005b94        0x4 00
 .rodata._ZTVSt9type_info
                0x0000000000005b98       0x20 /Applications/lpcxpresso_6.0.2_151/lpcxpresso/tools/bin/../lib/gcc/arm-none-eabi/4.6.2/../../../../arm-none-eabi/lib/armv7-m/libstdc++.a(tinfo.o)
                0x0000000000005b98                _ZTVSt9type_info
 .rodata._ZTVSt10bad_typeid
                0x0000000000005bb8       0x18 /Applications/lpcxpresso_6.0.2_151/lpcxpresso/tools/bin/../lib/gcc/arm-none-eabi/4.6.2/../../../../arm-none-eabi/lib/armv7-m/libstdc++.a(bad_typeid.o)
                0x0000000000005bb8                _ZTVSt10bad_typeid
 .rodata._ZTISt10bad_typeid
                0x0000000000005bd0        0xc /Applications/lpcxpresso_6.0.2_151/lpcxpresso/tools/bin/../lib/gcc/arm-none-eabi/4.6.2/../../../../arm-none-eabi/lib/armv7-m/libstdc++.a(bad_typeid.o)
                0x0000000000005bd0                _ZTISt10bad_typeid
 .rodata.str1.4
                0x0000000000005bdc       0x10 /Applications/lpcxpresso_6.0.2_151/lpcxpresso/tools/bin/../lib/gcc/arm-none-eabi/4.6.2/../../../../arm-none-eabi/lib/armv7-m/libstdc++.a(bad_typeid.o)
 .rodata._ZTSSt10bad_typeid
                0x0000000000005bec       0x10 /Applications/lpcxpresso_6.0.2_151/lpcxpresso/tools/bin/../lib/gcc/arm-none-eabi/4.6.2/../../../../arm-none-eabi/lib/armv7-m/libstdc++.a(bad_typeid.o)
                0x0000000000005bec                _ZTSSt10bad_typeid
 *fill*         0x0000000000005bfc        0x4 00
 .rodata._ZTVN10__cxxabiv117__class_type_infoE
                0x0000000000005c00       0x30 /Applications/lpcxpresso_6.0.2_151/lpcxpresso/tools/bin/../lib/gcc/arm-none-eabi/4.6.2/../../../../arm-none-eabi/lib/armv7-m/libstdc++.a(class_type_info.o)
                0x0000000000005c00                _ZTVN10__cxxabiv117__class_type_infoE
 .rodata._ZTIN10__cxxabiv117__class_type_infoE
                0x0000000000005c30        0xc /Applications/lpcxpresso_6.0.2_151/lpcxpresso/tools/bin/../lib/gcc/arm-none-eabi/4.6.2/../../../../arm-none-eabi/lib/armv7-m/libstdc++.a(class_type_info.o)
                0x0000000000005c30                _ZTIN10__cxxabiv117__class_type_infoE
 .rodata._ZTSN10__cxxabiv117__class_type_infoE
                0x0000000000005c3c       0x24 /Applications/lpcxpresso_6.0.2_151/lpcxpresso/tools/bin/../lib/gcc/arm-none-eabi/4.6.2/../../../../arm-none-eabi/lib/armv7-m/libstdc++.a(class_type_info.o)
                0x0000000000005c3c                _ZTSN10__cxxabiv117__class_type_infoE
 .rodata._ZTIN10__cxxabiv117__pbase_type_infoE
                0x0000000000005c60        0xc /Applications/lpcxpresso_6.0.2_151/lpcxpresso/tools/bin/../lib/gcc/arm-none-eabi/4.6.2/../../../../arm-none-eabi/lib/armv7-m/libstdc++.a(pbase_type_info.o)
                0x0000000000005c60                _ZTIN10__cxxabiv117__pbase_type_infoE
 .rodata._ZTSN10__cxxabiv117__pbase_type_infoE
                0x0000000000005c6c       0x24 /Applications/lpcxpresso_6.0.2_151/lpcxpresso/tools/bin/../lib/gcc/arm-none-eabi/4.6.2/../../../../arm-none-eabi/lib/armv7-m/libstdc++.a(pbase_type_info.o)
                0x0000000000005c6c                _ZTSN10__cxxabiv117__pbase_type_infoE
 .rodata._ZTVN10__cxxabiv117__pbase_type_infoE
                0x0000000000005c90       0x28 /Applications/lpcxpresso_6.0.2_151/lpcxpresso/tools/bin/../lib/gcc/arm-none-eabi/4.6.2/../../../../arm-none-eabi/lib/armv7-m/libstdc++.a(pbase_type_info.o)
                0x0000000000005c90                _ZTVN10__cxxabiv117__pbase_type_infoE
                0x0000000000005cb8                . = ALIGN (0x4)
                0x0000000000005cb8                . = ALIGN (0x4)
 *(.init)
 .init          0x0000000000005cb8        0x4 /Applications/lpcxpresso_6.0.2_151/lpcxpresso/tools/bin/../lib/gcc/arm-none-eabi/4.6.2/armv7-m/crti.o
                0x0000000000005cb8                _init
 .init          0x0000000000005cbc        0x8 /Applications/lpcxpresso_6.0.2_151/lpcxpresso/tools/bin/../lib/gcc/arm-none-eabi/4.6.2/armv7-m/crtn.o
                0x0000000000005cc4                . = ALIGN (0x4)
                0x0000000000005cc4                __preinit_array_start = .
 *(.preinit_array)
                0x0000000000005cc4                __preinit_array_end = .
                0x0000000000005cc4                . = ALIGN (0x4)
                0x0000000000005cc4                __init_array_start = .
 *(SORT(.init_array.*))
 *(.init_array)
 .init_array    0x0000000000005cc4        0x4 /Applications/lpcxpresso_6.0.2_151/lpcxpresso/tools/bin/../lib/gcc/arm-none-eabi/4.6.2/armv7-m/crtbegin.o
                0x0000000000005cc8                __init_array_end = .
 *(.fini)
 .fini          0x0000000000005cc8        0x4 /Applications/lpcxpresso_6.0.2_151/lpcxpresso/tools/bin/../lib/gcc/arm-none-eabi/4.6.2/armv7-m/crti.o
                0x0000000000005cc8                _fini
 .fini          0x0000000000005ccc        0x8 /Applications/lpcxpresso_6.0.2_151/lpcxpresso/tools/bin/../lib/gcc/arm-none-eabi/4.6.2/armv7-m/crtn.o
                0x0000000000005cd4                . = ALIGN (0x4)
 *crtbegin.o(.ctors)
 *(EXCLUDE_FILE(*crtend.o) .ctors)
 *(SORT(.ctors.*))
 *crtend.o(.ctors)
                0x0000000000005cd4                . = ALIGN (0x4)
 *crtbegin.o(.dtors)
 *(EXCLUDE_FILE(*crtend.o) .dtors)
 *(SORT(.dtors.*))
 *crtend.o(.dtors)

.glue_7         0x0000000000005cd4        0x0
 .glue_7        0x0000000000000000        0x0 linker stubs

.glue_7t        0x0000000000005cd4        0x0
 .glue_7t       0x0000000000000000        0x0 linker stubs

.vfp11_veneer   0x0000000000005cd4        0x0
 .vfp11_veneer  0x0000000000000000        0x0 linker stubs

.v4_bx          0x0000000000005cd4        0x0
 .v4_bx         0x0000000000000000        0x0 linker stubs

.ARM.extab      0x0000000000005cd4      0x110
 *(.ARM.extab* .gnu.linkonce.armextab.*)
 .ARM.extab.text.startup.main
                0x0000000000005cd4       0x1c ./src/TestLM75B.o
 .ARM.extab.text._ZN7TextLCD5writeEc
                0x0000000000005cf0        0xc /Users/take/proj/LBED/lbed/LBED_LPC13xx_USERLIB/Debug/libLBED_LPC13xx_USERLIB.a(TextLCD.o)
 .ARM.extab.text._ZN10DigitalOutaSEi
                0x0000000000005cfc        0x0 /Users/take/proj/LBED/lbed/LBED_LPC13xx_USERLIB/Debug/libLBED_LPC13xx_USERLIB.a(TextLCD.o)
 .ARM.extab.text._ZN5Print5printEc
                0x0000000000005cfc        0xc /Users/take/proj/LBED/lbed/LBED_LPC13xx/Debug/libLBED_LPC13xx.a(Print.o)
 .ARM.extab.text._ZN5Print5printEii
                0x0000000000005d08        0xc /Users/take/proj/LBED/lbed/LBED_LPC13xx/Debug/libLBED_LPC13xx.a(Print.o)
 .ARM.extab.text._ZN5Print5printEmi
                0x0000000000005d14        0xc /Users/take/proj/LBED/lbed/LBED_LPC13xx/Debug/libLBED_LPC13xx.a(Print.o)
 .ARM.extab.text.__cxa_bad_typeid
                0x0000000000005d20        0xc /Applications/lpcxpresso_6.0.2_151/lpcxpresso/tools/bin/../lib/gcc/arm-none-eabi/4.6.2/../../../../arm-none-eabi/lib/armv7-m/libstdc++.a(eh_aux_runtime.o)
 .ARM.extab.text._ZL21base_of_encoded_valuehP15_Unwind_Context
                0x0000000000005d2c        0xc /Applications/lpcxpresso_6.0.2_151/lpcxpresso/tools/bin/../lib/gcc/arm-none-eabi/4.6.2/../../../../arm-none-eabi/lib/armv7-m/libstdc++.a(eh_personality.o)
 .ARM.extab.text.__gxx_personality_v0
                0x0000000000005d38       0x20 /Applications/lpcxpresso_6.0.2_151/lpcxpresso/tools/bin/../lib/gcc/arm-none-eabi/4.6.2/../../../../arm-none-eabi/lib/armv7-m/libstdc++.a(eh_personality.o)
 .ARM.extab.text._ZN10__cxxabiv111__terminateEPFvvE
                0x0000000000005d58       0x2c /Applications/lpcxpresso_6.0.2_151/lpcxpresso/tools/bin/../lib/gcc/arm-none-eabi/4.6.2/../../../../arm-none-eabi/lib/armv7-m/libstdc++.a(eh_terminate.o)
 .ARM.extab.text._ZN10__cxxabiv112__unexpectedEPFvvE
                0x0000000000005d84        0xc /Applications/lpcxpresso_6.0.2_151/lpcxpresso/tools/bin/../lib/gcc/arm-none-eabi/4.6.2/../../../../arm-none-eabi/lib/armv7-m/libstdc++.a(eh_terminate.o)
 .ARM.extab.text._ZSt10unexpectedv
                0x0000000000005d90        0xc /Applications/lpcxpresso_6.0.2_151/lpcxpresso/tools/bin/../lib/gcc/arm-none-eabi/4.6.2/../../../../arm-none-eabi/lib/armv7-m/libstdc++.a(eh_terminate.o)
 .ARM.extab.text.__cxa_call_unexpected
                0x0000000000005d9c       0x28 /Applications/lpcxpresso_6.0.2_151/lpcxpresso/tools/bin/../lib/gcc/arm-none-eabi/4.6.2/../../../../arm-none-eabi/lib/armv7-m/libstdc++.a(eh_call.o)
 .ARM.extab.text.__cxa_begin_catch
                0x0000000000005dc4       0x20 /Applications/lpcxpresso_6.0.2_151/lpcxpresso/tools/bin/../lib/gcc/arm-none-eabi/4.6.2/../../../../arm-none-eabi/lib/armv7-m/libstdc++.a(eh_catch.o)
 .ARM.extab.text._ZNK10__cxxabiv117__pbase_type_info15__pointer_catchEPKS0_PPvj
                0x0000000000005de4        0x0 /Applications/lpcxpresso_6.0.2_151/lpcxpresso/tools/bin/../lib/gcc/arm-none-eabi/4.6.2/../../../../arm-none-eabi/lib/armv7-m/libstdc++.a(pbase_type_info.o)
                0x0000000000005de4                __exidx_start = .

.eh_frame       0x0000000000005de4        0x0
 .eh_frame      0x0000000000005de4        0x0 /Applications/lpcxpresso_6.0.2_151/lpcxpresso/tools/bin/../lib/gcc/arm-none-eabi/4.6.2/armv7-m/crtbegin.o

.ARM.exidx      0x0000000000005de4      0x228
 *(.ARM.exidx* .gnu.linkonce.armexidx.*)
 .ARM.exidx.text.startup.main
                0x0000000000005dfc        0x8 ./src/TestLM75B.o
 .ARM.exidx.text._ZdlPv
                0x0000000000005e04        0x8 ./src/cr_cpp_config.o
 .ARM.exidx.text._ZN9__gnu_cxx27__verbose_terminate_handlerEv
                0x0000000000005e0c        0x0 ./src/cr_cpp_config.o
                                          0x8 (size before relaxing)
 .ARM.exidx.after_vectors
                0x0000000000005de4       0x18 ./src/cr_startup_lpc13.o
                                         0x68 (size before relaxing)
 .ARM.exidx.text._ZN5LM75BC2Eii
                0x0000000000005e0c        0x8 /Users/take/proj/LBED/lbed/LBED_LPC13xx_USERLIB/Debug/libLBED_LPC13xx_USERLIB.a(LM75B.o)
 .ARM.exidx.text._ZN5LM75BD2Ev
                0x0000000000005e14        0x8 /Users/take/proj/LBED/lbed/LBED_LPC13xx_USERLIB/Debug/libLBED_LPC13xx_USERLIB.a(LM75B.o)
 .ARM.exidx.text._ZN5LM75B4readEv
                0x0000000000005e1c        0x8 /Users/take/proj/LBED/lbed/LBED_LPC13xx_USERLIB/Debug/libLBED_LPC13xx_USERLIB.a(LM75B.o)
 .ARM.exidx.text._ZN7TextLCD5writeEc
                0x0000000000005e24        0x8 /Users/take/proj/LBED/lbed/LBED_LPC13xx_USERLIB/Debug/libLBED_LPC13xx_USERLIB.a(TextLCD.o)
 .ARM.exidx.text._ZN7TextLCD5_getcEv
                0x0000000000005e2c        0x8 /Users/take/proj/LBED/lbed/LBED_LPC13xx_USERLIB/Debug/libLBED_LPC13xx_USERLIB.a(TextLCD.o)
 .ARM.exidx.text._ZN10DigitalOutaSEi
                0x0000000000005e34        0x0 /Users/take/proj/LBED/lbed/LBED_LPC13xx_USERLIB/Debug/libLBED_LPC13xx_USERLIB.a(TextLCD.o)
                                          0x8 (size before relaxing)
 .ARM.exidx.text._ZN7TextLCD6locateEii
                0x0000000000005e34        0x0 /Users/take/proj/LBED/lbed/LBED_LPC13xx_USERLIB/Debug/libLBED_LPC13xx_USERLIB.a(TextLCD.o)
                                          0x8 (size before relaxing)
 .ARM.exidx.text._ZN7TextLCD9writeByteEi
                0x0000000000005e34        0x8 /Users/take/proj/LBED/lbed/LBED_LPC13xx_USERLIB/Debug/libLBED_LPC13xx_USERLIB.a(TextLCD.o)
 .ARM.exidx.text._ZN7TextLCD12writeCommandEi
                0x0000000000005e3c        0x8 /Users/take/proj/LBED/lbed/LBED_LPC13xx_USERLIB/Debug/libLBED_LPC13xx_USERLIB.a(TextLCD.o)
 .ARM.exidx.text._ZN7TextLCD3clsEv
                0x0000000000005e44        0x8 /Users/take/proj/LBED/lbed/LBED_LPC13xx_USERLIB/Debug/libLBED_LPC13xx_USERLIB.a(TextLCD.o)
 .ARM.exidx.text._ZN7TextLCDC2EiiiiiiNS_7LCDTypeE
                0x0000000000005e4c        0x8 /Users/take/proj/LBED/lbed/LBED_LPC13xx_USERLIB/Debug/libLBED_LPC13xx_USERLIB.a(TextLCD.o)
 .ARM.exidx.text._ZN7TextLCD9writeDataEi
                0x0000000000005e54        0x8 /Users/take/proj/LBED/lbed/LBED_LPC13xx_USERLIB/Debug/libLBED_LPC13xx_USERLIB.a(TextLCD.o)
 .ARM.exidx.text._ZN7TextLCD7addressEii
                0x0000000000005e5c        0x0 /Users/take/proj/LBED/lbed/LBED_LPC13xx_USERLIB/Debug/libLBED_LPC13xx_USERLIB.a(TextLCD.o)
                                          0x8 (size before relaxing)
 .ARM.exidx.text._ZN7TextLCD9characterEiii
                0x0000000000005e5c        0x8 /Users/take/proj/LBED/lbed/LBED_LPC13xx_USERLIB/Debug/libLBED_LPC13xx_USERLIB.a(TextLCD.o)
 .ARM.exidx.text._ZN7TextLCD5_putcEi
                0x0000000000005e64        0x0 /Users/take/proj/LBED/lbed/LBED_LPC13xx_USERLIB/Debug/libLBED_LPC13xx_USERLIB.a(TextLCD.o)
                                          0x8 (size before relaxing)
 .ARM.exidx.text._ZN6BusOutC2Eiiiiiiiiiiiiiiii
                0x0000000000005e64        0x8 /Users/take/proj/LBED/lbed/LBED_LPC13xx/Debug/libLBED_LPC13xx.a(BusOut.o)
 .ARM.exidx.text._ZN6BusOut5writeEi
                0x0000000000005e6c        0x8 /Users/take/proj/LBED/lbed/LBED_LPC13xx/Debug/libLBED_LPC13xx.a(BusOut.o)
 .ARM.exidx.text._ZN9DigitalInC2Ev
                0x0000000000005e74        0x0 /Users/take/proj/LBED/lbed/LBED_LPC13xx/Debug/libLBED_LPC13xx.a(DigitalIn.o)
                                          0x8 (size before relaxing)
 .ARM.exidx.text._ZN9DigitalIn5setupEiPKc
                0x0000000000005e74        0x0 /Users/take/proj/LBED/lbed/LBED_LPC13xx/Debug/libLBED_LPC13xx.a(DigitalIn.o)
                                          0x8 (size before relaxing)
 .ARM.exidx.text._ZN9DigitalIn4readEv
                0x0000000000005e74        0x0 /Users/take/proj/LBED/lbed/LBED_LPC13xx/Debug/libLBED_LPC13xx.a(DigitalIn.o)
                                          0x8 (size before relaxing)
 .ARM.exidx.text._ZN10DigitalOutC2Ev
                0x0000000000005e74        0x8 /Users/take/proj/LBED/lbed/LBED_LPC13xx/Debug/libLBED_LPC13xx.a(DigitalOut.o)
 .ARM.exidx.text._ZN10DigitalOut5setupEiPKc
                0x0000000000005e7c        0x0 /Users/take/proj/LBED/lbed/LBED_LPC13xx/Debug/libLBED_LPC13xx.a(DigitalOut.o)
                                          0x8 (size before relaxing)
 .ARM.exidx.text._ZN10DigitalOutC2EiPKc
                0x0000000000005e7c        0x8 /Users/take/proj/LBED/lbed/LBED_LPC13xx/Debug/libLBED_LPC13xx.a(DigitalOut.o)
 .ARM.exidx.text._ZN3I2CC2EiiPKc
                0x0000000000005e84        0x8 /Users/take/proj/LBED/lbed/LBED_LPC13xx/Debug/libLBED_LPC13xx.a(I2C.o)
 .ARM.exidx.text._ZN3I2C4readEiPcib
                0x0000000000005e8c        0x8 /Users/take/proj/LBED/lbed/LBED_LPC13xx/Debug/libLBED_LPC13xx.a(I2C.o)
 .ARM.exidx.text._ZN3I2C5writeEiPKcib
                0x0000000000005e94        0x8 /Users/take/proj/LBED/lbed/LBED_LPC13xx/Debug/libLBED_LPC13xx.a(I2C.o)
 .ARM.exidx.text._ZN5Print5writeEPKci
                0x0000000000005e9c        0x8 /Users/take/proj/LBED/lbed/LBED_LPC13xx/Debug/libLBED_LPC13xx.a(Print.o)
 .ARM.exidx.text._ZN5Print5printEPKc
                0x0000000000005ea4        0x8 /Users/take/proj/LBED/lbed/LBED_LPC13xx/Debug/libLBED_LPC13xx.a(Print.o)
 .ARM.exidx.text._ZN5Print5printEc
                0x0000000000005eac        0x8 /Users/take/proj/LBED/lbed/LBED_LPC13xx/Debug/libLBED_LPC13xx.a(Print.o)
 .ARM.exidx.text._ZN5Print11printNumberEmi
                0x0000000000005eb4        0x8 /Users/take/proj/LBED/lbed/LBED_LPC13xx/Debug/libLBED_LPC13xx.a(Print.o)
 .ARM.exidx.text._ZN5Print5printEli
                0x0000000000005ebc        0x8 /Users/take/proj/LBED/lbed/LBED_LPC13xx/Debug/libLBED_LPC13xx.a(Print.o)
 .ARM.exidx.text._ZN5Print5printEii
                0x0000000000005ec4        0x8 /Users/take/proj/LBED/lbed/LBED_LPC13xx/Debug/libLBED_LPC13xx.a(Print.o)
 .ARM.exidx.text._ZN5Print5printEmi
                0x0000000000005ecc        0x8 /Users/take/proj/LBED/lbed/LBED_LPC13xx/Debug/libLBED_LPC13xx.a(Print.o)
 .ARM.exidx.text._ZN5Print10printFloatEdi
                0x0000000000005ed4        0x8 /Users/take/proj/LBED/lbed/LBED_LPC13xx/Debug/libLBED_LPC13xx.a(Print.o)
 .ARM.exidx.text._ZN5Print5printEdi
                0x0000000000005edc       0x10 /Users/take/proj/LBED/lbed/LBED_LPC13xx/Debug/libLBED_LPC13xx.a(Print.o)
                                          0x8 (size before relaxing)
 .ARM.exidx.text.__cxa_type_match
                0x0000000000005eec        0x8 /Applications/lpcxpresso_6.0.2_151/lpcxpresso/tools/bin/../lib/gcc/arm-none-eabi/4.6.2/../../../../arm-none-eabi/lib/armv7-m/libstdc++.a(eh_arm.o)
 .ARM.exidx.text.__cxa_begin_cleanup
                0x0000000000005ef4        0x8 /Applications/lpcxpresso_6.0.2_151/lpcxpresso/tools/bin/../lib/gcc/arm-none-eabi/4.6.2/../../../../arm-none-eabi/lib/armv7-m/libstdc++.a(eh_arm.o)
 .ARM.exidx.text.__gnu_end_cleanup
                0x0000000000005efc        0x0 /Applications/lpcxpresso_6.0.2_151/lpcxpresso/tools/bin/../lib/gcc/arm-none-eabi/4.6.2/../../../../arm-none-eabi/lib/armv7-m/libstdc++.a(eh_arm.o)
                                          0x8 (size before relaxing)
 .ARM.exidx.text.__cxa_bad_typeid
                0x0000000000005efc        0x8 /Applications/lpcxpresso_6.0.2_151/lpcxpresso/tools/bin/../lib/gcc/arm-none-eabi/4.6.2/../../../../arm-none-eabi/lib/armv7-m/libstdc++.a(eh_aux_runtime.o)
 .ARM.exidx.text._ZNSt9exceptionD2Ev
                0x0000000000005f04        0x8 /Applications/lpcxpresso_6.0.2_151/lpcxpresso/tools/bin/../lib/gcc/arm-none-eabi/4.6.2/../../../../arm-none-eabi/lib/armv7-m/libstdc++.a(eh_exception.o)
 .ARM.exidx.text._ZNSt13bad_exceptionD2Ev
                0x0000000000005f0c        0x0 /Applications/lpcxpresso_6.0.2_151/lpcxpresso/tools/bin/../lib/gcc/arm-none-eabi/4.6.2/../../../../arm-none-eabi/lib/armv7-m/libstdc++.a(eh_exception.o)
                                          0x8 (size before relaxing)
 .ARM.exidx.text._ZNKSt9exception4whatEv
                0x0000000000005f0c        0x0 /Applications/lpcxpresso_6.0.2_151/lpcxpresso/tools/bin/../lib/gcc/arm-none-eabi/4.6.2/../../../../arm-none-eabi/lib/armv7-m/libstdc++.a(eh_exception.o)
                                          0x8 (size before relaxing)
 .ARM.exidx.text._ZNKSt13bad_exception4whatEv
                0x0000000000005f0c        0x0 /Applications/lpcxpresso_6.0.2_151/lpcxpresso/tools/bin/../lib/gcc/arm-none-eabi/4.6.2/../../../../arm-none-eabi/lib/armv7-m/libstdc++.a(eh_exception.o)
                                          0x8 (size before relaxing)
 .ARM.exidx.text._ZNSt13bad_exceptionD0Ev
                0x0000000000005f0c        0x0 /Applications/lpcxpresso_6.0.2_151/lpcxpresso/tools/bin/../lib/gcc/arm-none-eabi/4.6.2/../../../../arm-none-eabi/lib/armv7-m/libstdc++.a(eh_exception.o)
                                          0x8 (size before relaxing)
 .ARM.exidx.text._ZNSt9exceptionD0Ev
                0x0000000000005f0c        0x0 /Applications/lpcxpresso_6.0.2_151/lpcxpresso/tools/bin/../lib/gcc/arm-none-eabi/4.6.2/../../../../arm-none-eabi/lib/armv7-m/libstdc++.a(eh_exception.o)
                                          0x8 (size before relaxing)
 .ARM.exidx.text.__cxa_get_globals_fast
                0x0000000000005f0c        0x0 /Applications/lpcxpresso_6.0.2_151/lpcxpresso/tools/bin/../lib/gcc/arm-none-eabi/4.6.2/../../../../arm-none-eabi/lib/armv7-m/libstdc++.a(eh_globals.o)
                                          0x8 (size before relaxing)
 .ARM.exidx.text.__cxa_get_globals
                0x0000000000005f0c        0x0 /Applications/lpcxpresso_6.0.2_151/lpcxpresso/tools/bin/../lib/gcc/arm-none-eabi/4.6.2/../../../../arm-none-eabi/lib/armv7-m/libstdc++.a(eh_globals.o)
                                          0x8 (size before relaxing)
 .ARM.exidx.text._ZL12read_sleb128PKhPl
                0x0000000000005f0c        0x0 /Applications/lpcxpresso_6.0.2_151/lpcxpresso/tools/bin/../lib/gcc/arm-none-eabi/4.6.2/../../../../arm-none-eabi/lib/armv7-m/libstdc++.a(eh_personality.o)
                                          0x8 (size before relaxing)
 .ARM.exidx.text._ZL28read_encoded_value_with_basehjPKhPj
                0x0000000000005f0c        0x8 /Applications/lpcxpresso_6.0.2_151/lpcxpresso/tools/bin/../lib/gcc/arm-none-eabi/4.6.2/../../../../arm-none-eabi/lib/armv7-m/libstdc++.a(eh_personality.o)
 .ARM.exidx.text._ZL21base_of_encoded_valuehP15_Unwind_Context
                0x0000000000005f14        0x8 /Applications/lpcxpresso_6.0.2_151/lpcxpresso/tools/bin/../lib/gcc/arm-none-eabi/4.6.2/../../../../arm-none-eabi/lib/armv7-m/libstdc++.a(eh_personality.o)
 .ARM.exidx.text._ZL17parse_lsda_headerP15_Unwind_ContextPKhP16lsda_header_info.constprop.1
                0x0000000000005f1c        0x8 /Applications/lpcxpresso_6.0.2_151/lpcxpresso/tools/bin/../lib/gcc/arm-none-eabi/4.6.2/../../../../arm-none-eabi/lib/armv7-m/libstdc++.a(eh_personality.o)
 .ARM.exidx.text.__gxx_personality_v0
                0x0000000000005f24        0x8 /Applications/lpcxpresso_6.0.2_151/lpcxpresso/tools/bin/../lib/gcc/arm-none-eabi/4.6.2/../../../../arm-none-eabi/lib/armv7-m/libstdc++.a(eh_personality.o)
 .ARM.exidx.text._ZN10__cxxabiv111__terminateEPFvvE
                0x0000000000005f2c        0x8 /Applications/lpcxpresso_6.0.2_151/lpcxpresso/tools/bin/../lib/gcc/arm-none-eabi/4.6.2/../../../../arm-none-eabi/lib/armv7-m/libstdc++.a(eh_terminate.o)
 .ARM.exidx.text._ZSt9terminatev
                0x0000000000005f34        0x8 /Applications/lpcxpresso_6.0.2_151/lpcxpresso/tools/bin/../lib/gcc/arm-none-eabi/4.6.2/../../../../arm-none-eabi/lib/armv7-m/libstdc++.a(eh_terminate.o)
 .ARM.exidx.text._ZN10__cxxabiv112__unexpectedEPFvvE
                0x0000000000005f3c        0x8 /Applications/lpcxpresso_6.0.2_151/lpcxpresso/tools/bin/../lib/gcc/arm-none-eabi/4.6.2/../../../../arm-none-eabi/lib/armv7-m/libstdc++.a(eh_terminate.o)
 .ARM.exidx.text._ZSt10unexpectedv
                0x0000000000005f44        0x8 /Applications/lpcxpresso_6.0.2_151/lpcxpresso/tools/bin/../lib/gcc/arm-none-eabi/4.6.2/../../../../arm-none-eabi/lib/armv7-m/libstdc++.a(eh_terminate.o)