Archive member included because of file (symbol)

/Users/take/proj/LBED/lbed/CMSISv2p00_LPC13xx/Debug/libCMSISv2p00_LPC13xx.a(system_LPC13xx.o)
                              ./src/cr_startup_lpc13.o (SystemInit)
/Users/take/proj/LBED/lbed/LBED_LPC13xx/Debug/libLBED_LPC13xx.a(DigitalIn.o)
                              ./src/TestLED.o (_ZN9DigitalIn4readEv)
/Users/take/proj/LBED/lbed/LBED_LPC13xx/Debug/libLBED_LPC13xx.a(DigitalOut.o)
                              ./src/TestLED.o (_ZN10DigitalOutC1EiPKc)
/Users/take/proj/LBED/lbed/LBED_LPC13xx/Debug/libLBED_LPC13xx.a(wait_api.o)
                              ./src/TestLED.o (wait_init)
/Users/take/proj/LBED/lbed/LBED_LPC13xx/Debug/libLBED_LPC13xx.a(_usbcore.o)
                              ./src/ForSerialCDC_usbhw.o (USB_DeviceStatus)
/Users/take/proj/LBED/lbed/LBED_LPC13xx/Debug/libLBED_LPC13xx.a(_usbuser.o)
                              ./src/ForSerialCDC_usbhw.o (USB_Reset_Event)
/Users/take/proj/LBED/lbed/LBED_LPC13xx/Debug/libLBED_LPC13xx.a(_cdc_usbdesc.o)
                              /Users/take/proj/LBED/lbed/LBED_LPC13xx/Debug/libLBED_LPC13xx.a(_usbcore.o) (USB_StringDescriptor)
/Users/take/proj/LBED/lbed/LBED_LPC13xx/Debug/libLBED_LPC13xx.a(_cdcuser.o)
                              /Users/take/proj/LBED/lbed/LBED_LPC13xx/Debug/libLBED_LPC13xx.a(_usbcore.o) (CDC_SendEncapsulatedCommand)
/Applications/lpcxpresso_5.2.6_2137/lpcxpresso/tools/bin/../lib/gcc/arm-none-eabi/4.6.2/armv7-m/libgcc.a(unwind-arm.o)
                              ./src/TestLED.o (__aeabi_unwind_cpp_pr0)
/Applications/lpcxpresso_5.2.6_2137/lpcxpresso/tools/bin/../lib/gcc/arm-none-eabi/4.6.2/armv7-m/libgcc.a(libunwind.o)
                              /Applications/lpcxpresso_5.2.6_2137/lpcxpresso/tools/bin/../lib/gcc/arm-none-eabi/4.6.2/armv7-m/libgcc.a(unwind-arm.o) (restore_core_regs)
/Applications/lpcxpresso_5.2.6_2137/lpcxpresso/tools/bin/../lib/gcc/arm-none-eabi/4.6.2/armv7-m/libgcc.a(pr-support.o)
                              /Applications/lpcxpresso_5.2.6_2137/lpcxpresso/tools/bin/../lib/gcc/arm-none-eabi/4.6.2/armv7-m/libgcc.a(unwind-arm.o) (__gnu_unwind_execute)
/Applications/lpcxpresso_5.2.6_2137/lpcxpresso/tools/bin/../lib/gcc/arm-none-eabi/4.6.2/../../../../arm-none-eabi/lib/armv7-m/libc.a(lib_a-abort.o)
                              /Applications/lpcxpresso_5.2.6_2137/lpcxpresso/tools/bin/../lib/gcc/arm-none-eabi/4.6.2/armv7-m/libgcc.a(unwind-arm.o) (abort)
/Applications/lpcxpresso_5.2.6_2137/lpcxpresso/tools/bin/../lib/gcc/arm-none-eabi/4.6.2/../../../../arm-none-eabi/lib/armv7-m/libc.a(lib_a-init.o)
                              ./src/cr_startup_lpc13.o (__libc_init_array)
/Applications/lpcxpresso_5.2.6_2137/lpcxpresso/tools/bin/../lib/gcc/arm-none-eabi/4.6.2/../../../../arm-none-eabi/lib/armv7-m/libc.a(lib_a-malloc.o)
                              ./src/cr_cpp_config.o (malloc)
/Applications/lpcxpresso_5.2.6_2137/lpcxpresso/tools/bin/../lib/gcc/arm-none-eabi/4.6.2/../../../../arm-none-eabi/lib/armv7-m/libc.a(lib_a-mallocr.o)
                              /Applications/lpcxpresso_5.2.6_2137/lpcxpresso/tools/bin/../lib/gcc/arm-none-eabi/4.6.2/../../../../arm-none-eabi/lib/armv7-m/libc.a(lib_a-malloc.o) (_malloc_r)
/Applications/lpcxpresso_5.2.6_2137/lpcxpresso/tools/bin/../lib/gcc/arm-none-eabi/4.6.2/../../../../arm-none-eabi/lib/armv7-m/libc.a(lib_a-memcpy.o)
                              /Applications/lpcxpresso_5.2.6_2137/lpcxpresso/tools/bin/../lib/gcc/arm-none-eabi/4.6.2/armv7-m/libgcc.a(unwind-arm.o) (memcpy)
/Applications/lpcxpresso_5.2.6_2137/lpcxpresso/tools/bin/../lib/gcc/arm-none-eabi/4.6.2/../../../../arm-none-eabi/lib/armv7-m/libc.a(lib_a-mlock.o)
                              /Applications/lpcxpresso_5.2.6_2137/lpcxpresso/tools/bin/../lib/gcc/arm-none-eabi/4.6.2/../../../../arm-none-eabi/lib/armv7-m/libc.a(lib_a-mallocr.o) (__malloc_lock)
/Applications/lpcxpresso_5.2.6_2137/lpcxpresso/tools/bin/../lib/gcc/arm-none-eabi/4.6.2/../../../../arm-none-eabi/lib/armv7-m/libc.a(lib_a-sbrkr.o)
                              /Applications/lpcxpresso_5.2.6_2137/lpcxpresso/tools/bin/../lib/gcc/arm-none-eabi/4.6.2/../../../../arm-none-eabi/lib/armv7-m/libc.a(lib_a-mallocr.o) (_sbrk_r)
/Applications/lpcxpresso_5.2.6_2137/lpcxpresso/tools/bin/../lib/gcc/arm-none-eabi/4.6.2/../../../../arm-none-eabi/lib/armv7-m/libc.a(lib_a-signal.o)
                              /Applications/lpcxpresso_5.2.6_2137/lpcxpresso/tools/bin/../lib/gcc/arm-none-eabi/4.6.2/../../../../arm-none-eabi/lib/armv7-m/libc.a(lib_a-abort.o) (raise)
/Applications/lpcxpresso_5.2.6_2137/lpcxpresso/tools/bin/../lib/gcc/arm-none-eabi/4.6.2/../../../../arm-none-eabi/lib/armv7-m/libc.a(lib_a-signalr.o)
                              /Applications/lpcxpresso_5.2.6_2137/lpcxpresso/tools/bin/../lib/gcc/arm-none-eabi/4.6.2/../../../../arm-none-eabi/lib/armv7-m/libc.a(lib_a-signal.o) (_kill_r)
[...]
Memory Configuration

Name             Origin             Length             Attributes
MFlash32         0x0000000000000000 0x0000000000008000 xr
RamLoc8          0x0000000010000000 0x0000000000002000 xrw
*default*        0x0000000000000000 0xffffffffffffffff

Linker script and memory map

LOAD ./src/ForSerialCDC_usbhw.o
LOAD ./src/TestLED.o
LOAD ./src/cr_cpp_config.o
LOAD ./src/cr_startup_lpc13.o
LOAD /Users/take/proj/LBED/lbed/CMSISv2p00_LPC13xx/Debug/libCMSISv2p00_LPC13xx.a
LOAD /Users/take/proj/LBED/lbed/LBED_LPC13xx_USERLIB/Debug/libLBED_LPC13xx_USERLIB.a
LOAD /Users/take/proj/LBED/lbed/LBED_LPC13xx/Debug/libLBED_LPC13xx.a
START GROUP
LOAD /Applications/lpcxpresso_5.2.6_2137/lpcxpresso/tools/bin/../lib/gcc/arm-none-eabi/4.6.2/armv7-m/libgcc.a
LOAD /Applications/lpcxpresso_5.2.6_2137/lpcxpresso/tools/bin/../lib/gcc/arm-none-eabi/4.6.2/../../../../arm-none-eabi/lib/armv7-m/libc.a
LOAD /Applications/lpcxpresso_5.2.6_2137/lpcxpresso/tools/bin/../lib/gcc/arm-none-eabi/4.6.2/../../../../arm-none-eabi/lib/armv7-m/libstdc++.a
LOAD /Applications/lpcxpresso_5.2.6_2137/lpcxpresso/tools/bin/../lib/gcc/arm-none-eabi/4.6.2/../../../../arm-none-eabi/lib/armv7-m/libm.a
LOAD /Applications/lpcxpresso_5.2.6_2137/lpcxpresso/tools/bin/../lib/gcc/arm-none-eabi/4.6.2/../../../../arm-none-eabi/lib/armv7-m/libcr_newlib_nohost.a
LOAD /Applications/lpcxpresso_5.2.6_2137/lpcxpresso/tools/bin/../lib/gcc/arm-none-eabi/4.6.2/armv7-m/crti.o
LOAD /Applications/lpcxpresso_5.2.6_2137/lpcxpresso/tools/bin/../lib/gcc/arm-none-eabi/4.6.2/armv7-m/crtn.o
LOAD /Applications/lpcxpresso_5.2.6_2137/lpcxpresso/tools/bin/../lib/gcc/arm-none-eabi/4.6.2/armv7-m/crtbegin.o
LOAD /Applications/lpcxpresso_5.2.6_2137/lpcxpresso/tools/bin/../lib/gcc/arm-none-eabi/4.6.2/armv7-m/crtend.o
END GROUP
                0x0000000000008000                __top_MFlash32 = 0x8000
                0x0000000010002000                __top_RamLoc8 = 0x10002000

.text           0x0000000000000000     0x28dc
 FILL mask 0xff
                0x0000000000000000                __vectors_start__ = ABSOLUTE (.)
 *(.isr_vector)
 .isr_vector    0x0000000000000000      0x128 ./src/cr_startup_lpc13.o
                0x0000000000000000                g_pfnVectors
                0x0000000000000128                . = ALIGN (0x4)
                0x0000000000000128                __section_table_start = .
                0x0000000000000128                __data_section_table = .
                0x0000000000000128        0x4 LONG 0x291c LOADADDR (.data)
                0x000000000000012c        0x4 LONG 0x10000000 ADDR (.data)
                0x0000000000000130        0x4 LONG 0x43c SIZEOF (.data)
                0x0000000000000134                __data_section_table_end = .
                0x0000000000000134                __bss_section_table = .
                0x0000000000000134        0x4 LONG 0x1000043c ADDR (.bss)
                0x0000000000000138        0x4 LONG 0x168 SIZEOF (.bss)
                0x000000000000013c                __bss_section_table_end = .
                0x000000000000013c                __section_table_end = .
 *(.after_vectors*)
 .after_vectors
                0x000000000000013c       0x7c ./src/cr_startup_lpc13.o
                0x000000000000013c                NMI_Handler
                0x000000000000013e                HardFault_Handler
                0x0000000000000140                MemManage_Handler
                0x0000000000000142                BusFault_Handler
                0x0000000000000144                UsageFault_Handler
                0x0000000000000146                SVC_Handler
                0x0000000000000148                DebugMon_Handler
                0x000000000000014a                PendSV_Handler
                0x000000000000014e                _Z9data_initjjj
                0x0000000000000160                _Z8bss_initjj
                0x0000000000000170                ResetISR
                0x00000000000001b4                PIOINT2_IRQHandler
                0x00000000000001b4                BOD_IRQHandler
                0x00000000000001b4                WAKEUP_IRQHandler
                0x00000000000001b4                PIOINT0_IRQHandler
                0x00000000000001b4                I2C_IRQHandler
                0x00000000000001b4                WDT_IRQHandler
                0x00000000000001b4                PIOINT3_IRQHandler
                0x00000000000001b4                TIMER16_0_IRQHandler
                0x00000000000001b4                FMC_IRQHandler
                0x00000000000001b4                UART_IRQHandler
                0x00000000000001b4                TIMER32_0_IRQHandler
                0x00000000000001b4                TIMER32_1_IRQHandler
                0x00000000000001b4                IntDefaultHandler
                0x00000000000001b4                PIOINT1_IRQHandler
                0x00000000000001b4                SSP_IRQHandler
                0x00000000000001b4                TIMER16_1_IRQHandler
                0x00000000000001b4                USB_FIQHandler
                0x00000000000001b4                ADC_IRQHandler
                0x00000000000001b4                SSP1_IRQHandler
 *(.text*)
 .text.delay    0x00000000000001b8       0x2c ./src/ForSerialCDC_usbhw.o
                0x00000000000001b8                delay
 .text.EPAdr    0x00000000000001e4       0x34 ./src/ForSerialCDC_usbhw.o
                0x00000000000001e4                EPAdr
 .text.WrCmd    0x0000000000000218       0x40 ./src/ForSerialCDC_usbhw.o
                0x0000000000000218                WrCmd
 .text.WrCmdDat
                0x0000000000000258       0x20 ./src/ForSerialCDC_usbhw.o
                0x0000000000000258                WrCmdDat
 .text.WrCmdEP  0x0000000000000278       0x30 ./src/ForSerialCDC_usbhw.o
                0x0000000000000278                WrCmdEP
 .text.RdCmdDat
                0x00000000000002a8       0x4c ./src/ForSerialCDC_usbhw.o
                0x00000000000002a8                RdCmdDat
 .text.USB_Reset
                0x00000000000002f4       0x2c ./src/ForSerialCDC_usbhw.o
                0x00000000000002f4                USB_Reset
 .text.USB_Suspend
                0x0000000000000320        0xc ./src/ForSerialCDC_usbhw.o
                0x0000000000000320                USB_Suspend
 .text.USB_Resume
                0x000000000000032c        0xc ./src/ForSerialCDC_usbhw.o
                0x000000000000032c                USB_Resume
 .text.USB_WakeUpCfg
                0x0000000000000338       0x14 ./src/ForSerialCDC_usbhw.o
                0x0000000000000338                USB_WakeUpCfg
 .text.USB_SetAddress
                0x000000000000034c       0x48 ./src/ForSerialCDC_usbhw.o
                0x000000000000034c                USB_SetAddress
 .text.USB_Configure
                0x0000000000000394       0x34 ./src/ForSerialCDC_usbhw.o
                0x0000000000000394                USB_Configure
 .text.USB_ConfigEP
                0x00000000000003c8       0x14 ./src/ForSerialCDC_usbhw.o
                0x00000000000003c8                USB_ConfigEP
 .text.USB_DirCtrlEP
                0x00000000000003dc       0x14 ./src/ForSerialCDC_usbhw.o
                0x00000000000003dc                USB_DirCtrlEP
 .text.USB_EnableEP
                0x00000000000003f0       0x30 ./src/ForSerialCDC_usbhw.o
                0x00000000000003f0                USB_EnableEP
 .text.USB_DisableEP
                0x0000000000000420       0x34 ./src/ForSerialCDC_usbhw.o
                0x0000000000000420                USB_DisableEP
 .text.USB_ResetEP
                0x0000000000000454       0x30 ./src/ForSerialCDC_usbhw.o
                0x0000000000000454                USB_ResetEP
 .text.USB_SetStallEP
                0x0000000000000484       0x34 ./src/ForSerialCDC_usbhw.o
                0x0000000000000484                USB_SetStallEP
 .text.USB_ClrStallEP
                0x00000000000004b8       0x30 ./src/ForSerialCDC_usbhw.o
                0x00000000000004b8                USB_ClrStallEP
 .text.USB_ReadEP
                0x00000000000004e8       0xac ./src/ForSerialCDC_usbhw.o
                0x00000000000004e8                USB_ReadEP
 .text.USB_WriteEP
                0x0000000000000594       0x98 ./src/ForSerialCDC_usbhw.o
                0x0000000000000594                USB_WriteEP
 .text.USB_IRQHandler
                0x000000000000062c      0x180 ./src/ForSerialCDC_usbhw.o
                0x000000000000062c                USB_IRQHandler
 .text.startup.main
                0x00000000000007ac       0x40 ./src/TestLED.o
                0x00000000000007ac                main
 .text.SystemInit
                0x00000000000007ec       0xb4 /Users/take/proj/LBED/lbed/CMSISv2p00_LPC13xx/Debug/libCMSISv2p00_LPC13xx.a(system_LPC13xx.o)
                0x00000000000007ec                SystemInit
 .text._ZN9DigitalInC2Ev
                0x00000000000008a0       0x10 /Users/take/proj/LBED/lbed/LBED_LPC13xx/Debug/libLBED_LPC13xx.a(DigitalIn.o)
                0x00000000000008a0                _ZN9DigitalInC1Ev
                0x00000000000008a0                _ZN9DigitalInC2Ev
 .text._ZN9DigitalIn5setupEiPKc
                0x00000000000008b0      0x300 /Users/take/proj/LBED/lbed/LBED_LPC13xx/Debug/libLBED_LPC13xx.a(DigitalIn.o)
                0x00000000000008b0                _ZN9DigitalIn5setupEiPKc
 .text._ZN9DigitalIn4readEv
                0x0000000000000bb0       0x1c /Users/take/proj/LBED/lbed/LBED_LPC13xx/Debug/libLBED_LPC13xx.a(DigitalIn.o)
                0x0000000000000bb0                _ZN9DigitalIn4readEv
 .text._ZN10DigitalOut5setupEiPKc
                0x0000000000000bcc       0x1c /Users/take/proj/LBED/lbed/LBED_LPC13xx/Debug/libLBED_LPC13xx.a(DigitalOut.o)
                0x0000000000000bcc                _ZN10DigitalOut5setupEiPKc
 .text._ZN10DigitalOutC2EiPKc
                0x0000000000000be8       0x1c /Users/take/proj/LBED/lbed/LBED_LPC13xx/Debug/libLBED_LPC13xx.a(DigitalOut.o)
                0x0000000000000be8                _ZN10DigitalOutC2EiPKc
                0x0000000000000be8                _ZN10DigitalOutC1EiPKc
 .text.SysTick_Handler
                0x0000000000000c04       0x10 /Users/take/proj/LBED/lbed/LBED_LPC13xx/Debug/libLBED_LPC13xx.a(wait_api.o)
                0x0000000000000c04                SysTick_Handler
 .text.wait_init
                0x0000000000000c14       0x30 /Users/take/proj/LBED/lbed/LBED_LPC13xx/Debug/libLBED_LPC13xx.a(wait_api.o)
                0x0000000000000c14                wait_init
 .text.wait_ms  0x0000000000000c44       0x14 /Users/take/proj/LBED/lbed/LBED_LPC13xx/Debug/libLBED_LPC13xx.a(wait_api.o)
                0x0000000000000c44                wait_ms
 .text.USB_ResetCore
                0x0000000000000c58       0x38 /Users/take/proj/LBED/lbed/LBED_LPC13xx/Debug/libLBED_LPC13xx.a(_usbcore.o)
                0x0000000000000c58                USB_ResetCore
 .text.USB_SetupStage
                0x0000000000000c90        0xc /Users/take/proj/LBED/lbed/LBED_LPC13xx/Debug/libLBED_LPC13xx.a(_usbcore.o)
                0x0000000000000c90                USB_SetupStage
 .text.USB_DataInStage
                0x0000000000000c9c       0x28 /Users/take/proj/LBED/lbed/LBED_LPC13xx/Debug/libLBED_LPC13xx.a(_usbcore.o)
                0x0000000000000c9c                USB_DataInStage
 .text.USB_DataOutStage
                0x0000000000000cc4       0x20 /Users/take/proj/LBED/lbed/LBED_LPC13xx/Debug/libLBED_LPC13xx.a(_usbcore.o)
                0x0000000000000cc4                USB_DataOutStage
 .text.USB_StatusInStage
                0x0000000000000ce4        0xa /Users/take/proj/LBED/lbed/LBED_LPC13xx/Debug/libLBED_LPC13xx.a(_usbcore.o)
                0x0000000000000ce4                USB_StatusInStage
 *fill*         0x0000000000000cee        0x2 00
 .text.USB_StatusOutStage
                0x0000000000000cf0        0xc /Users/take/proj/LBED/lbed/LBED_LPC13xx/Debug/libLBED_LPC13xx.a(_usbcore.o)
                0x0000000000000cf0                USB_StatusOutStage
 .text.USB_ReqGetStatus
                0x0000000000000cfc       0xa8 /Users/take/proj/LBED/lbed/LBED_LPC13xx/Debug/libLBED_LPC13xx.a(_usbcore.o)
                0x0000000000000cfc                USB_ReqGetStatus
 .text.USB_ReqSetClrFeature
                0x0000000000000da4       0xc0 /Users/take/proj/LBED/lbed/LBED_LPC13xx/Debug/libLBED_LPC13xx.a(_usbcore.o)
                0x0000000000000da4                USB_ReqSetClrFeature
 .text.USB_ReqSetAddress
                0x0000000000000e64       0x24 /Users/take/proj/LBED/lbed/LBED_LPC13xx/Debug/libLBED_LPC13xx.a(_usbcore.o)
                0x0000000000000e64                USB_ReqSetAddress
 .text.USB_ReqGetDescriptor
                0x0000000000000e88       0x88 /Users/take/proj/LBED/lbed/LBED_LPC13xx/Debug/libLBED_LPC13xx.a(_usbcore.o)
                0x0000000000000e88                USB_ReqGetDescriptor
 .text.USB_ReqGetConfiguration
                0x0000000000000f10       0x24 /Users/take/proj/LBED/lbed/LBED_LPC13xx/Debug/libLBED_LPC13xx.a(_usbcore.o)
                0x0000000000000f10                USB_ReqGetConfiguration
 .text.USB_ReqSetConfiguration
                0x0000000000000f34      0x184 /Users/take/proj/LBED/lbed/LBED_LPC13xx/Debug/libLBED_LPC13xx.a(_usbcore.o)
                0x0000000000000f34                USB_ReqSetConfiguration
 .text.USB_ReqGetInterface
                0x00000000000010b8       0x48 /Users/take/proj/LBED/lbed/LBED_LPC13xx/Debug/libLBED_LPC13xx.a(_usbcore.o)
                0x00000000000010b8                USB_ReqGetInterface
 .text.USB_ReqSetInterface
                0x0000000000001100      0x138 /Users/take/proj/LBED/lbed/LBED_LPC13xx/Debug/libLBED_LPC13xx.a(_usbcore.o)
                0x0000000000001100                USB_ReqSetInterface
 .text.USB_EndPoint0
                0x0000000000001238      0x1f8 /Users/take/proj/LBED/lbed/LBED_LPC13xx/Debug/libLBED_LPC13xx.a(_usbcore.o)
                0x0000000000001238                USB_EndPoint0
 .text.USB_EndPoint3
                0x0000000000001430       0x14 /Users/take/proj/LBED/lbed/LBED_LPC13xx/Debug/libLBED_LPC13xx.a(_usbuser.o)
                0x0000000000001430                USB_EndPoint3
 .text.USB_EndPoint1
                0x0000000000001444       0x24 /Users/take/proj/LBED/lbed/LBED_LPC13xx/Debug/libLBED_LPC13xx.a(_usbuser.o)
                0x0000000000001444                USB_EndPoint1
 .text.USB_Reset_Event
                0x0000000000001468        0x4 /Users/take/proj/LBED/lbed/LBED_LPC13xx/Debug/libLBED_LPC13xx.a(_usbuser.o)
                0x0000000000001468                USB_Reset_Event
 .text.USB_Suspend_Event
                0x000000000000146c        0x2 /Users/take/proj/LBED/lbed/LBED_LPC13xx/Debug/libLBED_LPC13xx.a(_usbuser.o)
                0x000000000000146c                USB_Suspend_Event
 .text.USB_Resume_Event
                0x000000000000146e        0x2 /Users/take/proj/LBED/lbed/LBED_LPC13xx/Debug/libLBED_LPC13xx.a(_usbuser.o)
                0x000000000000146e                USB_Resume_Event
 .text.USB_Configure_Event
                0x0000000000001470        0x2 /Users/take/proj/LBED/lbed/LBED_LPC13xx/Debug/libLBED_LPC13xx.a(_usbuser.o)
                0x0000000000001470                USB_Configure_Event
 *fill*         0x0000000000001472        0x2 00
 .text.CDC_WrOutBuf
                0x0000000000001474       0x28 /Users/take/proj/LBED/lbed/LBED_LPC13xx/Debug/libLBED_LPC13xx.a(_cdcuser.o)
                0x0000000000001474                CDC_WrOutBuf
 .text.CDC_SendEncapsulatedCommand
                0x000000000000149c        0x4 /Users/take/proj/LBED/lbed/LBED_LPC13xx/Debug/libLBED_LPC13xx.a(_cdcuser.o)
                0x000000000000149c                CDC_SendEncapsulatedCommand
 .text.CDC_GetEncapsulatedResponse
                0x00000000000014a0        0x4 /Users/take/proj/LBED/lbed/LBED_LPC13xx/Debug/libLBED_LPC13xx.a(_cdcuser.o)
                0x00000000000014a0                CDC_GetEncapsulatedResponse
 .text.CDC_SetCommFeature
                0x00000000000014a4        0x4 /Users/take/proj/LBED/lbed/LBED_LPC13xx/Debug/libLBED_LPC13xx.a(_cdcuser.o)
                0x00000000000014a4                CDC_SetCommFeature
 .text.CDC_GetCommFeature
                0x00000000000014a8        0x4 /Users/take/proj/LBED/lbed/LBED_LPC13xx/Debug/libLBED_LPC13xx.a(_cdcuser.o)
                0x00000000000014a8                CDC_GetCommFeature
 .text.CDC_ClearCommFeature
                0x00000000000014ac        0x4 /Users/take/proj/LBED/lbed/LBED_LPC13xx/Debug/libLBED_LPC13xx.a(_cdcuser.o)
                0x00000000000014ac                CDC_ClearCommFeature
 .text.CDC_SetLineCoding
                0x00000000000014b0       0x34 /Users/take/proj/LBED/lbed/LBED_LPC13xx/Debug/libLBED_LPC13xx.a(_cdcuser.o)
                0x00000000000014b0                CDC_SetLineCoding
 .text.CDC_GetLineCoding
                0x00000000000014e4       0x2c /Users/take/proj/LBED/lbed/LBED_LPC13xx/Debug/libLBED_LPC13xx.a(_cdcuser.o)
                0x00000000000014e4                CDC_GetLineCoding
 .text.CDC_SetControlLineState
                0x0000000000001510        0x4 /Users/take/proj/LBED/lbed/LBED_LPC13xx/Debug/libLBED_LPC13xx.a(_cdcuser.o)
                0x0000000000001510                CDC_SetControlLineState
 .text.CDC_SendBreak
                0x0000000000001514        0x4 /Users/take/proj/LBED/lbed/LBED_LPC13xx/Debug/libLBED_LPC13xx.a(_cdcuser.o)
                0x0000000000001514                CDC_SendBreak
 .text.CDC_BulkIn
                0x0000000000001518        0xc /Users/take/proj/LBED/lbed/LBED_LPC13xx/Debug/libLBED_LPC13xx.a(_cdcuser.o)
                0x0000000000001518                CDC_BulkIn
 .text.CDC_BulkOut
                0x0000000000001524       0x20 /Users/take/proj/LBED/lbed/LBED_LPC13xx/Debug/libLBED_LPC13xx.a(_cdcuser.o)
                0x0000000000001524                CDC_BulkOut
 .text.CDC_GetSerialState
                0x0000000000001544       0x10 /Users/take/proj/LBED/lbed/LBED_LPC13xx/Debug/libLBED_LPC13xx.a(_cdcuser.o)
                0x0000000000001544                CDC_GetSerialState
 .text.CDC_NotificationIn
                0x0000000000001554       0x34 /Users/take/proj/LBED/lbed/LBED_LPC13xx/Debug/libLBED_LPC13xx.a(_cdcuser.o)
                0x0000000000001554                CDC_NotificationIn
 .text          0x0000000000001588      0xb50 /Applications/lpcxpresso_5.2.6_2137/lpcxpresso/tools/bin/../lib/gcc/arm-none-eabi/4.6.2/armv7-m/libgcc.a(unwind-arm.o)
                0x0000000000001830                _Unwind_VRS_Get
                0x0000000000001870                _Unwind_VRS_Set
                0x0000000000001bc8                __aeabi_unwind_cpp_pr2
                0x0000000000001bcc                __aeabi_unwind_cpp_pr1
                0x0000000000001bd0                __aeabi_unwind_cpp_pr0
                0x0000000000001bd4                _Unwind_VRS_Pop
                0x0000000000001f88                _Unwind_GetCFA
                0x0000000000001f8c                __gnu_Unwind_RaiseException
                0x0000000000001ff0                __gnu_Unwind_ForcedUnwind
                0x0000000000002004                __gnu_Unwind_Resume
                0x0000000000002040                __gnu_Unwind_Resume_or_Rethrow
                0x0000000000002050                _Unwind_Complete
                0x0000000000002054                _Unwind_DeleteException
                0x0000000000002064                __gnu_Unwind_Backtrace
 .text          0x00000000000020d8      0x1ac /Applications/lpcxpresso_5.2.6_2137/lpcxpresso/tools/bin/../lib/gcc/arm-none-eabi/4.6.2/armv7-m/libgcc.a(libunwind.o)
                0x00000000000020d8                __restore_core_regs
                0x00000000000020d8                restore_core_regs
                0x00000000000020f0                __gnu_Unwind_Restore_VFP
                0x00000000000020f8                __gnu_Unwind_Save_VFP
                0x0000000000002100                __gnu_Unwind_Restore_VFP_D
                0x0000000000002108                __gnu_Unwind_Save_VFP_D
                0x0000000000002110                __gnu_Unwind_Restore_VFP_D_16_to_31
                0x0000000000002118                __gnu_Unwind_Save_VFP_D_16_to_31
                0x0000000000002120                __gnu_Unwind_Restore_WMMXD
                0x0000000000002164                __gnu_Unwind_Save_WMMXD
                0x00000000000021a8                __gnu_Unwind_Restore_WMMXC
                0x00000000000021bc                __gnu_Unwind_Save_WMMXC
                0x00000000000021d0                _Unwind_RaiseException
                0x00000000000021d0                ___Unwind_RaiseException
                0x00000000000021f4                ___Unwind_Resume
                0x00000000000021f4                _Unwind_Resume
                0x0000000000002218                ___Unwind_Resume_or_Rethrow
                0x0000000000002218                _Unwind_Resume_or_Rethrow
                0x000000000000223c                _Unwind_ForcedUnwind
                0x000000000000223c                ___Unwind_ForcedUnwind
                0x0000000000002260                _Unwind_Backtrace
                0x0000000000002260                ___Unwind_Backtrace
 .text          0x0000000000002284      0x378 /Applications/lpcxpresso_5.2.6_2137/lpcxpresso/tools/bin/../lib/gcc/arm-none-eabi/4.6.2/armv7-m/libgcc.a(pr-support.o)
                0x00000000000022d8                __gnu_unwind_execute
                0x00000000000025a4                __gnu_unwind_frame
                0x00000000000025cc                _Unwind_GetRegionStart
                0x00000000000025d8                _Unwind_GetLanguageSpecificData
                0x00000000000025ec                _Unwind_GetDataRelBase
                0x00000000000025f4                _Unwind_GetTextRelBase
 .text.abort    0x00000000000025fc       0x10 /Applications/lpcxpresso_5.2.6_2137/lpcxpresso/tools/bin/../lib/gcc/arm-none-eabi/4.6.2/../../../../arm-none-eabi/lib/armv7-m/libc.a(lib_a-abort.o)
                0x00000000000025fc                abort
 .text.__libc_init_array
                0x000000000000260c       0x48 /Applications/lpcxpresso_5.2.6_2137/lpcxpresso/tools/bin/../lib/gcc/arm-none-eabi/4.6.2/../../../../arm-none-eabi/lib/armv7-m/libc.a(lib_a-init.o)
                0x000000000000260c                __libc_init_array
 .text.memcpy   0x0000000000002654       0x84 /Applications/lpcxpresso_5.2.6_2137/lpcxpresso/tools/bin/../lib/gcc/arm-none-eabi/4.6.2/../../../../arm-none-eabi/lib/armv7-m/libc.a(lib_a-memcpy.o)
                0x0000000000002654                memcpy
 .text._raise_r
                0x00000000000026d8       0x58 /Applications/lpcxpresso_5.2.6_2137/lpcxpresso/tools/bin/../lib/gcc/arm-none-eabi/4.6.2/../../../../arm-none-eabi/lib/armv7-m/libc.a(lib_a-signal.o)
                0x00000000000026d8                _raise_r
 .text.raise    0x0000000000002730       0x14 /Applications/lpcxpresso_5.2.6_2137/lpcxpresso/tools/bin/../lib/gcc/arm-none-eabi/4.6.2/../../../../arm-none-eabi/lib/armv7-m/libc.a(lib_a-signal.o)
                0x0000000000002730                raise
 .text._kill_r  0x0000000000002744       0x28 /Applications/lpcxpresso_5.2.6_2137/lpcxpresso/tools/bin/../lib/gcc/arm-none-eabi/4.6.2/../../../../arm-none-eabi/lib/armv7-m/libc.a(lib_a-signalr.o)
                0x0000000000002744                _kill_r
 .text._getpid_r
                0x000000000000276c        0x4 /Applications/lpcxpresso_5.2.6_2137/lpcxpresso/tools/bin/../lib/gcc/arm-none-eabi/4.6.2/../../../../arm-none-eabi/lib/armv7-m/libc.a(lib_a-signalr.o)
                0x000000000000276c                _getpid_r
 .text._exit    0x0000000000002770        0x2 /Applications/lpcxpresso_5.2.6_2137/lpcxpresso/tools/bin/../lib/gcc/arm-none-eabi/4.6.2/../../../../arm-none-eabi/lib/armv7-m/libcr_newlib_nohost.a(_exit.o)
                0x0000000000002770                _exit
 *fill*         0x0000000000002772        0x2 00
 .text._getpid  0x0000000000002774       0x10 /Applications/lpcxpresso_5.2.6_2137/lpcxpresso/tools/bin/../lib/gcc/arm-none-eabi/4.6.2/../../../../arm-none-eabi/lib/armv7-m/libcr_newlib_nohost.a(getpid.o)
                0x0000000000002774                _getpid
 .text._kill    0x0000000000002784       0x10 /Applications/lpcxpresso_5.2.6_2137/lpcxpresso/tools/bin/../lib/gcc/arm-none-eabi/4.6.2/../../../../arm-none-eabi/lib/armv7-m/libcr_newlib_nohost.a(kill.o)
                0x0000000000002784                _kill
 .text          0x0000000000002794       0x54 /Applications/lpcxpresso_5.2.6_2137/lpcxpresso/tools/bin/../lib/gcc/arm-none-eabi/4.6.2/armv7-m/crtbegin.o
 *(.rodata .rodata.*)
 .rodata.USB_P_EP
                0x00000000000027e8       0x14 /Users/take/proj/LBED/lbed/LBED_LPC13xx/Debug/libLBED_LPC13xx.a(_usbuser.o)
                0x00000000000027e8                USB_P_EP
 .rodata.USB_ConfigDescriptor
                0x00000000000027fc       0x44 /Users/take/proj/LBED/lbed/LBED_LPC13xx/Debug/libLBED_LPC13xx.a(_cdc_usbdesc.o)
                0x00000000000027fc                USB_ConfigDescriptor
 .rodata.USB_StringDescriptor
                0x0000000000002840       0x68 /Users/take/proj/LBED/lbed/LBED_LPC13xx/Debug/libLBED_LPC13xx.a(_cdc_usbdesc.o)
                0x0000000000002840                USB_StringDescriptor
 .rodata.USB_DeviceDescriptor
                0x00000000000028a8       0x12 /Users/take/proj/LBED/lbed/LBED_LPC13xx/Debug/libLBED_LPC13xx.a(_cdc_usbdesc.o)
                0x00000000000028a8                USB_DeviceDescriptor
 *fill*         0x00000000000028ba        0x2 00
 .rodata.str1.4
                0x00000000000028bc        0x4 /Applications/lpcxpresso_5.2.6_2137/lpcxpresso/tools/bin/../lib/gcc/arm-none-eabi/4.6.2/../../../../arm-none-eabi/lib/armv7-m/libc.a(lib_a-impure.o)
                0x00000000000028c0                . = ALIGN (0x4)
                0x00000000000028c0                . = ALIGN (0x4)
 *(.init)
 .init          0x00000000000028c0        0x4 /Applications/lpcxpresso_5.2.6_2137/lpcxpresso/tools/bin/../lib/gcc/arm-none-eabi/4.6.2/armv7-m/crti.o
                0x00000000000028c0                _init
 .init          0x00000000000028c4        0x8 /Applications/lpcxpresso_5.2.6_2137/lpcxpresso/tools/bin/../lib/gcc/arm-none-eabi/4.6.2/armv7-m/crtn.o
                0x00000000000028cc                . = ALIGN (0x4)
                0x00000000000028cc                __preinit_array_start = .
 *(.preinit_array)
                0x00000000000028cc                __preinit_array_end = .
                0x00000000000028cc                . = ALIGN (0x4)
                0x00000000000028cc                __init_array_start = .
 *(SORT(.init_array.*))
 *(.init_array)
 .init_array    0x00000000000028cc        0x4 /Applications/lpcxpresso_5.2.6_2137/lpcxpresso/tools/bin/../lib/gcc/arm-none-eabi/4.6.2/armv7-m/crtbegin.o
                0x00000000000028d0                __init_array_end = .
 *(.fini)
 .fini          0x00000000000028d0        0x4 /Applications/lpcxpresso_5.2.6_2137/lpcxpresso/tools/bin/../lib/gcc/arm-none-eabi/4.6.2/armv7-m/crti.o
                0x00000000000028d0                _fini
 .fini          0x00000000000028d4        0x8 /Applications/lpcxpresso_5.2.6_2137/lpcxpresso/tools/bin/../lib/gcc/arm-none-eabi/4.6.2/armv7-m/crtn.o
                0x00000000000028dc                . = ALIGN (0x4)
 *crtbegin.o(.ctors)
 *(EXCLUDE_FILE(*crtend.o) .ctors)
 *(SORT(.ctors.*))
 *crtend.o(.ctors)
                0x00000000000028dc                . = ALIGN (0x4)
 *crtbegin.o(.dtors)
 *(EXCLUDE_FILE(*crtend.o) .dtors)
 *(SORT(.dtors.*))
 *crtend.o(.dtors)

.glue_7         0x00000000000028dc        0x0
 .glue_7        0x0000000000000000        0x0 linker stubs

.glue_7t        0x00000000000028dc        0x0
 .glue_7t       0x0000000000000000        0x0 linker stubs

.vfp11_veneer   0x00000000000028dc        0x0
 .vfp11_veneer  0x0000000000000000        0x0 linker stubs

.v4_bx          0x00000000000028dc        0x0
 .v4_bx         0x0000000000000000        0x0 linker stubs

.ARM.extab
 *(.ARM.extab* .gnu.linkonce.armextab.*)
                0x00000000000028dc                __exidx_start = .

.ARM.exidx      0x00000000000028dc       0x40
 *(.ARM.exidx* .gnu.linkonce.armexidx.*)
 .ARM.exidx.text.startup.main
                0x00000000000028f4       0x10 ./src/TestLED.o
                                          0x8 (size before relaxing)
 .ARM.exidx.after_vectors
                0x00000000000028dc       0x18 ./src/cr_startup_lpc13.o
                                         0x68 (size before relaxing)
 .ARM.exidx.text._ZN9DigitalInC2Ev
                0x0000000000002904        0x0 /Users/take/proj/LBED/lbed/LBED_LPC13xx/Debug/libLBED_LPC13xx.a(DigitalIn.o)
                                          0x8 (size before relaxing)
 .ARM.exidx.text._ZN9DigitalIn5setupEiPKc
                0x0000000000002904        0x0 /Users/take/proj/LBED/lbed/LBED_LPC13xx/Debug/libLBED_LPC13xx.a(DigitalIn.o)
                                          0x8 (size before relaxing)
 .ARM.exidx.text._ZN9DigitalIn4readEv
                0x0000000000002904        0x0 /Users/take/proj/LBED/lbed/LBED_LPC13xx/Debug/libLBED_LPC13xx.a(DigitalIn.o)
                                          0x8 (size before relaxing)
 .ARM.exidx.text._ZN10DigitalOut5setupEiPKc
                0x0000000000002904        0x8 /Users/take/proj/LBED/lbed/LBED_LPC13xx/Debug/libLBED_LPC13xx.a(DigitalOut.o)
 .ARM.exidx.text._ZN10DigitalOutC2EiPKc
                0x000000000000290c       0x10 /Users/take/proj/LBED/lbed/LBED_LPC13xx/Debug/libLBED_LPC13xx.a(DigitalOut.o)
                                          0x8 (size before relaxing)
                0x000000000000291c                __exidx_end = .
                0x000000000000291c                _etext = .

.eh_frame       0x000000000000291c        0x0
 .eh_frame      0x000000000000291c        0x0 /Applications/lpcxpresso_5.2.6_2137/lpcxpresso/tools/bin/../lib/gcc/arm-none-eabi/4.6.2/armv7-m/crtbegin.o

.uninit_RESERVED
                0x0000000010000000        0x0
 *(.bss.$RESERVED*)
                0x0000000010000000                . = ALIGN (0x4)
                0x0000000010000000                _end_uninit_RESERVED = .

.data           0x0000000010000000      0x43c load address 0x000000000000291c
 FILL mask 0xff
                0x0000000010000000                _data = .
 *(vtable)
 *(.data*)
 .data.SystemCoreClock
                0x0000000010000000        0x4 /Users/take/proj/LBED/lbed/CMSISv2p00_LPC13xx/Debug/libCMSISv2p00_LPC13xx.a(system_LPC13xx.o)
                0x0000000010000000                SystemCoreClock
 .data.CDC_DepInEmpty
                0x0000000010000004        0x2 /Users/take/proj/LBED/lbed/LBED_LPC13xx/Debug/libLBED_LPC13xx.a(_cdcuser.o)
                0x0000000010000004                CDC_DepInEmpty
 .data.CDC_LineCoding
                0x0000000010000006        0x7 /Users/take/proj/LBED/lbed/LBED_LPC13xx/Debug/libLBED_LPC13xx.a(_cdcuser.o)
                0x0000000010000006                CDC_LineCoding
 *fill*         0x000000001000000d        0x3 00
 .data.impure_data
                0x0000000010000010      0x428 /Applications/lpcxpresso_5.2.6_2137/lpcxpresso/tools/bin/../lib/gcc/arm-none-eabi/4.6.2/../../../../arm-none-eabi/lib/armv7-m/libc.a(lib_a-impure.o)
 .data._impure_ptr
                0x0000000010000438        0x4 /Applications/lpcxpresso_5.2.6_2137/lpcxpresso/tools/bin/../lib/gcc/arm-none-eabi/4.6.2/../../../../arm-none-eabi/lib/armv7-m/libc.a(lib_a-impure.o)
                0x0000000010000438                _impure_ptr
                0x000000001000043c                . = ALIGN (0x4)
                0x000000001000043c                _edata = .

.jcr            0x000000001000043c        0x0 load address 0x0000000000002d58
 .jcr           0x000000001000043c        0x0 /Applications/lpcxpresso_5.2.6_2137/lpcxpresso/tools/bin/../lib/gcc/arm-none-eabi/4.6.2/armv7-m/crtbegin.o

.bss            0x000000001000043c      0x168 load address 0x0000000000002d58
                0x000000001000043c                _bss = .
 *(.bss*)
 .bss.serialState.3748
                0x000000001000043c        0x2 /Users/take/proj/LBED/lbed/LBED_LPC13xx/Debug/libLBED_LPC13xx.a(_usbuser.o)
 .bss.CDC_SerialState
                0x000000001000043e        0x2 /Users/take/proj/LBED/lbed/LBED_LPC13xx/Debug/libLBED_LPC13xx.a(_cdcuser.o)
                0x000000001000043e                CDC_SerialState
 .bss           0x0000000010000440       0x1c /Applications/lpcxpresso_5.2.6_2137/lpcxpresso/tools/bin/../lib/gcc/arm-none-eabi/4.6.2/armv7-m/crtbegin.o
 *(COMMON)
 COMMON         0x000000001000045c        0x4 /Users/take/proj/LBED/lbed/LBED_LPC13xx/Debug/libLBED_LPC13xx.a(wait_api.o)
                0x000000001000045c                msTicks
 COMMON         0x0000000010000460       0x6a /Users/take/proj/LBED/lbed/LBED_LPC13xx/Debug/libLBED_LPC13xx.a(_usbcore.o)
                0x0000000010000460                USB_AltSetting
                0x0000000010000461                EP0Buf
                0x00000000100004a4                USB_EndPointMask
                0x00000000100004a8                USB_DeviceAddress
                0x00000000100004ac                USB_EndPointStall
                0x00000000100004b0                USB_EndPointHalt
                0x00000000100004b4                USB_Configuration
                0x00000000100004b5                SetupPacket
                0x00000000100004bd                USB_NumInterfaces
                0x00000000100004c0                EP0Data
                0x00000000100004c8                USB_DeviceStatus
 *fill*         0x00000000100004ca        0x2 00
 COMMON         0x00000000100004cc       0xd4 /Users/take/proj/LBED/lbed/LBED_LPC13xx/Debug/libLBED_LPC13xx.a(_cdcuser.o)
                0x00000000100004cc                BulkBufOut
                0x000000001000050c                NotificationBuf
                0x0000000010000516                BulkBufIn
                0x0000000010000558                CDC_OutBuf
 COMMON         0x00000000100005a0        0x4 /Applications/lpcxpresso_5.2.6_2137/lpcxpresso/tools/bin/../lib/gcc/arm-none-eabi/4.6.2/../../../../arm-none-eabi/lib/armv7-m/libc.a(lib_a-reent.o)
                0x00000000100005a0                errno
                0x00000000100005a4                . = ALIGN (0x4)
                0x00000000100005a4                _ebss = .
                0x00000000100005a4                PROVIDE (end, .)

.noinit         0x00000000100005a4        0x0 load address 0x0000000000002d58
                0x00000000100005a4                _noinit = .
 *(.noinit*)
                0x00000000100005a4                . = ALIGN (0x4)
                0x00000000100005a4                _end_noinit = .
                0x00000000100005a4                PROVIDE (_pvHeapStart, .)
                0x0000000010002000                PROVIDE (_vStackTop, (__top_RamLoc8 - 0x0))
OUTPUT(LBED_LPC13xx_MAIN.axf elf32-littlearm)

.debug_info     0x0000000000000000     0x5a89
 .debug_info    0x0000000000000000     0x124e ./src/ForSerialCDC_usbhw.o
 .debug_info    0x000000000000124e      0xcc8 ./src/TestLED.o
 .debug_info    0x0000000000001f16      0x1b7 ./src/cr_cpp_config.o
 .debug_info    0x00000000000020cd      0x2ef ./src/cr_startup_lpc13.o
 .debug_info    0x00000000000023bc      0x5a9 /Users/take/proj/LBED/lbed/CMSISv2p00_LPC13xx/Debug/libCMSISv2p00_LPC13xx.a(system_LPC13xx.o)
 .debug_info    0x0000000000002965      0xfc1 /Users/take/proj/LBED/lbed/LBED_LPC13xx/Debug/libLBED_LPC13xx.a(DigitalIn.o)
 .debug_info    0x0000000000003926      0x4ee /Users/take/proj/LBED/lbed/LBED_LPC13xx/Debug/libLBED_LPC13xx.a(DigitalOut.o)
 .debug_info    0x0000000000003e14      0x6da /Users/take/proj/LBED/lbed/LBED_LPC13xx/Debug/libLBED_LPC13xx.a(wait_api.o)
 .debug_info    0x00000000000044ee      0x9e1 /Users/take/proj/LBED/lbed/LBED_LPC13xx/Debug/libLBED_LPC13xx.a(_usbcore.o)
 .debug_info    0x0000000000004ecf      0x20e /Users/take/proj/LBED/lbed/LBED_LPC13xx/Debug/libLBED_LPC13xx.a(_usbuser.o)
 .debug_info    0x00000000000050dd       0xec /Users/take/proj/LBED/lbed/LBED_LPC13xx/Debug/libLBED_LPC13xx.a(_cdc_usbdesc.o)
 .debug_info    0x00000000000051c9      0x533 /Users/take/proj/LBED/lbed/LBED_LPC13xx/Debug/libLBED_LPC13xx.a(_cdcuser.o)
 .debug_info    0x00000000000056fc      0x106 /Applications/lpcxpresso_5.2.6_2137/lpcxpresso/tools/bin/../lib/gcc/arm-none-eabi/4.6.2/../../../../arm-none-eabi/lib/armv7-m/libcr_newlib_nohost.a(_cr_sbrk.o)
 .debug_info    0x0000000000005802       0x5f /Applications/lpcxpresso_5.2.6_2137/lpcxpresso/tools/bin/../lib/gcc/arm-none-eabi/4.6.2/../../../../arm-none-eabi/lib/armv7-m/libcr_newlib_nohost.a(_exit.o)
 .debug_info    0x0000000000005861       0xa9 /Applications/lpcxpresso_5.2.6_2137/lpcxpresso/tools/bin/../lib/gcc/arm-none-eabi/4.6.2/../../../../arm-none-eabi/lib/armv7-m/libcr_newlib_nohost.a(getpid.o)
 .debug_info    0x000000000000590a       0xca /Applications/lpcxpresso_5.2.6_2137/lpcxpresso/tools/bin/../lib/gcc/arm-none-eabi/4.6.2/../../../../arm-none-eabi/lib/armv7-m/libcr_newlib_nohost.a(kill.o)
 .debug_info    0x00000000000059d4       0xb5 /Applications/lpcxpresso_5.2.6_2137/lpcxpresso/tools/bin/../lib/gcc/arm-none-eabi/4.6.2/../../../../arm-none-eabi/lib/armv7-m/libcr_newlib_nohost.a(_cr_check_heap.o)

.debug_abbrev   0x0000000000000000     0x177d
 .debug_abbrev  0x0000000000000000      0x264 ./src/ForSerialCDC_usbhw.o
 .debug_abbrev  0x0000000000000264      0x261 ./src/TestLED.o
 .debug_abbrev  0x00000000000004c5       0xfb ./src/cr_cpp_config.o
 .debug_abbrev  0x00000000000005c0      0x144 ./src/cr_startup_lpc13.o
 .debug_abbrev  0x0000000000000704      0x120 /Users/take/proj/LBED/lbed/CMSISv2p00_LPC13xx/Debug/libCMSISv2p00_LPC13xx.a(system_LPC13xx.o)
 .debug_abbrev  0x0000000000000824      0x2b3 /Users/take/proj/LBED/lbed/LBED_LPC13xx/Debug/libLBED_LPC13xx.a(DigitalIn.o)
 .debug_abbrev  0x0000000000000ad7      0x237 /Users/take/proj/LBED/lbed/LBED_LPC13xx/Debug/libLBED_LPC13xx.a(DigitalOut.o)
 .debug_abbrev  0x0000000000000d0e      0x204 /Users/take/proj/LBED/lbed/LBED_LPC13xx/Debug/libLBED_LPC13xx.a(wait_api.o)
 .debug_abbrev  0x0000000000000f12      0x2e4 /Users/take/proj/LBED/lbed/LBED_LPC13xx/Debug/libLBED_LPC13xx.a(_usbcore.o)
 .debug_abbrev  0x00000000000011f6      0x143 /Users/take/proj/LBED/lbed/LBED_LPC13xx/Debug/libLBED_LPC13xx.a(_usbuser.o)
 .debug_abbrev  0x0000000000001339       0x61 /Users/take/proj/LBED/lbed/LBED_LPC13xx/Debug/libLBED_LPC13xx.a(_cdc_usbdesc.o)
 .debug_abbrev  0x000000000000139a      0x1ad /Users/take/proj/LBED/lbed/LBED_LPC13xx/Debug/libLBED_LPC13xx.a(_cdcuser.o)
 .debug_abbrev  0x0000000000001547       0xa8 /Applications/lpcxpresso_5.2.6_2137/lpcxpresso/tools/bin/../lib/gcc/arm-none-eabi/4.6.2/../../../../arm-none-eabi/lib/armv7-m/libcr_newlib_nohost.a(_cr_sbrk.o)
 .debug_abbrev  0x00000000000015ef       0x54 /Applications/lpcxpresso_5.2.6_2137/lpcxpresso/tools/bin/../lib/gcc/arm-none-eabi/4.6.2/../../../../arm-none-eabi/lib/armv7-m/libcr_newlib_nohost.a(_exit.o)
 .debug_abbrev  0x0000000000001643       0x54 /Applications/lpcxpresso_5.2.6_2137/lpcxpresso/tools/bin/../lib/gcc/arm-none-eabi/4.6.2/../../../../arm-none-eabi/lib/armv7-m/libcr_newlib_nohost.a(getpid.o)
 .debug_abbrev  0x0000000000001697       0x74 /Applications/lpcxpresso_5.2.6_2137/lpcxpresso/tools/bin/../lib/gcc/arm-none-eabi/4.6.2/../../../../arm-none-eabi/lib/armv7-m/libcr_newlib_nohost.a(kill.o)
 .debug_abbrev  0x000000000000170b       0x72 /Applications/lpcxpresso_5.2.6_2137/lpcxpresso/tools/bin/../lib/gcc/arm-none-eabi/4.6.2/../../../../arm-none-eabi/lib/armv7-m/libcr_newlib_nohost.a(_cr_check_heap.o)

.debug_loc      0x0000000000000000     0x13c6
 .debug_loc     0x0000000000000000      0x610 ./src/ForSerialCDC_usbhw.o
 .debug_loc     0x0000000000000610       0x64 ./src/TestLED.o
 .debug_loc     0x0000000000000674       0x5f ./src/cr_cpp_config.o
 .debug_loc     0x00000000000006d3      0x102 ./src/cr_startup_lpc13.o
 .debug_loc     0x00000000000007d5       0x5d /Users/take/proj/LBED/lbed/CMSISv2p00_LPC13xx/Debug/libCMSISv2p00_LPC13xx.a(system_LPC13xx.o)
 .debug_loc     0x0000000000000832      0x1f3 /Users/take/proj/LBED/lbed/LBED_LPC13xx/Debug/libLBED_LPC13xx.a(DigitalIn.o)
 .debug_loc     0x0000000000000a25      0x11c /Users/take/proj/LBED/lbed/LBED_LPC13xx/Debug/libLBED_LPC13xx.a(DigitalOut.o)
 .debug_loc     0x0000000000000b41       0x51 /Users/take/proj/LBED/lbed/LBED_LPC13xx/Debug/libLBED_LPC13xx.a(wait_api.o)
 .debug_loc     0x0000000000000b92      0x51c /Users/take/proj/LBED/lbed/LBED_LPC13xx/Debug/libLBED_LPC13xx.a(_usbcore.o)
 .debug_loc     0x00000000000010ae       0x6f /Users/take/proj/LBED/lbed/LBED_LPC13xx/Debug/libLBED_LPC13xx.a(_usbuser.o)
 .debug_loc     0x000000000000111d      0x218 /Users/take/proj/LBED/lbed/LBED_LPC13xx/Debug/libLBED_LPC13xx.a(_cdcuser.o)
 .debug_loc     0x0000000000001335       0x55 /Applications/lpcxpresso_5.2.6_2137/lpcxpresso/tools/bin/../lib/gcc/arm-none-eabi/4.6.2/../../../../arm-none-eabi/lib/armv7-m/libcr_newlib_nohost.a(_cr_sbrk.o)
 .debug_loc     0x000000000000138a       0x13 /Applications/lpcxpresso_5.2.6_2137/lpcxpresso/tools/bin/../lib/gcc/arm-none-eabi/4.6.2/../../../../arm-none-eabi/lib/armv7-m/libcr_newlib_nohost.a(kill.o)
 .debug_loc     0x000000000000139d       0x29 /Applications/lpcxpresso_5.2.6_2137/lpcxpresso/tools/bin/../lib/gcc/arm-none-eabi/4.6.2/../../../../arm-none-eabi/lib/armv7-m/libcr_newlib_nohost.a(_cr_check_heap.o)

.debug_aranges  0x0000000000000000      0x4e0
 .debug_aranges
                0x0000000000000000      0x100 ./src/ForSerialCDC_usbhw.o
 .debug_aranges
                0x0000000000000100       0x20 ./src/TestLED.o
 .debug_aranges
                0x0000000000000120       0x48 ./src/cr_cpp_config.o
 .debug_aranges
                0x0000000000000168       0x80 ./src/cr_startup_lpc13.o
 .debug_aranges
                0x00000000000001e8       0x28 /Users/take/proj/LBED/lbed/CMSISv2p00_LPC13xx/Debug/libCMSISv2p00_LPC13xx.a(system_LPC13xx.o)
 .debug_aranges
                0x0000000000000210       0x40 /Users/take/proj/LBED/lbed/LBED_LPC13xx/Debug/libLBED_LPC13xx.a(DigitalIn.o)
 .debug_aranges
                0x0000000000000250       0x30 /Users/take/proj/LBED/lbed/LBED_LPC13xx/Debug/libLBED_LPC13xx.a(DigitalOut.o)
 .debug_aranges
                0x0000000000000280       0x38 /Users/take/proj/LBED/lbed/LBED_LPC13xx/Debug/libLBED_LPC13xx.a(wait_api.o)
 .debug_aranges
                0x00000000000002b8       0x98 /Users/take/proj/LBED/lbed/LBED_LPC13xx/Debug/libLBED_LPC13xx.a(_usbcore.o)
 .debug_aranges
                0x0000000000000350       0x50 /Users/take/proj/LBED/lbed/LBED_LPC13xx/Debug/libLBED_LPC13xx.a(_usbuser.o)
 .debug_aranges
                0x00000000000003a0       0xa0 /Users/take/proj/LBED/lbed/LBED_LPC13xx/Debug/libLBED_LPC13xx.a(_cdcuser.o)
 .debug_aranges
                0x0000000000000440       0x20 /Applications/lpcxpresso_5.2.6_2137/lpcxpresso/tools/bin/../lib/gcc/arm-none-eabi/4.6.2/../../../../arm-none-eabi/lib/armv7-m/libcr_newlib_nohost.a(_cr_sbrk.o)
 .debug_aranges
                0x0000000000000460       0x20 /Applications/lpcxpresso_5.2.6_2137/lpcxpresso/tools/bin/../lib/gcc/arm-none-eabi/4.6.2/../../../../arm-none-eabi/lib/armv7-m/libcr_newlib_nohost.a(_exit.o)
 .debug_aranges
                0x0000000000000480       0x20 /Applications/lpcxpresso_5.2.6_2137/lpcxpresso/tools/bin/../lib/gcc/arm-none-eabi/4.6.2/../../../../arm-none-eabi/lib/armv7-m/libcr_newlib_nohost.a(getpid.o)
 .debug_aranges
                0x00000000000004a0       0x20 /Applications/lpcxpresso_5.2.6_2137/lpcxpresso/tools/bin/../lib/gcc/arm-none-eabi/4.6.2/../../../../arm-none-eabi/lib/armv7-m/libcr_newlib_nohost.a(kill.o)
 .debug_aranges
                0x00000000000004c0       0x20 /Applications/lpcxpresso_5.2.6_2137/lpcxpresso/tools/bin/../lib/gcc/arm-none-eabi/4.6.2/../../../../arm-none-eabi/lib/armv7-m/libcr_newlib_nohost.a(_cr_check_heap.o)

.debug_ranges   0x0000000000000000      0x440
 .debug_ranges  0x0000000000000000       0xf0 ./src/ForSerialCDC_usbhw.o
 .debug_ranges  0x00000000000000f0       0x10 ./src/TestLED.o
 .debug_ranges  0x0000000000000100       0x38 ./src/cr_cpp_config.o
 .debug_ranges  0x0000000000000138       0x70 ./src/cr_startup_lpc13.o
 .debug_ranges  0x00000000000001a8       0x18 /Users/take/proj/LBED/lbed/CMSISv2p00_LPC13xx/Debug/libCMSISv2p00_LPC13xx.a(system_LPC13xx.o)
 .debug_ranges  0x00000000000001c0       0x30 /Users/take/proj/LBED/lbed/LBED_LPC13xx/Debug/libLBED_LPC13xx.a(DigitalIn.o)
 .debug_ranges  0x00000000000001f0       0x20 /Users/take/proj/LBED/lbed/LBED_LPC13xx/Debug/libLBED_LPC13xx.a(DigitalOut.o)
 .debug_ranges  0x0000000000000210       0x58 /Users/take/proj/LBED/lbed/LBED_LPC13xx/Debug/libLBED_LPC13xx.a(wait_api.o)
 .debug_ranges  0x0000000000000268       0x88 /Users/take/proj/LBED/lbed/LBED_LPC13xx/Debug/libLBED_LPC13xx.a(_usbcore.o)
 .debug_ranges  0x00000000000002f0       0x70 /Users/take/proj/LBED/lbed/LBED_LPC13xx/Debug/libLBED_LPC13xx.a(_usbuser.o)
 .debug_ranges  0x0000000000000360       0x90 /Users/take/proj/LBED/lbed/LBED_LPC13xx/Debug/libLBED_LPC13xx.a(_cdcuser.o)
 .debug_ranges  0x00000000000003f0       0x10 /Applications/lpcxpresso_5.2.6_2137/lpcxpresso/tools/bin/../lib/gcc/arm-none-eabi/4.6.2/../../../../arm-none-eabi/lib/armv7-m/libcr_newlib_nohost.a(_cr_sbrk.o)
 .debug_ranges  0x0000000000000400       0x10 /Applications/lpcxpresso_5.2.6_2137/lpcxpresso/tools/bin/../lib/gcc/arm-none-eabi/4.6.2/../../../../arm-none-eabi/lib/armv7-m/libcr_newlib_nohost.a(_exit.o)
 .debug_ranges  0x0000000000000410       0x10 /Applications/lpcxpresso_5.2.6_2137/lpcxpresso/tools/bin/../lib/gcc/arm-none-eabi/4.6.2/../../../../arm-none-eabi/lib/armv7-m/libcr_newlib_nohost.a(getpid.o)
 .debug_ranges  0x0000000000000420       0x10 /Applications/lpcxpresso_5.2.6_2137/lpcxpresso/tools/bin/../lib/gcc/arm-none-eabi/4.6.2/../../../../arm-none-eabi/lib/armv7-m/libcr_newlib_nohost.a(kill.o)
 .debug_ranges  0x0000000000000430       0x10 /Applications/lpcxpresso_5.2.6_2137/lpcxpresso/tools/bin/../lib/gcc/arm-none-eabi/4.6.2/../../../../arm-none-eabi/lib/armv7-m/libcr_newlib_nohost.a(_cr_check_heap.o)

.debug_line     0x0000000000000000     0x2c00
 .debug_line    0x0000000000000000      0x655 ./src/ForSerialCDC_usbhw.o
 .debug_line    0x0000000000000655      0x840 ./src/TestLED.o
 .debug_line    0x0000000000000e95      0x5d9 ./src/cr_cpp_config.o
 .debug_line    0x000000000000146e      0x32a ./src/cr_startup_lpc13.o
 .debug_line    0x0000000000001798      0x3fa /Users/take/proj/LBED/lbed/CMSISv2p00_LPC13xx/Debug/libCMSISv2p00_LPC13xx.a(system_LPC13xx.o)
 .debug_line    0x0000000000001b92      0x1fd /Users/take/proj/LBED/lbed/LBED_LPC13xx/Debug/libLBED_LPC13xx.a(DigitalIn.o)
 .debug_line    0x0000000000001d8f      0x1a8 /Users/take/proj/LBED/lbed/LBED_LPC13xx/Debug/libLBED_LPC13xx.a(DigitalOut.o)
 .debug_line    0x0000000000001f37      0x198 /Users/take/proj/LBED/lbed/LBED_LPC13xx/Debug/libLBED_LPC13xx.a(wait_api.o)
 .debug_line    0x00000000000020cf      0x44a /Users/take/proj/LBED/lbed/LBED_LPC13xx/Debug/libLBED_LPC13xx.a(_usbcore.o)
 .debug_line    0x0000000000002519      0x196 /Users/take/proj/LBED/lbed/LBED_LPC13xx/Debug/libLBED_LPC13xx.a(_usbuser.o)
 .debug_line    0x00000000000026af       0xd2 /Users/take/proj/LBED/lbed/LBED_LPC13xx/Debug/libLBED_LPC13xx.a(_cdc_usbdesc.o)
 .debug_line    0x0000000000002781      0x2a7 /Users/take/proj/LBED/lbed/LBED_LPC13xx/Debug/libLBED_LPC13xx.a(_cdcuser.o)
 .debug_line    0x0000000000002a28       0xc6 /Applications/lpcxpresso_5.2.6_2137/lpcxpresso/tools/bin/../lib/gcc/arm-none-eabi/4.6.2/../../../../arm-none-eabi/lib/armv7-m/libcr_newlib_nohost.a(_cr_sbrk.o)
 .debug_line    0x0000000000002aee       0x3e /Applications/lpcxpresso_5.2.6_2137/lpcxpresso/tools/bin/../lib/gcc/arm-none-eabi/4.6.2/../../../../arm-none-eabi/lib/armv7-m/libcr_newlib_nohost.a(_exit.o)
 .debug_line    0x0000000000002b2c       0x41 /Applications/lpcxpresso_5.2.6_2137/lpcxpresso/tools/bin/../lib/gcc/arm-none-eabi/4.6.2/../../../../arm-none-eabi/lib/armv7-m/libcr_newlib_nohost.a(getpid.o)
 .debug_line    0x0000000000002b6d       0x3f /Applications/lpcxpresso_5.2.6_2137/lpcxpresso/tools/bin/../lib/gcc/arm-none-eabi/4.6.2/../../../../arm-none-eabi/lib/armv7-m/libcr_newlib_nohost.a(kill.o)
 .debug_line    0x0000000000002bac       0x54 /Applications/lpcxpresso_5.2.6_2137/lpcxpresso/tools/bin/../lib/gcc/arm-none-eabi/4.6.2/../../../../arm-none-eabi/lib/armv7-m/libcr_newlib_nohost.a(_cr_check_heap.o)

.debug_macinfo  0x0000000000000000    0x22eef
 .debug_macinfo
                0x0000000000000000     0x7add ./src/ForSerialCDC_usbhw.o
 .debug_macinfo
                0x0000000000007add     0x8f3d ./src/TestLED.o
 .debug_macinfo
                0x0000000000010a1a     0x42dc ./src/cr_cpp_config.o
 .debug_macinfo
                0x0000000000014cf6     0x66fb ./src/cr_startup_lpc13.o
 .debug_macinfo
                0x000000000001b3f1     0x7afe /Users/take/proj/LBED/lbed/CMSISv2p00_LPC13xx/Debug/libCMSISv2p00_LPC13xx.a(system_LPC13xx.o)

.debug_str      0x0000000000000000     0x1e9c
 .debug_str     0x0000000000000000      0xbd1 ./src/ForSerialCDC_usbhw.o
                                        0xc49 (size before relaxing)
 .debug_str     0x0000000000000bd1      0x567 ./src/TestLED.o
                                        0x67b (size before relaxing)
 .debug_str     0x0000000000001138       0xfe ./src/cr_cpp_config.o
                                        0x205 (size before relaxing)
 .debug_str     0x0000000000001236      0x195 ./src/cr_startup_lpc13.o
                                        0x2b2 (size before relaxing)
 .debug_str     0x00000000000013cb       0x92 /Users/take/proj/LBED/lbed/CMSISv2p00_LPC13xx/Debug/libCMSISv2p00_LPC13xx.a(system_LPC13xx.o)
                                        0x442 (size before relaxing)
 .debug_str     0x000000000000145d       0x91 /Users/take/proj/LBED/lbed/LBED_LPC13xx/Debug/libLBED_LPC13xx.a(DigitalIn.o)
                                        0x80c (size before relaxing)
 .debug_str     0x00000000000014ee       0x1e /Users/take/proj/LBED/lbed/LBED_LPC13xx/Debug/libLBED_LPC13xx.a(DigitalOut.o)
                                        0x2a9 (size before relaxing)
 .debug_str     0x000000000000150c       0xda /Users/take/proj/LBED/lbed/LBED_LPC13xx/Debug/libLBED_LPC13xx.a(wait_api.o)
                                        0x60e (size before relaxing)
 .debug_str     0x00000000000015e6      0x3e3 /Users/take/proj/LBED/lbed/LBED_LPC13xx/Debug/libLBED_LPC13xx.a(_usbcore.o)
                                        0x620 (size before relaxing)
 .debug_str     0x00000000000019c9       0x9f /Users/take/proj/LBED/lbed/LBED_LPC13xx/Debug/libLBED_LPC13xx.a(_usbuser.o)
                                        0x1d5 (size before relaxing)
 .debug_str     0x0000000000001a68       0x21 /Users/take/proj/LBED/lbed/LBED_LPC13xx/Debug/libLBED_LPC13xx.a(_cdc_usbdesc.o)
                                        0x163 (size before relaxing)
 .debug_str     0x0000000000001a89      0x299 /Users/take/proj/LBED/lbed/LBED_LPC13xx/Debug/libLBED_LPC13xx.a(_cdcuser.o)
                                        0x3d7 (size before relaxing)
 .debug_str     0x0000000000001d22       0xee /Applications/lpcxpresso_5.2.6_2137/lpcxpresso/tools/bin/../lib/gcc/arm-none-eabi/4.6.2/../../../../arm-none-eabi/lib/armv7-m/libcr_newlib_nohost.a(_cr_sbrk.o)
                                        0x17e (size before relaxing)
 .debug_str     0x0000000000001e10       0x15 /Applications/lpcxpresso_5.2.6_2137/lpcxpresso/tools/bin/../lib/gcc/arm-none-eabi/4.6.2/../../../../arm-none-eabi/lib/armv7-m/libcr_newlib_nohost.a(_exit.o)
                                         0xab (size before relaxing)
 .debug_str     0x0000000000001e25       0x1e /Applications/lpcxpresso_5.2.6_2137/lpcxpresso/tools/bin/../lib/gcc/arm-none-eabi/4.6.2/../../../../arm-none-eabi/lib/armv7-m/libcr_newlib_nohost.a(getpid.o)
                                        0x13d (size before relaxing)
 .debug_str     0x0000000000001e43       0x14 /Applications/lpcxpresso_5.2.6_2137/lpcxpresso/tools/bin/../lib/gcc/arm-none-eabi/4.6.2/../../../../arm-none-eabi/lib/armv7-m/libcr_newlib_nohost.a(kill.o)
                                        0x139 (size before relaxing)
 .debug_str     0x0000000000001e57       0x45 /Applications/lpcxpresso_5.2.6_2137/lpcxpresso/tools/bin/../lib/gcc/arm-none-eabi/4.6.2/../../../../arm-none-eabi/lib/armv7-m/libcr_newlib_nohost.a(_cr_check_heap.o)
                                        0x10a (size before relaxing)

.comment        0x0000000000000000       0xe0
 .comment       0x0000000000000000       0x70 ./src/ForSerialCDC_usbhw.o
                                         0x71 (size before relaxing)
 .comment       0x0000000000000000       0x71 ./src/TestLED.o
 .comment       0x0000000000000000       0x71 ./src/cr_cpp_config.o
 .comment       0x0000000000000000       0x71 ./src/cr_startup_lpc13.o
 .comment       0x0000000000000000       0x71 /Users/take/proj/LBED/lbed/CMSISv2p00_LPC13xx/Debug/libCMSISv2p00_LPC13xx.a(system_LPC13xx.o)
 .comment       0x0000000000000000       0x71 /Users/take/proj/LBED/lbed/LBED_LPC13xx/Debug/libLBED_LPC13xx.a(DigitalIn.o)
 .comment       0x0000000000000000       0x71 /Users/take/proj/LBED/lbed/LBED_LPC13xx/Debug/libLBED_LPC13xx.a(DigitalOut.o)
 .comment       0x0000000000000000       0x71 /Users/take/proj/LBED/lbed/LBED_LPC13xx/Debug/libLBED_LPC13xx.a(wait_api.o)
 .comment       0x0000000000000000       0x71 /Users/take/proj/LBED/lbed/LBED_LPC13xx/Debug/libLBED_LPC13xx.a(_usbcore.o)
 .comment       0x0000000000000000       0x71 /Users/take/proj/LBED/lbed/LBED_LPC13xx/Debug/libLBED_LPC13xx.a(_usbuser.o)
 .comment       0x0000000000000000       0x71 /Users/take/proj/LBED/lbed/LBED_LPC13xx/Debug/libLBED_LPC13xx.a(_cdc_usbdesc.o)
 .comment       0x0000000000000000       0x71 /Users/take/proj/LBED/lbed/LBED_LPC13xx/Debug/libLBED_LPC13xx.a(_cdcuser.o)
 .comment       0x0000000000000070       0x70 /Applications/lpcxpresso_5.2.6_2137/lpcxpresso/tools/bin/../lib/gcc/arm-none-eabi/4.6.2/../../../../arm-none-eabi/lib/armv7-m/libcr_newlib_nohost.a(_cr_sbrk.o)
                                         0x71 (size before relaxing)
 .comment       0x0000000000000000       0x71 /Applications/lpcxpresso_5.2.6_2137/lpcxpresso/tools/bin/../lib/gcc/arm-none-eabi/4.6.2/../../../../arm-none-eabi/lib/armv7-m/libcr_newlib_nohost.a(_exit.o)
 .comment       0x0000000000000000       0x71 /Applications/lpcxpresso_5.2.6_2137/lpcxpresso/tools/bin/../lib/gcc/arm-none-eabi/4.6.2/../../../../arm-none-eabi/lib/armv7-m/libcr_newlib_nohost.a(getpid.o)
 .comment       0x0000000000000000       0x71 /Applications/lpcxpresso_5.2.6_2137/lpcxpresso/tools/bin/../lib/gcc/arm-none-eabi/4.6.2/../../../../arm-none-eabi/lib/armv7-m/libcr_newlib_nohost.a(kill.o)
 .comment       0x0000000000000000       0x71 /Applications/lpcxpresso_5.2.6_2137/lpcxpresso/tools/bin/../lib/gcc/arm-none-eabi/4.6.2/../../../../arm-none-eabi/lib/armv7-m/libcr_newlib_nohost.a(_cr_check_heap.o)

.ARM.attributes
                0x0000000000000000       0x33
 .ARM.attributes
                0x0000000000000000       0x33 ./src/ForSerialCDC_usbhw.o
 .ARM.attributes
                0x0000000000000033       0x33 ./src/TestLED.o
 .ARM.attributes
                0x0000000000000066       0x33 ./src/cr_cpp_config.o
 .ARM.attributes
                0x0000000000000099       0x33 ./src/cr_startup_lpc13.o
 .ARM.attributes
                0x00000000000000cc       0x33 /Users/take/proj/LBED/lbed/CMSISv2p00_LPC13xx/Debug/libCMSISv2p00_LPC13xx.a(system_LPC13xx.o)
 .ARM.attributes
                0x00000000000000ff       0x33 /Users/take/proj/LBED/lbed/LBED_LPC13xx/Debug/libLBED_LPC13xx.a(DigitalIn.o)
 .ARM.attributes
                0x0000000000000132       0x33 /Users/take/proj/LBED/lbed/LBED_LPC13xx/Debug/libLBED_LPC13xx.a(DigitalOut.o)
 .ARM.attributes
                0x0000000000000165       0x33 /Users/take/proj/LBED/lbed/LBED_LPC13xx/Debug/libLBED_LPC13xx.a(wait_api.o)
 .ARM.attributes
                0x0000000000000198       0x33 /Users/take/proj/LBED/lbed/LBED_LPC13xx/Debug/libLBED_LPC13xx.a(_usbcore.o)
 .ARM.attributes
                0x00000000000001cb       0x33 /Users/take/proj/LBED/lbed/LBED_LPC13xx/Debug/libLBED_LPC13xx.a(_usbuser.o)
 .ARM.attributes
                0x00000000000001fe       0x33 /Users/take/proj/LBED/lbed/LBED_LPC13xx/Debug/libLBED_LPC13xx.a(_cdc_usbdesc.o)
 .ARM.attributes
                0x0000000000000231       0x33 /Users/take/proj/LBED/lbed/LBED_LPC13xx/Debug/libLBED_LPC13xx.a(_cdcuser.o)
 .ARM.attributes
                0x0000000000000264       0x2d /Applications/lpcxpresso_5.2.6_2137/lpcxpresso/tools/bin/../lib/gcc/arm-none-eabi/4.6.2/armv7-m/libgcc.a(unwind-arm.o)
 .ARM.attributes
                0x0000000000000291       0x1d /Applications/lpcxpresso_5.2.6_2137/lpcxpresso/tools/bin/../lib/gcc/arm-none-eabi/4.6.2/armv7-m/libgcc.a(libunwind.o)
 .ARM.attributes
                0x00000000000002ae       0x2d /Applications/lpcxpresso_5.2.6_2137/lpcxpresso/tools/bin/../lib/gcc/arm-none-eabi/4.6.2/armv7-m/libgcc.a(pr-support.o)
 .ARM.attributes
                0x00000000000002db       0x2d /Applications/lpcxpresso_5.2.6_2137/lpcxpresso/tools/bin/../lib/gcc/arm-none-eabi/4.6.2/../../../../arm-none-eabi/lib/armv7-m/libc.a(lib_a-abort.o)
 .ARM.attributes
                0x0000000000000308       0x2d /Applications/lpcxpresso_5.2.6_2137/lpcxpresso/tools/bin/../lib/gcc/arm-none-eabi/4.6.2/../../../../arm-none-eabi/lib/armv7-m/libc.a(lib_a-init.o)
 .ARM.attributes
                0x0000000000000335       0x2d /Applications/lpcxpresso_5.2.6_2137/lpcxpresso/tools/bin/../lib/gcc/arm-none-eabi/4.6.2/../../../../arm-none-eabi/lib/armv7-m/libc.a(lib_a-malloc.o)
 .ARM.attributes
                0x0000000000000362       0x2d /Applications/lpcxpresso_5.2.6_2137/lpcxpresso/tools/bin/../lib/gcc/arm-none-eabi/4.6.2/../../../../arm-none-eabi/lib/armv7-m/libc.a(lib_a-mallocr.o)
 .ARM.attributes
                0x000000000000038f       0x2d /Applications/lpcxpresso_5.2.6_2137/lpcxpresso/tools/bin/../lib/gcc/arm-none-eabi/4.6.2/../../../../arm-none-eabi/lib/armv7-m/libc.a(lib_a-memcpy.o)
 .ARM.attributes
                0x00000000000003bc       0x2d /Applications/lpcxpresso_5.2.6_2137/lpcxpresso/tools/bin/../lib/gcc/arm-none-eabi/4.6.2/../../../../arm-none-eabi/lib/armv7-m/libc.a(lib_a-mlock.o)
 .ARM.attributes
                0x00000000000003e9       0x2d /Applications/lpcxpresso_5.2.6_2137/lpcxpresso/tools/bin/../lib/gcc/arm-none-eabi/4.6.2/../../../../arm-none-eabi/lib/armv7-m/libc.a(lib_a-sbrkr.o)
 .ARM.attributes
                0x0000000000000416       0x2d /Applications/lpcxpresso_5.2.6_2137/lpcxpresso/tools/bin/../lib/gcc/arm-none-eabi/4.6.2/../../../../arm-none-eabi/lib/armv7-m/libc.a(lib_a-signal.o)
 .ARM.attributes
                0x0000000000000443       0x2d /Applications/lpcxpresso_5.2.6_2137/lpcxpresso/tools/bin/../lib/gcc/arm-none-eabi/4.6.2/../../../../arm-none-eabi/lib/armv7-m/libc.a(lib_a-signalr.o)
 .ARM.attributes
                0x0000000000000470       0x2d /Applications/lpcxpresso_5.2.6_2137/lpcxpresso/tools/bin/../lib/gcc/arm-none-eabi/4.6.2/../../../../arm-none-eabi/lib/armv7-m/libc.a(lib_a-freer.o)
 .ARM.attributes
                0x000000000000049d       0x2d /Applications/lpcxpresso_5.2.6_2137/lpcxpresso/tools/bin/../lib/gcc/arm-none-eabi/4.6.2/../../../../arm-none-eabi/lib/armv7-m/libc.a(lib_a-impure.o)
 .ARM.attributes
                0x00000000000004ca       0x2d /Applications/lpcxpresso_5.2.6_2137/lpcxpresso/tools/bin/../lib/gcc/arm-none-eabi/4.6.2/../../../../arm-none-eabi/lib/armv7-m/libc.a(lib_a-reent.o)
 .ARM.attributes
                0x00000000000004f7       0x33 /Applications/lpcxpresso_5.2.6_2137/lpcxpresso/tools/bin/../lib/gcc/arm-none-eabi/4.6.2/../../../../arm-none-eabi/lib/armv7-m/libcr_newlib_nohost.a(_cr_sbrk.o)
 .ARM.attributes
                0x000000000000052a       0x33 /Applications/lpcxpresso_5.2.6_2137/lpcxpresso/tools/bin/../lib/gcc/arm-none-eabi/4.6.2/../../../../arm-none-eabi/lib/armv7-m/libcr_newlib_nohost.a(_exit.o)
 .ARM.attributes
                0x000000000000055d       0x33 /Applications/lpcxpresso_5.2.6_2137/lpcxpresso/tools/bin/../lib/gcc/arm-none-eabi/4.6.2/../../../../arm-none-eabi/lib/armv7-m/libcr_newlib_nohost.a(getpid.o)
 .ARM.attributes
                0x0000000000000590       0x33 /Applications/lpcxpresso_5.2.6_2137/lpcxpresso/tools/bin/../lib/gcc/arm-none-eabi/4.6.2/../../../../arm-none-eabi/lib/armv7-m/libcr_newlib_nohost.a(kill.o)
 .ARM.attributes
                0x00000000000005c3       0x33 /Applications/lpcxpresso_5.2.6_2137/lpcxpresso/tools/bin/../lib/gcc/arm-none-eabi/4.6.2/../../../../arm-none-eabi/lib/armv7-m/libcr_newlib_nohost.a(_cr_check_heap.o)
 .ARM.attributes
                0x00000000000005f6       0x1d /Applications/lpcxpresso_5.2.6_2137/lpcxpresso/tools/bin/../lib/gcc/arm-none-eabi/4.6.2/armv7-m/crti.o
 .ARM.attributes
                0x0000000000000613       0x1d /Applications/lpcxpresso_5.2.6_2137/lpcxpresso/tools/bin/../lib/gcc/arm-none-eabi/4.6.2/armv7-m/crtn.o
 .ARM.attributes
                0x0000000000000630       0x2d /Applications/lpcxpresso_5.2.6_2137/lpcxpresso/tools/bin/../lib/gcc/arm-none-eabi/4.6.2/armv7-m/crtbegin.o
 .ARM.attributes
                0x000000000000065d       0x2d /Applications/lpcxpresso_5.2.6_2137/lpcxpresso/tools/bin/../lib/gcc/arm-none-eabi/4.6.2/armv7-m/crtend.o
 .ARM.attributes
                0x000000000000068a       0x2d /Applications/lpcxpresso_5.2.6_2137/lpcxpresso/tools/bin/../lib/gcc/arm-none-eabi/4.6.2/../../../../arm-none-eabi/lib/armv7-m/libc.a(lib_a-errno.o)

.debug_frame    0x0000000000000000     0x1094
 .debug_frame   0x0000000000000000      0x368 ./src/ForSerialCDC_usbhw.o
 .debug_frame   0x0000000000000368       0x30 ./src/TestLED.o
 .debug_frame   0x0000000000000398       0x70 ./src/cr_cpp_config.o
 .debug_frame   0x0000000000000408       0xf4 ./src/cr_startup_lpc13.o
 .debug_frame   0x00000000000004fc       0x30 /Users/take/proj/LBED/lbed/CMSISv2p00_LPC13xx/Debug/libCMSISv2p00_LPC13xx.a(system_LPC13xx.o)
 .debug_frame   0x000000000000052c       0x68 /Users/take/proj/LBED/lbed/LBED_LPC13xx/Debug/libLBED_LPC13xx.a(DigitalIn.o)
 .debug_frame   0x0000000000000594       0x5c /Users/take/proj/LBED/lbed/LBED_LPC13xx/Debug/libLBED_LPC13xx.a(DigitalOut.o)
 .debug_frame   0x00000000000005f0       0x54 /Users/take/proj/LBED/lbed/LBED_LPC13xx/Debug/libLBED_LPC13xx.a(wait_api.o)
 .debug_frame   0x0000000000000644      0x168 /Users/take/proj/LBED/lbed/LBED_LPC13xx/Debug/libLBED_LPC13xx.a(_usbcore.o)
 .debug_frame   0x00000000000007ac       0x88 /Users/take/proj/LBED/lbed/LBED_LPC13xx/Debug/libLBED_LPC13xx.a(_usbuser.o)
 .debug_frame   0x0000000000000834      0x14c /Users/take/proj/LBED/lbed/LBED_LPC13xx/Debug/libLBED_LPC13xx.a(_cdcuser.o)
 .debug_frame   0x0000000000000980      0x264 /Applications/lpcxpresso_5.2.6_2137/lpcxpresso/tools/bin/../lib/gcc/arm-none-eabi/4.6.2/armv7-m/libgcc.a(unwind-arm.o)
 .debug_frame   0x0000000000000be4       0xec /Applications/lpcxpresso_5.2.6_2137/lpcxpresso/tools/bin/../lib/gcc/arm-none-eabi/4.6.2/armv7-m/libgcc.a(pr-support.o)
 .debug_frame   0x0000000000000cd0       0x28 /Applications/lpcxpresso_5.2.6_2137/lpcxpresso/tools/bin/../lib/gcc/arm-none-eabi/4.6.2/../../../../arm-none-eabi/lib/armv7-m/libc.a(lib_a-abort.o)
 .debug_frame   0x0000000000000cf8       0x2c /Applications/lpcxpresso_5.2.6_2137/lpcxpresso/tools/bin/../lib/gcc/arm-none-eabi/4.6.2/../../../../arm-none-eabi/lib/armv7-m/libc.a(lib_a-init.o)
 .debug_frame   0x0000000000000d24       0x30 /Applications/lpcxpresso_5.2.6_2137/lpcxpresso/tools/bin/../lib/gcc/arm-none-eabi/4.6.2/../../../../arm-none-eabi/lib/armv7-m/libc.a(lib_a-malloc.o)
 .debug_frame   0x0000000000000d54       0x38 /Applications/lpcxpresso_5.2.6_2137/lpcxpresso/tools/bin/../lib/gcc/arm-none-eabi/4.6.2/../../../../arm-none-eabi/lib/armv7-m/libc.a(lib_a-mallocr.o)
 .debug_frame   0x0000000000000d8c       0x2c /Applications/lpcxpresso_5.2.6_2137/lpcxpresso/tools/bin/../lib/gcc/arm-none-eabi/4.6.2/../../../../arm-none-eabi/lib/armv7-m/libc.a(lib_a-memcpy.o)
 .debug_frame   0x0000000000000db8       0x30 /Applications/lpcxpresso_5.2.6_2137/lpcxpresso/tools/bin/../lib/gcc/arm-none-eabi/4.6.2/../../../../arm-none-eabi/lib/armv7-m/libc.a(lib_a-mlock.o)
 .debug_frame   0x0000000000000de8       0x2c /Applications/lpcxpresso_5.2.6_2137/lpcxpresso/tools/bin/../lib/gcc/arm-none-eabi/4.6.2/../../../../arm-none-eabi/lib/armv7-m/libc.a(lib_a-sbrkr.o)
 .debug_frame   0x0000000000000e14       0xc0 /Applications/lpcxpresso_5.2.6_2137/lpcxpresso/tools/bin/../lib/gcc/arm-none-eabi/4.6.2/../../../../arm-none-eabi/lib/armv7-m/libc.a(lib_a-signal.o)
 .debug_frame   0x0000000000000ed4       0x3c /Applications/lpcxpresso_5.2.6_2137/lpcxpresso/tools/bin/../lib/gcc/arm-none-eabi/4.6.2/../../../../arm-none-eabi/lib/armv7-m/libc.a(lib_a-signalr.o)
 .debug_frame   0x0000000000000f10       0x50 /Applications/lpcxpresso_5.2.6_2137/lpcxpresso/tools/bin/../lib/gcc/arm-none-eabi/4.6.2/../../../../arm-none-eabi/lib/armv7-m/libc.a(lib_a-freer.o)
 .debug_frame   0x0000000000000f60       0x68 /Applications/lpcxpresso_5.2.6_2137/lpcxpresso/tools/bin/../lib/gcc/arm-none-eabi/4.6.2/../../../../arm-none-eabi/lib/armv7-m/libc.a(lib_a-reent.o)
 .debug_frame   0x0000000000000fc8       0x2c /Applications/lpcxpresso_5.2.6_2137/lpcxpresso/tools/bin/../lib/gcc/arm-none-eabi/4.6.2/../../../../arm-none-eabi/lib/armv7-m/libcr_newlib_nohost.a(_cr_sbrk.o)
 .debug_frame   0x0000000000000ff4       0x20 /Applications/lpcxpresso_5.2.6_2137/lpcxpresso/tools/bin/../lib/gcc/arm-none-eabi/4.6.2/../../../../arm-none-eabi/lib/armv7-m/libcr_newlib_nohost.a(_exit.o)
 .debug_frame   0x0000000000001014       0x20 /Applications/lpcxpresso_5.2.6_2137/lpcxpresso/tools/bin/../lib/gcc/arm-none-eabi/4.6.2/../../../../arm-none-eabi/lib/armv7-m/libcr_newlib_nohost.a(getpid.o)
 .debug_frame   0x0000000000001034       0x20 /Applications/lpcxpresso_5.2.6_2137/lpcxpresso/tools/bin/../lib/gcc/arm-none-eabi/4.6.2/../../../../arm-none-eabi/lib/armv7-m/libcr_newlib_nohost.a(kill.o)
 .debug_frame   0x0000000000001054       0x20 /Applications/lpcxpresso_5.2.6_2137/lpcxpresso/tools/bin/../lib/gcc/arm-none-eabi/4.6.2/../../../../arm-none-eabi/lib/armv7-m/libcr_newlib_nohost.a(_cr_check_heap.o)
 .debug_frame   0x0000000000001074       0x20 /Applications/lpcxpresso_5.2.6_2137/lpcxpresso/tools/bin/../lib/gcc/arm-none-eabi/4.6.2/../../../../arm-none-eabi/lib/armv7-m/libc.a(lib_a-errno.o)
