Archive member included because of file (symbol)

/Users/take/proj/LBED/lbed/CMSISv2p00_LPC13xx/Debug/libCMSISv2p00_LPC13xx.a(system_LPC13xx.o)
                              ./src/cr_startup_lpc13.o (SystemInit)
/Users/take/Documents/LPCXpresso_4.2.4/workspace/LBED_LPC13xx_USERLIB/Debug/libLBED_LPC13xx_USERLIB.a(LM75B.o)
                              ./src/TestLM75B.o (_ZN5LM75B4readEv)
/Users/take/Documents/LPCXpresso_4.2.4/workspace/LBED_LPC13xx_USERLIB/Debug/libLBED_LPC13xx_USERLIB.a(TextLCD.o)
                              ./src/TestLM75B.o (_ZN7TextLCD6locateEii)
/Users/take/proj/LBED/lbed/LBED_LPC13xx/Debug/libLBED_LPC13xx.a(BusOut.o)
                              /Users/take/Documents/LPCXpresso_4.2.4/workspace/LBED_LPC13xx_USERLIB/Debug/libLBED_LPC13xx_USERLIB.a(TextLCD.o) (_ZN6BusOut5writeEi)
/Users/take/proj/LBED/lbed/LBED_LPC13xx/Debug/libLBED_LPC13xx.a(DigitalIn.o)
                              ./src/TestLM75B.o (_ZN9DigitalIn4readEv)
/Users/take/proj/LBED/lbed/LBED_LPC13xx/Debug/libLBED_LPC13xx.a(DigitalOut.o)
                              /Users/take/proj/LBED/lbed/LBED_LPC13xx/Debug/libLBED_LPC13xx.a(BusOut.o) (_ZN10DigitalOut5setupEiPKc)
/Users/take/proj/LBED/lbed/LBED_LPC13xx/Debug/libLBED_LPC13xx.a(I2C.o)
                              /Users/take/Documents/LPCXpresso_4.2.4/workspace/LBED_LPC13xx_USERLIB/Debug/libLBED_LPC13xx_USERLIB.a(LM75B.o) (_ZN3I2C4readEiPcib)
/Users/take/proj/LBED/lbed/LBED_LPC13xx/Debug/libLBED_LPC13xx.a(Print.o)
                              /Users/take/Documents/LPCXpresso_4.2.4/workspace/LBED_LPC13xx_USERLIB/Debug/libLBED_LPC13xx_USERLIB.a(TextLCD.o) (_ZN5Print5writeEPKci)
/Users/take/proj/LBED/lbed/LBED_LPC13xx/Debug/libLBED_LPC13xx.a(pure_virtual.o)
                              /Users/take/proj/LBED/lbed/LBED_LPC13xx/Debug/libLBED_LPC13xx.a(Print.o) (__cxa_pure_virtual)
/Users/take/proj/LBED/lbed/LBED_LPC13xx/Debug/libLBED_LPC13xx.a(wait_api.o)
                              ./src/TestLM75B.o (wait_init)
/Users/take/proj/LBED/lbed/LBED_LPC13xx/Debug/libLBED_LPC13xx.a(_i2c.o)
                              /Users/take/proj/LBED/lbed/LBED_LPC13xx/Debug/libLBED_LPC13xx.a(I2C.o) (getI2CMasterBuffer)
/Applications/lpcxpresso_4.2.4_267/lpcxpresso/Tools/bin/../lib/gcc/arm-none-eabi/4.6.2/armv7-m/libgcc.a(_arm_addsubdf3.o)
                              /Users/take/proj/LBED/lbed/LBED_LPC13xx/Debug/libLBED_LPC13xx.a(Print.o) (__aeabi_dsub)
/Applications/lpcxpresso_4.2.4_267/lpcxpresso/Tools/bin/../lib/gcc/arm-none-eabi/4.6.2/armv7-m/libgcc.a(_arm_muldivdf3.o)
                              /Users/take/proj/LBED/lbed/LBED_LPC13xx/Debug/libLBED_LPC13xx.a(Print.o) (__aeabi_dmul)
/Applications/lpcxpresso_4.2.4_267/lpcxpresso/Tools/bin/../lib/gcc/arm-none-eabi/4.6.2/armv7-m/libgcc.a(_arm_cmpdf2.o)
                              /Users/take/proj/LBED/lbed/LBED_LPC13xx/Debug/libLBED_LPC13xx.a(Print.o) (__aeabi_dcmplt)
/Applications/lpcxpresso_4.2.4_267/lpcxpresso/Tools/bin/../lib/gcc/arm-none-eabi/4.6.2/armv7-m/libgcc.a(_arm_fixdfsi.o)
                              /Users/take/proj/LBED/lbed/LBED_LPC13xx/Debug/libLBED_LPC13xx.a(Print.o) (__aeabi_d2iz)
/Applications/lpcxpresso_4.2.4_267/lpcxpresso/Tools/bin/../lib/gcc/arm-none-eabi/4.6.2/armv7-m/libgcc.a(_arm_fixunsdfsi.o)
                              /Users/take/proj/LBED/lbed/LBED_LPC13xx/Debug/libLBED_LPC13xx.a(Print.o) (__aeabi_d2uiz)
/Applications/lpcxpresso_4.2.4_267/lpcxpresso/Tools/bin/../lib/gcc/arm-none-eabi/4.6.2/armv7-m/libgcc.a(_arm_truncdfsf2.o)
                              /Users/take/Documents/LPCXpresso_4.2.4/workspace/LBED_LPC13xx_USERLIB/Debug/libLBED_LPC13xx_USERLIB.a(LM75B.o) (__aeabi_d2f)
/Applications/lpcxpresso_4.2.4_267/lpcxpresso/Tools/bin/../lib/gcc/arm-none-eabi/4.6.2/armv7-m/libgcc.a(unwind-arm.o)
                              /Users/take/proj/LBED/lbed/LBED_LPC13xx/Debug/libLBED_LPC13xx.a(BusOut.o) (__aeabi_unwind_cpp_pr0)
/Applications/lpcxpresso_4.2.4_267/lpcxpresso/Tools/bin/../lib/gcc/arm-none-eabi/4.6.2/armv7-m/libgcc.a(libunwind.o)
                              /Applications/lpcxpresso_4.2.4_267/lpcxpresso/Tools/bin/../lib/gcc/arm-none-eabi/4.6.2/armv7-m/libgcc.a(unwind-arm.o) (restore_core_regs)
/Applications/lpcxpresso_4.2.4_267/lpcxpresso/Tools/bin/../lib/gcc/arm-none-eabi/4.6.2/armv7-m/libgcc.a(pr-support.o)
                              /Applications/lpcxpresso_4.2.4_267/lpcxpresso/Tools/bin/../lib/gcc/arm-none-eabi/4.6.2/armv7-m/libgcc.a(unwind-arm.o) (__gnu_unwind_execute)
/Applications/lpcxpresso_4.2.4_267/lpcxpresso/Tools/bin/../lib/gcc/arm-none-eabi/4.6.2/../../../../arm-none-eabi/lib/armv7-m/libc.a(lib_a-abort.o)
                              /Applications/lpcxpresso_4.2.4_267/lpcxpresso/Tools/bin/../lib/gcc/arm-none-eabi/4.6.2/armv7-m/libgcc.a(unwind-arm.o) (abort)
/Applications/lpcxpresso_4.2.4_267/lpcxpresso/Tools/bin/../lib/gcc/arm-none-eabi/4.6.2/../../../../arm-none-eabi/lib/armv7-m/libc.a(lib_a-init.o)
                              ./src/cr_startup_lpc13.o (__libc_init_array)
[...]
Memory Configuration

Name             Origin             Length             Attributes
MFlash32         0x0000000000000000 0x0000000000008000 xr
RamLoc8          0x0000000010000000 0x0000000000002000 xrw
*default*        0x0000000000000000 0xffffffffffffffff

Linker script and memory map

LOAD ./src/TestLM75B.o
LOAD ./src/cr_cpp_config.o
LOAD ./src/cr_startup_lpc13.o
LOAD /Users/take/proj/LBED/lbed/CMSISv2p00_LPC13xx/Debug/libCMSISv2p00_LPC13xx.a
LOAD /Users/take/Documents/LPCXpresso_4.2.4/workspace/LBED_LPC13xx_USERLIB/Debug/libLBED_LPC13xx_USERLIB.a
LOAD /Users/take/proj/LBED/lbed/LBED_LPC13xx/Debug/libLBED_LPC13xx.a
START GROUP
LOAD /Applications/lpcxpresso_4.2.4_267/lpcxpresso/Tools/bin/../lib/gcc/arm-none-eabi/4.6.2/armv7-m/libgcc.a
LOAD /Applications/lpcxpresso_4.2.4_267/lpcxpresso/Tools/bin/../lib/gcc/arm-none-eabi/4.6.2/../../../../arm-none-eabi/lib/armv7-m/libc.a
LOAD /Applications/lpcxpresso_4.2.4_267/lpcxpresso/Tools/bin/../lib/gcc/arm-none-eabi/4.6.2/../../../../arm-none-eabi/lib/armv7-m/libstdc++.a
LOAD /Applications/lpcxpresso_4.2.4_267/lpcxpresso/Tools/bin/../lib/gcc/arm-none-eabi/4.6.2/../../../../arm-none-eabi/lib/armv7-m/libm.a
LOAD /Applications/lpcxpresso_4.2.4_267/lpcxpresso/Tools/bin/../lib/gcc/arm-none-eabi/4.6.2/../../../../arm-none-eabi/lib/armv7-m/libcr_newlib_nohost.a
LOAD /Applications/lpcxpresso_4.2.4_267/lpcxpresso/Tools/bin/../lib/gcc/arm-none-eabi/4.6.2/armv7-m/crti.o
LOAD /Applications/lpcxpresso_4.2.4_267/lpcxpresso/Tools/bin/../lib/gcc/arm-none-eabi/4.6.2/armv7-m/crtn.o
LOAD /Applications/lpcxpresso_4.2.4_267/lpcxpresso/Tools/bin/../lib/gcc/arm-none-eabi/4.6.2/armv7-m/crtbegin.o
LOAD /Applications/lpcxpresso_4.2.4_267/lpcxpresso/Tools/bin/../lib/gcc/arm-none-eabi/4.6.2/armv7-m/crtend.o
END GROUP
                0x0000000000008000                __top_MFlash32 = 0x8000
                0x0000000010002000                __top_RamLoc8 = 0x10002000

.text           0x0000000000000000     0x5854
 FILL mask 0xff
 *(.isr_vector)
 .isr_vector    0x0000000000000000      0x128 ./src/cr_startup_lpc13.o
                0x0000000000000000                g_pfnVectors
                0x0000000000000128                . = ALIGN (0x4)
                0x0000000000000128                __section_table_start = .
                0x0000000000000128                __data_section_table = .
                0x0000000000000128        0x4 LONG 0x5d98 LOADADDR (.data)
                0x000000000000012c        0x4 LONG 0x10000000 ADDR (.data)
                0x0000000000000130        0x4 LONG 0x850 SIZEOF (.data)
                0x0000000000000134                __data_section_table_end = .
                0x0000000000000134                __bss_section_table = .
                0x0000000000000134        0x4 LONG 0x10000850 ADDR (.bss)
                0x0000000000000138        0x4 LONG 0xa7c SIZEOF (.bss)
                0x000000000000013c                __bss_section_table_end = .
                0x000000000000013c                __section_table_end = .
 *(.after_vectors*)
 .after_vectors
                0x000000000000013c      0x1a0 ./src/cr_startup_lpc13.o
                0x000000000000013c                _Z9data_initjjj
                0x0000000000000194                _Z8bss_initjj
                0x00000000000001e0                ResetISR
                0x000000000000028c                NMI_Handler
                0x0000000000000294                HardFault_Handler
                0x000000000000029c                MemManage_Handler
                0x00000000000002a4                BusFault_Handler
                0x00000000000002ac                UsageFault_Handler
                0x00000000000002b4                SVC_Handler
                0x00000000000002bc                DebugMon_Handler
                0x00000000000002c4                PendSV_Handler
                0x00000000000002d4                PIOINT2_IRQHandler
                0x00000000000002d4                USB_IRQHandler
                0x00000000000002d4                BOD_IRQHandler
                0x00000000000002d4                WAKEUP_IRQHandler
                0x00000000000002d4                PIOINT0_IRQHandler
                0x00000000000002d4                WDT_IRQHandler
                0x00000000000002d4                PIOINT3_IRQHandler
                0x00000000000002d4                TIMER16_0_IRQHandler
                0x00000000000002d4                FMC_IRQHandler
                0x00000000000002d4                UART_IRQHandler
                0x00000000000002d4                TIMER32_0_IRQHandler
                0x00000000000002d4                TIMER32_1_IRQHandler
                0x00000000000002d4                IntDefaultHandler
                0x00000000000002d4                PIOINT1_IRQHandler
                0x00000000000002d4                SSP_IRQHandler
                0x00000000000002d4                TIMER16_1_IRQHandler
                0x00000000000002d4                USB_FIQHandler
                0x00000000000002d4                ADC_IRQHandler
                0x00000000000002d4                SSP1_IRQHandler
 *(.text*)
 .text._ZN9DigitalIncviEv
                0x00000000000002dc       0x1c ./src/TestLM75B.o
                0x00000000000002dc                _ZN9DigitalIncviEv
 .text._ZN10DigitalOut5writeEi
                0x00000000000002f8       0x70 ./src/TestLM75B.o
                0x00000000000002f8                _ZN10DigitalOut5writeEi
 .text._ZN10DigitalOutaSEi
                0x0000000000000368       0x20 ./src/TestLM75B.o
                0x0000000000000368                _ZN10DigitalOutaSEi
 .text.main     0x0000000000000388      0x11c ./src/TestLM75B.o
                0x0000000000000388                main
 .text._Znwj    0x00000000000004a4       0x1c ./src/cr_cpp_config.o
                0x00000000000004a4                _Znwj
 .text._Znaj    0x00000000000004c0       0x1c ./src/cr_cpp_config.o
                0x00000000000004c0                _Znaj
 .text._ZdlPv   0x00000000000004dc       0x18 ./src/cr_cpp_config.o
                0x00000000000004dc                _ZdlPv
 .text._ZdaPv   0x00000000000004f4       0x18 ./src/cr_cpp_config.o
                0x00000000000004f4                _ZdaPv
 .text.__aeabi_atexit
                0x000000000000050c       0x1c ./src/cr_cpp_config.o
                0x000000000000050c                __aeabi_atexit
 .text._ZN9__gnu_cxx27__verbose_terminate_handlerEv
                0x0000000000000528        0x8 ./src/cr_cpp_config.o
                0x0000000000000528                _ZN9__gnu_cxx27__verbose_terminate_handlerEv
 .text.SystemInit
                0x0000000000000530       0xb4 /Users/take/proj/LBED/lbed/CMSISv2p00_LPC13xx/Debug/libCMSISv2p00_LPC13xx.a(system_LPC13xx.o)
                0x0000000000000530                SystemInit
 .text._ZN5LM75BC2Eii
                0x00000000000005e4       0x50 /Users/take/Documents/LPCXpresso_4.2.4/workspace/LBED_LPC13xx_USERLIB/Debug/libLBED_LPC13xx_USERLIB.a(LM75B.o)
                0x00000000000005e4                _ZN5LM75BC2Eii
                0x00000000000005e4                _ZN5LM75BC1Eii
 .text._ZN5LM75BD2Ev
                0x0000000000000634       0x18 /Users/take/Documents/LPCXpresso_4.2.4/workspace/LBED_LPC13xx_USERLIB/Debug/libLBED_LPC13xx_USERLIB.a(LM75B.o)
                0x0000000000000634                _ZN5LM75BD1Ev
                0x0000000000000634                _ZN5LM75BD2Ev
 *fill*         0x000000000000064c        0x4 00
 .text._ZN5LM75B4readEv
                0x0000000000000650       0x80 /Users/take/Documents/LPCXpresso_4.2.4/workspace/LBED_LPC13xx_USERLIB/Debug/libLBED_LPC13xx_USERLIB.a(LM75B.o)
                0x0000000000000650                _ZN5LM75B4readEv
 .text._ZN7TextLCD5writeEc
                0x00000000000006d0       0x2c /Users/take/Documents/LPCXpresso_4.2.4/workspace/LBED_LPC13xx_USERLIB/Debug/libLBED_LPC13xx_USERLIB.a(TextLCD.o)
                0x00000000000006d0                _ZN7TextLCD5writeEc
 .text._ZN5PrintC2Ev
                0x00000000000006fc       0x20 /Users/take/Documents/LPCXpresso_4.2.4/workspace/LBED_LPC13xx_USERLIB/Debug/libLBED_LPC13xx_USERLIB.a(TextLCD.o)
                0x00000000000006fc                _ZN5PrintC1Ev
                0x00000000000006fc                _ZN5PrintC2Ev
 .text._ZN7TextLCDC2EiiiiiiNS_7LCDTypeE
                0x000000000000071c      0x148 /Users/take/Documents/LPCXpresso_4.2.4/workspace/LBED_LPC13xx_USERLIB/Debug/libLBED_LPC13xx_USERLIB.a(TextLCD.o)
                0x000000000000071c                _ZN7TextLCDC1EiiiiiiNS_7LCDTypeE
                0x000000000000071c                _ZN7TextLCDC2EiiiiiiNS_7LCDTypeE
 .text._ZN7TextLCD9characterEiii
                0x0000000000000864       0x34 /Users/take/Documents/LPCXpresso_4.2.4/workspace/LBED_LPC13xx_USERLIB/Debug/libLBED_LPC13xx_USERLIB.a(TextLCD.o)
                0x0000000000000864                _ZN7TextLCD9characterEiii
 .text._ZN7TextLCD3clsEv
                0x0000000000000898       0x30 /Users/take/Documents/LPCXpresso_4.2.4/workspace/LBED_LPC13xx_USERLIB/Debug/libLBED_LPC13xx_USERLIB.a(TextLCD.o)
                0x0000000000000898                _ZN7TextLCD3clsEv
 .text._ZN7TextLCD6locateEii
                0x00000000000008c8       0x28 /Users/take/Documents/LPCXpresso_4.2.4/workspace/LBED_LPC13xx_USERLIB/Debug/libLBED_LPC13xx_USERLIB.a(TextLCD.o)
                0x00000000000008c8                _ZN7TextLCD6locateEii
 .text._ZN7TextLCD5_putcEi
                0x00000000000008f0       0xe4 /Users/take/Documents/LPCXpresso_4.2.4/workspace/LBED_LPC13xx_USERLIB/Debug/libLBED_LPC13xx_USERLIB.a(TextLCD.o)
                0x00000000000008f0                _ZN7TextLCD5_putcEi
 .text._ZN7TextLCD5_getcEv
                0x00000000000009d4       0x18 /Users/take/Documents/LPCXpresso_4.2.4/workspace/LBED_LPC13xx_USERLIB/Debug/libLBED_LPC13xx_USERLIB.a(TextLCD.o)
                0x00000000000009d4                _ZN7TextLCD5_getcEv
 .text._ZN7TextLCD9writeByteEi
                0x00000000000009ec       0x94 /Users/take/Documents/LPCXpresso_4.2.4/workspace/LBED_LPC13xx_USERLIB/Debug/libLBED_LPC13xx_USERLIB.a(TextLCD.o)
                0x00000000000009ec                _ZN7TextLCD9writeByteEi
 .text._ZN7TextLCD12writeCommandEi
                0x0000000000000a80       0x2c /Users/take/Documents/LPCXpresso_4.2.4/workspace/LBED_LPC13xx_USERLIB/Debug/libLBED_LPC13xx_USERLIB.a(TextLCD.o)
                0x0000000000000a80                _ZN7TextLCD12writeCommandEi
 .text._ZN7TextLCD9writeDataEi
                0x0000000000000aac       0x2c /Users/take/Documents/LPCXpresso_4.2.4/workspace/LBED_LPC13xx_USERLIB/Debug/libLBED_LPC13xx_USERLIB.a(TextLCD.o)
                0x0000000000000aac                _ZN7TextLCD9writeDataEi
 .text._ZN7TextLCD7addressEii
                0x0000000000000ad8       0x8c /Users/take/Documents/LPCXpresso_4.2.4/workspace/LBED_LPC13xx_USERLIB/Debug/libLBED_LPC13xx_USERLIB.a(TextLCD.o)
                0x0000000000000ad8                _ZN7TextLCD7addressEii
 .text._ZN7TextLCD7columnsEv
                0x0000000000000b64       0x2c /Users/take/Documents/LPCXpresso_4.2.4/workspace/LBED_LPC13xx_USERLIB/Debug/libLBED_LPC13xx_USERLIB.a(TextLCD.o)
                0x0000000000000b64                _ZN7TextLCD7columnsEv
 .text._ZN7TextLCD4rowsEv
                0x0000000000000b90       0x28 /Users/take/Documents/LPCXpresso_4.2.4/workspace/LBED_LPC13xx_USERLIB/Debug/libLBED_LPC13xx_USERLIB.a(TextLCD.o)
                0x0000000000000b90                _ZN7TextLCD4rowsEv
 .text._ZN6BusOutC2Eiiiiiiiiiiiiiiii
                0x0000000000000bb8      0x104 /Users/take/proj/LBED/lbed/LBED_LPC13xx/Debug/libLBED_LPC13xx.a(BusOut.o)
                0x0000000000000bb8                _ZN6BusOutC2Eiiiiiiiiiiiiiiii
                0x0000000000000bb8                _ZN6BusOutC1Eiiiiiiiiiiiiiiii
 .text._ZN6BusOut5writeEi
                0x0000000000000cbc       0x34 /Users/take/proj/LBED/lbed/LBED_LPC13xx/Debug/libLBED_LPC13xx.a(BusOut.o)
                0x0000000000000cbc                _ZN6BusOut5writeEi
 .text._ZN6BusOut4readEv
                0x0000000000000cf0       0x2c /Users/take/proj/LBED/lbed/LBED_LPC13xx/Debug/libLBED_LPC13xx.a(BusOut.o)
                0x0000000000000cf0                _ZN6BusOut4readEv
 .text._ZN9DigitalInC2Ev
                0x0000000000000d1c       0x10 /Users/take/proj/LBED/lbed/LBED_LPC13xx/Debug/libLBED_LPC13xx.a(DigitalIn.o)
                0x0000000000000d1c                _ZN9DigitalInC1Ev
                0x0000000000000d1c                _ZN9DigitalInC2Ev
 .text._ZN9DigitalIn5setupEiPKc
                0x0000000000000d2c      0x300 /Users/take/proj/LBED/lbed/LBED_LPC13xx/Debug/libLBED_LPC13xx.a(DigitalIn.o)
                0x0000000000000d2c                _ZN9DigitalIn5setupEiPKc
 .text._ZN9DigitalInC2EiPKc
                0x000000000000102c       0x1c /Users/take/proj/LBED/lbed/LBED_LPC13xx/Debug/libLBED_LPC13xx.a(DigitalIn.o)
                0x000000000000102c                _ZN9DigitalInC1EiPKc
                0x000000000000102c                _ZN9DigitalInC2EiPKc
 .text._ZN9DigitalIn4modeEi
                0x0000000000001048       0x38 /Users/take/proj/LBED/lbed/LBED_LPC13xx/Debug/libLBED_LPC13xx.a(DigitalIn.o)
                0x0000000000001048                _ZN9DigitalIn4modeEi
 .text._ZN9DigitalIn4readEv
                0x0000000000001080       0x1c /Users/take/proj/LBED/lbed/LBED_LPC13xx/Debug/libLBED_LPC13xx.a(DigitalIn.o)
                0x0000000000001080                _ZN9DigitalIn4readEv
 .text._ZN10DigitalOutC2Ev
                0x000000000000109c        0xc /Users/take/proj/LBED/lbed/LBED_LPC13xx/Debug/libLBED_LPC13xx.a(DigitalOut.o)
                0x000000000000109c                _ZN10DigitalOutC1Ev
                0x000000000000109c                _ZN10DigitalOutC2Ev
 .text._ZN10DigitalOut5setupEiPKc
                0x00000000000010a8       0x1c /Users/take/proj/LBED/lbed/LBED_LPC13xx/Debug/libLBED_LPC13xx.a(DigitalOut.o)
                0x00000000000010a8                _ZN10DigitalOut5setupEiPKc
 .text._ZN10DigitalOutC2EiPKc
                0x00000000000010c4       0x1c /Users/take/proj/LBED/lbed/LBED_LPC13xx/Debug/libLBED_LPC13xx.a(DigitalOut.o)
                0x00000000000010c4                _ZN10DigitalOutC2EiPKc
                0x00000000000010c4                _ZN10DigitalOutC1EiPKc
 .text._ZN3I2CC2EiiPKc
                0x00000000000010e0       0x18 /Users/take/proj/LBED/lbed/LBED_LPC13xx/Debug/libLBED_LPC13xx.a(I2C.o)
                0x00000000000010e0                _ZN3I2CC2EiiPKc
                0x00000000000010e0                _ZN3I2CC1EiiPKc
 .text._ZN3I2C4readEiPcib
                0x00000000000010f8       0xa8 /Users/take/proj/LBED/lbed/LBED_LPC13xx/Debug/libLBED_LPC13xx.a(I2C.o)
                0x00000000000010f8                _ZN3I2C4readEiPcib
 .text._ZN3I2C4readEi
                0x00000000000011a0       0x1c /Users/take/proj/LBED/lbed/LBED_LPC13xx/Debug/libLBED_LPC13xx.a(I2C.o)
                0x00000000000011a0                _ZN3I2C4readEi
 .text._ZN3I2C5writeEiPKcib
                0x00000000000011bc       0x50 /Users/take/proj/LBED/lbed/LBED_LPC13xx/Debug/libLBED_LPC13xx.a(I2C.o)
                0x00000000000011bc                _ZN3I2C5writeEiPKcib
 .text._ZN3I2C5writeEi
                0x000000000000120c       0x30 /Users/take/proj/LBED/lbed/LBED_LPC13xx/Debug/libLBED_LPC13xx.a(I2C.o)
                0x000000000000120c                _ZN3I2C5writeEi
 .text._ZN5Print5writeEPKci
                0x000000000000123c       0x2c /Users/take/proj/LBED/lbed/LBED_LPC13xx/Debug/libLBED_LPC13xx.a(Print.o)
                0x000000000000123c                _ZN5Print5writeEPKci
 .text._ZN5Print5printEPKc
                0x0000000000001268       0x24 /Users/take/proj/LBED/lbed/LBED_LPC13xx/Debug/libLBED_LPC13xx.a(Print.o)
                0x0000000000001268                _ZN5Print5printEPKc
 .text._ZN5Print5printEc
                0x000000000000128c        0xc /Users/take/proj/LBED/lbed/LBED_LPC13xx/Debug/libLBED_LPC13xx.a(Print.o)
                0x000000000000128c                _ZN5Print5printEc
 .text._ZN5Print7printlnEv
                0x0000000000001298       0x1c /Users/take/proj/LBED/lbed/LBED_LPC13xx/Debug/libLBED_LPC13xx.a(Print.o)
                0x0000000000001298                _ZN5Print7printlnEv
 .text._ZN5Print7printlnEPKc
                0x00000000000012b4       0x14 /Users/take/proj/LBED/lbed/LBED_LPC13xx/Debug/libLBED_LPC13xx.a(Print.o)
                0x00000000000012b4                _ZN5Print7printlnEPKc
 .text._ZN5Print7printlnEc
                0x00000000000012c8       0x14 /Users/take/proj/LBED/lbed/LBED_LPC13xx/Debug/libLBED_LPC13xx.a(Print.o)
                0x00000000000012c8                _ZN5Print7printlnEc
 .text._ZN5Print6printfEPKcz
                0x00000000000012dc      0x1ec /Users/take/proj/LBED/lbed/LBED_LPC13xx/Debug/libLBED_LPC13xx.a(Print.o)
                0x00000000000012dc                _ZN5Print6printfEPKcz
 .text._ZN5Print11printNumberEmi
                0x00000000000014c8       0x5c /Users/take/proj/LBED/lbed/LBED_LPC13xx/Debug/libLBED_LPC13xx.a(Print.o)
                0x00000000000014c8                _ZN5Print11printNumberEmi
 .text._ZN5Print5printEli
                0x0000000000001524       0x48 /Users/take/proj/LBED/lbed/LBED_LPC13xx/Debug/libLBED_LPC13xx.a(Print.o)
                0x0000000000001524                _ZN5Print5printEli
 .text._ZN5Print5printEii
                0x000000000000156c        0x8 /Users/take/proj/LBED/lbed/LBED_LPC13xx/Debug/libLBED_LPC13xx.a(Print.o)
                0x000000000000156c                _ZN5Print5printEii
 .text._ZN5Print5printEmi
                0x0000000000001574       0x14 /Users/take/proj/LBED/lbed/LBED_LPC13xx/Debug/libLBED_LPC13xx.a(Print.o)
                0x0000000000001574                _ZN5Print5printEmi
 .text._ZN5Print10printFloatEdi
                0x0000000000001588      0x184 /Users/take/proj/LBED/lbed/LBED_LPC13xx/Debug/libLBED_LPC13xx.a(Print.o)
                0x0000000000001588                _ZN5Print10printFloatEdi
 .text._ZN5Print5printEdi
                0x000000000000170c       0x10 /Users/take/proj/LBED/lbed/LBED_LPC13xx/Debug/libLBED_LPC13xx.a(Print.o)
                0x000000000000170c                _ZN5Print5printEdi
 .text.__cxa_pure_virtual
                0x000000000000171c        0x4 /Users/take/proj/LBED/lbed/LBED_LPC13xx/Debug/libLBED_LPC13xx.a(pure_virtual.o)
                0x000000000000171c                __cxa_pure_virtual
 .text.SysTick_Handler
                0x0000000000001720       0x10 /Users/take/proj/LBED/lbed/LBED_LPC13xx/Debug/libLBED_LPC13xx.a(wait_api.o)
                0x0000000000001720                SysTick_Handler
 .text.wait_init
                0x0000000000001730       0x30 /Users/take/proj/LBED/lbed/LBED_LPC13xx/Debug/libLBED_LPC13xx.a(wait_api.o)
                0x0000000000001730                wait_init
 .text.wait_ms  0x0000000000001760       0x14 /Users/take/proj/LBED/lbed/LBED_LPC13xx/Debug/libLBED_LPC13xx.a(wait_api.o)
                0x0000000000001760                wait_ms
 .text.wait_us  0x0000000000001774       0x14 /Users/take/proj/LBED/lbed/LBED_LPC13xx/Debug/libLBED_LPC13xx.a(wait_api.o)
                0x0000000000001774                wait_us
 .text.getI2CMasterBuffer
                0x0000000000001788        0x8 /Users/take/proj/LBED/lbed/LBED_LPC13xx/Debug/libLBED_LPC13xx.a(_i2c.o)
                0x0000000000001788                getI2CMasterBuffer
 .text.getI2CSlaveBuffer
                0x0000000000001790        0x8 /Users/take/proj/LBED/lbed/LBED_LPC13xx/Debug/libLBED_LPC13xx.a(_i2c.o)
                0x0000000000001790                getI2CSlaveBuffer
 .text.I2C_IRQHandler
                0x0000000000001798      0x168 /Users/take/proj/LBED/lbed/LBED_LPC13xx/Debug/libLBED_LPC13xx.a(_i2c.o)
                0x0000000000001798                I2C_IRQHandler
 .text.I2CStart
                0x0000000000001900       0x20 /Users/take/proj/LBED/lbed/LBED_LPC13xx/Debug/libLBED_LPC13xx.a(_i2c.o)
                0x0000000000001900                I2CStart
 .text.I2CStop  0x0000000000001920       0x16 /Users/take/proj/LBED/lbed/LBED_LPC13xx/Debug/libLBED_LPC13xx.a(_i2c.o)
                0x0000000000001920                I2CStop
 *fill*         0x0000000000001936        0x2 00
 .text.I2CInit  0x0000000000001938       0x70 /Users/take/proj/LBED/lbed/LBED_LPC13xx/Debug/libLBED_LPC13xx.a(_i2c.o)
                0x0000000000001938                I2CInit
 .text.I2CEngine
                0x00000000000019a8       0x3c /Users/take/proj/LBED/lbed/LBED_LPC13xx/Debug/libLBED_LPC13xx.a(_i2c.o)
                0x00000000000019a8                I2CEngine
 .text          0x00000000000019e4      0x370 /Applications/lpcxpresso_4.2.4_267/lpcxpresso/Tools/bin/../lib/gcc/arm-none-eabi/4.6.2/armv7-m/libgcc.a(_arm_addsubdf3.o)
                0x00000000000019e4                __aeabi_drsub
                0x00000000000019ec                __subdf3
                0x00000000000019ec                __aeabi_dsub
                0x00000000000019f0                __aeabi_dadd
                0x00000000000019f0                __adddf3
                0x0000000000001c68                __aeabi_ui2d
                0x0000000000001c68                __floatunsidf
                0x0000000000001c88                __floatsidf
                0x0000000000001c88                __aeabi_i2d
                0x0000000000001cac                __extendsfdf2
                0x0000000000001cac                __aeabi_f2d
                0x0000000000001ce8                __aeabi_ul2d
                0x0000000000001ce8                __floatundidf
                0x0000000000001cf8                __aeabi_l2d
                0x0000000000001cf8                __floatdidf
 .text          0x0000000000001d54      0x424 /Applications/lpcxpresso_4.2.4_267/lpcxpresso/Tools/bin/../lib/gcc/arm-none-eabi/4.6.2/armv7-m/libgcc.a(_arm_muldivdf3.o)
                0x0000000000001d54                __aeabi_dmul
                0x0000000000001d54                __muldf3
                0x0000000000001fa8                __aeabi_ddiv
                0x0000000000001fa8                __divdf3
 .text          0x0000000000002178      0x110 /Applications/lpcxpresso_4.2.4_267/lpcxpresso/Tools/bin/../lib/gcc/arm-none-eabi/4.6.2/armv7-m/libgcc.a(_arm_cmpdf2.o)
                0x0000000000002178                __gtdf2
                0x0000000000002178                __gedf2
                0x0000000000002180                __ltdf2
                0x0000000000002180                __ledf2
                0x0000000000002188                __eqdf2
                0x0000000000002188                __nedf2
                0x0000000000002188                __cmpdf2
                0x0000000000002204                __aeabi_cdrcmple
                0x0000000000002214                __aeabi_cdcmple
                0x0000000000002214                __aeabi_cdcmpeq
                0x0000000000002224                __aeabi_dcmpeq
                0x0000000000002238                __aeabi_dcmplt
                0x000000000000224c                __aeabi_dcmple
                0x0000000000002260                __aeabi_dcmpge
                0x0000000000002274                __aeabi_dcmpgt
 .text          0x0000000000002288       0x50 /Applications/lpcxpresso_4.2.4_267/lpcxpresso/Tools/bin/../lib/gcc/arm-none-eabi/4.6.2/armv7-m/libgcc.a(_arm_fixdfsi.o)
                0x0000000000002288                __fixdfsi
                0x0000000000002288                __aeabi_d2iz
 .text          0x00000000000022d8       0x40 /Applications/lpcxpresso_4.2.4_267/lpcxpresso/Tools/bin/../lib/gcc/arm-none-eabi/4.6.2/armv7-m/libgcc.a(_arm_fixunsdfsi.o)
                0x00000000000022d8                __fixunsdfsi
                0x00000000000022d8                __aeabi_d2uiz
 .text          0x0000000000002318       0xa0 /Applications/lpcxpresso_4.2.4_267/lpcxpresso/Tools/bin/../lib/gcc/arm-none-eabi/4.6.2/armv7-m/libgcc.a(_arm_truncdfsf2.o)
                0x0000000000002318                __aeabi_d2f
                0x0000000000002318                __truncdfsf2
 .text          0x00000000000023b8      0xb4c /Applications/lpcxpresso_4.2.4_267/lpcxpresso/Tools/bin/../lib/gcc/arm-none-eabi/4.6.2/armv7-m/libgcc.a(unwind-arm.o)
                0x0000000000002660                _Unwind_VRS_Get
                0x00000000000026a0                _Unwind_VRS_Set
                0x00000000000029f8                __aeabi_unwind_cpp_pr2
                0x00000000000029fc                __aeabi_unwind_cpp_pr1
                0x0000000000002a00                __aeabi_unwind_cpp_pr0
                0x0000000000002a04                _Unwind_VRS_Pop
                0x0000000000002db8                _Unwind_GetCFA
                0x0000000000002dbc                __gnu_Unwind_RaiseException
                0x0000000000002e1c                __gnu_Unwind_ForcedUnwind
                0x0000000000002e30                __gnu_Unwind_Resume
                0x0000000000002e6c                __gnu_Unwind_Resume_or_Rethrow
                0x0000000000002e7c                _Unwind_Complete
                0x0000000000002e80                _Unwind_DeleteException
                0x0000000000002e90                __gnu_Unwind_Backtrace
 .text          0x0000000000002f04      0x1ac /Applications/lpcxpresso_4.2.4_267/lpcxpresso/Tools/bin/../lib/gcc/arm-none-eabi/4.6.2/armv7-m/libgcc.a(libunwind.o)
                0x0000000000002f04                __restore_core_regs
                0x0000000000002f04                restore_core_regs
                0x0000000000002f1c                __gnu_Unwind_Restore_VFP
                0x0000000000002f24                __gnu_Unwind_Save_VFP
                0x0000000000002f2c                __gnu_Unwind_Restore_VFP_D
                0x0000000000002f34                __gnu_Unwind_Save_VFP_D
                0x0000000000002f3c                __gnu_Unwind_Restore_VFP_D_16_to_31
                0x0000000000002f44                __gnu_Unwind_Save_VFP_D_16_to_31
                0x0000000000002f4c                __gnu_Unwind_Restore_WMMXD
                0x0000000000002f90                __gnu_Unwind_Save_WMMXD
                0x0000000000002fd4                __gnu_Unwind_Restore_WMMXC
                0x0000000000002fe8                __gnu_Unwind_Save_WMMXC
                0x0000000000002ffc                _Unwind_RaiseException
                0x0000000000002ffc                ___Unwind_RaiseException
                0x0000000000003020                ___Unwind_Resume
                0x0000000000003020                _Unwind_Resume
                0x0000000000003044                ___Unwind_Resume_or_Rethrow
                0x0000000000003044                _Unwind_Resume_or_Rethrow
                0x0000000000003068                _Unwind_ForcedUnwind
                0x0000000000003068                ___Unwind_ForcedUnwind
                0x000000000000308c                _Unwind_Backtrace
                0x000000000000308c                ___Unwind_Backtrace
 .text          0x00000000000030b0      0x374 /Applications/lpcxpresso_4.2.4_267/lpcxpresso/Tools/bin/../lib/gcc/arm-none-eabi/4.6.2/armv7-m/libgcc.a(pr-support.o)
                0x0000000000003104                __gnu_unwind_execute
                0x00000000000033cc                __gnu_unwind_frame
                0x00000000000033f4                _Unwind_GetRegionStart
                0x0000000000003400                _Unwind_GetLanguageSpecificData
                0x0000000000003414                _Unwind_GetDataRelBase
                0x000000000000341c                _Unwind_GetTextRelBase
 .text          0x0000000000003424       0x10 /Applications/lpcxpresso_4.2.4_267/lpcxpresso/Tools/bin/../lib/gcc/arm-none-eabi/4.6.2/../../../../arm-none-eabi/lib/armv7-m/libc.a(lib_a-abort.o)
                0x0000000000003424                abort
 .text          0x0000000000003434       0x48 /Applications/lpcxpresso_4.2.4_267/lpcxpresso/Tools/bin/../lib/gcc/arm-none-eabi/4.6.2/../../../../arm-none-eabi/lib/armv7-m/libc.a(lib_a-init.o)
                0x0000000000003434                __libc_init_array
 .text          0x000000000000347c       0x28 /Applications/lpcxpresso_4.2.4_267/lpcxpresso/Tools/bin/../lib/gcc/arm-none-eabi/4.6.2/../../../../arm-none-eabi/lib/armv7-m/libc.a(lib_a-malloc.o)
                0x000000000000347c                malloc
                0x0000000000003490                free
 .text          0x00000000000034a4      0x51c /Applications/lpcxpresso_4.2.4_267/lpcxpresso/Tools/bin/../lib/gcc/arm-none-eabi/4.6.2/../../../../arm-none-eabi/lib/armv7-m/libc.a(lib_a-mallocr.o)
                0x00000000000034a4                _malloc_r
 .text          0x00000000000039c0       0x84 /Applications/lpcxpresso_4.2.4_267/lpcxpresso/Tools/bin/../lib/gcc/arm-none-eabi/4.6.2/../../../../arm-none-eabi/lib/armv7-m/libc.a(lib_a-memcpy.o)
                0x00000000000039c0                memcpy
 .text          0x0000000000003a44        0x8 /Applications/lpcxpresso_4.2.4_267/lpcxpresso/Tools/bin/../lib/gcc/arm-none-eabi/4.6.2/../../../../arm-none-eabi/lib/armv7-m/libc.a(lib_a-mlock.o)
                0x0000000000003a44                __malloc_lock
                0x0000000000003a48                __malloc_unlock
 .text          0x0000000000003a4c       0x24 /Applications/lpcxpresso_4.2.4_267/lpcxpresso/Tools/bin/../lib/gcc/arm-none-eabi/4.6.2/../../../../arm-none-eabi/lib/armv7-m/libc.a(lib_a-sbrkr.o)
                0x0000000000003a4c                _sbrk_r
 .text          0x0000000000003a70      0x160 /Applications/lpcxpresso_4.2.4_267/lpcxpresso/Tools/bin/../lib/gcc/arm-none-eabi/4.6.2/../../../../arm-none-eabi/lib/armv7-m/libc.a(lib_a-signal.o)
                0x0000000000003a70                _init_signal_r
                0x0000000000003aa4                _signal_r
                0x0000000000003ae4                _raise_r
                0x0000000000003b3c                __sigtramp_r
                0x0000000000003b90                raise
                0x0000000000003ba0                signal
                0x0000000000003bb4                _init_signal
                0x0000000000003bc0                __sigtramp
 .text          0x0000000000003bd0       0x2c /Applications/lpcxpresso_4.2.4_267/lpcxpresso/Tools/bin/../lib/gcc/arm-none-eabi/4.6.2/../../../../arm-none-eabi/lib/armv7-m/libc.a(lib_a-signalr.o)
                0x0000000000003bd0                _kill_r
                0x0000000000003bf8                _getpid_r
 .text          0x0000000000003bfc       0x60 /Applications/lpcxpresso_4.2.4_267/lpcxpresso/Tools/bin/../lib/gcc/arm-none-eabi/4.6.2/../../../../arm-none-eabi/lib/armv7-m/libc.a(lib_a-strlen.o)
                0x0000000000003bfc                strlen
 .text          0x0000000000003c5c      0x22c /Applications/lpcxpresso_4.2.4_267/lpcxpresso/Tools/bin/../lib/gcc/arm-none-eabi/4.6.2/../../../../arm-none-eabi/lib/armv7-m/libc.a(lib_a-freer.o)
                0x0000000000003c5c                _malloc_trim_r
                0x0000000000003cfc                _free_r
 .text.__cxa_end_cleanup
                0x0000000000003e88        0xc /Applications/lpcxpresso_4.2.4_267/lpcxpresso/Tools/bin/../lib/gcc/arm-none-eabi/4.6.2/../../../../arm-none-eabi/lib/armv7-m/libstdc++.a(eh_arm.o)
                0x0000000000003e88                __cxa_end_cleanup
 .text.__cxa_type_match
                0x0000000000003e94       0xec /Applications/lpcxpresso_4.2.4_267/lpcxpresso/Tools/bin/../lib/gcc/arm-none-eabi/4.6.2/../../../../arm-none-eabi/lib/armv7-m/libstdc++.a(eh_arm.o)
                0x0000000000003e94                __cxa_type_match
 .text.__cxa_begin_cleanup
                0x0000000000003f80       0x78 /Applications/lpcxpresso_4.2.4_267/lpcxpresso/Tools/bin/../lib/gcc/arm-none-eabi/4.6.2/../../../../arm-none-eabi/lib/armv7-m/libstdc++.a(eh_arm.o)
                0x0000000000003f80                __cxa_begin_cleanup
 .text.__gnu_end_cleanup
                0x0000000000003ff8       0x7c /Applications/lpcxpresso_4.2.4_267/lpcxpresso/Tools/bin/../lib/gcc/arm-none-eabi/4.6.2/../../../../arm-none-eabi/lib/armv7-m/libstdc++.a(eh_arm.o)
                0x0000000000003ff8                __gnu_end_cleanup
 .text.__cxa_bad_cast
                0x0000000000004074       0x24 /Applications/lpcxpresso_4.2.4_267/lpcxpresso/Tools/bin/../lib/gcc/arm-none-eabi/4.6.2/../../../../arm-none-eabi/lib/armv7-m/libstdc++.a(eh_aux_runtime.o)
                0x0000000000004074                __cxa_bad_cast
 .text.__cxa_bad_typeid
                0x0000000000004098       0x24 /Applications/lpcxpresso_4.2.4_267/lpcxpresso/Tools/bin/../lib/gcc/arm-none-eabi/4.6.2/../../../../arm-none-eabi/lib/armv7-m/libstdc++.a(eh_aux_runtime.o)
                0x0000000000004098                __cxa_bad_typeid
 .text._ZNSt9exceptionD2Ev
                0x00000000000040bc        0xc /Applications/lpcxpresso_4.2.4_267/lpcxpresso/Tools/bin/../lib/gcc/arm-none-eabi/4.6.2/../../../../arm-none-eabi/lib/armv7-m/libstdc++.a(eh_exception.o)
                0x00000000000040bc                _ZNSt9exceptionD2Ev
                0x00000000000040bc                _ZNSt9exceptionD1Ev
 .text._ZNSt13bad_exceptionD2Ev
                0x00000000000040c8        0xc /Applications/lpcxpresso_4.2.4_267/lpcxpresso/Tools/bin/../lib/gcc/arm-none-eabi/4.6.2/../../../../arm-none-eabi/lib/armv7-m/libstdc++.a(eh_exception.o)
                0x00000000000040c8                _ZNSt13bad_exceptionD2Ev
                0x00000000000040c8                _ZNSt13bad_exceptionD1Ev
 .text._ZN10__cxxabiv115__forced_unwindD2Ev
                0x00000000000040d4        0xc /Applications/lpcxpresso_4.2.4_267/lpcxpresso/Tools/bin/../lib/gcc/arm-none-eabi/4.6.2/../../../../arm-none-eabi/lib/armv7-m/libstdc++.a(eh_exception.o)
                0x00000000000040d4                _ZN10__cxxabiv115__forced_unwindD1Ev
                0x00000000000040d4                _ZN10__cxxabiv115__forced_unwindD2Ev
 .text._ZN10__cxxabiv119__foreign_exceptionD2Ev
                0x00000000000040e0        0xc /Applications/lpcxpresso_4.2.4_267/lpcxpresso/Tools/bin/../lib/gcc/arm-none-eabi/4.6.2/../../../../arm-none-eabi/lib/armv7-m/libstdc++.a(eh_exception.o)
                0x00000000000040e0                _ZN10__cxxabiv119__foreign_exceptionD2Ev
                0x00000000000040e0                _ZN10__cxxabiv119__foreign_exceptionD1Ev
 .text._ZNKSt9exception4whatEv
                0x00000000000040ec        0xc /Applications/lpcxpresso_4.2.4_267/lpcxpresso/Tools/bin/../lib/gcc/arm-none-eabi/4.6.2/../../../../arm-none-eabi/lib/armv7-m/libstdc++.a(eh_exception.o)
                0x00000000000040ec                _ZNKSt9exception4whatEv
 .text._ZNKSt13bad_exception4whatEv
                0x00000000000040f8        0xc /Applications/lpcxpresso_4.2.4_267/lpcxpresso/Tools/bin/../lib/gcc/arm-none-eabi/4.6.2/../../../../arm-none-eabi/lib/armv7-m/libstdc++.a(eh_exception.o)
                0x00000000000040f8                _ZNKSt13bad_exception4whatEv
 .text._ZN10__cxxabiv119__foreign_exceptionD0Ev
                0x0000000000004104       0x14 /Applications/lpcxpresso_4.2.4_267/lpcxpresso/Tools/bin/../lib/gcc/arm-none-eabi/4.6.2/../../../../arm-none-eabi/lib/armv7-m/libstdc++.a(eh_exception.o)
                0x0000000000004104                _ZN10__cxxabiv119__foreign_exceptionD0Ev
 .text._ZN10__cxxabiv115__forced_unwindD0Ev
                0x0000000000004118       0x14 /Applications/lpcxpresso_4.2.4_267/lpcxpresso/Tools/bin/../lib/gcc/arm-none-eabi/4.6.2/../../../../arm-none-eabi/lib/armv7-m/libstdc++.a(eh_exception.o)
                0x0000000000004118                _ZN10__cxxabiv115__forced_unwindD0Ev
 .text._ZNSt13bad_exceptionD0Ev
                0x000000000000412c       0x14 /Applications/lpcxpresso_4.2.4_267/lpcxpresso/Tools/bin/../lib/gcc/arm-none-eabi/4.6.2/../../../../arm-none-eabi/lib/armv7-m/libstdc++.a(eh_exception.o)
                0x000000000000412c                _ZNSt13bad_exceptionD0Ev
 .text._ZNSt9exceptionD0Ev
                0x0000000000004140       0x14 /Applications/lpcxpresso_4.2.4_267/lpcxpresso/Tools/bin/../lib/gcc/arm-none-eabi/4.6.2/../../../../arm-none-eabi/lib/armv7-m/libstdc++.a(eh_exception.o)
                0x0000000000004140                _ZNSt9exceptionD0Ev
 .text.__cxa_get_globals_fast
                0x0000000000004154        0xc /Applications/lpcxpresso_4.2.4_267/lpcxpresso/Tools/bin/../lib/gcc/arm-none-eabi/4.6.2/../../../../arm-none-eabi/lib/armv7-m/libstdc++.a(eh_globals.o)
                0x0000000000004154                __cxa_get_globals_fast
 .text.__cxa_get_globals
                0x0000000000004160        0xc /Applications/lpcxpresso_4.2.4_267/lpcxpresso/Tools/bin/../lib/gcc/arm-none-eabi/4.6.2/../../../../arm-none-eabi/lib/armv7-m/libstdc++.a(eh_globals.o)
                0x0000000000004160                __cxa_get_globals
 .text._ZL12read_sleb128PKhPl
                0x000000000000416c       0x3c /Applications/lpcxpresso_4.2.4_267/lpcxpresso/Tools/bin/../lib/gcc/arm-none-eabi/4.6.2/../../../../arm-none-eabi/lib/armv7-m/libstdc++.a(eh_personality.o)
 .text._ZL28read_encoded_value_with_basehjPKhPj
                0x00000000000041a8       0xa4 /Applications/lpcxpresso_4.2.4_267/lpcxpresso/Tools/bin/../lib/gcc/arm-none-eabi/4.6.2/../../../../arm-none-eabi/lib/armv7-m/libstdc++.a(eh_personality.o)
 .text._ZL21base_of_encoded_valuehP15_Unwind_Context
                0x000000000000424c       0x4c /Applications/lpcxpresso_4.2.4_267/lpcxpresso/Tools/bin/../lib/gcc/arm-none-eabi/4.6.2/../../../../arm-none-eabi/lib/armv7-m/libstdc++.a(eh_personality.o)
 .text._ZL17parse_lsda_headerP15_Unwind_ContextPKhP16lsda_header_info.constprop.1
                0x0000000000004298       0x90 /Applications/lpcxpresso_4.2.4_267/lpcxpresso/Tools/bin/../lib/gcc/arm-none-eabi/4.6.2/../../../../arm-none-eabi/lib/armv7-m/libstdc++.a(eh_personality.o)
 .text.__gxx_personality_v0
                0x0000000000004328      0x3bc /Applications/lpcxpresso_4.2.4_267/lpcxpresso/Tools/bin/../lib/gcc/arm-none-eabi/4.6.2/../../../../arm-none-eabi/lib/armv7-m/libstdc++.a(eh_personality.o)
                0x0000000000004328                __gxx_personality_v0
 .text._ZN10__cxxabiv111__terminateEPFvvE
                0x00000000000046e4       0x28 /Applications/lpcxpresso_4.2.4_267/lpcxpresso/Tools/bin/../lib/gcc/arm-none-eabi/4.6.2/../../../../arm-none-eabi/lib/armv7-m/libstdc++.a(eh_terminate.o)
                0x00000000000046e4                _ZN10__cxxabiv111__terminateEPFvvE
 .text._ZSt9terminatev
                0x000000000000470c       0x10 /Applications/lpcxpresso_4.2.4_267/lpcxpresso/Tools/bin/../lib/gcc/arm-none-eabi/4.6.2/../../../../arm-none-eabi/lib/armv7-m/libstdc++.a(eh_terminate.o)
                0x000000000000470c                _ZSt9terminatev
 .text._ZN10__cxxabiv112__unexpectedEPFvvE
                0x000000000000471c        0x8 /Applications/lpcxpresso_4.2.4_267/lpcxpresso/Tools/bin/../lib/gcc/arm-none-eabi/4.6.2/../../../../arm-none-eabi/lib/armv7-m/libstdc++.a(eh_terminate.o)
                0x000000000000471c                _ZN10__cxxabiv112__unexpectedEPFvvE
 .text._ZSt10unexpectedv
                0x0000000000004724       0x14 /Applications/lpcxpresso_4.2.4_267/lpcxpresso/Tools/bin/../lib/gcc/arm-none-eabi/4.6.2/../../../../arm-none-eabi/lib/armv7-m/libstdc++.a(eh_terminate.o)
                0x0000000000004724                _ZSt10unexpectedv
 .text._ZSt13set_terminatePFvvE
                0x0000000000004738       0x10 /Applications/lpcxpresso_4.2.4_267/lpcxpresso/Tools/bin/../lib/gcc/arm-none-eabi/4.6.2/../../../../arm-none-eabi/lib/armv7-m/libstdc++.a(eh_terminate.o)
                0x0000000000004738                _ZSt13set_terminatePFvvE
 .text._ZSt14set_unexpectedPFvvE
                0x0000000000004748       0x10 /Applications/lpcxpresso_4.2.4_267/lpcxpresso/Tools/bin/../lib/gcc/arm-none-eabi/4.6.2/../../../../arm-none-eabi/lib/armv7-m/libstdc++.a(eh_terminate.o)
                0x0000000000004748                _ZSt14set_unexpectedPFvvE
 .text._ZL23__gxx_exception_cleanup19_Unwind_Reason_CodeP21_Unwind_Control_Block
                0x0000000000004758       0x4c /Applications/lpcxpresso_4.2.4_267/lpcxpresso/Tools/bin/../lib/gcc/arm-none-eabi/4.6.2/../../../../arm-none-eabi/lib/armv7-m/libstdc++.a(eh_throw.o)
 .text.__cxa_throw
                0x00000000000047a4       0x80 /Applications/lpcxpresso_4.2.4_267/lpcxpresso/Tools/bin/../lib/gcc/arm-none-eabi/4.6.2/../../../../arm-none-eabi/lib/armv7-m/libstdc++.a(eh_throw.o)
                0x00000000000047a4                __cxa_throw
 .text.__cxa_rethrow
                0x0000000000004824       0x78 /Applications/lpcxpresso_4.2.4_267/lpcxpresso/Tools/bin/../lib/gcc/arm-none-eabi/4.6.2/../../../../arm-none-eabi/lib/armv7-m/libstdc++.a(eh_throw.o)
                0x0000000000004824                __cxa_rethrow
 .text._ZN10__cxxabiv123__fundamental_type_infoD2Ev
                0x000000000000489c       0x14 /Applications/lpcxpresso_4.2.4_267/lpcxpresso/Tools/bin/../lib/gcc/arm-none-eabi/4.6.2/../../../../arm-none-eabi/lib/armv7-m/libstdc++.a(fundamental_type_info.o)
                0x000000000000489c                _ZN10__cxxabiv123__fundamental_type_infoD1Ev
                0x000000000000489c                _ZN10__cxxabiv123__fundamental_type_infoD2Ev
 .text._ZN10__cxxabiv123__fundamental_type_infoD0Ev
                0x00000000000048b0       0x1c /Applications/lpcxpresso_4.2.4_267/lpcxpresso/Tools/bin/../lib/gcc/arm-none-eabi/4.6.2/../../../../arm-none-eabi/lib/armv7-m/libstdc++.a(fundamental_type_info.o)
                0x00000000000048b0                _ZN10__cxxabiv123__fundamental_type_infoD0Ev
 .text._ZNK10__cxxabiv119__pointer_type_info14__is_pointer_pEv
                0x00000000000048cc        0x4 /Applications/lpcxpresso_4.2.4_267/lpcxpresso/Tools/bin/../lib/gcc/arm-none-eabi/4.6.2/../../../../arm-none-eabi/lib/armv7-m/libstdc++.a(pointer_type_info.o)
                0x00000000000048cc                _ZNK10__cxxabiv119__pointer_type_info14__is_pointer_pEv
 .text._ZN10__cxxabiv119__pointer_type_infoD2Ev
                0x00000000000048d0       0x14 /Applications/lpcxpresso_4.2.4_267/lpcxpresso/Tools/bin/../lib/gcc/arm-none-eabi/4.6.2/../../../../arm-none-eabi/lib/armv7-m/libstdc++.a(pointer_type_info.o)
                0x00000000000048d0                _ZN10__cxxabiv119__pointer_type_infoD1Ev
                0x00000000000048d0                _ZN10__cxxabiv119__pointer_type_infoD2Ev
 .text._ZN10__cxxabiv119__pointer_type_infoD0Ev
                0x00000000000048e4       0x1c /Applications/lpcxpresso_4.2.4_267/lpcxpresso/Tools/bin/../lib/gcc/arm-none-eabi/4.6.2/../../../../arm-none-eabi/lib/armv7-m/libstdc++.a(pointer_type_info.o)
                0x00000000000048e4                _ZN10__cxxabiv119__pointer_type_infoD0Ev
 .text._ZNK10__cxxabiv119__pointer_type_info15__pointer_catchEPKNS_17__pbase_type_infoEPPvj
                0x0000000000004900       0x44 /Applications/lpcxpresso_4.2.4_267/lpcxpresso/Tools/bin/../lib/gcc/arm-none-eabi/4.6.2/../../../../arm-none-eabi/lib/armv7-m/libstdc++.a(pointer_type_info.o)
                0x0000000000004900                _ZNK10__cxxabiv119__pointer_type_info15__pointer_catchEPKNS_17__pbase_type_infoEPPvj
 .text._ZN10__cxxabiv120__si_class_type_infoD2Ev
                0x0000000000004944       0x14 /Applications/lpcxpresso_4.2.4_267/lpcxpresso/Tools/bin/../lib/gcc/arm-none-eabi/4.6.2/../../../../arm-none-eabi/lib/armv7-m/libstdc++.a(si_class_type_info.o)
                0x0000000000004944                _ZN10__cxxabiv120__si_class_type_infoD2Ev
                0x0000000000004944                _ZN10__cxxabiv120__si_class_type_infoD1Ev
 .text._ZN10__cxxabiv120__si_class_type_infoD0Ev
                0x0000000000004958       0x1c /Applications/lpcxpresso_4.2.4_267/lpcxpresso/Tools/bin/../lib/gcc/arm-none-eabi/4.6.2/../../../../arm-none-eabi/lib/armv7-m/libstdc++.a(si_class_type_info.o)
                0x0000000000004958                _ZN10__cxxabiv120__si_class_type_infoD0Ev
 .text._ZNK10__cxxabiv120__si_class_type_info11__do_upcastEPKNS_17__class_type_infoEPKvRNS1_15__upcast_resultE
                0x0000000000004974       0x24 /Applications/lpcxpresso_4.2.4_267/lpcxpresso/Tools/bin/../lib/gcc/arm-none-eabi/4.6.2/../../../../arm-none-eabi/lib/armv7-m/libstdc++.a(si_class_type_info.o)
                0x0000000000004974                _ZNK10__cxxabiv120__si_class_type_info11__do_upcastEPKNS_17__class_type_infoEPKvRNS1_15__upcast_resultE
 .text._ZNK10__cxxabiv120__si_class_type_info12__do_dyncastEiNS_17__class_type_info10__sub_kindEPKS1_PKvS4_S6_RNS1_16__dyncast_resultE
                0x0000000000004998       0x94 /Applications/lpcxpresso_4.2.4_267/lpcxpresso/Tools/bin/../lib/gcc/arm-none-eabi/4.6.2/../../../../arm-none-eabi/lib/armv7-m/libstdc++.a(si_class_type_info.o)
                0x0000000000004998                _ZNK10__cxxabiv120__si_class_type_info12__do_dyncastEiNS_17__class_type_info10__sub_kindEPKS1_PKvS4_S6_RNS1_16__dyncast_resultE
 .text._ZNK10__cxxabiv120__si_class_type_info20__do_find_public_srcEiPKvPKNS_17__class_type_infoES2_
                0x0000000000004a2c       0x34 /Applications/lpcxpresso_4.2.4_267/lpcxpresso/Tools/bin/../lib/gcc/arm-none-eabi/4.6.2/../../../../arm-none-eabi/lib/armv7-m/libstdc++.a(si_class_type_info.o)
                0x0000000000004a2c                _ZNK10__cxxabiv120__si_class_type_info20__do_find_public_srcEiPKvPKNS_17__class_type_infoES2_
 .text._ZNSt9type_infoD2Ev
                0x0000000000004a60        0xc /Applications/lpcxpresso_4.2.4_267/lpcxpresso/Tools/bin/../lib/gcc/arm-none-eabi/4.6.2/../../../../arm-none-eabi/lib/armv7-m/libstdc++.a(tinfo.o)
                0x0000000000004a60                _ZNSt9type_infoD1Ev
                0x0000000000004a60                _ZNSt9type_infoD2Ev
 .text._ZNKSt9type_info14__is_pointer_pEv
                0x0000000000004a6c        0x4 /Applications/lpcxpresso_4.2.4_267/lpcxpresso/Tools/bin/../lib/gcc/arm-none-eabi/4.6.2/../../../../arm-none-eabi/lib/armv7-m/libstdc++.a(tinfo.o)
                0x0000000000004a6c                _ZNKSt9type_info14__is_pointer_pEv
 .text._ZNKSt9type_info15__is_function_pEv
                0x0000000000004a70        0x4 /Applications/lpcxpresso_4.2.4_267/lpcxpresso/Tools/bin/../lib/gcc/arm-none-eabi/4.6.2/../../../../arm-none-eabi/lib/armv7-m/libstdc++.a(tinfo.o)
                0x0000000000004a70                _ZNKSt9type_info15__is_function_pEv
 .text._ZNKSt9type_info11__do_upcastEPKN10__cxxabiv117__class_type_infoEPPv
                0x0000000000004a74        0x4 /Applications/lpcxpresso_4.2.4_267/lpcxpresso/Tools/bin/../lib/gcc/arm-none-eabi/4.6.2/../../../../arm-none-eabi/lib/armv7-m/libstdc++.a(tinfo.o)
                0x0000000000004a74                _ZNKSt9type_info11__do_upcastEPKN10__cxxabiv117__class_type_infoEPPv
 .text._ZNSt9type_infoD0Ev
                0x0000000000004a78       0x14 /Applications/lpcxpresso_4.2.4_267/lpcxpresso/Tools/bin/../lib/gcc/arm-none-eabi/4.6.2/../../../../arm-none-eabi/lib/armv7-m/libstdc++.a(tinfo.o)
                0x0000000000004a78                _ZNSt9type_infoD0Ev
 .text._ZNKSt9type_infoeqERKS_
                0x0000000000004a8c       0x30 /Applications/lpcxpresso_4.2.4_267/lpcxpresso/Tools/bin/../lib/gcc/arm-none-eabi/4.6.2/../../../../arm-none-eabi/lib/armv7-m/libstdc++.a(tinfo.o)
                0x0000000000004a8c                _ZNKSt9type_infoeqERKS_
 .text._ZNKSt9type_info10__do_catchEPKS_PPvj
                0x0000000000004abc        0x4 /Applications/lpcxpresso_4.2.4_267/lpcxpresso/Tools/bin/../lib/gcc/arm-none-eabi/4.6.2/../../../../arm-none-eabi/lib/armv7-m/libstdc++.a(tinfo.o)
                0x0000000000004abc                _ZNKSt9type_info10__do_catchEPKS_PPvj
 .text._ZNKSt8bad_cast4whatEv
                0x0000000000004ac0        0xc /Applications/lpcxpresso_4.2.4_267/lpcxpresso/Tools/bin/../lib/gcc/arm-none-eabi/4.6.2/../../../../arm-none-eabi/lib/armv7-m/libstdc++.a(bad_cast.o)
                0x0000000000004ac0                _ZNKSt8bad_cast4whatEv
 .text._ZNSt8bad_castD2Ev
                0x0000000000004acc       0x14 /Applications/lpcxpresso_4.2.4_267/lpcxpresso/Tools/bin/../lib/gcc/arm-none-eabi/4.6.2/../../../../arm-none-eabi/lib/armv7-m/libstdc++.a(bad_cast.o)
                0x0000000000004acc                _ZNSt8bad_castD1Ev
                0x0000000000004acc                _ZNSt8bad_castD2Ev
 .text._ZNSt8bad_castD0Ev
                0x0000000000004ae0       0x1c /Applications/lpcxpresso_4.2.4_267/lpcxpresso/Tools/bin/../lib/gcc/arm-none-eabi/4.6.2/../../../../arm-none-eabi/lib/armv7-m/libstdc++.a(bad_cast.o)
                0x0000000000004ae0                _ZNSt8bad_castD0Ev
 .text._ZNKSt10bad_typeid4whatEv
                0x0000000000004afc        0xc /Applications/lpcxpresso_4.2.4_267/lpcxpresso/Tools/bin/../lib/gcc/arm-none-eabi/4.6.2/../../../../arm-none-eabi/lib/armv7-m/libstdc++.a(bad_typeid.o)
                0x0000000000004afc                _ZNKSt10bad_typeid4whatEv
 .text._ZNSt10bad_typeidD2Ev
                0x0000000000004b08       0x14 /Applications/lpcxpresso_4.2.4_267/lpcxpresso/Tools/bin/../lib/gcc/arm-none-eabi/4.6.2/../../../../arm-none-eabi/lib/armv7-m/libstdc++.a(bad_typeid.o)
                0x0000000000004b08                _ZNSt10bad_typeidD1Ev
                0x0000000000004b08                _ZNSt10bad_typeidD2Ev
 .text._ZNSt10bad_typeidD0Ev
                0x0000000000004b1c       0x1c /Applications/lpcxpresso_4.2.4_267/lpcxpresso/Tools/bin/../lib/gcc/arm-none-eabi/4.6.2/../../../../arm-none-eabi/lib/armv7-m/libstdc++.a(bad_typeid.o)
                0x0000000000004b1c                _ZNSt10bad_typeidD0Ev
 .text._ZNK10__cxxabiv117__class_type_info11__do_upcastEPKS0_PPv
                0x0000000000004b38       0x38 /Applications/lpcxpresso_4.2.4_267/lpcxpresso/Tools/bin/../lib/gcc/arm-none-eabi/4.6.2/../../../../arm-none-eabi/lib/armv7-m/libstdc++.a(class_type_info.o)
                0x0000000000004b38                _ZNK10__cxxabiv117__class_type_info11__do_upcastEPKS0_PPv
 .text._ZNK10__cxxabiv117__class_type_info20__do_find_public_srcEiPKvPKS0_S2_
                0x0000000000004b70        0xc /Applications/lpcxpresso_4.2.4_267/lpcxpresso/Tools/bin/../lib/gcc/arm-none-eabi/4.6.2/../../../../arm-none-eabi/lib/armv7-m/libstdc++.a(class_type_info.o)
                0x0000000000004b70                _ZNK10__cxxabiv117__class_type_info20__do_find_public_srcEiPKvPKS0_S2_
 .text._ZNK10__cxxabiv117__class_type_info11__do_upcastEPKS0_PKvRNS0_15__upcast_resultE
                0x0000000000004b7c       0x1c /Applications/lpcxpresso_4.2.4_267/lpcxpresso/Tools/bin/../lib/gcc/arm-none-eabi/4.6.2/../../../../arm-none-eabi/lib/armv7-m/libstdc++.a(class_type_info.o)
                0x0000000000004b7c                _ZNK10__cxxabiv117__class_type_info11__do_upcastEPKS0_PKvRNS0_15__upcast_resultE
 .text._ZN10__cxxabiv117__class_type_infoD2Ev
                0x0000000000004b98       0x14 /Applications/lpcxpresso_4.2.4_267/lpcxpresso/Tools/bin/../lib/gcc/arm-none-eabi/4.6.2/../../../../arm-none-eabi/lib/armv7-m/libstdc++.a(class_type_info.o)
                0x0000000000004b98                _ZN10__cxxabiv117__class_type_infoD1Ev
                0x0000000000004b98                _ZN10__cxxabiv117__class_type_infoD2Ev
 .text._ZN10__cxxabiv117__class_type_infoD0Ev
                0x0000000000004bac       0x1c /Applications/lpcxpresso_4.2.4_267/lpcxpresso/Tools/bin/../lib/gcc/arm-none-eabi/4.6.2/../../../../arm-none-eabi/lib/armv7-m/libstdc++.a(class_type_info.o)
                0x0000000000004bac                _ZN10__cxxabiv117__class_type_infoD0Ev
 .text._ZNK10__cxxabiv117__class_type_info12__do_dyncastEiNS0_10__sub_kindEPKS0_PKvS3_S5_RNS0_16__dyncast_resultE
                0x0000000000004bc8       0x3c /Applications/lpcxpresso_4.2.4_267/lpcxpresso/Tools/bin/../lib/gcc/arm-none-eabi/4.6.2/../../../../arm-none-eabi/lib/armv7-m/libstdc++.a(class_type_info.o)
                0x0000000000004bc8                _ZNK10__cxxabiv117__class_type_info12__do_dyncastEiNS0_10__sub_kindEPKS0_PKvS3_S5_RNS0_16__dyncast_resultE
 .text._ZNK10__cxxabiv117__class_type_info10__do_catchEPKSt9type_infoPPvj
                0x0000000000004c04       0x28 /Applications/lpcxpresso_4.2.4_267/lpcxpresso/Tools/bin/../lib/gcc/arm-none-eabi/4.6.2/../../../../arm-none-eabi/lib/armv7-m/libstdc++.a(class_type_info.o)
                0x0000000000004c04                _ZNK10__cxxabiv117__class_type_info10__do_catchEPKSt9type_infoPPvj
 .text.__cxa_allocate_exception
                0x0000000000004c2c       0x74 /Applications/lpcxpresso_4.2.4_267/lpcxpresso/Tools/bin/../lib/gcc/arm-none-eabi/4.6.2/../../../../arm-none-eabi/lib/armv7-m/libstdc++.a(eh_alloc.o)
                0x0000000000004c2c                __cxa_allocate_exception
 .text.__cxa_free_exception
                0x0000000000004ca0       0x34 /Applications/lpcxpresso_4.2.4_267/lpcxpresso/Tools/bin/../lib/gcc/arm-none-eabi/4.6.2/../../../../arm-none-eabi/lib/armv7-m/libstdc++.a(eh_alloc.o)
                0x0000000000004ca0                __cxa_free_exception
 .text.__cxa_allocate_dependent_exception
                0x0000000000004cd4       0x68 /Applications/lpcxpresso_4.2.4_267/lpcxpresso/Tools/bin/../lib/gcc/arm-none-eabi/4.6.2/../../../../arm-none-eabi/lib/armv7-m/libstdc++.a(eh_alloc.o)
                0x0000000000004cd4                __cxa_allocate_dependent_exception
 .text.__cxa_free_dependent_exception
                0x0000000000004d3c       0x3c /Applications/lpcxpresso_4.2.4_267/lpcxpresso/Tools/bin/../lib/gcc/arm-none-eabi/4.6.2/../../../../arm-none-eabi/lib/armv7-m/libstdc++.a(eh_alloc.o)
                0x0000000000004d3c                __cxa_free_dependent_exception
 .text.__cxa_call_terminate
                0x0000000000004d78       0x50 /Applications/lpcxpresso_4.2.4_267/lpcxpresso/Tools/bin/../lib/gcc/arm-none-eabi/4.6.2/../../../../arm-none-eabi/lib/armv7-m/libstdc++.a(eh_call.o)
                0x0000000000004d78                __cxa_call_terminate
 .text.__cxa_call_unexpected
                0x0000000000004dc8      0x120 /Applications/lpcxpresso_4.2.4_267/lpcxpresso/Tools/bin/../lib/gcc/arm-none-eabi/4.6.2/../../../../arm-none-eabi/lib/armv7-m/libstdc++.a(eh_call.o)
                0x0000000000004dc8                __cxa_call_unexpected
 .text.__cxa_get_exception_ptr
                0x0000000000004ee8        0x4 /Applications/lpcxpresso_4.2.4_267/lpcxpresso/Tools/bin/../lib/gcc/arm-none-eabi/4.6.2/../../../../arm-none-eabi/lib/armv7-m/libstdc++.a(eh_catch.o)
                0x0000000000004ee8                __cxa_get_exception_ptr
 .text.__cxa_begin_catch
                0x0000000000004eec       0x98 /Applications/lpcxpresso_4.2.4_267/lpcxpresso/Tools/bin/../lib/gcc/arm-none-eabi/4.6.2/../../../../arm-none-eabi/lib/armv7-m/libstdc++.a(eh_catch.o)
                0x0000000000004eec                __cxa_begin_catch
 .text.__cxa_end_catch
                0x0000000000004f84       0x98 /Applications/lpcxpresso_4.2.4_267/lpcxpresso/Tools/bin/../lib/gcc/arm-none-eabi/4.6.2/../../../../arm-none-eabi/lib/armv7-m/libstdc++.a(eh_catch.o)
                0x0000000000004f84                __cxa_end_catch
 .text._ZSt18uncaught_exceptionv
                0x000000000000501c       0x10 /Applications/lpcxpresso_4.2.4_267/lpcxpresso/Tools/bin/../lib/gcc/arm-none-eabi/4.6.2/../../../../arm-none-eabi/lib/armv7-m/libstdc++.a(eh_catch.o)
                0x000000000000501c                _ZSt18uncaught_exceptionv
 .text._ZNK10__cxxabiv117__pbase_type_info15__pointer_catchEPKS0_PPvj
                0x000000000000502c       0x10 /Applications/lpcxpresso_4.2.4_267/lpcxpresso/Tools/bin/../lib/gcc/arm-none-eabi/4.6.2/../../../../arm-none-eabi/lib/armv7-m/libstdc++.a(pbase_type_info.o)
                0x000000000000502c                _ZNK10__cxxabiv117__pbase_type_info15__pointer_catchEPKS0_PPvj
 .text._ZN10__cxxabiv117__pbase_type_infoD2Ev
                0x000000000000503c       0x14 /Applications/lpcxpresso_4.2.4_267/lpcxpresso/Tools/bin/../lib/gcc/arm-none-eabi/4.6.2/../../../../arm-none-eabi/lib/armv7-m/libstdc++.a(pbase_type_info.o)
                0x000000000000503c                _ZN10__cxxabiv117__pbase_type_infoD1Ev
                0x000000000000503c                _ZN10__cxxabiv117__pbase_type_infoD2Ev
 .text._ZN10__cxxabiv117__pbase_type_infoD0Ev
                0x0000000000005050       0x1c /Applications/lpcxpresso_4.2.4_267/lpcxpresso/Tools/bin/../lib/gcc/arm-none-eabi/4.6.2/../../../../arm-none-eabi/lib/armv7-m/libstdc++.a(pbase_type_info.o)
                0x0000000000005050                _ZN10__cxxabiv117__pbase_type_infoD0Ev
 .text._ZNK10__cxxabiv117__pbase_type_info10__do_catchEPKSt9type_infoPPvj
                0x000000000000506c       0x68 /Applications/lpcxpresso_4.2.4_267/lpcxpresso/Tools/bin/../lib/gcc/arm-none-eabi/4.6.2/../../../../arm-none-eabi/lib/armv7-m/libstdc++.a(pbase_type_info.o)
                0x000000000000506c                _ZNK10__cxxabiv117__pbase_type_info10__do_catchEPKSt9type_infoPPvj
 .text          0x00000000000050d4       0x3c /Applications/lpcxpresso_4.2.4_267/lpcxpresso/Tools/bin/../lib/gcc/arm-none-eabi/4.6.2/../../../../arm-none-eabi/lib/armv7-m/libcr_newlib_nohost.a(_cr_sbrk.o)
                0x00000000000050d4                _sbrk
 .text          0x0000000000005110        0x2 /Applications/lpcxpresso_4.2.4_267/lpcxpresso/Tools/bin/../lib/gcc/arm-none-eabi/4.6.2/../../../../arm-none-eabi/lib/armv7-m/libcr_newlib_nohost.a(_exit.o)
                0x0000000000005110                _exit
 *fill*         0x0000000000005112        0x2 00
 .text          0x0000000000005114       0x10 /Applications/lpcxpresso_4.2.4_267/lpcxpresso/Tools/bin/../lib/gcc/arm-none-eabi/4.6.2/../../../../arm-none-eabi/lib/armv7-m/libcr_newlib_nohost.a(getpid.o)
                0x0000000000005114                _getpid
 .text          0x0000000000005124       0x10 /Applications/lpcxpresso_4.2.4_267/lpcxpresso/Tools/bin/../lib/gcc/arm-none-eabi/4.6.2/../../../../arm-none-eabi/lib/armv7-m/libcr_newlib_nohost.a(kill.o)
                0x0000000000005124                _kill
 .text          0x0000000000005134       0x2c /Applications/lpcxpresso_4.2.4_267/lpcxpresso/Tools/bin/../lib/gcc/arm-none-eabi/4.6.2/../../../../arm-none-eabi/lib/armv7-m/libcr_newlib_nohost.a(_cr_check_heap.o)
                0x0000000000005134                __check_heap_overflow
 .text          0x0000000000005160       0x54 /Applications/lpcxpresso_4.2.4_267/lpcxpresso/Tools/bin/../lib/gcc/arm-none-eabi/4.6.2/armv7-m/crtbegin.o
 .text          0x00000000000051b4        0xc /Applications/lpcxpresso_4.2.4_267/lpcxpresso/Tools/bin/../lib/gcc/arm-none-eabi/4.6.2/../../../../arm-none-eabi/lib/armv7-m/libc.a(lib_a-errno.o)
                0x00000000000051b4                __errno
 .text          0x00000000000051c0       0x90 /Applications/lpcxpresso_4.2.4_267/lpcxpresso/Tools/bin/../lib/gcc/arm-none-eabi/4.6.2/../../../../arm-none-eabi/lib/armv7-m/libc.a(lib_a-memset.o)
                0x00000000000051c0                memset
 .text          0x0000000000005250      0x1dc /Applications/lpcxpresso_4.2.4_267/lpcxpresso/Tools/bin/../lib/gcc/arm-none-eabi/4.6.2/../../../../arm-none-eabi/lib/armv7-m/libc.a(lib_a-strcmp.o)
                0x0000000000005250                strcmp
 *(.rodata .rodata.*)
 .rodata        0x000000000000542c       0x14 ./src/TestLM75B.o
 .rodata._ZTV7TextLCD
                0x0000000000005440       0x18 /Users/take/Documents/LPCXpresso_4.2.4/workspace/LBED_LPC13xx_USERLIB/Debug/libLBED_LPC13xx_USERLIB.a(TextLCD.o)
                0x0000000000005440                _ZTV7TextLCD
 .rodata._ZTV5Print
                0x0000000000005458       0x10 /Users/take/proj/LBED/lbed/LBED_LPC13xx/Debug/libLBED_LPC13xx.a(Print.o)
                0x0000000000005458                _ZTV5Print
 .rodata.str1.4
                0x0000000000005468        0x6 /Users/take/proj/LBED/lbed/LBED_LPC13xx/Debug/libLBED_LPC13xx.a(Print.o)
                                          0x8 (size before relaxing)
 *fill*         0x000000000000546e        0x2 00
 .rodata.str1.4
                0x0000000000005470        0x2 /Applications/lpcxpresso_4.2.4_267/lpcxpresso/Tools/bin/../lib/gcc/arm-none-eabi/4.6.2/../../../../arm-none-eabi/lib/armv7-m/libc.a(lib_a-impure.o)
                                          0x4 (size before relaxing)
 *fill*         0x0000000000005472        0x6 00
 .rodata._ZTVN10__cxxabiv115__forced_unwindE
                0x0000000000005478       0x18 /Applications/lpcxpresso_4.2.4_267/lpcxpresso/Tools/bin/../lib/gcc/arm-none-eabi/4.6.2/../../../../arm-none-eabi/lib/armv7-m/libstdc++.a(eh_exception.o)
                0x0000000000005478                _ZTVN10__cxxabiv115__forced_unwindE
 .rodata._ZTVSt9exception
                0x0000000000005490       0x18 /Applications/lpcxpresso_4.2.4_267/lpcxpresso/Tools/bin/../lib/gcc/arm-none-eabi/4.6.2/../../../../arm-none-eabi/lib/armv7-m/libstdc++.a(eh_exception.o)
                0x0000000000005490                _ZTVSt9exception
 .rodata._ZTIN10__cxxabiv115__forced_unwindE
                0x00000000000054a8        0x8 /Applications/lpcxpresso_4.2.4_267/lpcxpresso/Tools/bin/../lib/gcc/arm-none-eabi/4.6.2/../../../../arm-none-eabi/lib/armv7-m/libstdc++.a(eh_exception.o)
                0x00000000000054a8                _ZTIN10__cxxabiv115__forced_unwindE
 .rodata._ZTISt9exception
                0x00000000000054b0        0x8 /Applications/lpcxpresso_4.2.4_267/lpcxpresso/Tools/bin/../lib/gcc/arm-none-eabi/4.6.2/../../../../arm-none-eabi/lib/armv7-m/libstdc++.a(eh_exception.o)
                0x00000000000054b0                _ZTISt9exception
 .rodata._ZTSSt13bad_exception
                0x00000000000054b8       0x14 /Applications/lpcxpresso_4.2.4_267/lpcxpresso/Tools/bin/../lib/gcc/arm-none-eabi/4.6.2/../../../../arm-none-eabi/lib/armv7-m/libstdc++.a(eh_exception.o)
                0x00000000000054b8                _ZTSSt13bad_exception
 .rodata.str1.4
                0x00000000000054cc       0x23 /Applications/lpcxpresso_4.2.4_267/lpcxpresso/Tools/bin/../lib/gcc/arm-none-eabi/4.6.2/../../../../arm-none-eabi/lib/armv7-m/libstdc++.a(eh_exception.o)
                                         0x24 (size before relaxing)
 *fill*         0x00000000000054ef        0x1 00
 .rodata._ZTSN10__cxxabiv119__foreign_exceptionE
                0x00000000000054f0       0x24 /Applications/lpcxpresso_4.2.4_267/lpcxpresso/Tools/bin/../lib/gcc/arm-none-eabi/4.6.2/../../../../arm-none-eabi/lib/armv7-m/libstdc++.a(eh_exception.o)
                0x00000000000054f0                _ZTSN10__cxxabiv119__foreign_exceptionE
 .rodata._ZTIN10__cxxabiv119__foreign_exceptionE
                0x0000000000005514        0x8 /Applications/lpcxpresso_4.2.4_267/lpcxpresso/Tools/bin/../lib/gcc/arm-none-eabi/4.6.2/../../../../arm-none-eabi/lib/armv7-m/libstdc++.a(eh_exception.o)
                0x0000000000005514                _ZTIN10__cxxabiv119__foreign_exceptionE
 *fill*         0x000000000000551c        0x4 00
 .rodata._ZTVSt13bad_exception
                0x0000000000005520       0x18 /Applications/lpcxpresso_4.2.4_267/lpcxpresso/Tools/bin/../lib/gcc/arm-none-eabi/4.6.2/../../../../arm-none-eabi/lib/armv7-m/libstdc++.a(eh_exception.o)
                0x0000000000005520                _ZTVSt13bad_exception
 .rodata._ZTSSt9exception
                0x0000000000005538       0x10 /Applications/lpcxpresso_4.2.4_267/lpcxpresso/Tools/bin/../lib/gcc/arm-none-eabi/4.6.2/../../../../arm-none-eabi/lib/armv7-m/libstdc++.a(eh_exception.o)
                0x0000000000005538                _ZTSSt9exception
 .rodata._ZTVN10__cxxabiv119__foreign_exceptionE
                0x0000000000005548       0x18 /Applications/lpcxpresso_4.2.4_267/lpcxpresso/Tools/bin/../lib/gcc/arm-none-eabi/4.6.2/../../../../arm-none-eabi/lib/armv7-m/libstdc++.a(eh_exception.o)
                0x0000000000005548                _ZTVN10__cxxabiv119__foreign_exceptionE
 .rodata._ZTSN10__cxxabiv115__forced_unwindE
                0x0000000000005560       0x20 /Applications/lpcxpresso_4.2.4_267/lpcxpresso/Tools/bin/../lib/gcc/arm-none-eabi/4.6.2/../../../../arm-none-eabi/lib/armv7-m/libstdc++.a(eh_exception.o)
                0x0000000000005560                _ZTSN10__cxxabiv115__forced_unwindE
 .rodata._ZTISt13bad_exception
                0x0000000000005580        0xc /Applications/lpcxpresso_4.2.4_267/lpcxpresso/Tools/bin/../lib/gcc/arm-none-eabi/4.6.2/../../../../arm-none-eabi/lib/armv7-m/libstdc++.a(eh_exception.o)
                0x0000000000005580                _ZTISt13bad_exception
 .rodata._ZTIPv
                0x000000000000558c       0x10 /Applications/lpcxpresso_4.2.4_267/lpcxpresso/Tools/bin/../lib/gcc/arm-none-eabi/4.6.2/../../../../arm-none-eabi/lib/armv7-m/libstdc++.a(fundamental_type_info.o)
                0x000000000000558c                _ZTIPv
 .rodata._ZTIv  0x000000000000559c        0x8 /Applications/lpcxpresso_4.2.4_267/lpcxpresso/Tools/bin/../lib/gcc/arm-none-eabi/4.6.2/../../../../arm-none-eabi/lib/armv7-m/libstdc++.a(fundamental_type_info.o)
                0x000000000000559c                _ZTIv
 .rodata._ZTSPv
                0x00000000000055a4        0x4 /Applications/lpcxpresso_4.2.4_267/lpcxpresso/Tools/bin/../lib/gcc/arm-none-eabi/4.6.2/../../../../arm-none-eabi/lib/armv7-m/libstdc++.a(fundamental_type_info.o)
                0x00000000000055a4                _ZTSPv
 .rodata._ZTSv  0x00000000000055a8        0x4 /Applications/lpcxpresso_4.2.4_267/lpcxpresso/Tools/bin/../lib/gcc/arm-none-eabi/4.6.2/../../../../arm-none-eabi/lib/armv7-m/libstdc++.a(fundamental_type_info.o)
                0x00000000000055a8                _ZTSv
 .rodata._ZTIN10__cxxabiv123__fundamental_type_infoE
                0x00000000000055ac        0xc /Applications/lpcxpresso_4.2.4_267/lpcxpresso/Tools/bin/../lib/gcc/arm-none-eabi/4.6.2/../../../../arm-none-eabi/lib/armv7-m/libstdc++.a(fundamental_type_info.o)
                0x00000000000055ac                _ZTIN10__cxxabiv123__fundamental_type_infoE
 .rodata._ZTSN10__cxxabiv123__fundamental_type_infoE
                0x00000000000055b8       0x28 /Applications/lpcxpresso_4.2.4_267/lpcxpresso/Tools/bin/../lib/gcc/arm-none-eabi/4.6.2/../../../../arm-none-eabi/lib/armv7-m/libstdc++.a(fundamental_type_info.o)
                0x00000000000055b8                _ZTSN10__cxxabiv123__fundamental_type_infoE
 .rodata._ZTVN10__cxxabiv123__fundamental_type_infoE
                0x00000000000055e0       0x20 /Applications/lpcxpresso_4.2.4_267/lpcxpresso/Tools/bin/../lib/gcc/arm-none-eabi/4.6.2/../../../../arm-none-eabi/lib/armv7-m/libstdc++.a(fundamental_type_info.o)
                0x00000000000055e0                _ZTVN10__cxxabiv123__fundamental_type_infoE
 .rodata._ZTSN10__cxxabiv119__pointer_type_infoE
                0x0000000000005600       0x24 /Applications/lpcxpresso_4.2.4_267/lpcxpresso/Tools/bin/../lib/gcc/arm-none-eabi/4.6.2/../../../../arm-none-eabi/lib/armv7-m/libstdc++.a(pointer_type_info.o)
                0x0000000000005600                _ZTSN10__cxxabiv119__pointer_type_infoE
 .rodata._ZTIN10__cxxabiv119__pointer_type_infoE
                0x0000000000005624        0xc /Applications/lpcxpresso_4.2.4_267/lpcxpresso/Tools/bin/../lib/gcc/arm-none-eabi/4.6.2/../../../../arm-none-eabi/lib/armv7-m/libstdc++.a(pointer_type_info.o)
                0x0000000000005624                _ZTIN10__cxxabiv119__pointer_type_infoE
 .rodata._ZTVN10__cxxabiv119__pointer_type_infoE
                0x0000000000005630       0x28 /Applications/lpcxpresso_4.2.4_267/lpcxpresso/Tools/bin/../lib/gcc/arm-none-eabi/4.6.2/../../../../arm-none-eabi/lib/armv7-m/libstdc++.a(pointer_type_info.o)
                0x0000000000005630                _ZTVN10__cxxabiv119__pointer_type_infoE
 .rodata._ZTVN10__cxxabiv120__si_class_type_infoE
                0x0000000000005658       0x30 /Applications/lpcxpresso_4.2.4_267/lpcxpresso/Tools/bin/../lib/gcc/arm-none-eabi/4.6.2/../../../../arm-none-eabi/lib/armv7-m/libstdc++.a(si_class_type_info.o)
                0x0000000000005658                _ZTVN10__cxxabiv120__si_class_type_infoE
 .rodata._ZTIN10__cxxabiv120__si_class_type_infoE
                0x0000000000005688        0xc /Applications/lpcxpresso_4.2.4_267/lpcxpresso/Tools/bin/../lib/gcc/arm-none-eabi/4.6.2/../../../../arm-none-eabi/lib/armv7-m/libstdc++.a(si_class_type_info.o)
                0x0000000000005688                _ZTIN10__cxxabiv120__si_class_type_infoE
 .rodata._ZTSN10__cxxabiv120__si_class_type_infoE
                0x0000000000005694       0x28 /Applications/lpcxpresso_4.2.4_267/lpcxpresso/Tools/bin/../lib/gcc/arm-none-eabi/4.6.2/../../../../arm-none-eabi/lib/armv7-m/libstdc++.a(si_class_type_info.o)
                0x0000000000005694                _ZTSN10__cxxabiv120__si_class_type_infoE
 .rodata._ZTISt9type_info
                0x00000000000056bc        0x8 /Applications/lpcxpresso_4.2.4_267/lpcxpresso/Tools/bin/../lib/gcc/arm-none-eabi/4.6.2/../../../../arm-none-eabi/lib/armv7-m/libstdc++.a(tinfo.o)
                0x00000000000056bc                _ZTISt9type_info
 .rodata._ZTSSt9type_info
                0x00000000000056c4       0x10 /Applications/lpcxpresso_4.2.4_267/lpcxpresso/Tools/bin/../lib/gcc/arm-none-eabi/4.6.2/../../../../arm-none-eabi/lib/armv7-m/libstdc++.a(tinfo.o)
                0x00000000000056c4                _ZTSSt9type_info
 *fill*         0x00000000000056d4        0x4 00
 .rodata._ZTVSt9type_info
                0x00000000000056d8       0x20 /Applications/lpcxpresso_4.2.4_267/lpcxpresso/Tools/bin/../lib/gcc/arm-none-eabi/4.6.2/../../../../arm-none-eabi/lib/armv7-m/libstdc++.a(tinfo.o)
                0x00000000000056d8                _ZTVSt9type_info
 .rodata._ZTISt8bad_cast
                0x00000000000056f8        0xc /Applications/lpcxpresso_4.2.4_267/lpcxpresso/Tools/bin/../lib/gcc/arm-none-eabi/4.6.2/../../../../arm-none-eabi/lib/armv7-m/libstdc++.a(bad_cast.o)
                0x00000000000056f8                _ZTISt8bad_cast
 .rodata._ZTSSt8bad_cast
                0x0000000000005704        0xc /Applications/lpcxpresso_4.2.4_267/lpcxpresso/Tools/bin/../lib/gcc/arm-none-eabi/4.6.2/../../../../arm-none-eabi/lib/armv7-m/libstdc++.a(bad_cast.o)
                0x0000000000005704                _ZTSSt8bad_cast
 .rodata._ZTVSt8bad_cast
                0x0000000000005710       0x18 /Applications/lpcxpresso_4.2.4_267/lpcxpresso/Tools/bin/../lib/gcc/arm-none-eabi/4.6.2/../../../../arm-none-eabi/lib/armv7-m/libstdc++.a(bad_cast.o)
                0x0000000000005710                _ZTVSt8bad_cast
 .rodata.str1.4
                0x0000000000005728        0xe /Applications/lpcxpresso_4.2.4_267/lpcxpresso/Tools/bin/../lib/gcc/arm-none-eabi/4.6.2/../../../../arm-none-eabi/lib/armv7-m/libstdc++.a(bad_cast.o)
                                         0x10 (size before relaxing)
 *fill*         0x0000000000005736        0x2 00
 .rodata._ZTVSt10bad_typeid
                0x0000000000005738       0x18 /Applications/lpcxpresso_4.2.4_267/lpcxpresso/Tools/bin/../lib/gcc/arm-none-eabi/4.6.2/../../../../arm-none-eabi/lib/armv7-m/libstdc++.a(bad_typeid.o)
                0x0000000000005738                _ZTVSt10bad_typeid
 .rodata._ZTISt10bad_typeid
                0x0000000000005750        0xc /Applications/lpcxpresso_4.2.4_267/lpcxpresso/Tools/bin/../lib/gcc/arm-none-eabi/4.6.2/../../../../arm-none-eabi/lib/armv7-m/libstdc++.a(bad_typeid.o)
                0x0000000000005750                _ZTISt10bad_typeid
 .rodata.str1.4
                0x000000000000575c       0x10 /Applications/lpcxpresso_4.2.4_267/lpcxpresso/Tools/bin/../lib/gcc/arm-none-eabi/4.6.2/../../../../arm-none-eabi/lib/armv7-m/libstdc++.a(bad_typeid.o)
 .rodata._ZTSSt10bad_typeid
                0x000000000000576c       0x10 /Applications/lpcxpresso_4.2.4_267/lpcxpresso/Tools/bin/../lib/gcc/arm-none-eabi/4.6.2/../../../../arm-none-eabi/lib/armv7-m/libstdc++.a(bad_typeid.o)
                0x000000000000576c                _ZTSSt10bad_typeid
 *fill*         0x000000000000577c        0x4 00
 .rodata._ZTVN10__cxxabiv117__class_type_infoE
                0x0000000000005780       0x30 /Applications/lpcxpresso_4.2.4_267/lpcxpresso/Tools/bin/../lib/gcc/arm-none-eabi/4.6.2/../../../../arm-none-eabi/lib/armv7-m/libstdc++.a(class_type_info.o)
                0x0000000000005780                _ZTVN10__cxxabiv117__class_type_infoE
 .rodata._ZTIN10__cxxabiv117__class_type_infoE
                0x00000000000057b0        0xc /Applications/lpcxpresso_4.2.4_267/lpcxpresso/Tools/bin/../lib/gcc/arm-none-eabi/4.6.2/../../../../arm-none-eabi/lib/armv7-m/libstdc++.a(class_type_info.o)
                0x00000000000057b0                _ZTIN10__cxxabiv117__class_type_infoE
 .rodata._ZTSN10__cxxabiv117__class_type_infoE
                0x00000000000057bc       0x24 /Applications/lpcxpresso_4.2.4_267/lpcxpresso/Tools/bin/../lib/gcc/arm-none-eabi/4.6.2/../../../../arm-none-eabi/lib/armv7-m/libstdc++.a(class_type_info.o)
                0x00000000000057bc                _ZTSN10__cxxabiv117__class_type_infoE
 .rodata._ZTIN10__cxxabiv117__pbase_type_infoE
                0x00000000000057e0        0xc /Applications/lpcxpresso_4.2.4_267/lpcxpresso/Tools/bin/../lib/gcc/arm-none-eabi/4.6.2/../../../../arm-none-eabi/lib/armv7-m/libstdc++.a(pbase_type_info.o)
                0x00000000000057e0                _ZTIN10__cxxabiv117__pbase_type_infoE
 .rodata._ZTSN10__cxxabiv117__pbase_type_infoE
                0x00000000000057ec       0x24 /Applications/lpcxpresso_4.2.4_267/lpcxpresso/Tools/bin/../lib/gcc/arm-none-eabi/4.6.2/../../../../arm-none-eabi/lib/armv7-m/libstdc++.a(pbase_type_info.o)
                0x00000000000057ec                _ZTSN10__cxxabiv117__pbase_type_infoE
 .rodata._ZTVN10__cxxabiv117__pbase_type_infoE
                0x0000000000005810       0x28 /Applications/lpcxpresso_4.2.4_267/lpcxpresso/Tools/bin/../lib/gcc/arm-none-eabi/4.6.2/../../../../arm-none-eabi/lib/armv7-m/libstdc++.a(pbase_type_info.o)
                0x0000000000005810                _ZTVN10__cxxabiv117__pbase_type_infoE
                0x0000000000005838                . = ALIGN (0x4)
                0x0000000000005838                . = ALIGN (0x4)
 *(.init)
 .init          0x0000000000005838        0x4 /Applications/lpcxpresso_4.2.4_267/lpcxpresso/Tools/bin/../lib/gcc/arm-none-eabi/4.6.2/armv7-m/crti.o
                0x0000000000005838                _init
 .init          0x000000000000583c        0x8 /Applications/lpcxpresso_4.2.4_267/lpcxpresso/Tools/bin/../lib/gcc/arm-none-eabi/4.6.2/armv7-m/crtn.o
                0x0000000000005844                . = ALIGN (0x4)
                0x0000000000005844                __preinit_array_start = .
 *(.preinit_array)
                0x0000000000005844                __preinit_array_end = .
                0x0000000000005844                . = ALIGN (0x4)
                0x0000000000005844                __init_array_start = .
 *(SORT(.init_array.*))
 *(.init_array)
 .init_array    0x0000000000005844        0x4 /Applications/lpcxpresso_4.2.4_267/lpcxpresso/Tools/bin/../lib/gcc/arm-none-eabi/4.6.2/armv7-m/crtbegin.o
                0x0000000000005848                __init_array_end = .
 *(.fini)
 .fini          0x0000000000005848        0x4 /Applications/lpcxpresso_4.2.4_267/lpcxpresso/Tools/bin/../lib/gcc/arm-none-eabi/4.6.2/armv7-m/crti.o
                0x0000000000005848                _fini
 .fini          0x000000000000584c        0x8 /Applications/lpcxpresso_4.2.4_267/lpcxpresso/Tools/bin/../lib/gcc/arm-none-eabi/4.6.2/armv7-m/crtn.o
                0x0000000000005854                . = ALIGN (0x4)
 *crtbegin.o(.ctors)
 *(EXCLUDE_FILE(*crtend.o) .ctors)
 *(SORT(.ctors.*))
 *crtend.o(.ctors)
                0x0000000000005854                . = ALIGN (0x4)
 *crtbegin.o(.dtors)
 *(EXCLUDE_FILE(*crtend.o) .dtors)
 *(SORT(.dtors.*))
 *crtend.o(.dtors)

.glue_7         0x0000000000005854        0x0
 .glue_7        0x0000000000000000        0x0 linker stubs

.glue_7t        0x0000000000005854        0x0
 .glue_7t       0x0000000000000000        0x0 linker stubs

.vfp11_veneer   0x0000000000005854        0x0
 .vfp11_veneer  0x0000000000000000        0x0 linker stubs

.v4_bx          0x0000000000005854        0x0
 .v4_bx         0x0000000000000000        0x0 linker stubs

.ARM.extab      0x0000000000005854      0x1ec
 *(.ARM.extab* .gnu.linkonce.armextab.*)
 .ARM.extab.text._ZN9DigitalIncviEv
                0x0000000000005854        0xc ./src/TestLM75B.o
 .ARM.extab.text._ZN10DigitalOut5writeEi
                0x0000000000005860        0x0 ./src/TestLM75B.o
 .ARM.extab.text._ZN10DigitalOutaSEi
                0x0000000000005860        0x0 ./src/TestLM75B.o
 .ARM.extab.text.main
                0x0000000000005860       0x20 ./src/TestLM75B.o
 .ARM.extab.text._Znwj
                0x0000000000005880        0x0 ./src/cr_cpp_config.o
 .ARM.extab.text._Znaj
                0x0000000000005880        0x0 ./src/cr_cpp_config.o
 .ARM.extab.text._ZdlPv
                0x0000000000005880        0x0 ./src/cr_cpp_config.o
 .ARM.extab.text._ZdaPv
                0x0000000000005880        0x0 ./src/cr_cpp_config.o
 .ARM.extab.text.__aeabi_atexit
                0x0000000000005880        0x0 ./src/cr_cpp_config.o
 .ARM.extab.text._ZN9__gnu_cxx27__verbose_terminate_handlerEv
                0x0000000000005880        0x0 ./src/cr_cpp_config.o
 .ARM.extab.after_vectors
                0x0000000000005880        0xc ./src/cr_startup_lpc13.o
 .ARM.extab.text._ZN5LM75BC2Eii
                0x000000000000588c        0xc /Users/take/Documents/LPCXpresso_4.2.4/workspace/LBED_LPC13xx_USERLIB/Debug/libLBED_LPC13xx_USERLIB.a(LM75B.o)
 .ARM.extab.text._ZN5LM75BD2Ev
                0x0000000000005898        0x0 /Users/take/Documents/LPCXpresso_4.2.4/workspace/LBED_LPC13xx_USERLIB/Debug/libLBED_LPC13xx_USERLIB.a(LM75B.o)
 .ARM.extab.text._ZN5LM75B4readEv
                0x0000000000005898        0xc /Users/take/Documents/LPCXpresso_4.2.4/workspace/LBED_LPC13xx_USERLIB/Debug/libLBED_LPC13xx_USERLIB.a(LM75B.o)
 .ARM.extab.text._ZN7TextLCD5writeEc
                0x00000000000058a4        0xc /Users/take/Documents/LPCXpresso_4.2.4/workspace/LBED_LPC13xx_USERLIB/Debug/libLBED_LPC13xx_USERLIB.a(TextLCD.o)
 .ARM.extab.text._ZN5PrintC2Ev
                0x00000000000058b0        0x0 /Users/take/Documents/LPCXpresso_4.2.4/workspace/LBED_LPC13xx_USERLIB/Debug/libLBED_LPC13xx_USERLIB.a(TextLCD.o)
 .ARM.extab.text._ZN7TextLCDC2EiiiiiiNS_7LCDTypeE
                0x00000000000058b0        0xc /Users/take/Documents/LPCXpresso_4.2.4/workspace/LBED_LPC13xx_USERLIB/Debug/libLBED_LPC13xx_USERLIB.a(TextLCD.o)
 .ARM.extab.text._ZN7TextLCD9characterEiii
                0x00000000000058bc        0xc /Users/take/Documents/LPCXpresso_4.2.4/workspace/LBED_LPC13xx_USERLIB/Debug/libLBED_LPC13xx_USERLIB.a(TextLCD.o)
 .ARM.extab.text._ZN7TextLCD3clsEv
                0x00000000000058c8        0xc /Users/take/Documents/LPCXpresso_4.2.4/workspace/LBED_LPC13xx_USERLIB/Debug/libLBED_LPC13xx_USERLIB.a(TextLCD.o)
 .ARM.extab.text._ZN7TextLCD6locateEii
                0x00000000000058d4        0x0 /Users/take/Documents/LPCXpresso_4.2.4/workspace/LBED_LPC13xx_USERLIB/Debug/libLBED_LPC13xx_USERLIB.a(TextLCD.o)
 .ARM.extab.text._ZN7TextLCD5_putcEi
                0x00000000000058d4        0xc /Users/take/Documents/LPCXpresso_4.2.4/workspace/LBED_LPC13xx_USERLIB/Debug/libLBED_LPC13xx_USERLIB.a(TextLCD.o)
 .ARM.extab.text._ZN7TextLCD5_getcEv
                0x00000000000058e0        0x0 /Users/take/Documents/LPCXpresso_4.2.4/workspace/LBED_LPC13xx_USERLIB/Debug/libLBED_LPC13xx_USERLIB.a(TextLCD.o)
 .ARM.extab.text._ZN7TextLCD9writeByteEi
                0x00000000000058e0        0xc /Users/take/Documents/LPCXpresso_4.2.4/workspace/LBED_LPC13xx_USERLIB/Debug/libLBED_LPC13xx_USERLIB.a(TextLCD.o)
 .ARM.extab.text._ZN7TextLCD12writeCommandEi
                0x00000000000058ec        0xc /Users/take/Documents/LPCXpresso_4.2.4/workspace/LBED_LPC13xx_USERLIB/Debug/libLBED_LPC13xx_USERLIB.a(TextLCD.o)
 .ARM.extab.text._ZN7TextLCD9writeDataEi
                0x00000000000058f8        0xc /Users/take/Documents/LPCXpresso_4.2.4/workspace/LBED_LPC13xx_USERLIB/Debug/libLBED_LPC13xx_USERLIB.a(TextLCD.o)
 .ARM.extab.text._ZN7TextLCD7addressEii
                0x0000000000005904        0x0 /Users/take/Documents/LPCXpresso_4.2.4/workspace/LBED_LPC13xx_USERLIB/Debug/libLBED_LPC13xx_USERLIB.a(TextLCD.o)
 .ARM.extab.text._ZN7TextLCD7columnsEv
                0x0000000000005904        0x0 /Users/take/Documents/LPCXpresso_4.2.4/workspace/LBED_LPC13xx_USERLIB/Debug/libLBED_LPC13xx_USERLIB.a(TextLCD.o)
 .ARM.extab.text._ZN7TextLCD4rowsEv
                0x0000000000005904        0x0 /Users/take/Documents/LPCXpresso_4.2.4/workspace/LBED_LPC13xx_USERLIB/Debug/libLBED_LPC13xx_USERLIB.a(TextLCD.o)
 .ARM.extab.text._ZN6BusOutC2Eiiiiiiiiiiiiiiii
                0x0000000000005904        0x0 /Users/take/proj/LBED/lbed/LBED_LPC13xx/Debug/libLBED_LPC13xx.a(BusOut.o)
 .ARM.extab.text._ZN6BusOut5writeEi
                0x0000000000005904        0x0 /Users/take/proj/LBED/lbed/LBED_LPC13xx/Debug/libLBED_LPC13xx.a(BusOut.o)
 .ARM.extab.text._ZN6BusOut4readEv
                0x0000000000005904        0x0 /Users/take/proj/LBED/lbed/LBED_LPC13xx/Debug/libLBED_LPC13xx.a(BusOut.o)
 .ARM.extab.text._ZN9DigitalInC2Ev
                0x0000000000005904        0x0 /Users/take/proj/LBED/lbed/LBED_LPC13xx/Debug/libLBED_LPC13xx.a(DigitalIn.o)
 .ARM.extab.text._ZN9DigitalIn5setupEiPKc
                0x0000000000005904        0x0 /Users/take/proj/LBED/lbed/LBED_LPC13xx/Debug/libLBED_LPC13xx.a(DigitalIn.o)
 .ARM.extab.text._ZN9DigitalInC2EiPKc
                0x0000000000005904        0x0 /Users/take/proj/LBED/lbed/LBED_LPC13xx/Debug/libLBED_LPC13xx.a(DigitalIn.o)
 .ARM.extab.text._ZN9DigitalIn4modeEi
                0x0000000000005904        0x0 /Users/take/proj/LBED/lbed/LBED_LPC13xx/Debug/libLBED_LPC13xx.a(DigitalIn.o)
 .ARM.extab.text._ZN9DigitalIn4readEv
                0x0000000000005904        0x0 /Users/take/proj/LBED/lbed/LBED_LPC13xx/Debug/libLBED_LPC13xx.a(DigitalIn.o)
 .ARM.extab.text._ZN10DigitalOutC2Ev
                0x0000000000005904        0x0 /Users/take/proj/LBED/lbed/LBED_LPC13xx/Debug/libLBED_LPC13xx.a(DigitalOut.o)
 .ARM.extab.text._ZN10DigitalOut5setupEiPKc
                0x0000000000005904        0x0 /Users/take/proj/LBED/lbed/LBED_LPC13xx/Debug/libLBED_LPC13xx.a(DigitalOut.o)
 .ARM.extab.text._ZN10DigitalOutC2EiPKc
                0x0000000000005904        0x0 /Users/take/proj/LBED/lbed/LBED_LPC13xx/Debug/libLBED_LPC13xx.a(DigitalOut.o)
 .ARM.extab.text._ZN3I2CC2EiiPKc
                0x0000000000005904        0x0 /Users/take/proj/LBED/lbed/LBED_LPC13xx/Debug/libLBED_LPC13xx.a(I2C.o)
 .ARM.extab.text._ZN3I2C4readEiPcib
                0x0000000000005904        0x0 /Users/take/proj/LBED/lbed/LBED_LPC13xx/Debug/libLBED_LPC13xx.a(I2C.o)
 .ARM.extab.text._ZN3I2C4readEi
                0x0000000000005904        0xc /Users/take/proj/LBED/lbed/LBED_LPC13xx/Debug/libLBED_LPC13xx.a(I2C.o)
 .ARM.extab.text._ZN3I2C5writeEiPKcib
                0x0000000000005910        0x0 /Users/take/proj/LBED/lbed/LBED_LPC13xx/Debug/libLBED_LPC13xx.a(I2C.o)
 .ARM.extab.text._ZN3I2C5writeEi
                0x0000000000005910        0x0 /Users/take/proj/LBED/lbed/LBED_LPC13xx/Debug/libLBED_LPC13xx.a(I2C.o)
 .ARM.extab.text._ZN5Print5writeEPKci
                0x0000000000005910        0x0 /Users/take/proj/LBED/lbed/LBED_LPC13xx/Debug/libLBED_LPC13xx.a(Print.o)
 .ARM.extab.text._ZN5Print5printEPKc
                0x0000000000005910        0x0 /Users/take/proj/LBED/lbed/LBED_LPC13xx/Debug/libLBED_LPC13xx.a(Print.o)
 .ARM.extab.text._ZN5Print5printEc
                0x0000000000005910        0xc /Users/take/proj/LBED/lbed/LBED_LPC13xx/Debug/libLBED_LPC13xx.a(Print.o)
 .ARM.extab.text._ZN5Print7printlnEv
                0x000000000000591c        0x0 /Users/take/proj/LBED/lbed/LBED_LPC13xx/Debug/libLBED_LPC13xx.a(Print.o)
 .ARM.extab.text._ZN5Print7printlnEPKc
                0x000000000000591c        0x0 /Users/take/proj/LBED/lbed/LBED_LPC13xx/Debug/libLBED_LPC13xx.a(Print.o)
 .ARM.extab.text._ZN5Print7printlnEc
                0x000000000000591c        0x0 /Users/take/proj/LBED/lbed/LBED_LPC13xx/Debug/libLBED_LPC13xx.a(Print.o)
 .ARM.extab.text._ZN5Print6printfEPKcz
                0x000000000000591c        0xc /Users/take/proj/LBED/lbed/LBED_LPC13xx/Debug/libLBED_LPC13xx.a(Print.o)
 .ARM.extab.text._ZN5Print11printNumberEmi
                0x0000000000005928        0x0 /Users/take/proj/LBED/lbed/LBED_LPC13xx/Debug/libLBED_LPC13xx.a(Print.o)
 .ARM.extab.text._ZN5Print5printEli
                0x0000000000005928        0x0 /Users/take/proj/LBED/lbed/LBED_LPC13xx/Debug/libLBED_LPC13xx.a(Print.o)
 .ARM.extab.text._ZN5Print5printEii
                0x0000000000005928        0xc /Users/take/proj/LBED/lbed/LBED_LPC13xx/Debug/libLBED_LPC13xx.a(Print.o)
 .ARM.extab.text._ZN5Print5printEmi
                0x0000000000005934        0xc /Users/take/proj/LBED/lbed/LBED_LPC13xx/Debug/libLBED_LPC13xx.a(Print.o)
 .ARM.extab.text._ZN5Print10printFloatEdi
                0x0000000000005940        0x0 /Users/take/proj/LBED/lbed/LBED_LPC13xx/Debug/libLBED_LPC13xx.a(Print.o)
 .ARM.extab.text._ZN5Print5printEdi
                0x0000000000005940        0x0 /Users/take/proj/LBED/lbed/LBED_LPC13xx/Debug/libLBED_LPC13xx.a(Print.o)
 .ARM.extab.text.__cxa_pure_virtual
                0x0000000000005940        0x0 /Users/take/proj/LBED/lbed/LBED_LPC13xx/Debug/libLBED_LPC13xx.a(pure_virtual.o)
 .ARM.extab     0x0000000000005940       0x18 /Applications/lpcxpresso_4.2.4_267/lpcxpresso/Tools/bin/../lib/gcc/arm-none-eabi/4.6.2/armv7-m/libgcc.a(unwind-arm.o)
 .ARM.extab     0x0000000000005958       0x18 /Applications/lpcxpresso_4.2.4_267/lpcxpresso/Tools/bin/../lib/gcc/arm-none-eabi/4.6.2/armv7-m/libgcc.a(pr-support.o)
 .ARM.extab.text.__cxa_type_match
                0x0000000000005970        0x0 /Applications/lpcxpresso_4.2.4_267/lpcxpresso/Tools/bin/../lib/gcc/arm-none-eabi/4.6.2/../../../../arm-none-eabi/lib/armv7-m/libstdc++.a(eh_arm.o)
 .ARM.extab.text.__cxa_begin_cleanup
                0x0000000000005970        0x0 /Applications/lpcxpresso_4.2.4_267/lpcxpresso/Tools/bin/../lib/gcc/arm-none-eabi/4.6.2/../../../../arm-none-eabi/lib/armv7-m/libstdc++.a(eh_arm.o)
 .ARM.extab.text.__gnu_end_cleanup
                0x0000000000005970        0x0 /Applications/lpcxpresso_4.2.4_267/lpcxpresso/Tools/bin/../lib/gcc/arm-none-eabi/4.6.2/../../../../arm-none-eabi/lib/armv7-m/libstdc++.a(eh_arm.o)
 .ARM.extab.text.__cxa_bad_cast
                0x0000000000005970        0xc /Applications/lpcxpresso_4.2.4_267/lpcxpresso/Tools/bin/../lib/gcc/arm-none-eabi/4.6.2/../../../../arm-none-eabi/lib/armv7-m/libstdc++.a(eh_aux_runtime.o)
 .ARM.extab.text.__cxa_bad_typeid
                0x000000000000597c        0xc /Applications/lpcxpresso_4.2.4_267/lpcxpresso/Tools/bin/../lib/gcc/arm-none-eabi/4.6.2/../../../../arm-none-eabi/lib/armv7-m/libstdc++.a(eh_aux_runtime.o)
 .ARM.extab.text._ZNSt9exceptionD2Ev
                0x0000000000005988        0x0 /Applications/lpcxpresso_4.2.4_267/lpcxpresso/Tools/bin/../lib/gcc/arm-none-eabi/4.6.2/../../../../arm-none-eabi/lib/armv7-m/libstdc++.a(eh_exception.o)
 .ARM.extab.text._ZNSt13bad_exceptionD2Ev
                0x0000000000005988        0x0 /Applications/lpcxpresso_4.2.4_267/lpcxpresso/Tools/bin/../lib/gcc/arm-none-eabi/4.6.2/../../../../arm-none-eabi/lib/armv7-m/libstdc++.a(eh_exception.o)
 .ARM.extab.text._ZN10__cxxabiv115__forced_unwindD2Ev
                0x0000000000005988        0x0 /Applications/lpcxpresso_4.2.4_267/lpcxpresso/Tools/bin/../lib/gcc/arm-none-eabi/4.6.2/../../../../arm-none-eabi/lib/armv7-m/libstdc++.a(eh_exception.o)
 .ARM.extab.text._ZN10__cxxabiv119__foreign_exceptionD2Ev
                0x0000000000005988        0x0 /Applications/lpcxpresso_4.2.4_267/lpcxpresso/Tools/bin/../lib/gcc/arm-none-eabi/4.6.2/../../../../arm-none-eabi/lib/armv7-m/libstdc++.a(eh_exception.o)
 .ARM.extab.text._ZNKSt9exception4whatEv
                0x0000000000005988        0x0 /Applications/lpcxpresso_4.2.4_267/lpcxpresso/Tools/bin/../lib/gcc/arm-none-eabi/4.6.2/../../../../arm-none-eabi/lib/armv7-m/libstdc++.a(eh_exception.o)
 .ARM.extab.text._ZNKSt13bad_exception4whatEv
                0x0000000000005988        0x0 /Applications/lpcxpresso_4.2.4_267/lpcxpresso/Tools/bin/../lib/gcc/arm-none-eabi/4.6.2/../../../../arm-none-eabi/lib/armv7-m/libstdc++.a(eh_exception.o)
 .ARM.extab.text._ZN10__cxxabiv119__foreign_exceptionD0Ev
                0x0000000000005988        0x0 /Applications/lpcxpresso_4.2.4_267/lpcxpresso/Tools/bin/../lib/gcc/arm-none-eabi/4.6.2/../../../../arm-none-eabi/lib/armv7-m/libstdc++.a(eh_exception.o)
 .ARM.extab.text._ZN10__cxxabiv115__forced_unwindD0Ev
                0x0000000000005988        0x0 /Applications/lpcxpresso_4.2.4_267/lpcxpresso/Tools/bin/../lib/gcc/arm-none-eabi/4.6.2/../../../../arm-none-eabi/lib/armv7-m/libstdc++.a(eh_exception.o)
 .ARM.extab.text._ZNSt13bad_exceptionD0Ev
                0x0000000000005988        0x0 /Applications/lpcxpresso_4.2.4_267/lpcxpresso/Tools/bin/../lib/gcc/arm-none-eabi/4.6.2/../../../../arm-none-eabi/lib/armv7-m/libstdc++.a(eh_exception.o)
 .ARM.extab.text._ZNSt9exceptionD0Ev
                0x0000000000005988        0x0 /Applications/lpcxpresso_4.2.4_267/lpcxpresso/Tools/bin/../lib/gcc/arm-none-eabi/4.6.2/../../../../arm-none-eabi/lib/armv7-m/libstdc++.a(eh_exception.o)
 .ARM.extab.text.__cxa_get_globals_fast
                0x0000000000005988        0x0 /Applications/lpcxpresso_4.2.4_267/lpcxpresso/Tools/bin/../lib/gcc/arm-none-eabi/4.6.2/../../../../arm-none-eabi/lib/armv7-m/libstdc++.a(eh_globals.o)
 .ARM.extab.text.__cxa_get_globals
                0x0000000000005988        0x0 /Applications/lpcxpresso_4.2.4_267/lpcxpresso/Tools/bin/../lib/gcc/arm-none-eabi/4.6.2/../../../../arm-none-eabi/lib/armv7-m/libstdc++.a(eh_globals.o)
 .ARM.extab.text._ZL12read_sleb128PKhPl
                0x0000000000005988        0x0 /Applications/lpcxpresso_4.2.4_267/lpcxpresso/Tools/bin/../lib/gcc/arm-none-eabi/4.6.2/../../../../arm-none-eabi/lib/armv7-m/libstdc++.a(eh_personality.o)
 .ARM.extab.text._ZL28read_encoded_value_with_basehjPKhPj
                0x0000000000005988        0x0 /Applications/lpcxpresso_4.2.4_267/lpcxpresso/Tools/bin/../lib/gcc/arm-none-eabi/4.6.2/../../../../arm-none-eabi/lib/armv7-m/libstdc++.a(eh_personality.o)
 .ARM.extab.text._ZL21base_of_encoded_valuehP15_Unwind_Context
                0x0000000000005988        0xc /Applications/lpcxpresso_4.2.4_267/lpcxpresso/Tools/bin/../lib/gcc/arm-none-eabi/4.6.2/../../../../arm-none-eabi/lib/armv7-m/libstdc++.a(eh_personality.o)
 .ARM.extab.text._ZL17parse_lsda_headerP15_Unwind_ContextPKhP16lsda_header_info.constprop.1
                0x0000000000005994        0x0 /Applications/lpcxpresso_4.2.4_267/lpcxpresso/Tools/bin/../lib/gcc/arm-none-eabi/4.6.2/../../../../arm-none-eabi/lib/armv7-m/libstdc++.a(eh_personality.o)
 .ARM.extab.text.__gxx_personality_v0
                0x0000000000005994       0x20 /Applications/lpcxpresso_4.2.4_267/lpcxpresso/Tools/bin/../lib/gcc/arm-none-eabi/4.6.2/../../../../arm-none-eabi/lib/armv7-m/libstdc++.a(eh_personality.o)
 .ARM.extab.text._ZN10__cxxabiv111__terminateEPFvvE
                0x00000000000059b4       0x2c /Applications/lpcxpresso_4.2.4_267/lpcxpresso/Tools/bin/../lib/gcc/arm-none-eabi/4.6.2/../../../../arm-none-eabi/lib/armv7-m/libstdc++.a(eh_terminate.o)
 .ARM.extab.text._ZSt9terminatev
                0x00000000000059e0        0x0 /Applications/lpcxpresso_4.2.4_267/lpcxpresso/Tools/bin/../lib/gcc/arm-none-eabi/4.6.2/../../../../arm-none-eabi/lib/armv7-m/libstdc++.a(eh_terminate.o)
 .ARM.extab.text._ZN10__cxxabiv112__unexpectedEPFvvE
                0x00000000000059e0        0xc /Applications/lpcxpresso_4.2.4_267/lpcxpresso/Tools/bin/../lib/gcc/arm-none-eabi/4.6.2/../../../../arm-none-eabi/lib/armv7-m/libstdc++.a(eh_terminate.o)
 .ARM.extab.text._ZSt10unexpectedv
                0x00000000000059ec        0xc /Applications/lpcxpresso_4.2.4_267/lpcxpresso/Tools/bin/../lib/gcc/arm-none-eabi/4.6.2/../../../../arm-none-eabi/lib/armv7-m/libstdc++.a(eh_terminate.o)
 .ARM.extab.text._ZSt13set_terminatePFvvE
                0x00000000000059f8        0x0 /Applications/lpcxpresso_4.2.4_267/lpcxpresso/Tools/bin/../lib/gcc/arm-none-eabi/4.6.2/../../../../arm-none-eabi/lib/armv7-m/libstdc++.a(eh_terminate.o)
 .ARM.extab.text._ZSt14set_unexpectedPFvvE
                0x00000000000059f8        0x0 /Applications/lpcxpresso_4.2.4_267/lpcxpresso/Tools/bin/../lib/gcc/arm-none-eabi/4.6.2/../../../../arm-none-eabi/lib/armv7-m/libstdc++.a(eh_terminate.o)
 .ARM.extab.text._ZL23__gxx_exception_cleanup19_Unwind_Reason_CodeP21_Unwind_Control_Block
                0x00000000000059f8        0x0 /Applications/lpcxpresso_4.2.4_267/lpcxpresso/Tools/bin/../lib/gcc/arm-none-eabi/4.6.2/../../../../arm-none-eabi/lib/armv7-m/libstdc++.a(eh_throw.o)
 .ARM.extab.text.__cxa_throw
                0x00000000000059f8        0x0 /Applications/lpcxpresso_4.2.4_267/lpcxpresso/Tools/bin/../lib/gcc/arm-none-eabi/4.6.2/../../../../arm-none-eabi/lib/armv7-m/libstdc++.a(eh_throw.o)
 .ARM.extab.text.__cxa_rethrow
                0x00000000000059f8        0x0 /Applications/lpcxpresso_4.2.4_267/lpcxpresso/Tools/bin/../lib/gcc/arm-none-eabi/4.6.2/../../../../arm-none-eabi/lib/armv7-m/libstdc++.a(eh_throw.o)
 .ARM.extab.text._ZN10__cxxabiv123__fundamental_type_infoD2Ev
                0x00000000000059f8        0x0 /Applications/lpcxpresso_4.2.4_267/lpcxpresso/Tools/bin/../lib/gcc/arm-none-eabi/4.6.2/../../../../arm-none-eabi/lib/armv7-m/libstdc++.a(fundamental_type_info.o)
 .ARM.extab.text._ZN10__cxxabiv123__fundamental_type_infoD0Ev
                0x00000000000059f8        0x0 /Applications/lpcxpresso_4.2.4_267/lpcxpresso/Tools/bin/../lib/gcc/arm-none-eabi/4.6.2/../../../../arm-none-eabi/lib/armv7-m/libstdc++.a(fundamental_type_info.o)
 .ARM.extab.text._ZNK10__cxxabiv119__pointer_type_info14__is_pointer_pEv
                0x00000000000059f8        0x0 /Applications/lpcxpresso_4.2.4_267/lpcxpresso/Tools/bin/../lib/gcc/arm-none-eabi/4.6.2/../../../../arm-none-eabi/lib/armv7-m/libstdc++.a(pointer_type_info.o)
 .ARM.extab.text._ZN10__cxxabiv119__pointer_type_infoD2Ev
                0x00000000000059f8        0x0 /Applications/lpcxpresso_4.2.4_267/lpcxpresso/Tools/bin/../lib/gcc/arm-none-eabi/4.6.2/../../../../arm-none-eabi/lib/armv7-m/libstdc++.a(pointer_type_info.o)
 .ARM.extab.text._ZN10__cxxabiv119__pointer_type_infoD0Ev
                0x00000000000059f8        0x0 /Applications/lpcxpresso_4.2.4_267/lpcxpresso/Tools/bin/../lib/gcc/arm-none-eabi/4.6.2/../../../../arm-none-eabi/lib/armv7-m/libstdc++.a(pointer_type_info.o)