Archive member included because of file (symbol)

/Users/take/proj/LBED/lbed/CMSISv2p00_LPC13xx/Debug/libCMSISv2p00_LPC13xx.a(system_LPC13xx.o)
                              ./src/cr_startup_lpc13.o (SystemInit)
/Users/take/Documents/LPCXpresso_4.2.4/workspace/LBED_LPC13xx_USERLIB/Debug/libLBED_LPC13xx_USERLIB.a(PCF2123.o)
                              ./src/TestRTC.o (_ZN7PCF21238read_rtcEv)
/Users/take/proj/LBED/lbed/LBED_LPC13xx/Debug/libLBED_LPC13xx.a(DigitalIn.o)
                              ./src/TestRTC.o (_ZN9DigitalIn4readEv)
/Users/take/proj/LBED/lbed/LBED_LPC13xx/Debug/libLBED_LPC13xx.a(DigitalOut.o)
                              ./src/TestRTC.o (_ZN10DigitalOutC1EiPKc)
/Users/take/proj/LBED/lbed/LBED_LPC13xx/Debug/libLBED_LPC13xx.a(Print.o)
                              ./src/TestRTC.o (_ZN5Print7printlnEPKc)
/Users/take/proj/LBED/lbed/LBED_LPC13xx/Debug/libLBED_LPC13xx.a(SPI.o)
                              /Users/take/Documents/LPCXpresso_4.2.4/workspace/LBED_LPC13xx_USERLIB/Debug/libLBED_LPC13xx_USERLIB.a(PCF2123.o) (_ZN3SPI9frequencyEi)
/Users/take/proj/LBED/lbed/LBED_LPC13xx/Debug/libLBED_LPC13xx.a(SerialCDC.o)
                              ./src/TestRTC.o (_ZN9SerialCDC4readEv)
/Users/take/proj/LBED/lbed/LBED_LPC13xx/Debug/libLBED_LPC13xx.a(pure_virtual.o)
                              /Users/take/proj/LBED/lbed/LBED_LPC13xx/Debug/libLBED_LPC13xx.a(Print.o) (__cxa_pure_virtual)
/Users/take/proj/LBED/lbed/LBED_LPC13xx/Debug/libLBED_LPC13xx.a(wait_api.o)
                              ./src/TestRTC.o (wait_init)
/Users/take/proj/LBED/lbed/LBED_LPC13xx/Debug/libLBED_LPC13xx.a(_cdcuser.o)
                              /Users/take/proj/LBED/lbed/LBED_LPC13xx/Debug/libLBED_LPC13xx.a(SerialCDC.o) (CDC_RdOutBuf)
/Users/take/proj/LBED/lbed/LBED_LPC13xx/Debug/libLBED_LPC13xx.a(_ssp.o)
                              /Users/take/proj/LBED/lbed/LBED_LPC13xx/Debug/libLBED_LPC13xx.a(SPI.o) (SSP_IOConfig)
/Users/take/proj/LBED/lbed/LBED_LPC13xx/Debug/libLBED_LPC13xx.a(_usbcore.o)
                              ./src/ForSerialCDC_usbhw.o (USB_DeviceStatus)
/Users/take/proj/LBED/lbed/LBED_LPC13xx/Debug/libLBED_LPC13xx.a(_usbuser.o)
                              ./src/ForSerialCDC_usbhw.o (USB_Reset_Event)
/Users/take/proj/LBED/lbed/LBED_LPC13xx/Debug/libLBED_LPC13xx.a(Serial.o)
                              /Users/take/proj/LBED/lbed/LBED_LPC13xx/Debug/libLBED_LPC13xx.a(SerialCDC.o) (_ZN6SerialC2Ev)
/Users/take/proj/LBED/lbed/LBED_LPC13xx/Debug/libLBED_LPC13xx.a(_cdc_usbdesc.o)
                              /Users/take/proj/LBED/lbed/LBED_LPC13xx/Debug/libLBED_LPC13xx.a(_usbcore.o) (USB_StringDescriptor)
/Users/take/proj/LBED/lbed/LBED_LPC13xx/Debug/libLBED_LPC13xx.a(_gpio.o)
                              /Users/take/proj/LBED/lbed/LBED_LPC13xx/Debug/libLBED_LPC13xx.a(_ssp.o) (GPIOSetDir)
/Applications/lpcxpresso_4.2.4_267/lpcxpresso/Tools/bin/../lib/gcc/arm-none-eabi/4.6.2/armv7-m/libgcc.a(_arm_addsubdf3.o)
                              /Users/take/proj/LBED/lbed/LBED_LPC13xx/Debug/libLBED_LPC13xx.a(Print.o) (__aeabi_dsub)
/Applications/lpcxpresso_4.2.4_267/lpcxpresso/Tools/bin/../lib/gcc/arm-none-eabi/4.6.2/armv7-m/libgcc.a(_arm_muldivdf3.o)
                              /Users/take/proj/LBED/lbed/LBED_LPC13xx/Debug/libLBED_LPC13xx.a(Print.o) (__aeabi_dmul)
/Applications/lpcxpresso_4.2.4_267/lpcxpresso/Tools/bin/../lib/gcc/arm-none-eabi/4.6.2/armv7-m/libgcc.a(_arm_cmpdf2.o)
                              /Users/take/proj/LBED/lbed/LBED_LPC13xx/Debug/libLBED_LPC13xx.a(Print.o) (__aeabi_dcmplt)
/Applications/lpcxpresso_4.2.4_267/lpcxpresso/Tools/bin/../lib/gcc/arm-none-eabi/4.6.2/armv7-m/libgcc.a(_arm_fixdfsi.o)
                              /Users/take/proj/LBED/lbed/LBED_LPC13xx/Debug/libLBED_LPC13xx.a(Print.o) (__aeabi_d2iz)
/Applications/lpcxpresso_4.2.4_267/lpcxpresso/Tools/bin/../lib/gcc/arm-none-eabi/4.6.2/armv7-m/libgcc.a(_arm_fixunsdfsi.o)
                              /Users/take/proj/LBED/lbed/LBED_LPC13xx/Debug/libLBED_LPC13xx.a(Print.o) (__aeabi_d2uiz)
/Applications/lpcxpresso_4.2.4_267/lpcxpresso/Tools/bin/../lib/gcc/arm-none-eabi/4.6.2/armv7-m/libgcc.a(_arm_addsubsf3.o)
                              /Users/take/proj/LBED/lbed/LBED_LPC13xx/Debug/libLBED_LPC13xx.a(SPI.o) (__aeabi_i2f)
/Applications/lpcxpresso_4.2.4_267/lpcxpresso/Tools/bin/../lib/gcc/arm-none-eabi/4.6.2/armv7-m/libgcc.a(_arm_muldivsf3.o)
                              /Users/take/proj/LBED/lbed/LBED_LPC13xx/Debug/libLBED_LPC13xx.a(SPI.o) (__aeabi_fdiv)
/Applications/lpcxpresso_4.2.4_267/lpcxpresso/Tools/bin/../lib/gcc/arm-none-eabi/4.6.2/armv7-m/libgcc.a(unwind-arm.o)
                              /Users/take/Documents/LPCXpresso_4.2.4/workspace/LBED_LPC13xx_USERLIB/Debug/libLBED_LPC13xx_USERLIB.a(PCF2123.o) (__aeabi_unwind_cpp_pr0)
/Applications/lpcxpresso_4.2.4_267/lpcxpresso/Tools/bin/../lib/gcc/arm-none-eabi/4.6.2/armv7-m/libgcc.a(libunwind.o)
[...]
Memory Configuration

Name             Origin             Length             Attributes
MFlash32         0x0000000000000000 0x0000000000008000 xr
RamLoc8          0x0000000010000000 0x0000000000002000 xrw
*default*        0x0000000000000000 0xffffffffffffffff

Linker script and memory map

LOAD ./src/ForSerialCDC_usbhw.o
LOAD ./src/TestRTC.o
LOAD ./src/cr_cpp_config.o
LOAD ./src/cr_startup_lpc13.o
LOAD /Users/take/proj/LBED/lbed/CMSISv2p00_LPC13xx/Debug/libCMSISv2p00_LPC13xx.a
LOAD /Users/take/Documents/LPCXpresso_4.2.4/workspace/LBED_LPC13xx_USERLIB/Debug/libLBED_LPC13xx_USERLIB.a
LOAD /Users/take/proj/LBED/lbed/LBED_LPC13xx/Debug/libLBED_LPC13xx.a
START GROUP
LOAD /Applications/lpcxpresso_4.2.4_267/lpcxpresso/Tools/bin/../lib/gcc/arm-none-eabi/4.6.2/armv7-m/libgcc.a
LOAD /Applications/lpcxpresso_4.2.4_267/lpcxpresso/Tools/bin/../lib/gcc/arm-none-eabi/4.6.2/../../../../arm-none-eabi/lib/armv7-m/libc.a
LOAD /Applications/lpcxpresso_4.2.4_267/lpcxpresso/Tools/bin/../lib/gcc/arm-none-eabi/4.6.2/../../../../arm-none-eabi/lib/armv7-m/libstdc++.a
LOAD /Applications/lpcxpresso_4.2.4_267/lpcxpresso/Tools/bin/../lib/gcc/arm-none-eabi/4.6.2/../../../../arm-none-eabi/lib/armv7-m/libm.a
LOAD /Applications/lpcxpresso_4.2.4_267/lpcxpresso/Tools/bin/../lib/gcc/arm-none-eabi/4.6.2/../../../../arm-none-eabi/lib/armv7-m/libcr_newlib_nohost.a
LOAD /Applications/lpcxpresso_4.2.4_267/lpcxpresso/Tools/bin/../lib/gcc/arm-none-eabi/4.6.2/armv7-m/crti.o
LOAD /Applications/lpcxpresso_4.2.4_267/lpcxpresso/Tools/bin/../lib/gcc/arm-none-eabi/4.6.2/armv7-m/crtn.o
LOAD /Applications/lpcxpresso_4.2.4_267/lpcxpresso/Tools/bin/../lib/gcc/arm-none-eabi/4.6.2/armv7-m/crtbegin.o
LOAD /Applications/lpcxpresso_4.2.4_267/lpcxpresso/Tools/bin/../lib/gcc/arm-none-eabi/4.6.2/armv7-m/crtend.o
END GROUP
                0x0000000000008000                __top_MFlash32 = 0x8000
                0x0000000010002000                __top_RamLoc8 = 0x10002000

.text           0x0000000000000000     0x6f74
 FILL mask 0xff
 *(.isr_vector)
 .isr_vector    0x0000000000000000      0x128 ./src/cr_startup_lpc13.o
                0x0000000000000000                g_pfnVectors
                0x0000000000000128                . = ALIGN (0x4)
                0x0000000000000128                __section_table_start = .
                0x0000000000000128                __data_section_table = .
                0x0000000000000128        0x4 LONG 0x7448 LOADADDR (.data)
                0x000000000000012c        0x4 LONG 0x10000000 ADDR (.data)
                0x0000000000000130        0x4 LONG 0x858 SIZEOF (.data)
                0x0000000000000134                __data_section_table_end = .
                0x0000000000000134                __bss_section_table = .
                0x0000000000000134        0x4 LONG 0x10000858 ADDR (.bss)
                0x0000000000000138        0x4 LONG 0xba8 SIZEOF (.bss)
                0x000000000000013c                __bss_section_table_end = .
                0x000000000000013c                __section_table_end = .
 *(.after_vectors*)
 .after_vectors
                0x000000000000013c      0x1a0 ./src/cr_startup_lpc13.o
                0x000000000000013c                _Z9data_initjjj
                0x0000000000000194                _Z8bss_initjj
                0x00000000000001e0                ResetISR
                0x000000000000028c                NMI_Handler
                0x0000000000000294                HardFault_Handler
                0x000000000000029c                MemManage_Handler
                0x00000000000002a4                BusFault_Handler
                0x00000000000002ac                UsageFault_Handler
                0x00000000000002b4                SVC_Handler
                0x00000000000002bc                DebugMon_Handler
                0x00000000000002c4                PendSV_Handler
                0x00000000000002d4                BOD_IRQHandler
                0x00000000000002d4                WAKEUP_IRQHandler
                0x00000000000002d4                PIOINT0_IRQHandler
                0x00000000000002d4                I2C_IRQHandler
                0x00000000000002d4                WDT_IRQHandler
                0x00000000000002d4                PIOINT3_IRQHandler
                0x00000000000002d4                TIMER16_0_IRQHandler
                0x00000000000002d4                FMC_IRQHandler
                0x00000000000002d4                UART_IRQHandler
                0x00000000000002d4                TIMER32_0_IRQHandler
                0x00000000000002d4                TIMER32_1_IRQHandler
                0x00000000000002d4                IntDefaultHandler
                0x00000000000002d4                PIOINT1_IRQHandler
                0x00000000000002d4                SSP_IRQHandler
                0x00000000000002d4                TIMER16_1_IRQHandler
                0x00000000000002d4                USB_FIQHandler
                0x00000000000002d4                ADC_IRQHandler
                0x00000000000002d4                PIOINT2_IRQHandler
 *(.text*)
 .text.NVIC_EnableIRQ
                0x00000000000002dc       0x38 ./src/ForSerialCDC_usbhw.o
 .text.USBIOClkConfig
                0x0000000000000314       0xd4 ./src/ForSerialCDC_usbhw.o
                0x0000000000000314                USBIOClkConfig
 .text.delay    0x00000000000003e8       0x2c ./src/ForSerialCDC_usbhw.o
                0x00000000000003e8                delay
 .text.EPAdr    0x0000000000000414       0x34 ./src/ForSerialCDC_usbhw.o
                0x0000000000000414                EPAdr
 .text.WrCmd    0x0000000000000448       0x40 ./src/ForSerialCDC_usbhw.o
                0x0000000000000448                WrCmd
 .text.WrCmdDat
                0x0000000000000488       0x20 ./src/ForSerialCDC_usbhw.o
                0x0000000000000488                WrCmdDat
 .text.WrCmdEP  0x00000000000004a8       0x30 ./src/ForSerialCDC_usbhw.o
                0x00000000000004a8                WrCmdEP
 .text.RdCmdDat
                0x00000000000004d8       0x4c ./src/ForSerialCDC_usbhw.o
                0x00000000000004d8                RdCmdDat
 .text.USB_Init
                0x0000000000000524       0x1c ./src/ForSerialCDC_usbhw.o
                0x0000000000000524                USB_Init
 .text.USB_Connect
                0x0000000000000540       0x34 ./src/ForSerialCDC_usbhw.o
                0x0000000000000540                USB_Connect
 .text.USB_Reset
                0x0000000000000574       0x2c ./src/ForSerialCDC_usbhw.o
                0x0000000000000574                USB_Reset
 .text.USB_Suspend
                0x00000000000005a0        0xc ./src/ForSerialCDC_usbhw.o
                0x00000000000005a0                USB_Suspend
 .text.USB_Resume
                0x00000000000005ac        0xc ./src/ForSerialCDC_usbhw.o
                0x00000000000005ac                USB_Resume
 .text.USB_WakeUpCfg
                0x00000000000005b8       0x14 ./src/ForSerialCDC_usbhw.o
                0x00000000000005b8                USB_WakeUpCfg
 .text.USB_SetAddress
                0x00000000000005cc       0x48 ./src/ForSerialCDC_usbhw.o
                0x00000000000005cc                USB_SetAddress
 .text.USB_Configure
                0x0000000000000614       0x34 ./src/ForSerialCDC_usbhw.o
                0x0000000000000614                USB_Configure
 .text.USB_ConfigEP
                0x0000000000000648       0x14 ./src/ForSerialCDC_usbhw.o
                0x0000000000000648                USB_ConfigEP
 .text.USB_DirCtrlEP
                0x000000000000065c       0x14 ./src/ForSerialCDC_usbhw.o
                0x000000000000065c                USB_DirCtrlEP
 .text.USB_EnableEP
                0x0000000000000670       0x30 ./src/ForSerialCDC_usbhw.o
                0x0000000000000670                USB_EnableEP
 .text.USB_DisableEP
                0x00000000000006a0       0x34 ./src/ForSerialCDC_usbhw.o
                0x00000000000006a0                USB_DisableEP
 .text.USB_ResetEP
                0x00000000000006d4       0x30 ./src/ForSerialCDC_usbhw.o
                0x00000000000006d4                USB_ResetEP
 .text.USB_SetStallEP
                0x0000000000000704       0x34 ./src/ForSerialCDC_usbhw.o
                0x0000000000000704                USB_SetStallEP
 .text.USB_ClrStallEP
                0x0000000000000738       0x30 ./src/ForSerialCDC_usbhw.o
                0x0000000000000738                USB_ClrStallEP
 .text.USB_ReadEP
                0x0000000000000768       0xac ./src/ForSerialCDC_usbhw.o
                0x0000000000000768                USB_ReadEP
 .text.USB_WriteEP
                0x0000000000000814       0x98 ./src/ForSerialCDC_usbhw.o
                0x0000000000000814                USB_WriteEP
 .text.USB_IRQHandler
                0x00000000000008ac      0x180 ./src/ForSerialCDC_usbhw.o
                0x00000000000008ac                USB_IRQHandler
 .text._ZN9DigitalIncviEv
                0x0000000000000a2c       0x1c ./src/TestRTC.o
                0x0000000000000a2c                _ZN9DigitalIncviEv
 .text._ZN10DigitalOut5writeEi
                0x0000000000000a48       0x70 ./src/TestRTC.o
                0x0000000000000a48                _ZN10DigitalOut5writeEi
 .text._ZN10DigitalOutaSEi
                0x0000000000000ab8       0x20 ./src/TestRTC.o
                0x0000000000000ab8                _ZN10DigitalOutaSEi
 .text._ZN9SerialCDC4baudEj
                0x0000000000000ad8       0x1c ./src/TestRTC.o
                0x0000000000000ad8                _ZN9SerialCDC4baudEj
 .text.main     0x0000000000000af4      0x1bc ./src/TestRTC.o
                0x0000000000000af4                main
 .text._Znwj    0x0000000000000cb0       0x1c ./src/cr_cpp_config.o
                0x0000000000000cb0                _Znwj
 .text._Znaj    0x0000000000000ccc       0x1c ./src/cr_cpp_config.o
                0x0000000000000ccc                _Znaj
 .text._ZdlPv   0x0000000000000ce8       0x18 ./src/cr_cpp_config.o
                0x0000000000000ce8                _ZdlPv
 .text._ZdaPv   0x0000000000000d00       0x18 ./src/cr_cpp_config.o
                0x0000000000000d00                _ZdaPv
 .text.__aeabi_atexit
                0x0000000000000d18       0x1c ./src/cr_cpp_config.o
                0x0000000000000d18                __aeabi_atexit
 .text._ZN9__gnu_cxx27__verbose_terminate_handlerEv
                0x0000000000000d34        0x8 ./src/cr_cpp_config.o
                0x0000000000000d34                _ZN9__gnu_cxx27__verbose_terminate_handlerEv
 .text.SystemInit
                0x0000000000000d3c       0xb4 /Users/take/proj/LBED/lbed/CMSISv2p00_LPC13xx/Debug/libCMSISv2p00_LPC13xx.a(system_LPC13xx.o)
                0x0000000000000d3c                SystemInit
 .text._ZN7PCF2123D2Ev
                0x0000000000000df0        0x2 /Users/take/Documents/LPCXpresso_4.2.4/workspace/LBED_LPC13xx_USERLIB/Debug/libLBED_LPC13xx_USERLIB.a(PCF2123.o)
                0x0000000000000df0                _ZN7PCF2123D1Ev
                0x0000000000000df0                _ZN7PCF2123D2Ev
 .text._ZN7PCF21234readEh
                0x0000000000000df2        0xc /Users/take/Documents/LPCXpresso_4.2.4/workspace/LBED_LPC13xx_USERLIB/Debug/libLBED_LPC13xx_USERLIB.a(PCF2123.o)
                0x0000000000000df2                _ZN7PCF21234readEh
 .text._ZN7PCF21237commandEhh
                0x0000000000000dfe       0x32 /Users/take/Documents/LPCXpresso_4.2.4/workspace/LBED_LPC13xx_USERLIB/Debug/libLBED_LPC13xx_USERLIB.a(PCF2123.o)
                0x0000000000000dfe                _ZN7PCF21237commandEhh
 .text._ZN7PCF2123C2Eiiii
                0x0000000000000e30       0x88 /Users/take/Documents/LPCXpresso_4.2.4/workspace/LBED_LPC13xx_USERLIB/Debug/libLBED_LPC13xx_USERLIB.a(PCF2123.o)
                0x0000000000000e30                _ZN7PCF2123C1Eiiii
                0x0000000000000e30                _ZN7PCF2123C2Eiiii
 .text._ZN7PCF21238read_rtcEv
                0x0000000000000eb8       0x6e /Users/take/Documents/LPCXpresso_4.2.4/workspace/LBED_LPC13xx_USERLIB/Debug/libLBED_LPC13xx_USERLIB.a(PCF2123.o)
                0x0000000000000eb8                _ZN7PCF21238read_rtcEv
 .text._ZN7PCF21239set_alarmEhhhhhhh
                0x0000000000000f26       0xa6 /Users/take/Documents/LPCXpresso_4.2.4/workspace/LBED_LPC13xx_USERLIB/Debug/libLBED_LPC13xx_USERLIB.a(PCF2123.o)
                0x0000000000000f26                _ZN7PCF21239set_alarmEhhhhhhh
 .text._ZN9DigitalInC2Ev
                0x0000000000000fcc       0x10 /Users/take/proj/LBED/lbed/LBED_LPC13xx/Debug/libLBED_LPC13xx.a(DigitalIn.o)
                0x0000000000000fcc                _ZN9DigitalInC1Ev
                0x0000000000000fcc                _ZN9DigitalInC2Ev
 .text._ZN9DigitalIn5setupEiPKc
                0x0000000000000fdc      0x300 /Users/take/proj/LBED/lbed/LBED_LPC13xx/Debug/libLBED_LPC13xx.a(DigitalIn.o)
                0x0000000000000fdc                _ZN9DigitalIn5setupEiPKc
 .text._ZN9DigitalInC2EiPKc
                0x00000000000012dc       0x1c /Users/take/proj/LBED/lbed/LBED_LPC13xx/Debug/libLBED_LPC13xx.a(DigitalIn.o)
                0x00000000000012dc                _ZN9DigitalInC1EiPKc
                0x00000000000012dc                _ZN9DigitalInC2EiPKc
 .text._ZN9DigitalIn4modeEi
                0x00000000000012f8       0x38 /Users/take/proj/LBED/lbed/LBED_LPC13xx/Debug/libLBED_LPC13xx.a(DigitalIn.o)
                0x00000000000012f8                _ZN9DigitalIn4modeEi
 .text._ZN9DigitalIn4readEv
                0x0000000000001330       0x1c /Users/take/proj/LBED/lbed/LBED_LPC13xx/Debug/libLBED_LPC13xx.a(DigitalIn.o)
                0x0000000000001330                _ZN9DigitalIn4readEv
 .text._ZN10DigitalOutC2Ev
                0x000000000000134c        0xc /Users/take/proj/LBED/lbed/LBED_LPC13xx/Debug/libLBED_LPC13xx.a(DigitalOut.o)
                0x000000000000134c                _ZN10DigitalOutC1Ev
                0x000000000000134c                _ZN10DigitalOutC2Ev
 .text._ZN10DigitalOut5setupEiPKc
                0x0000000000001358       0x1c /Users/take/proj/LBED/lbed/LBED_LPC13xx/Debug/libLBED_LPC13xx.a(DigitalOut.o)
                0x0000000000001358                _ZN10DigitalOut5setupEiPKc
 .text._ZN10DigitalOutC2EiPKc
                0x0000000000001374       0x1c /Users/take/proj/LBED/lbed/LBED_LPC13xx/Debug/libLBED_LPC13xx.a(DigitalOut.o)
                0x0000000000001374                _ZN10DigitalOutC2EiPKc
                0x0000000000001374                _ZN10DigitalOutC1EiPKc
 .text._ZN5Print5writeEPKci
                0x0000000000001390       0x2c /Users/take/proj/LBED/lbed/LBED_LPC13xx/Debug/libLBED_LPC13xx.a(Print.o)
                0x0000000000001390                _ZN5Print5writeEPKci
 .text._ZN5Print5printEPKc
                0x00000000000013bc       0x24 /Users/take/proj/LBED/lbed/LBED_LPC13xx/Debug/libLBED_LPC13xx.a(Print.o)
                0x00000000000013bc                _ZN5Print5printEPKc
 .text._ZN5Print5printEc
                0x00000000000013e0        0xc /Users/take/proj/LBED/lbed/LBED_LPC13xx/Debug/libLBED_LPC13xx.a(Print.o)
                0x00000000000013e0                _ZN5Print5printEc
 .text._ZN5Print7printlnEv
                0x00000000000013ec       0x1c /Users/take/proj/LBED/lbed/LBED_LPC13xx/Debug/libLBED_LPC13xx.a(Print.o)
                0x00000000000013ec                _ZN5Print7printlnEv
 .text._ZN5Print7printlnEPKc
                0x0000000000001408       0x14 /Users/take/proj/LBED/lbed/LBED_LPC13xx/Debug/libLBED_LPC13xx.a(Print.o)
                0x0000000000001408                _ZN5Print7printlnEPKc
 .text._ZN5Print7printlnEc
                0x000000000000141c       0x14 /Users/take/proj/LBED/lbed/LBED_LPC13xx/Debug/libLBED_LPC13xx.a(Print.o)
                0x000000000000141c                _ZN5Print7printlnEc
 .text._ZN5Print6printfEPKcz
                0x0000000000001430      0x1ec /Users/take/proj/LBED/lbed/LBED_LPC13xx/Debug/libLBED_LPC13xx.a(Print.o)
                0x0000000000001430                _ZN5Print6printfEPKcz
 .text._ZN5Print11printNumberEmi
                0x000000000000161c       0x5c /Users/take/proj/LBED/lbed/LBED_LPC13xx/Debug/libLBED_LPC13xx.a(Print.o)
                0x000000000000161c                _ZN5Print11printNumberEmi
 .text._ZN5Print5printEli
                0x0000000000001678       0x48 /Users/take/proj/LBED/lbed/LBED_LPC13xx/Debug/libLBED_LPC13xx.a(Print.o)
                0x0000000000001678                _ZN5Print5printEli
 .text._ZN5Print5printEii
                0x00000000000016c0        0x8 /Users/take/proj/LBED/lbed/LBED_LPC13xx/Debug/libLBED_LPC13xx.a(Print.o)
                0x00000000000016c0                _ZN5Print5printEii
 .text._ZN5Print5printEmi
                0x00000000000016c8       0x14 /Users/take/proj/LBED/lbed/LBED_LPC13xx/Debug/libLBED_LPC13xx.a(Print.o)
                0x00000000000016c8                _ZN5Print5printEmi
 .text._ZN5Print10printFloatEdi
                0x00000000000016dc      0x184 /Users/take/proj/LBED/lbed/LBED_LPC13xx/Debug/libLBED_LPC13xx.a(Print.o)
                0x00000000000016dc                _ZN5Print10printFloatEdi
 .text._ZN5Print5printEdi
                0x0000000000001860       0x10 /Users/take/proj/LBED/lbed/LBED_LPC13xx/Debug/libLBED_LPC13xx.a(Print.o)
                0x0000000000001860                _ZN5Print5printEdi
 .text._ZN3SPI6formatEii
                0x0000000000001870       0x30 /Users/take/proj/LBED/lbed/LBED_LPC13xx/Debug/libLBED_LPC13xx.a(SPI.o)
                0x0000000000001870                _ZN3SPI6formatEii
 .text._ZN3SPI9frequencyEi
                0x00000000000018a0       0x90 /Users/take/proj/LBED/lbed/LBED_LPC13xx/Debug/libLBED_LPC13xx.a(SPI.o)
                0x00000000000018a0                _ZN3SPI9frequencyEi
 .text._ZN3SPIC2EiiiPKc
                0x0000000000001930       0x9c /Users/take/proj/LBED/lbed/LBED_LPC13xx/Debug/libLBED_LPC13xx.a(SPI.o)
                0x0000000000001930                _ZN3SPIC1EiiiPKc
                0x0000000000001930                _ZN3SPIC2EiiiPKc
 .text._ZN3SPI5writeEi
                0x00000000000019cc       0x34 /Users/take/proj/LBED/lbed/LBED_LPC13xx/Debug/libLBED_LPC13xx.a(SPI.o)
                0x00000000000019cc                _ZN3SPI5writeEi
 .text._ZN9SerialCDC9availableEv
                0x0000000000001a00       0x18 /Users/take/proj/LBED/lbed/LBED_LPC13xx/Debug/libLBED_LPC13xx.a(SerialCDC.o)
                0x0000000000001a00                _ZN9SerialCDC9availableEv
 .text._ZN9SerialCDC4peekEv
                0x0000000000001a18       0x18 /Users/take/proj/LBED/lbed/LBED_LPC13xx/Debug/libLBED_LPC13xx.a(SerialCDC.o)
                0x0000000000001a18                _ZN9SerialCDC4peekEv
 .text._ZN9SerialCDC5flushEv
                0x0000000000001a30       0x14 /Users/take/proj/LBED/lbed/LBED_LPC13xx/Debug/libLBED_LPC13xx.a(SerialCDC.o)
                0x0000000000001a30                _ZN9SerialCDC5flushEv
 .text._ZN9SerialCDCC2Ev
                0x0000000000001a44       0x54 /Users/take/proj/LBED/lbed/LBED_LPC13xx/Debug/libLBED_LPC13xx.a(SerialCDC.o)
                0x0000000000001a44                _ZN9SerialCDCC2Ev
                0x0000000000001a44                _ZN9SerialCDCC1Ev
 .text._ZN9SerialCDCC2EiiPKc
                0x0000000000001a98       0x48 /Users/take/proj/LBED/lbed/LBED_LPC13xx/Debug/libLBED_LPC13xx.a(SerialCDC.o)
                0x0000000000001a98                _ZN9SerialCDCC2EiiPKc
                0x0000000000001a98                _ZN9SerialCDCC1EiiPKc
 .text._ZN9SerialCDC5setupEiiPKc
                0x0000000000001ae0       0x5c /Users/take/proj/LBED/lbed/LBED_LPC13xx/Debug/libLBED_LPC13xx.a(SerialCDC.o)
                0x0000000000001ae0                _ZN9SerialCDC5setupEiiPKc
 .text._ZN9SerialCDC5writeEc
                0x0000000000001b3c       0x80 /Users/take/proj/LBED/lbed/LBED_LPC13xx/Debug/libLBED_LPC13xx.a(SerialCDC.o)
                0x0000000000001b3c                _ZN9SerialCDC5writeEc
 .text._ZN9SerialCDC4readEv
                0x0000000000001bbc       0x5c /Users/take/proj/LBED/lbed/LBED_LPC13xx/Debug/libLBED_LPC13xx.a(SerialCDC.o)
                0x0000000000001bbc                _ZN9SerialCDC4readEv
 .text._ZN9SerialCDC16CheckSerialStateEv
                0x0000000000001c18       0x2c /Users/take/proj/LBED/lbed/LBED_LPC13xx/Debug/libLBED_LPC13xx.a(SerialCDC.o)
                0x0000000000001c18                _ZN9SerialCDC16CheckSerialStateEv
 .text.__cxa_pure_virtual
                0x0000000000001c44        0x4 /Users/take/proj/LBED/lbed/LBED_LPC13xx/Debug/libLBED_LPC13xx.a(pure_virtual.o)
                0x0000000000001c44                __cxa_pure_virtual
 .text.SysTick_Handler
                0x0000000000001c48       0x10 /Users/take/proj/LBED/lbed/LBED_LPC13xx/Debug/libLBED_LPC13xx.a(wait_api.o)
                0x0000000000001c48                SysTick_Handler
 .text.wait_init
                0x0000000000001c58       0x30 /Users/take/proj/LBED/lbed/LBED_LPC13xx/Debug/libLBED_LPC13xx.a(wait_api.o)
                0x0000000000001c58                wait_init
 .text.wait_ms  0x0000000000001c88       0x14 /Users/take/proj/LBED/lbed/LBED_LPC13xx/Debug/libLBED_LPC13xx.a(wait_api.o)
                0x0000000000001c88                wait_ms
 .text.wait_us  0x0000000000001c9c       0x14 /Users/take/proj/LBED/lbed/LBED_LPC13xx/Debug/libLBED_LPC13xx.a(wait_api.o)
                0x0000000000001c9c                wait_us
 .text.CDC_RdOutBuf
                0x0000000000001cb0       0x28 /Users/take/proj/LBED/lbed/LBED_LPC13xx/Debug/libLBED_LPC13xx.a(_cdcuser.o)
                0x0000000000001cb0                CDC_RdOutBuf
 .text.CDC_WrOutBuf
                0x0000000000001cd8       0x28 /Users/take/proj/LBED/lbed/LBED_LPC13xx/Debug/libLBED_LPC13xx.a(_cdcuser.o)
                0x0000000000001cd8                CDC_WrOutBuf
 .text.CDC_OutBufAvailChar
                0x0000000000001d00       0x18 /Users/take/proj/LBED/lbed/LBED_LPC13xx/Debug/libLBED_LPC13xx.a(_cdcuser.o)
                0x0000000000001d00                CDC_OutBufAvailChar
 .text.CDC_SendEncapsulatedCommand
                0x0000000000001d18        0x4 /Users/take/proj/LBED/lbed/LBED_LPC13xx/Debug/libLBED_LPC13xx.a(_cdcuser.o)
                0x0000000000001d18                CDC_SendEncapsulatedCommand
 .text.CDC_GetEncapsulatedResponse
                0x0000000000001d1c        0x4 /Users/take/proj/LBED/lbed/LBED_LPC13xx/Debug/libLBED_LPC13xx.a(_cdcuser.o)
                0x0000000000001d1c                CDC_GetEncapsulatedResponse
 .text.CDC_SetCommFeature
                0x0000000000001d20        0x4 /Users/take/proj/LBED/lbed/LBED_LPC13xx/Debug/libLBED_LPC13xx.a(_cdcuser.o)
                0x0000000000001d20                CDC_SetCommFeature
 .text.CDC_GetCommFeature
                0x0000000000001d24        0x4 /Users/take/proj/LBED/lbed/LBED_LPC13xx/Debug/libLBED_LPC13xx.a(_cdcuser.o)
                0x0000000000001d24                CDC_GetCommFeature
 .text.CDC_ClearCommFeature
                0x0000000000001d28        0x4 /Users/take/proj/LBED/lbed/LBED_LPC13xx/Debug/libLBED_LPC13xx.a(_cdcuser.o)
                0x0000000000001d28                CDC_ClearCommFeature
 .text.CDC_SetLineCoding
                0x0000000000001d2c       0x34 /Users/take/proj/LBED/lbed/LBED_LPC13xx/Debug/libLBED_LPC13xx.a(_cdcuser.o)
                0x0000000000001d2c                CDC_SetLineCoding
 .text.CDC_GetLineCoding
                0x0000000000001d60       0x2c /Users/take/proj/LBED/lbed/LBED_LPC13xx/Debug/libLBED_LPC13xx.a(_cdcuser.o)
                0x0000000000001d60                CDC_GetLineCoding
 .text.CDC_SetControlLineState
                0x0000000000001d8c        0x4 /Users/take/proj/LBED/lbed/LBED_LPC13xx/Debug/libLBED_LPC13xx.a(_cdcuser.o)
                0x0000000000001d8c                CDC_SetControlLineState
 .text.CDC_SendBreak
                0x0000000000001d90        0x4 /Users/take/proj/LBED/lbed/LBED_LPC13xx/Debug/libLBED_LPC13xx.a(_cdcuser.o)
                0x0000000000001d90                CDC_SendBreak
 .text.CDC_BulkIn
                0x0000000000001d94        0xc /Users/take/proj/LBED/lbed/LBED_LPC13xx/Debug/libLBED_LPC13xx.a(_cdcuser.o)
                0x0000000000001d94                CDC_BulkIn
 .text.CDC_BulkOut
                0x0000000000001da0       0x20 /Users/take/proj/LBED/lbed/LBED_LPC13xx/Debug/libLBED_LPC13xx.a(_cdcuser.o)
                0x0000000000001da0                CDC_BulkOut
 .text.CDC_GetSerialState
                0x0000000000001dc0       0x10 /Users/take/proj/LBED/lbed/LBED_LPC13xx/Debug/libLBED_LPC13xx.a(_cdcuser.o)
                0x0000000000001dc0                CDC_GetSerialState
 .text.CDC_Init
                0x0000000000001dd0       0x28 /Users/take/proj/LBED/lbed/LBED_LPC13xx/Debug/libLBED_LPC13xx.a(_cdcuser.o)
                0x0000000000001dd0                CDC_Init
 .text.CDC_NotificationIn
                0x0000000000001df8       0x34 /Users/take/proj/LBED/lbed/LBED_LPC13xx/Debug/libLBED_LPC13xx.a(_cdcuser.o)
                0x0000000000001df8                CDC_NotificationIn
 .text.SSP1_IRQHandler
                0x0000000000001e2c       0x44 /Users/take/proj/LBED/lbed/LBED_LPC13xx/Debug/libLBED_LPC13xx.a(_ssp.o)
                0x0000000000001e2c                SSP1_IRQHandler
 .text.SSP_IOConfig
                0x0000000000001e70       0xf4 /Users/take/proj/LBED/lbed/LBED_LPC13xx/Debug/libLBED_LPC13xx.a(_ssp.o)
                0x0000000000001e70                SSP_IOConfig
 .text.SSP_Init
                0x0000000000001f64       0x58 /Users/take/proj/LBED/lbed/LBED_LPC13xx/Debug/libLBED_LPC13xx.a(_ssp.o)
                0x0000000000001f64                SSP_Init
 .text.SSP_Send
                0x0000000000001fbc       0x74 /Users/take/proj/LBED/lbed/LBED_LPC13xx/Debug/libLBED_LPC13xx.a(_ssp.o)
                0x0000000000001fbc                SSP_Send
 .text.USB_ResetCore
                0x0000000000002030       0x38 /Users/take/proj/LBED/lbed/LBED_LPC13xx/Debug/libLBED_LPC13xx.a(_usbcore.o)
                0x0000000000002030                USB_ResetCore
 .text.USB_SetupStage
                0x0000000000002068        0xc /Users/take/proj/LBED/lbed/LBED_LPC13xx/Debug/libLBED_LPC13xx.a(_usbcore.o)
                0x0000000000002068                USB_SetupStage
 .text.USB_DataInStage
                0x0000000000002074       0x28 /Users/take/proj/LBED/lbed/LBED_LPC13xx/Debug/libLBED_LPC13xx.a(_usbcore.o)
                0x0000000000002074                USB_DataInStage
 .text.USB_DataOutStage
                0x000000000000209c       0x20 /Users/take/proj/LBED/lbed/LBED_LPC13xx/Debug/libLBED_LPC13xx.a(_usbcore.o)
                0x000000000000209c                USB_DataOutStage
 .text.USB_StatusInStage
                0x00000000000020bc        0xa /Users/take/proj/LBED/lbed/LBED_LPC13xx/Debug/libLBED_LPC13xx.a(_usbcore.o)
                0x00000000000020bc                USB_StatusInStage
 *fill*         0x00000000000020c6        0x2 00
 .text.USB_StatusOutStage
                0x00000000000020c8        0xc /Users/take/proj/LBED/lbed/LBED_LPC13xx/Debug/libLBED_LPC13xx.a(_usbcore.o)
                0x00000000000020c8                USB_StatusOutStage
 .text.USB_ReqGetStatus
                0x00000000000020d4       0xa8 /Users/take/proj/LBED/lbed/LBED_LPC13xx/Debug/libLBED_LPC13xx.a(_usbcore.o)
                0x00000000000020d4                USB_ReqGetStatus
 .text.USB_ReqSetClrFeature
                0x000000000000217c       0xc0 /Users/take/proj/LBED/lbed/LBED_LPC13xx/Debug/libLBED_LPC13xx.a(_usbcore.o)
                0x000000000000217c                USB_ReqSetClrFeature
 .text.USB_ReqSetAddress
                0x000000000000223c       0x24 /Users/take/proj/LBED/lbed/LBED_LPC13xx/Debug/libLBED_LPC13xx.a(_usbcore.o)
                0x000000000000223c                USB_ReqSetAddress
 .text.USB_ReqGetDescriptor
                0x0000000000002260       0x88 /Users/take/proj/LBED/lbed/LBED_LPC13xx/Debug/libLBED_LPC13xx.a(_usbcore.o)
                0x0000000000002260                USB_ReqGetDescriptor
 .text.USB_ReqGetConfiguration
                0x00000000000022e8       0x24 /Users/take/proj/LBED/lbed/LBED_LPC13xx/Debug/libLBED_LPC13xx.a(_usbcore.o)
                0x00000000000022e8                USB_ReqGetConfiguration
 .text.USB_ReqSetConfiguration
                0x000000000000230c      0x180 /Users/take/proj/LBED/lbed/LBED_LPC13xx/Debug/libLBED_LPC13xx.a(_usbcore.o)
                0x000000000000230c                USB_ReqSetConfiguration
 .text.USB_ReqGetInterface
                0x000000000000248c       0x48 /Users/take/proj/LBED/lbed/LBED_LPC13xx/Debug/libLBED_LPC13xx.a(_usbcore.o)
                0x000000000000248c                USB_ReqGetInterface
 .text.USB_ReqSetInterface
                0x00000000000024d4      0x138 /Users/take/proj/LBED/lbed/LBED_LPC13xx/Debug/libLBED_LPC13xx.a(_usbcore.o)
                0x00000000000024d4                USB_ReqSetInterface
 .text.USB_EndPoint0
                0x000000000000260c      0x1f8 /Users/take/proj/LBED/lbed/LBED_LPC13xx/Debug/libLBED_LPC13xx.a(_usbcore.o)
                0x000000000000260c                USB_EndPoint0
 .text.USB_EndPoint3
                0x0000000000002804       0x14 /Users/take/proj/LBED/lbed/LBED_LPC13xx/Debug/libLBED_LPC13xx.a(_usbuser.o)
                0x0000000000002804                USB_EndPoint3
 .text.USB_EndPoint1
                0x0000000000002818       0x24 /Users/take/proj/LBED/lbed/LBED_LPC13xx/Debug/libLBED_LPC13xx.a(_usbuser.o)
                0x0000000000002818                USB_EndPoint1
 .text.USB_Reset_Event
                0x000000000000283c        0x4 /Users/take/proj/LBED/lbed/LBED_LPC13xx/Debug/libLBED_LPC13xx.a(_usbuser.o)
                0x000000000000283c                USB_Reset_Event
 .text.USB_Suspend_Event
                0x0000000000002840        0x2 /Users/take/proj/LBED/lbed/LBED_LPC13xx/Debug/libLBED_LPC13xx.a(_usbuser.o)
                0x0000000000002840                USB_Suspend_Event
 .text.USB_Resume_Event
                0x0000000000002842        0x2 /Users/take/proj/LBED/lbed/LBED_LPC13xx/Debug/libLBED_LPC13xx.a(_usbuser.o)
                0x0000000000002842                USB_Resume_Event
 .text.USB_Configure_Event
                0x0000000000002844        0x2 /Users/take/proj/LBED/lbed/LBED_LPC13xx/Debug/libLBED_LPC13xx.a(_usbuser.o)
                0x0000000000002844                USB_Configure_Event
 *fill*         0x0000000000002846        0x2 00
 .text._ZN6Serial4peekEv
                0x0000000000002848        0x8 /Users/take/proj/LBED/lbed/LBED_LPC13xx/Debug/libLBED_LPC13xx.a(Serial.o)
                0x0000000000002848                _ZN6Serial4peekEv
 .text._ZN6Serial5flushEv
                0x0000000000002850        0x4 /Users/take/proj/LBED/lbed/LBED_LPC13xx/Debug/libLBED_LPC13xx.a(Serial.o)
                0x0000000000002850                _ZN6Serial5flushEv
 .text._ZN6Serial5writeEc
                0x0000000000002854       0x20 /Users/take/proj/LBED/lbed/LBED_LPC13xx/Debug/libLBED_LPC13xx.a(Serial.o)
                0x0000000000002854                _ZN6Serial5writeEc
 .text._ZN6Serial4readEv
                0x0000000000002874       0x1c /Users/take/proj/LBED/lbed/LBED_LPC13xx/Debug/libLBED_LPC13xx.a(Serial.o)
                0x0000000000002874                _ZN6Serial4readEv
 .text._ZN6Serial9availableEv
                0x0000000000002890        0x4 /Users/take/proj/LBED/lbed/LBED_LPC13xx/Debug/libLBED_LPC13xx.a(Serial.o)
                0x0000000000002890                _ZN6Serial9availableEv
 .text._ZN6Serial5setupEiiPKc
                0x0000000000002894       0x2c /Users/take/proj/LBED/lbed/LBED_LPC13xx/Debug/libLBED_LPC13xx.a(Serial.o)
                0x0000000000002894                _ZN6Serial5setupEiiPKc
 .text._ZN6SerialC2EiiPKc
                0x00000000000028c0       0x20 /Users/take/proj/LBED/lbed/LBED_LPC13xx/Debug/libLBED_LPC13xx.a(Serial.o)
                0x00000000000028c0                _ZN6SerialC1EiiPKc
                0x00000000000028c0                _ZN6SerialC2EiiPKc
 .text._ZN6SerialC2Ev
                0x00000000000028e0       0x34 /Users/take/proj/LBED/lbed/LBED_LPC13xx/Debug/libLBED_LPC13xx.a(Serial.o)
                0x00000000000028e0                _ZN6SerialC2Ev
                0x00000000000028e0                _ZN6SerialC1Ev
 .text._ZN6Serial4baudEj
                0x0000000000002914       0x74 /Users/take/proj/LBED/lbed/LBED_LPC13xx/Debug/libLBED_LPC13xx.a(Serial.o)
                0x0000000000002914                _ZN6Serial4baudEj
 .text._ZN6Serial5beginEj
                0x0000000000002988        0x8 /Users/take/proj/LBED/lbed/LBED_LPC13xx/Debug/libLBED_LPC13xx.a(Serial.o)
                0x0000000000002988                _ZN6Serial5beginEj
 .text.GPIOSetDir
                0x0000000000002990       0xa4 /Users/take/proj/LBED/lbed/LBED_LPC13xx/Debug/libLBED_LPC13xx.a(_gpio.o)
                0x0000000000002990                GPIOSetDir
 .text.GPIOSetValue
                0x0000000000002a34       0x58 /Users/take/proj/LBED/lbed/LBED_LPC13xx/Debug/libLBED_LPC13xx.a(_gpio.o)
                0x0000000000002a34                GPIOSetValue
 .text          0x0000000000002a8c      0x370 /Applications/lpcxpresso_4.2.4_267/lpcxpresso/Tools/bin/../lib/gcc/arm-none-eabi/4.6.2/armv7-m/libgcc.a(_arm_addsubdf3.o)
                0x0000000000002a8c                __aeabi_drsub
                0x0000000000002a94                __subdf3
                0x0000000000002a94                __aeabi_dsub
                0x0000000000002a98                __aeabi_dadd
                0x0000000000002a98                __adddf3
                0x0000000000002d10                __aeabi_ui2d
                0x0000000000002d10                __floatunsidf
                0x0000000000002d30                __floatsidf
                0x0000000000002d30                __aeabi_i2d
                0x0000000000002d54                __extendsfdf2
                0x0000000000002d54                __aeabi_f2d
                0x0000000000002d90                __aeabi_ul2d
                0x0000000000002d90                __floatundidf
                0x0000000000002da0                __aeabi_l2d
                0x0000000000002da0                __floatdidf
 .text          0x0000000000002dfc      0x424 /Applications/lpcxpresso_4.2.4_267/lpcxpresso/Tools/bin/../lib/gcc/arm-none-eabi/4.6.2/armv7-m/libgcc.a(_arm_muldivdf3.o)
                0x0000000000002dfc                __aeabi_dmul
                0x0000000000002dfc                __muldf3
                0x0000000000003050                __aeabi_ddiv
                0x0000000000003050                __divdf3
 .text          0x0000000000003220      0x110 /Applications/lpcxpresso_4.2.4_267/lpcxpresso/Tools/bin/../lib/gcc/arm-none-eabi/4.6.2/armv7-m/libgcc.a(_arm_cmpdf2.o)
                0x0000000000003220                __gtdf2
                0x0000000000003220                __gedf2
                0x0000000000003228                __ltdf2
                0x0000000000003228                __ledf2
                0x0000000000003230                __eqdf2
                0x0000000000003230                __nedf2
                0x0000000000003230                __cmpdf2
                0x00000000000032ac                __aeabi_cdrcmple
                0x00000000000032bc                __aeabi_cdcmple
                0x00000000000032bc                __aeabi_cdcmpeq
                0x00000000000032cc                __aeabi_dcmpeq
                0x00000000000032e0                __aeabi_dcmplt
                0x00000000000032f4                __aeabi_dcmple
                0x0000000000003308                __aeabi_dcmpge
                0x000000000000331c                __aeabi_dcmpgt
 .text          0x0000000000003330       0x50 /Applications/lpcxpresso_4.2.4_267/lpcxpresso/Tools/bin/../lib/gcc/arm-none-eabi/4.6.2/armv7-m/libgcc.a(_arm_fixdfsi.o)
                0x0000000000003330                __fixdfsi
                0x0000000000003330                __aeabi_d2iz
 .text          0x0000000000003380       0x40 /Applications/lpcxpresso_4.2.4_267/lpcxpresso/Tools/bin/../lib/gcc/arm-none-eabi/4.6.2/armv7-m/libgcc.a(_arm_fixunsdfsi.o)
                0x0000000000003380                __fixunsdfsi
                0x0000000000003380                __aeabi_d2uiz
 .text          0x00000000000033c0      0x21c /Applications/lpcxpresso_4.2.4_267/lpcxpresso/Tools/bin/../lib/gcc/arm-none-eabi/4.6.2/armv7-m/libgcc.a(_arm_addsubsf3.o)
                0x00000000000033c0                __aeabi_frsub
                0x00000000000033c8                __aeabi_fsub
                0x00000000000033c8                __subsf3
                0x00000000000033cc                __aeabi_fadd
                0x00000000000033cc                __addsf3
                0x000000000000352c                __aeabi_ui2f
                0x000000000000352c                __floatunsisf
                0x0000000000003534                __floatsisf
                0x0000000000003534                __aeabi_i2f
                0x0000000000003550                __aeabi_ul2f
                0x0000000000003550                __floatundisf
                0x0000000000003560                __aeabi_l2f
                0x0000000000003560                __floatdisf
 .text          0x00000000000035dc      0x2a0 /Applications/lpcxpresso_4.2.4_267/lpcxpresso/Tools/bin/../lib/gcc/arm-none-eabi/4.6.2/armv7-m/libgcc.a(_arm_muldivsf3.o)
                0x00000000000035dc                __mulsf3
                0x00000000000035dc                __aeabi_fmul
                0x0000000000003744                __divsf3
                0x0000000000003744                __aeabi_fdiv
 .text          0x000000000000387c      0xb4c /Applications/lpcxpresso_4.2.4_267/lpcxpresso/Tools/bin/../lib/gcc/arm-none-eabi/4.6.2/armv7-m/libgcc.a(unwind-arm.o)
                0x0000000000003b24                _Unwind_VRS_Get
                0x0000000000003b64                _Unwind_VRS_Set
                0x0000000000003ebc                __aeabi_unwind_cpp_pr2
                0x0000000000003ec0                __aeabi_unwind_cpp_pr1
                0x0000000000003ec4                __aeabi_unwind_cpp_pr0
                0x0000000000003ec8                _Unwind_VRS_Pop
                0x000000000000427c                _Unwind_GetCFA
                0x0000000000004280                __gnu_Unwind_RaiseException
                0x00000000000042e0                __gnu_Unwind_ForcedUnwind
                0x00000000000042f4                __gnu_Unwind_Resume
                0x0000000000004330                __gnu_Unwind_Resume_or_Rethrow
                0x0000000000004340                _Unwind_Complete
                0x0000000000004344                _Unwind_DeleteException
                0x0000000000004354                __gnu_Unwind_Backtrace
 .text          0x00000000000043c8      0x1ac /Applications/lpcxpresso_4.2.4_267/lpcxpresso/Tools/bin/../lib/gcc/arm-none-eabi/4.6.2/armv7-m/libgcc.a(libunwind.o)
                0x00000000000043c8                __restore_core_regs
                0x00000000000043c8                restore_core_regs
                0x00000000000043e0                __gnu_Unwind_Restore_VFP
                0x00000000000043e8                __gnu_Unwind_Save_VFP
                0x00000000000043f0                __gnu_Unwind_Restore_VFP_D
                0x00000000000043f8                __gnu_Unwind_Save_VFP_D
                0x0000000000004400                __gnu_Unwind_Restore_VFP_D_16_to_31
                0x0000000000004408                __gnu_Unwind_Save_VFP_D_16_to_31
                0x0000000000004410                __gnu_Unwind_Restore_WMMXD
                0x0000000000004454                __gnu_Unwind_Save_WMMXD
                0x0000000000004498                __gnu_Unwind_Restore_WMMXC
                0x00000000000044ac                __gnu_Unwind_Save_WMMXC
                0x00000000000044c0                _Unwind_RaiseException
                0x00000000000044c0                ___Unwind_RaiseException
                0x00000000000044e4                ___Unwind_Resume
                0x00000000000044e4                _Unwind_Resume
                0x0000000000004508                ___Unwind_Resume_or_Rethrow
                0x0000000000004508                _Unwind_Resume_or_Rethrow
                0x000000000000452c                _Unwind_ForcedUnwind
                0x000000000000452c                ___Unwind_ForcedUnwind
                0x0000000000004550                _Unwind_Backtrace
                0x0000000000004550                ___Unwind_Backtrace
 .text          0x0000000000004574      0x374 /Applications/lpcxpresso_4.2.4_267/lpcxpresso/Tools/bin/../lib/gcc/arm-none-eabi/4.6.2/armv7-m/libgcc.a(pr-support.o)
                0x00000000000045c8                __gnu_unwind_execute
                0x0000000000004890                __gnu_unwind_frame
                0x00000000000048b8                _Unwind_GetRegionStart
                0x00000000000048c4                _Unwind_GetLanguageSpecificData
                0x00000000000048d8                _Unwind_GetDataRelBase
                0x00000000000048e0                _Unwind_GetTextRelBase
 .text          0x00000000000048e8       0x10 /Applications/lpcxpresso_4.2.4_267/lpcxpresso/Tools/bin/../lib/gcc/arm-none-eabi/4.6.2/../../../../arm-none-eabi/lib/armv7-m/libc.a(lib_a-abort.o)
                0x00000000000048e8                abort
 .text          0x00000000000048f8       0x48 /Applications/lpcxpresso_4.2.4_267/lpcxpresso/Tools/bin/../lib/gcc/arm-none-eabi/4.6.2/../../../../arm-none-eabi/lib/armv7-m/libc.a(lib_a-init.o)
                0x00000000000048f8                __libc_init_array
 .text          0x0000000000004940       0x28 /Applications/lpcxpresso_4.2.4_267/lpcxpresso/Tools/bin/../lib/gcc/arm-none-eabi/4.6.2/../../../../arm-none-eabi/lib/armv7-m/libc.a(lib_a-malloc.o)
                0x0000000000004940                malloc
                0x0000000000004954                free
 .text          0x0000000000004968      0x51c /Applications/lpcxpresso_4.2.4_267/lpcxpresso/Tools/bin/../lib/gcc/arm-none-eabi/4.6.2/../../../../arm-none-eabi/lib/armv7-m/libc.a(lib_a-mallocr.o)
                0x0000000000004968                _malloc_r
 .text          0x0000000000004e84       0x84 /Applications/lpcxpresso_4.2.4_267/lpcxpresso/Tools/bin/../lib/gcc/arm-none-eabi/4.6.2/../../../../arm-none-eabi/lib/armv7-m/libc.a(lib_a-memcpy.o)
                0x0000000000004e84                memcpy
 .text          0x0000000000004f08        0x8 /Applications/lpcxpresso_4.2.4_267/lpcxpresso/Tools/bin/../lib/gcc/arm-none-eabi/4.6.2/../../../../arm-none-eabi/lib/armv7-m/libc.a(lib_a-mlock.o)
                0x0000000000004f08                __malloc_lock
                0x0000000000004f0c                __malloc_unlock
 .text          0x0000000000004f10       0x24 /Applications/lpcxpresso_4.2.4_267/lpcxpresso/Tools/bin/../lib/gcc/arm-none-eabi/4.6.2/../../../../arm-none-eabi/lib/armv7-m/libc.a(lib_a-sbrkr.o)
                0x0000000000004f10                _sbrk_r
 .text          0x0000000000004f34      0x160 /Applications/lpcxpresso_4.2.4_267/lpcxpresso/Tools/bin/../lib/gcc/arm-none-eabi/4.6.2/../../../../arm-none-eabi/lib/armv7-m/libc.a(lib_a-signal.o)
                0x0000000000004f34                _init_signal_r
                0x0000000000004f68                _signal_r
                0x0000000000004fa8                _raise_r
                0x0000000000005000                __sigtramp_r
                0x0000000000005054                raise
                0x0000000000005064                signal
                0x0000000000005078                _init_signal
                0x0000000000005084                __sigtramp
 .text          0x0000000000005094       0x2c /Applications/lpcxpresso_4.2.4_267/lpcxpresso/Tools/bin/../lib/gcc/arm-none-eabi/4.6.2/../../../../arm-none-eabi/lib/armv7-m/libc.a(lib_a-signalr.o)
                0x0000000000005094                _kill_r
                0x00000000000050bc                _getpid_r
 .text          0x00000000000050c0       0x60 /Applications/lpcxpresso_4.2.4_267/lpcxpresso/Tools/bin/../lib/gcc/arm-none-eabi/4.6.2/../../../../arm-none-eabi/lib/armv7-m/libc.a(lib_a-strlen.o)
                0x00000000000050c0                strlen
 .text          0x0000000000005120      0x22c /Applications/lpcxpresso_4.2.4_267/lpcxpresso/Tools/bin/../lib/gcc/arm-none-eabi/4.6.2/../../../../arm-none-eabi/lib/armv7-m/libc.a(lib_a-freer.o)
                0x0000000000005120                _malloc_trim_r
                0x00000000000051c0                _free_r
 .text.__cxa_end_cleanup
                0x000000000000534c        0xc /Applications/lpcxpresso_4.2.4_267/lpcxpresso/Tools/bin/../lib/gcc/arm-none-eabi/4.6.2/../../../../arm-none-eabi/lib/armv7-m/libstdc++.a(eh_arm.o)
                0x000000000000534c                __cxa_end_cleanup
 .text.__cxa_type_match
                0x0000000000005358       0xec /Applications/lpcxpresso_4.2.4_267/lpcxpresso/Tools/bin/../lib/gcc/arm-none-eabi/4.6.2/../../../../arm-none-eabi/lib/armv7-m/libstdc++.a(eh_arm.o)
                0x0000000000005358                __cxa_type_match
 .text.__cxa_begin_cleanup
                0x0000000000005444       0x78 /Applications/lpcxpresso_4.2.4_267/lpcxpresso/Tools/bin/../lib/gcc/arm-none-eabi/4.6.2/../../../../arm-none-eabi/lib/armv7-m/libstdc++.a(eh_arm.o)
                0x0000000000005444                __cxa_begin_cleanup
 .text.__gnu_end_cleanup
                0x00000000000054bc       0x7c /Applications/lpcxpresso_4.2.4_267/lpcxpresso/Tools/bin/../lib/gcc/arm-none-eabi/4.6.2/../../../../arm-none-eabi/lib/armv7-m/libstdc++.a(eh_arm.o)
                0x00000000000054bc                __gnu_end_cleanup
 .text.__cxa_bad_cast
                0x0000000000005538       0x24 /Applications/lpcxpresso_4.2.4_267/lpcxpresso/Tools/bin/../lib/gcc/arm-none-eabi/4.6.2/../../../../arm-none-eabi/lib/armv7-m/libstdc++.a(eh_aux_runtime.o)
                0x0000000000005538                __cxa_bad_cast
 .text.__cxa_bad_typeid
                0x000000000000555c       0x24 /Applications/lpcxpresso_4.2.4_267/lpcxpresso/Tools/bin/../lib/gcc/arm-none-eabi/4.6.2/../../../../arm-none-eabi/lib/armv7-m/libstdc++.a(eh_aux_runtime.o)
                0x000000000000555c                __cxa_bad_typeid
 .text._ZNSt9exceptionD2Ev
                0x0000000000005580        0xc /Applications/lpcxpresso_4.2.4_267/lpcxpresso/Tools/bin/../lib/gcc/arm-none-eabi/4.6.2/../../../../arm-none-eabi/lib/armv7-m/libstdc++.a(eh_exception.o)
                0x0000000000005580                _ZNSt9exceptionD2Ev
                0x0000000000005580                _ZNSt9exceptionD1Ev
 .text._ZNSt13bad_exceptionD2Ev
                0x000000000000558c        0xc /Applications/lpcxpresso_4.2.4_267/lpcxpresso/Tools/bin/../lib/gcc/arm-none-eabi/4.6.2/../../../../arm-none-eabi/lib/armv7-m/libstdc++.a(eh_exception.o)
                0x000000000000558c                _ZNSt13bad_exceptionD2Ev
                0x000000000000558c                _ZNSt13bad_exceptionD1Ev
 .text._ZN10__cxxabiv115__forced_unwindD2Ev
                0x0000000000005598        0xc /Applications/lpcxpresso_4.2.4_267/lpcxpresso/Tools/bin/../lib/gcc/arm-none-eabi/4.6.2/../../../../arm-none-eabi/lib/armv7-m/libstdc++.a(eh_exception.o)
                0x0000000000005598                _ZN10__cxxabiv115__forced_unwindD1Ev
                0x0000000000005598                _ZN10__cxxabiv115__forced_unwindD2Ev
 .text._ZN10__cxxabiv119__foreign_exceptionD2Ev
                0x00000000000055a4        0xc /Applications/lpcxpresso_4.2.4_267/lpcxpresso/Tools/bin/../lib/gcc/arm-none-eabi/4.6.2/../../../../arm-none-eabi/lib/armv7-m/libstdc++.a(eh_exception.o)
                0x00000000000055a4                _ZN10__cxxabiv119__foreign_exceptionD2Ev
                0x00000000000055a4                _ZN10__cxxabiv119__foreign_exceptionD1Ev
 .text._ZNKSt9exception4whatEv
                0x00000000000055b0        0xc /Applications/lpcxpresso_4.2.4_267/lpcxpresso/Tools/bin/../lib/gcc/arm-none-eabi/4.6.2/../../../../arm-none-eabi/lib/armv7-m/libstdc++.a(eh_exception.o)
                0x00000000000055b0                _ZNKSt9exception4whatEv
 .text._ZNKSt13bad_exception4whatEv
                0x00000000000055bc        0xc /Applications/lpcxpresso_4.2.4_267/lpcxpresso/Tools/bin/../lib/gcc/arm-none-eabi/4.6.2/../../../../arm-none-eabi/lib/armv7-m/libstdc++.a(eh_exception.o)
                0x00000000000055bc                _ZNKSt13bad_exception4whatEv
 .text._ZN10__cxxabiv119__foreign_exceptionD0Ev
                0x00000000000055c8       0x14 /Applications/lpcxpresso_4.2.4_267/lpcxpresso/Tools/bin/../lib/gcc/arm-none-eabi/4.6.2/../../../../arm-none-eabi/lib/armv7-m/libstdc++.a(eh_exception.o)
                0x00000000000055c8                _ZN10__cxxabiv119__foreign_exceptionD0Ev
 .text._ZN10__cxxabiv115__forced_unwindD0Ev
                0x00000000000055dc       0x14 /Applications/lpcxpresso_4.2.4_267/lpcxpresso/Tools/bin/../lib/gcc/arm-none-eabi/4.6.2/../../../../arm-none-eabi/lib/armv7-m/libstdc++.a(eh_exception.o)
                0x00000000000055dc                _ZN10__cxxabiv115__forced_unwindD0Ev
 .text._ZNSt13bad_exceptionD0Ev
                0x00000000000055f0       0x14 /Applications/lpcxpresso_4.2.4_267/lpcxpresso/Tools/bin/../lib/gcc/arm-none-eabi/4.6.2/../../../../arm-none-eabi/lib/armv7-m/libstdc++.a(eh_exception.o)
                0x00000000000055f0                _ZNSt13bad_exceptionD0Ev
 .text._ZNSt9exceptionD0Ev
                0x0000000000005604       0x14 /Applications/lpcxpresso_4.2.4_267/lpcxpresso/Tools/bin/../lib/gcc/arm-none-eabi/4.6.2/../../../../arm-none-eabi/lib/armv7-m/libstdc++.a(eh_exception.o)
                0x0000000000005604                _ZNSt9exceptionD0Ev
 .text.__cxa_get_globals_fast
                0x0000000000005618        0xc /Applications/lpcxpresso_4.2.4_267/lpcxpresso/Tools/bin/../lib/gcc/arm-none-eabi/4.6.2/../../../../arm-none-eabi/lib/armv7-m/libstdc++.a(eh_globals.o)
                0x0000000000005618                __cxa_get_globals_fast
 .text.__cxa_get_globals
                0x0000000000005624        0xc /Applications/lpcxpresso_4.2.4_267/lpcxpresso/Tools/bin/../lib/gcc/arm-none-eabi/4.6.2/../../../../arm-none-eabi/lib/armv7-m/libstdc++.a(eh_globals.o)
                0x0000000000005624                __cxa_get_globals
 .text._ZL12read_sleb128PKhPl
                0x0000000000005630       0x3c /Applications/lpcxpresso_4.2.4_267/lpcxpresso/Tools/bin/../lib/gcc/arm-none-eabi/4.6.2/../../../../arm-none-eabi/lib/armv7-m/libstdc++.a(eh_personality.o)
 .text._ZL28read_encoded_value_with_basehjPKhPj
                0x000000000000566c       0xa4 /Applications/lpcxpresso_4.2.4_267/lpcxpresso/Tools/bin/../lib/gcc/arm-none-eabi/4.6.2/../../../../arm-none-eabi/lib/armv7-m/libstdc++.a(eh_personality.o)
 .text._ZL21base_of_encoded_valuehP15_Unwind_Context
                0x0000000000005710       0x4c /Applications/lpcxpresso_4.2.4_267/lpcxpresso/Tools/bin/../lib/gcc/arm-none-eabi/4.6.2/../../../../arm-none-eabi/lib/armv7-m/libstdc++.a(eh_personality.o)
 .text._ZL17parse_lsda_headerP15_Unwind_ContextPKhP16lsda_header_info.constprop.1
                0x000000000000575c       0x90 /Applications/lpcxpresso_4.2.4_267/lpcxpresso/Tools/bin/../lib/gcc/arm-none-eabi/4.6.2/../../../../arm-none-eabi/lib/armv7-m/libstdc++.a(eh_personality.o)
 .text.__gxx_personality_v0
                0x00000000000057ec      0x3bc /Applications/lpcxpresso_4.2.4_267/lpcxpresso/Tools/bin/../lib/gcc/arm-none-eabi/4.6.2/../../../../arm-none-eabi/lib/armv7-m/libstdc++.a(eh_personality.o)
                0x00000000000057ec                __gxx_personality_v0
 .text._ZN10__cxxabiv111__terminateEPFvvE
                0x0000000000005ba8       0x28 /Applications/lpcxpresso_4.2.4_267/lpcxpresso/Tools/bin/../lib/gcc/arm-none-eabi/4.6.2/../../../../arm-none-eabi/lib/armv7-m/libstdc++.a(eh_terminate.o)
                0x0000000000005ba8                _ZN10__cxxabiv111__terminateEPFvvE
 .text._ZSt9terminatev
                0x0000000000005bd0       0x10 /Applications/lpcxpresso_4.2.4_267/lpcxpresso/Tools/bin/../lib/gcc/arm-none-eabi/4.6.2/../../../../arm-none-eabi/lib/armv7-m/libstdc++.a(eh_terminate.o)
                0x0000000000005bd0                _ZSt9terminatev
 .text._ZN10__cxxabiv112__unexpectedEPFvvE
                0x0000000000005be0        0x8 /Applications/lpcxpresso_4.2.4_267/lpcxpresso/Tools/bin/../lib/gcc/arm-none-eabi/4.6.2/../../../../arm-none-eabi/lib/armv7-m/libstdc++.a(eh_terminate.o)
                0x0000000000005be0                _ZN10__cxxabiv112__unexpectedEPFvvE
 .text._ZSt10unexpectedv
                0x0000000000005be8       0x14 /Applications/lpcxpresso_4.2.4_267/lpcxpresso/Tools/bin/../lib/gcc/arm-none-eabi/4.6.2/../../../../arm-none-eabi/lib/armv7-m/libstdc++.a(eh_terminate.o)
                0x0000000000005be8                _ZSt10unexpectedv
 .text._ZSt13set_terminatePFvvE
                0x0000000000005bfc       0x10 /Applications/lpcxpresso_4.2.4_267/lpcxpresso/Tools/bin/../lib/gcc/arm-none-eabi/4.6.2/../../../../arm-none-eabi/lib/armv7-m/libstdc++.a(eh_terminate.o)
                0x0000000000005bfc                _ZSt13set_terminatePFvvE
 .text._ZSt14set_unexpectedPFvvE
                0x0000000000005c0c       0x10 /Applications/lpcxpresso_4.2.4_267/lpcxpresso/Tools/bin/../lib/gcc/arm-none-eabi/4.6.2/../../../../arm-none-eabi/lib/armv7-m/libstdc++.a(eh_terminate.o)
                0x0000000000005c0c                _ZSt14set_unexpectedPFvvE
 .text._ZL23__gxx_exception_cleanup19_Unwind_Reason_CodeP21_Unwind_Control_Block
                0x0000000000005c1c       0x4c /Applications/lpcxpresso_4.2.4_267/lpcxpresso/Tools/bin/../lib/gcc/arm-none-eabi/4.6.2/../../../../arm-none-eabi/lib/armv7-m/libstdc++.a(eh_throw.o)
 .text.__cxa_throw
                0x0000000000005c68       0x80 /Applications/lpcxpresso_4.2.4_267/lpcxpresso/Tools/bin/../lib/gcc/arm-none-eabi/4.6.2/../../../../arm-none-eabi/lib/armv7-m/libstdc++.a(eh_throw.o)
                0x0000000000005c68                __cxa_throw
 .text.__cxa_rethrow
                0x0000000000005ce8       0x78 /Applications/lpcxpresso_4.2.4_267/lpcxpresso/Tools/bin/../lib/gcc/arm-none-eabi/4.6.2/../../../../arm-none-eabi/lib/armv7-m/libstdc++.a(eh_throw.o)
                0x0000000000005ce8                __cxa_rethrow
 .text._ZN10__cxxabiv123__fundamental_type_infoD2Ev
                0x0000000000005d60       0x14 /Applications/lpcxpresso_4.2.4_267/lpcxpresso/Tools/bin/../lib/gcc/arm-none-eabi/4.6.2/../../../../arm-none-eabi/lib/armv7-m/libstdc++.a(fundamental_type_info.o)
                0x0000000000005d60                _ZN10__cxxabiv123__fundamental_type_infoD1Ev
                0x0000000000005d60                _ZN10__cxxabiv123__fundamental_type_infoD2Ev
 .text._ZN10__cxxabiv123__fundamental_type_infoD0Ev
                0x0000000000005d74       0x1c /Applications/lpcxpresso_4.2.4_267/lpcxpresso/Tools/bin/../lib/gcc/arm-none-eabi/4.6.2/../../../../arm-none-eabi/lib/armv7-m/libstdc++.a(fundamental_type_info.o)
                0x0000000000005d74                _ZN10__cxxabiv123__fundamental_type_infoD0Ev
 .text._ZNK10__cxxabiv119__pointer_type_info14__is_pointer_pEv
                0x0000000000005d90        0x4 /Applications/lpcxpresso_4.2.4_267/lpcxpresso/Tools/bin/../lib/gcc/arm-none-eabi/4.6.2/../../../../arm-none-eabi/lib/armv7-m/libstdc++.a(pointer_type_info.o)
                0x0000000000005d90                _ZNK10__cxxabiv119__pointer_type_info14__is_pointer_pEv
 .text._ZN10__cxxabiv119__pointer_type_infoD2Ev
                0x0000000000005d94       0x14 /Applications/lpcxpresso_4.2.4_267/lpcxpresso/Tools/bin/../lib/gcc/arm-none-eabi/4.6.2/../../../../arm-none-eabi/lib/armv7-m/libstdc++.a(pointer_type_info.o)
                0x0000000000005d94                _ZN10__cxxabiv119__pointer_type_infoD1Ev
                0x0000000000005d94                _ZN10__cxxabiv119__pointer_type_infoD2Ev
 .text._ZN10__cxxabiv119__pointer_type_infoD0Ev
                0x0000000000005da8       0x1c /Applications/lpcxpresso_4.2.4_267/lpcxpresso/Tools/bin/../lib/gcc/arm-none-eabi/4.6.2/../../../../arm-none-eabi/lib/armv7-m/libstdc++.a(pointer_type_info.o)
                0x0000000000005da8                _ZN10__cxxabiv119__pointer_type_infoD0Ev
 .text._ZNK10__cxxabiv119__pointer_type_info15__pointer_catchEPKNS_17__pbase_type_infoEPPvj
                0x0000000000005dc4       0x44 /Applications/lpcxpresso_4.2.4_267/lpcxpresso/Tools/bin/../lib/gcc/arm-none-eabi/4.6.2/../../../../arm-none-eabi/lib/armv7-m/libstdc++.a(pointer_type_info.o)
                0x0000000000005dc4                _ZNK10__cxxabiv119__pointer_type_info15__pointer_catchEPKNS_17__pbase_type_infoEPPvj
 .text._ZN10__cxxabiv120__si_class_type_infoD2Ev
                0x0000000000005e08       0x14 /Applications/lpcxpresso_4.2.4_267/lpcxpresso/Tools/bin/../lib/gcc/arm-none-eabi/4.6.2/../../../../arm-none-eabi/lib/armv7-m/libstdc++.a(si_class_type_info.o)
                0x0000000000005e08                _ZN10__cxxabiv120__si_class_type_infoD2Ev
                0x0000000000005e08                _ZN10__cxxabiv120__si_class_type_infoD1Ev
 .text._ZN10__cxxabiv120__si_class_type_infoD0Ev
                0x0000000000005e1c       0x1c /Applications/lpcxpresso_4.2.4_267/lpcxpresso/Tools/bin/../lib/gcc/arm-none-eabi/4.6.2/../../../../arm-none-eabi/lib/armv7-m/libstdc++.a(si_class_type_info.o)
                0x0000000000005e1c                _ZN10__cxxabiv120__si_class_type_infoD0Ev
 .text._ZNK10__cxxabiv120__si_class_type_info11__do_upcastEPKNS_17__class_type_infoEPKvRNS1_15__upcast_resultE
                0x0000000000005e38       0x24 /Applications/lpcxpresso_4.2.4_267/lpcxpresso/Tools/bin/../lib/gcc/arm-none-eabi/4.6.2/../../../../arm-none-eabi/lib/armv7-m/libstdc++.a(si_class_type_info.o)
                0x0000000000005e38                _ZNK10__cxxabiv120__si_class_type_info11__do_upcastEPKNS_17__class_type_infoEPKvRNS1_15__upcast_resultE
 .text._ZNK10__cxxabiv120__si_class_type_info12__do_dyncastEiNS_17__class_type_info10__sub_kindEPKS1_PKvS4_S6_RNS1_16__dyncast_resultE
                0x0000000000005e5c       0x94 /Applications/lpcxpresso_4.2.4_267/lpcxpresso/Tools/bin/../lib/gcc/arm-none-eabi/4.6.2/../../../../arm-none-eabi/lib/armv7-m/libstdc++.a(si_class_type_info.o)
                0x0000000000005e5c                _ZNK10__cxxabiv120__si_class_type_info12__do_dyncastEiNS_17__class_type_info10__sub_kindEPKS1_PKvS4_S6_RNS1_16__dyncast_resultE
 .text._ZNK10__cxxabiv120__si_class_type_info20__do_find_public_srcEiPKvPKNS_17__class_type_infoES2_
                0x0000000000005ef0       0x34 /Applications/lpcxpresso_4.2.4_267/lpcxpresso/Tools/bin/../lib/gcc/arm-none-eabi/4.6.2/../../../../arm-none-eabi/lib/armv7-m/libstdc++.a(si_class_type_info.o)
                0x0000000000005ef0                _ZNK10__cxxabiv120__si_class_type_info20__do_find_public_srcEiPKvPKNS_17__class_type_infoES2_
 .text._ZNSt9type_infoD2Ev
                0x0000000000005f24        0xc /Applications/lpcxpresso_4.2.4_267/lpcxpresso/Tools/bin/../lib/gcc/arm-none-eabi/4.6.2/../../../../arm-none-eabi/lib/armv7-m/libstdc++.a(tinfo.o)
                0x0000000000005f24                _ZNSt9type_infoD1Ev
                0x0000000000005f24                _ZNSt9type_infoD2Ev
 .text._ZNKSt9type_info14__is_pointer_pEv
                0x0000000000005f30        0x4 /Applications/lpcxpresso_4.2.4_267/lpcxpresso/Tools/bin/../lib/gcc/arm-none-eabi/4.6.2/../../../../arm-none-eabi/lib/armv7-m/libstdc++.a(tinfo.o)
                0x0000000000005f30                _ZNKSt9type_info14__is_pointer_pEv
 .text._ZNKSt9type_info15__is_function_pEv
                0x0000000000005f34        0x4 /Applications/lpcxpresso_4.2.4_267/lpcxpresso/Tools/bin/../lib/gcc/arm-none-eabi/4.6.2/../../../../arm-none-eabi/lib/armv7-m/libstdc++.a(tinfo.o)
                0x0000000000005f34                _ZNKSt9type_info15__is_function_pEv
 .text._ZNKSt9type_info11__do_upcastEPKN10__cxxabiv117__class_type_infoEPPv
                0x0000000000005f38        0x4 /Applications/lpcxpresso_4.2.4_267/lpcxpresso/Tools/bin/../lib/gcc/arm-none-eabi/4.6.2/../../../../arm-none-eabi/lib/armv7-m/libstdc++.a(tinfo.o)
                0x0000000000005f38                _ZNKSt9type_info11__do_upcastEPKN10__cxxabiv117__class_type_infoEPPv
 .text._ZNSt9type_infoD0Ev
                0x0000000000005f3c       0x14 /Applications/lpcxpresso_4.2.4_267/lpcxpresso/Tools/bin/../lib/gcc/arm-none-eabi/4.6.2/../../../../arm-none-eabi/lib/armv7-m/libstdc++.a(tinfo.o)
                0x0000000000005f3c                _ZNSt9type_infoD0Ev
 .text._ZNKSt9type_infoeqERKS_
                0x0000000000005f50       0x30 /Applications/lpcxpresso_4.2.4_267/lpcxpresso/Tools/bin/../lib/gcc/arm-none-eabi/4.6.2/../../../../arm-none-eabi/lib/armv7-m/libstdc++.a(tinfo.o)
                0x0000000000005f50                _ZNKSt9type_infoeqERKS_
 .text._ZNKSt9type_info10__do_catchEPKS_PPvj
                0x0000000000005f80        0x4 /Applications/lpcxpresso_4.2.4_267/lpcxpresso/Tools/bin/../lib/gcc/arm-none-eabi/4.6.2/../../../../arm-none-eabi/lib/armv7-m/libstdc++.a(tinfo.o)
                0x0000000000005f80                _ZNKSt9type_info10__do_catchEPKS_PPvj
 .text._ZNKSt8bad_cast4whatEv
                0x0000000000005f84        0xc /Applications/lpcxpresso_4.2.4_267/lpcxpresso/Tools/bin/../lib/gcc/arm-none-eabi/4.6.2/../../../../arm-none-eabi/lib/armv7-m/libstdc++.a(bad_cast.o)
                0x0000000000005f84                _ZNKSt8bad_cast4whatEv
 .text._ZNSt8bad_castD2Ev
                0x0000000000005f90       0x14 /Applications/lpcxpresso_4.2.4_267/lpcxpresso/Tools/bin/../lib/gcc/arm-none-eabi/4.6.2/../../../../arm-none-eabi/lib/armv7-m/libstdc++.a(bad_cast.o)
                0x0000000000005f90                _ZNSt8bad_castD1Ev
                0x0000000000005f90                _ZNSt8bad_castD2Ev
 .text._ZNSt8bad_castD0Ev
                0x0000000000005fa4       0x1c /Applications/lpcxpresso_4.2.4_267/lpcxpresso/Tools/bin/../lib/gcc/arm-none-eabi/4.6.2/../../../../arm-none-eabi/lib/armv7-m/libstdc++.a(bad_cast.o)
                0x0000000000005fa4                _ZNSt8bad_castD0Ev
 .text._ZNKSt10bad_typeid4whatEv
                0x0000000000005fc0        0xc /Applications/lpcxpresso_4.2.4_267/lpcxpresso/Tools/bin/../lib/gcc/arm-none-eabi/4.6.2/../../../../arm-none-eabi/lib/armv7-m/libstdc++.a(bad_typeid.o)
                0x0000000000005fc0                _ZNKSt10bad_typeid4whatEv
 .text._ZNSt10bad_typeidD2Ev
                0x0000000000005fcc       0x14 /Applications/lpcxpresso_4.2.4_267/lpcxpresso/Tools/bin/../lib/gcc/arm-none-eabi/4.6.2/../../../../arm-none-eabi/lib/armv7-m/libstdc++.a(bad_typeid.o)
                0x0000000000005fcc                _ZNSt10bad_typeidD1Ev
                0x0000000000005fcc                _ZNSt10bad_typeidD2Ev
 .text._ZNSt10bad_typeidD0Ev
                0x0000000000005fe0       0x1c /Applications/lpcxpresso_4.2.4_267/lpcxpresso/Tools/bin/../lib/gcc/arm-none-eabi/4.6.2/../../../../arm-none-eabi/lib/armv7-m/libstdc++.a(bad_typeid.o)
                0x0000000000005fe0                _ZNSt10bad_typeidD0Ev
 .text._ZNK10__cxxabiv117__class_type_info11__do_upcastEPKS0_PPv
                0x0000000000005ffc       0x38 /Applications/lpcxpresso_4.2.4_267/lpcxpresso/Tools/bin/../lib/gcc/arm-none-eabi/4.6.2/../../../../arm-none-eabi/lib/armv7-m/libstdc++.a(class_type_info.o)
                0x0000000000005ffc                _ZNK10__cxxabiv117__class_type_info11__do_upcastEPKS0_PPv
 .text._ZNK10__cxxabiv117__class_type_info20__do_find_public_srcEiPKvPKS0_S2_
                0x0000000000006034        0xc /Applications/lpcxpresso_4.2.4_267/lpcxpresso/Tools/bin/../lib/gcc/arm-none-eabi/4.6.2/../../../../arm-none-eabi/lib/armv7-m/libstdc++.a(class_type_info.o)
                0x0000000000006034                _ZNK10__cxxabiv117__class_type_info20__do_find_public_srcEiPKvPKS0_S2_
 .text._ZNK10__cxxabiv117__class_type_info11__do_upcastEPKS0_PKvRNS0_15__upcast_resultE
                0x0000000000006040       0x1c /Applications/lpcxpresso_4.2.4_267/lpcxpresso/Tools/bin/../lib/gcc/arm-none-eabi/4.6.2/../../../../arm-none-eabi/lib/armv7-m/libstdc++.a(class_type_info.o)
                0x0000000000006040                _ZNK10__cxxabiv117__class_type_info11__do_upcastEPKS0_PKvRNS0_15__upcast_resultE
 .text._ZN10__cxxabiv117__class_type_infoD2Ev
                0x000000000000605c       0x14 /Applications/lpcxpresso_4.2.4_267/lpcxpresso/Tools/bin/../lib/gcc/arm-none-eabi/4.6.2/../../../../arm-none-eabi/lib/armv7-m/libstdc++.a(class_type_info.o)
                0x000000000000605c                _ZN10__cxxabiv117__class_type_infoD1Ev
                0x000000000000605c                _ZN10__cxxabiv117__class_type_infoD2Ev
 .text._ZN10__cxxabiv117__class_type_infoD0Ev
                0x0000000000006070       0x1c /Applications/lpcxpresso_4.2.4_267/lpcxpresso/Tools/bin/../lib/gcc/arm-none-eabi/4.6.2/../../../../arm-none-eabi/lib/armv7-m/libstdc++.a(class_type_info.o)
                0x0000000000006070                _ZN10__cxxabiv117__class_type_infoD0Ev
 .text._ZNK10__cxxabiv117__class_type_info12__do_dyncastEiNS0_10__sub_kindEPKS0_PKvS3_S5_RNS0_16__dyncast_resultE
                0x000000000000608c       0x3c /Applications/lpcxpresso_4.2.4_267/lpcxpresso/Tools/bin/../lib/gcc/arm-none-eabi/4.6.2/../../../../arm-none-eabi/lib/armv7-m/libstdc++.a(class_type_info.o)
                0x000000000000608c                _ZNK10__cxxabiv117__class_type_info12__do_dyncastEiNS0_10__sub_kindEPKS0_PKvS3_S5_RNS0_16__dyncast_resultE
 .text._ZNK10__cxxabiv117__class_type_info10__do_catchEPKSt9type_infoPPvj
                0x00000000000060c8       0x28 /Applications/lpcxpresso_4.2.4_267/lpcxpresso/Tools/bin/../lib/gcc/arm-none-eabi/4.6.2/../../../../arm-none-eabi/lib/armv7-m/libstdc++.a(class_type_info.o)
                0x00000000000060c8                _ZNK10__cxxabiv117__class_type_info10__do_catchEPKSt9type_infoPPvj
 .text.__cxa_allocate_exception
                0x00000000000060f0       0x74 /Applications/lpcxpresso_4.2.4_267/lpcxpresso/Tools/bin/../lib/gcc/arm-none-eabi/4.6.2/../../../../arm-none-eabi/lib/armv7-m/libstdc++.a(eh_alloc.o)
                0x00000000000060f0                __cxa_allocate_exception
 .text.__cxa_free_exception
                0x0000000000006164       0x34 /Applications/lpcxpresso_4.2.4_267/lpcxpresso/Tools/bin/../lib/gcc/arm-none-eabi/4.6.2/../../../../arm-none-eabi/lib/armv7-m/libstdc++.a(eh_alloc.o)
                0x0000000000006164                __cxa_free_exception
 .text.__cxa_allocate_dependent_exception
                0x0000000000006198       0x68 /Applications/lpcxpresso_4.2.4_267/lpcxpresso/Tools/bin/../lib/gcc/arm-none-eabi/4.6.2/../../../../arm-none-eabi/lib/armv7-m/libstdc++.a(eh_alloc.o)
                0x0000000000006198                __cxa_allocate_dependent_exception
 .text.__cxa_free_dependent_exception
                0x0000000000006200       0x3c /Applications/lpcxpresso_4.2.4_267/lpcxpresso/Tools/bin/../lib/gcc/arm-none-eabi/4.6.2/../../../../arm-none-eabi/lib/armv7-m/libstdc++.a(eh_alloc.o)
                0x0000000000006200                __cxa_free_dependent_exception
 .text.__cxa_call_terminate
                0x000000000000623c       0x50 /Applications/lpcxpresso_4.2.4_267/lpcxpresso/Tools/bin/../lib/gcc/arm-none-eabi/4.6.2/../../../../arm-none-eabi/lib/armv7-m/libstdc++.a(eh_call.o)
                0x000000000000623c                __cxa_call_terminate
 .text.__cxa_call_unexpected
                0x000000000000628c      0x120 /Applications/lpcxpresso_4.2.4_267/lpcxpresso/Tools/bin/../lib/gcc/arm-none-eabi/4.6.2/../../../../arm-none-eabi/lib/armv7-m/libstdc++.a(eh_call.o)
                0x000000000000628c                __cxa_call_unexpected
 .text.__cxa_get_exception_ptr
                0x00000000000063ac        0x4 /Applications/lpcxpresso_4.2.4_267/lpcxpresso/Tools/bin/../lib/gcc/arm-none-eabi/4.6.2/../../../../arm-none-eabi/lib/armv7-m/libstdc++.a(eh_catch.o)
                0x00000000000063ac                __cxa_get_exception_ptr
 .text.__cxa_begin_catch
                0x00000000000063b0       0x98 /Applications/lpcxpresso_4.2.4_267/lpcxpresso/Tools/bin/../lib/gcc/arm-none-eabi/4.6.2/../../../../arm-none-eabi/lib/armv7-m/libstdc++.a(eh_catch.o)
                0x00000000000063b0                __cxa_begin_catch
 .text.__cxa_end_catch
                0x0000000000006448       0x98 /Applications/lpcxpresso_4.2.4_267/lpcxpresso/Tools/bin/../lib/gcc/arm-none-eabi/4.6.2/../../../../arm-none-eabi/lib/armv7-m/libstdc++.a(eh_catch.o)
                0x0000000000006448                __cxa_end_catch
 .text._ZSt18uncaught_exceptionv
                0x00000000000064e0       0x10 /Applications/lpcxpresso_4.2.4_267/lpcxpresso/Tools/bin/../lib/gcc/arm-none-eabi/4.6.2/../../../../arm-none-eabi/lib/armv7-m/libstdc++.a(eh_catch.o)
                0x00000000000064e0                _ZSt18uncaught_exceptionv
 .text._ZNK10__cxxabiv117__pbase_type_info15__pointer_catchEPKS0_PPvj
                0x00000000000064f0       0x10 /Applications/lpcxpresso_4.2.4_267/lpcxpresso/Tools/bin/../lib/gcc/arm-none-eabi/4.6.2/../../../../arm-none-eabi/lib/armv7-m/libstdc++.a(pbase_type_info.o)
                0x00000000000064f0                _ZNK10__cxxabiv117__pbase_type_info15__pointer_catchEPKS0_PPvj
 .text._ZN10__cxxabiv117__pbase_type_infoD2Ev
                0x0000000000006500       0x14 /Applications/lpcxpresso_4.2.4_267/lpcxpresso/Tools/bin/../lib/gcc/arm-none-eabi/4.6.2/../../../../arm-none-eabi/lib/armv7-m/libstdc++.a(pbase_type_info.o)
                0x0000000000006500                _ZN10__cxxabiv117__pbase_type_infoD1Ev
                0x0000000000006500                _ZN10__cxxabiv117__pbase_type_infoD2Ev
 .text._ZN10__cxxabiv117__pbase_type_infoD0Ev
                0x0000000000006514       0x1c /Applications/lpcxpresso_4.2.4_267/lpcxpresso/Tools/bin/../lib/gcc/arm-none-eabi/4.6.2/../../../../arm-none-eabi/lib/armv7-m/libstdc++.a(pbase_type_info.o)
                0x0000000000006514                _ZN10__cxxabiv117__pbase_type_infoD0Ev
 .text._ZNK10__cxxabiv117__pbase_type_info10__do_catchEPKSt9type_infoPPvj
                0x0000000000006530       0x68 /Applications/lpcxpresso_4.2.4_267/lpcxpresso/Tools/bin/../lib/gcc/arm-none-eabi/4.6.2/../../../../arm-none-eabi/lib/armv7-m/libstdc++.a(pbase_type_info.o)
                0x0000000000006530                _ZNK10__cxxabiv117__pbase_type_info10__do_catchEPKSt9type_infoPPvj
 .text          0x0000000000006598      0x130 /Applications/lpcxpresso_4.2.4_267/lpcxpresso/Tools/bin/../lib/gcc/arm-none-eabi/4.6.2/../../../../arm-none-eabi/lib/armv7-m/libm.a(lib_a-s_floor.o)
                0x0000000000006598                floor
 .text          0x00000000000066c8       0x3c /Applications/lpcxpresso_4.2.4_267/lpcxpresso/Tools/bin/../lib/gcc/arm-none-eabi/4.6.2/../../../../arm-none-eabi/lib/armv7-m/libcr_newlib_nohost.a(_cr_sbrk.o)
                0x00000000000066c8                _sbrk
 .text          0x0000000000006704        0x2 /Applications/lpcxpresso_4.2.4_267/lpcxpresso/Tools/bin/../lib/gcc/arm-none-eabi/4.6.2/../../../../arm-none-eabi/lib/armv7-m/libcr_newlib_nohost.a(_exit.o)
                0x0000000000006704                _exit
 *fill*         0x0000000000006706        0x2 00
 .text          0x0000000000006708       0x10 /Applications/lpcxpresso_4.2.4_267/lpcxpresso/Tools/bin/../lib/gcc/arm-none-eabi/4.6.2/../../../../arm-none-eabi/lib/armv7-m/libcr_newlib_nohost.a(getpid.o)
                0x0000000000006708                _getpid
 .text          0x0000000000006718       0x10 /Applications/lpcxpresso_4.2.4_267/lpcxpresso/Tools/bin/../lib/gcc/arm-none-eabi/4.6.2/../../../../arm-none-eabi/lib/armv7-m/libcr_newlib_nohost.a(kill.o)
                0x0000000000006718                _kill
 .text          0x0000000000006728       0x2c /Applications/lpcxpresso_4.2.4_267/lpcxpresso/Tools/bin/../lib/gcc/arm-none-eabi/4.6.2/../../../../arm-none-eabi/lib/armv7-m/libcr_newlib_nohost.a(_cr_check_heap.o)
                0x0000000000006728                __check_heap_overflow
 .text          0x0000000000006754       0x54 /Applications/lpcxpresso_4.2.4_267/lpcxpresso/Tools/bin/../lib/gcc/arm-none-eabi/4.6.2/armv7-m/crtbegin.o
 .text          0x00000000000067a8        0xc /Applications/lpcxpresso_4.2.4_267/lpcxpresso/Tools/bin/../lib/gcc/arm-none-eabi/4.6.2/../../../../arm-none-eabi/lib/armv7-m/libc.a(lib_a-errno.o)
                0x00000000000067a8                __errno
 .text          0x00000000000067b4       0x90 /Applications/lpcxpresso_4.2.4_267/lpcxpresso/Tools/bin/../lib/gcc/arm-none-eabi/4.6.2/../../../../arm-none-eabi/lib/armv7-m/libc.a(lib_a-memset.o)
                0x00000000000067b4                memset
 .text          0x0000000000006844      0x1dc /Applications/lpcxpresso_4.2.4_267/lpcxpresso/Tools/bin/../lib/gcc/arm-none-eabi/4.6.2/../../../../arm-none-eabi/lib/armv7-m/libc.a(lib_a-strcmp.o)
                0x0000000000006844                strcmp
 *(.rodata .rodata.*)
 .rodata        0x0000000000006a20       0x40 ./src/TestRTC.o
 .rodata.str1.4
                0x0000000000006a60        0x6 /Users/take/proj/LBED/lbed/LBED_LPC13xx/Debug/libLBED_LPC13xx.a(Print.o)
                                          0x8 (size before relaxing)
 *fill*         0x0000000000006a66        0x2 00
 .rodata        0x0000000000006a68        0x8 /Users/take/proj/LBED/lbed/LBED_LPC13xx/Debug/libLBED_LPC13xx.a(SerialCDC.o)
 .rodata._ZTV9SerialCDC
                0x0000000000006a70       0x20 /Users/take/proj/LBED/lbed/LBED_LPC13xx/Debug/libLBED_LPC13xx.a(SerialCDC.o)
                0x0000000000006a70                _ZTV9SerialCDC
 .rodata.USB_P_EP
                0x0000000000006a90       0x14 /Users/take/proj/LBED/lbed/LBED_LPC13xx/Debug/libLBED_LPC13xx.a(_usbuser.o)
                0x0000000000006a90                USB_P_EP
 .rodata.str1.4
                0x0000000000006aa4        0x8 /Users/take/proj/LBED/lbed/LBED_LPC13xx/Debug/libLBED_LPC13xx.a(Serial.o)
 *fill*         0x0000000000006aac        0x4 00
 .rodata._ZTV6Serial
                0x0000000000006ab0       0x20 /Users/take/proj/LBED/lbed/LBED_LPC13xx/Debug/libLBED_LPC13xx.a(Serial.o)
                0x0000000000006ab0                _ZTV6Serial
 .rodata.USB_ConfigDescriptor
                0x0000000000006ad0       0x44 /Users/take/proj/LBED/lbed/LBED_LPC13xx/Debug/libLBED_LPC13xx.a(_cdc_usbdesc.o)
                0x0000000000006ad0                USB_ConfigDescriptor
 .rodata.USB_StringDescriptor
                0x0000000000006b14       0x68 /Users/take/proj/LBED/lbed/LBED_LPC13xx/Debug/libLBED_LPC13xx.a(_cdc_usbdesc.o)
                0x0000000000006b14                USB_StringDescriptor
 .rodata.USB_DeviceDescriptor
                0x0000000000006b7c       0x12 /Users/take/proj/LBED/lbed/LBED_LPC13xx/Debug/libLBED_LPC13xx.a(_cdc_usbdesc.o)
                0x0000000000006b7c                USB_DeviceDescriptor
 *fill*         0x0000000000006b8e        0x2 00
 .rodata.str1.4
                0x0000000000006b90        0x2 /Applications/lpcxpresso_4.2.4_267/lpcxpresso/Tools/bin/../lib/gcc/arm-none-eabi/4.6.2/../../../../arm-none-eabi/lib/armv7-m/libc.a(lib_a-impure.o)
                                          0x4 (size before relaxing)
 *fill*         0x0000000000006b92        0x6 00
 .rodata._ZTVN10__cxxabiv115__forced_unwindE
                0x0000000000006b98       0x18 /Applications/lpcxpresso_4.2.4_267/lpcxpresso/Tools/bin/../lib/gcc/arm-none-eabi/4.6.2/../../../../arm-none-eabi/lib/armv7-m/libstdc++.a(eh_exception.o)
                0x0000000000006b98                _ZTVN10__cxxabiv115__forced_unwindE
 .rodata._ZTVSt9exception
                0x0000000000006bb0       0x18 /Applications/lpcxpresso_4.2.4_267/lpcxpresso/Tools/bin/../lib/gcc/arm-none-eabi/4.6.2/../../../../arm-none-eabi/lib/armv7-m/libstdc++.a(eh_exception.o)
                0x0000000000006bb0                _ZTVSt9exception
 .rodata._ZTIN10__cxxabiv115__forced_unwindE
                0x0000000000006bc8        0x8 /Applications/lpcxpresso_4.2.4_267/lpcxpresso/Tools/bin/../lib/gcc/arm-none-eabi/4.6.2/../../../../arm-none-eabi/lib/armv7-m/libstdc++.a(eh_exception.o)
                0x0000000000006bc8                _ZTIN10__cxxabiv115__forced_unwindE
 .rodata._ZTISt9exception
                0x0000000000006bd0        0x8 /Applications/lpcxpresso_4.2.4_267/lpcxpresso/Tools/bin/../lib/gcc/arm-none-eabi/4.6.2/../../../../arm-none-eabi/lib/armv7-m/libstdc++.a(eh_exception.o)
                0x0000000000006bd0                _ZTISt9exception
 .rodata._ZTSSt13bad_exception
                0x0000000000006bd8       0x14 /Applications/lpcxpresso_4.2.4_267/lpcxpresso/Tools/bin/../lib/gcc/arm-none-eabi/4.6.2/../../../../arm-none-eabi/lib/armv7-m/libstdc++.a(eh_exception.o)
                0x0000000000006bd8                _ZTSSt13bad_exception
 .rodata.str1.4
                0x0000000000006bec       0x23 /Applications/lpcxpresso_4.2.4_267/lpcxpresso/Tools/bin/../lib/gcc/arm-none-eabi/4.6.2/../../../../arm-none-eabi/lib/armv7-m/libstdc++.a(eh_exception.o)
                                         0x24 (size before relaxing)
 *fill*         0x0000000000006c0f        0x1 00
 .rodata._ZTSN10__cxxabiv119__foreign_exceptionE
                0x0000000000006c10       0x24 /Applications/lpcxpresso_4.2.4_267/lpcxpresso/Tools/bin/../lib/gcc/arm-none-eabi/4.6.2/../../../../arm-none-eabi/lib/armv7-m/libstdc++.a(eh_exception.o)
                0x0000000000006c10                _ZTSN10__cxxabiv119__foreign_exceptionE
 .rodata._ZTIN10__cxxabiv119__foreign_exceptionE
                0x0000000000006c34        0x8 /Applications/lpcxpresso_4.2.4_267/lpcxpresso/Tools/bin/../lib/gcc/arm-none-eabi/4.6.2/../../../../arm-none-eabi/lib/armv7-m/libstdc++.a(eh_exception.o)
                0x0000000000006c34                _ZTIN10__cxxabiv119__foreign_exceptionE
 *fill*         0x0000000000006c3c        0x4 00
 .rodata._ZTVSt13bad_exception
                0x0000000000006c40       0x18 /Applications/lpcxpresso_4.2.4_267/lpcxpresso/Tools/bin/../lib/gcc/arm-none-eabi/4.6.2/../../../../arm-none-eabi/lib/armv7-m/libstdc++.a(eh_exception.o)
                0x0000000000006c40                _ZTVSt13bad_exception
 .rodata._ZTSSt9exception
                0x0000000000006c58       0x10 /Applications/lpcxpresso_4.2.4_267/lpcxpresso/Tools/bin/../lib/gcc/arm-none-eabi/4.6.2/../../../../arm-none-eabi/lib/armv7-m/libstdc++.a(eh_exception.o)
                0x0000000000006c58                _ZTSSt9exception
 .rodata._ZTVN10__cxxabiv119__foreign_exceptionE
                0x0000000000006c68       0x18 /Applications/lpcxpresso_4.2.4_267/lpcxpresso/Tools/bin/../lib/gcc/arm-none-eabi/4.6.2/../../../../arm-none-eabi/lib/armv7-m/libstdc++.a(eh_exception.o)
                0x0000000000006c68                _ZTVN10__cxxabiv119__foreign_exceptionE
 .rodata._ZTSN10__cxxabiv115__forced_unwindE
                0x0000000000006c80       0x20 /Applications/lpcxpresso_4.2.4_267/lpcxpresso/Tools/bin/../lib/gcc/arm-none-eabi/4.6.2/../../../../arm-none-eabi/lib/armv7-m/libstdc++.a(eh_exception.o)
                0x0000000000006c80                _ZTSN10__cxxabiv115__forced_unwindE
 .rodata._ZTISt13bad_exception
                0x0000000000006ca0        0xc /Applications/lpcxpresso_4.2.4_267/lpcxpresso/Tools/bin/../lib/gcc/arm-none-eabi/4.6.2/../../../../arm-none-eabi/lib/armv7-m/libstdc++.a(eh_exception.o)
                0x0000000000006ca0                _ZTISt13bad_exception
 .rodata._ZTIPv
                0x0000000000006cac       0x10 /Applications/lpcxpresso_4.2.4_267/lpcxpresso/Tools/bin/../lib/gcc/arm-none-eabi/4.6.2/../../../../arm-none-eabi/lib/armv7-m/libstdc++.a(fundamental_type_info.o)
                0x0000000000006cac                _ZTIPv
 .rodata._ZTIv  0x0000000000006cbc        0x8 /Applications/lpcxpresso_4.2.4_267/lpcxpresso/Tools/bin/../lib/gcc/arm-none-eabi/4.6.2/../../../../arm-none-eabi/lib/armv7-m/libstdc++.a(fundamental_type_info.o)
                0x0000000000006cbc                _ZTIv
 .rodata._ZTSPv
                0x0000000000006cc4        0x4 /Applications/lpcxpresso_4.2.4_267/lpcxpresso/Tools/bin/../lib/gcc/arm-none-eabi/4.6.2/../../../../arm-none-eabi/lib/armv7-m/libstdc++.a(fundamental_type_info.o)
                0x0000000000006cc4                _ZTSPv
 .rodata._ZTSv  0x0000000000006cc8        0x4 /Applications/lpcxpresso_4.2.4_267/lpcxpresso/Tools/bin/../lib/gcc/arm-none-eabi/4.6.2/../../../../arm-none-eabi/lib/armv7-m/libstdc++.a(fundamental_type_info.o)
                0x0000000000006cc8                _ZTSv
 .rodata._ZTIN10__cxxabiv123__fundamental_type_infoE
                0x0000000000006ccc        0xc /Applications/lpcxpresso_4.2.4_267/lpcxpresso/Tools/bin/../lib/gcc/arm-none-eabi/4.6.2/../../../../arm-none-eabi/lib/armv7-m/libstdc++.a(fundamental_type_info.o)
                0x0000000000006ccc                _ZTIN10__cxxabiv123__fundamental_type_infoE
 .rodata._ZTSN10__cxxabiv123__fundamental_type_infoE
                0x0000000000006cd8       0x28 /Applications/lpcxpresso_4.2.4_267/lpcxpresso/Tools/bin/../lib/gcc/arm-none-eabi/4.6.2/../../../../arm-none-eabi/lib/armv7-m/libstdc++.a(fundamental_type_info.o)
                0x0000000000006cd8                _ZTSN10__cxxabiv123__fundamental_type_infoE
 .rodata._ZTVN10__cxxabiv123__fundamental_type_infoE
                0x0000000000006d00       0x20 /Applications/lpcxpresso_4.2.4_267/lpcxpresso/Tools/bin/../lib/gcc/arm-none-eabi/4.6.2/../../../../arm-none-eabi/lib/armv7-m/libstdc++.a(fundamental_type_info.o)
                0x0000000000006d00                _ZTVN10__cxxabiv123__fundamental_type_infoE
 .rodata._ZTSN10__cxxabiv119__pointer_type_infoE
                0x0000000000006d20       0x24 /Applications/lpcxpresso_4.2.4_267/lpcxpresso/Tools/bin/../lib/gcc/arm-none-eabi/4.6.2/../../../../arm-none-eabi/lib/armv7-m/libstdc++.a(pointer_type_info.o)
                0x0000000000006d20                _ZTSN10__cxxabiv119__pointer_type_infoE
 .rodata._ZTIN10__cxxabiv119__pointer_type_infoE
                0x0000000000006d44        0xc /Applications/lpcxpresso_4.2.4_267/lpcxpresso/Tools/bin/../lib/gcc/arm-none-eabi/4.6.2/../../../../arm-none-eabi/lib/armv7-m/libstdc++.a(pointer_type_info.o)
                0x0000000000006d44                _ZTIN10__cxxabiv119__pointer_type_infoE
 .rodata._ZTVN10__cxxabiv119__pointer_type_infoE
                0x0000000000006d50       0x28 /Applications/lpcxpresso_4.2.4_267/lpcxpresso/Tools/bin/../lib/gcc/arm-none-eabi/4.6.2/../../../../arm-none-eabi/lib/armv7-m/libstdc++.a(pointer_type_info.o)
                0x0000000000006d50                _ZTVN10__cxxabiv119__pointer_type_infoE
 .rodata._ZTVN10__cxxabiv120__si_class_type_infoE
                0x0000000000006d78       0x30 /Applications/lpcxpresso_4.2.4_267/lpcxpresso/Tools/bin/../lib/gcc/arm-none-eabi/4.6.2/../../../../arm-none-eabi/lib/armv7-m/libstdc++.a(si_class_type_info.o)
                0x0000000000006d78                _ZTVN10__cxxabiv120__si_class_type_infoE
 .rodata._ZTIN10__cxxabiv120__si_class_type_infoE
                0x0000000000006da8        0xc /Applications/lpcxpresso_4.2.4_267/lpcxpresso/Tools/bin/../lib/gcc/arm-none-eabi/4.6.2/../../../../arm-none-eabi/lib/armv7-m/libstdc++.a(si_class_type_info.o)
                0x0000000000006da8                _ZTIN10__cxxabiv120__si_class_type_infoE
 .rodata._ZTSN10__cxxabiv120__si_class_type_infoE
                0x0000000000006db4       0x28 /Applications/lpcxpresso_4.2.4_267/lpcxpresso/Tools/bin/../lib/gcc/arm-none-eabi/4.6.2/../../../../arm-none-eabi/lib/armv7-m/libstdc++.a(si_class_type_info.o)
                0x0000000000006db4                _ZTSN10__cxxabiv120__si_class_type_infoE
 .rodata._ZTISt9type_info
                0x0000000000006ddc        0x8 /Applications/lpcxpresso_4.2.4_267/lpcxpresso/Tools/bin/../lib/gcc/arm-none-eabi/4.6.2/../../../../arm-none-eabi/lib/armv7-m/libstdc++.a(tinfo.o)
                0x0000000000006ddc                _ZTISt9type_info
 .rodata._ZTSSt9type_info
                0x0000000000006de4       0x10 /Applications/lpcxpresso_4.2.4_267/lpcxpresso/Tools/bin/../lib/gcc/arm-none-eabi/4.6.2/../../../../arm-none-eabi/lib/armv7-m/libstdc++.a(tinfo.o)
                0x0000000000006de4                _ZTSSt9type_info
 *fill*         0x0000000000006df4        0x4 00
 .rodata._ZTVSt9type_info
                0x0000000000006df8       0x20 /Applications/lpcxpresso_4.2.4_267/lpcxpresso/Tools/bin/../lib/gcc/arm-none-eabi/4.6.2/../../../../arm-none-eabi/lib/armv7-m/libstdc++.a(tinfo.o)
                0x0000000000006df8                _ZTVSt9type_info
 .rodata._ZTISt8bad_cast
                0x0000000000006e18        0xc /Applications/lpcxpresso_4.2.4_267/lpcxpresso/Tools/bin/../lib/gcc/arm-none-eabi/4.6.2/../../../../arm-none-eabi/lib/armv7-m/libstdc++.a(bad_cast.o)
                0x0000000000006e18                _ZTISt8bad_cast
 .rodata._ZTSSt8bad_cast
                0x0000000000006e24        0xc /Applications/lpcxpresso_4.2.4_267/lpcxpresso/Tools/bin/../lib/gcc/arm-none-eabi/4.6.2/../../../../arm-none-eabi/lib/armv7-m/libstdc++.a(bad_cast.o)
                0x0000000000006e24                _ZTSSt8bad_cast
 .rodata._ZTVSt8bad_cast
                0x0000000000006e30       0x18 /Applications/lpcxpresso_4.2.4_267/lpcxpresso/Tools/bin/../lib/gcc/arm-none-eabi/4.6.2/../../../../arm-none-eabi/lib/armv7-m/libstdc++.a(bad_cast.o)
                0x0000000000006e30                _ZTVSt8bad_cast
 .rodata.str1.4
                0x0000000000006e48        0xe /Applications/lpcxpresso_4.2.4_267/lpcxpresso/Tools/bin/../lib/gcc/arm-none-eabi/4.6.2/../../../../arm-none-eabi/lib/armv7-m/libstdc++.a(bad_cast.o)
                                         0x10 (size before relaxing)
 *fill*         0x0000000000006e56        0x2 00
 .rodata._ZTVSt10bad_typeid
                0x0000000000006e58       0x18 /Applications/lpcxpresso_4.2.4_267/lpcxpresso/Tools/bin/../lib/gcc/arm-none-eabi/4.6.2/../../../../arm-none-eabi/lib/armv7-m/libstdc++.a(bad_typeid.o)
                0x0000000000006e58                _ZTVSt10bad_typeid
 .rodata._ZTISt10bad_typeid
                0x0000000000006e70        0xc /Applications/lpcxpresso_4.2.4_267/lpcxpresso/Tools/bin/../lib/gcc/arm-none-eabi/4.6.2/../../../../arm-none-eabi/lib/armv7-m/libstdc++.a(bad_typeid.o)
                0x0000000000006e70                _ZTISt10bad_typeid
 .rodata.str1.4
                0x0000000000006e7c       0x10 /Applications/lpcxpresso_4.2.4_267/lpcxpresso/Tools/bin/../lib/gcc/arm-none-eabi/4.6.2/../../../../arm-none-eabi/lib/armv7-m/libstdc++.a(bad_typeid.o)
 .rodata._ZTSSt10bad_typeid
                0x0000000000006e8c       0x10 /Applications/lpcxpresso_4.2.4_267/lpcxpresso/Tools/bin/../lib/gcc/arm-none-eabi/4.6.2/../../../../arm-none-eabi/lib/armv7-m/libstdc++.a(bad_typeid.o)
                0x0000000000006e8c                _ZTSSt10bad_typeid
 *fill*         0x0000000000006e9c        0x4 00
 .rodata._ZTVN10__cxxabiv117__class_type_infoE
                0x0000000000006ea0       0x30 /Applications/lpcxpresso_4.2.4_267/lpcxpresso/Tools/bin/../lib/gcc/arm-none-eabi/4.6.2/../../../../arm-none-eabi/lib/armv7-m/libstdc++.a(class_type_info.o)
                0x0000000000006ea0                _ZTVN10__cxxabiv117__class_type_infoE
 .rodata._ZTIN10__cxxabiv117__class_type_infoE
                0x0000000000006ed0        0xc /Applications/lpcxpresso_4.2.4_267/lpcxpresso/Tools/bin/../lib/gcc/arm-none-eabi/4.6.2/../../../../arm-none-eabi/lib/armv7-m/libstdc++.a(class_type_info.o)
                0x0000000000006ed0                _ZTIN10__cxxabiv117__class_type_infoE
 .rodata._ZTSN10__cxxabiv117__class_type_infoE
                0x0000000000006edc       0x24 /Applications/lpcxpresso_4.2.4_267/lpcxpresso/Tools/bin/../lib/gcc/arm-none-eabi/4.6.2/../../../../arm-none-eabi/lib/armv7-m/libstdc++.a(class_type_info.o)
                0x0000000000006edc                _ZTSN10__cxxabiv117__class_type_infoE
 .rodata._ZTIN10__cxxabiv117__pbase_type_infoE
                0x0000000000006f00        0xc /Applications/lpcxpresso_4.2.4_267/lpcxpresso/Tools/bin/../lib/gcc/arm-none-eabi/4.6.2/../../../../arm-none-eabi/lib/armv7-m/libstdc++.a(pbase_type_info.o)
                0x0000000000006f00                _ZTIN10__cxxabiv117__pbase_type_infoE
 .rodata._ZTSN10__cxxabiv117__pbase_type_infoE
                0x0000000000006f0c       0x24 /Applications/lpcxpresso_4.2.4_267/lpcxpresso/Tools/bin/../lib/gcc/arm-none-eabi/4.6.2/../../../../arm-none-eabi/lib/armv7-m/libstdc++.a(pbase_type_info.o)
                0x0000000000006f0c                _ZTSN10__cxxabiv117__pbase_type_infoE
 .rodata._ZTVN10__cxxabiv117__pbase_type_infoE
                0x0000000000006f30       0x28 /Applications/lpcxpresso_4.2.4_267/lpcxpresso/Tools/bin/../lib/gcc/arm-none-eabi/4.6.2/../../../../arm-none-eabi/lib/armv7-m/libstdc++.a(pbase_type_info.o)
                0x0000000000006f30                _ZTVN10__cxxabiv117__pbase_type_infoE
                0x0000000000006f58                . = ALIGN (0x4)
                0x0000000000006f58                . = ALIGN (0x4)
 *(.init)
 .init          0x0000000000006f58        0x4 /Applications/lpcxpresso_4.2.4_267/lpcxpresso/Tools/bin/../lib/gcc/arm-none-eabi/4.6.2/armv7-m/crti.o
                0x0000000000006f58                _init
 .init          0x0000000000006f5c        0x8 /Applications/lpcxpresso_4.2.4_267/lpcxpresso/Tools/bin/../lib/gcc/arm-none-eabi/4.6.2/armv7-m/crtn.o
                0x0000000000006f64                . = ALIGN (0x4)
                0x0000000000006f64                __preinit_array_start = .
 *(.preinit_array)
                0x0000000000006f64                __preinit_array_end = .
                0x0000000000006f64                . = ALIGN (0x4)
                0x0000000000006f64                __init_array_start = .
 *(SORT(.init_array.*))
 *(.init_array)
 .init_array    0x0000000000006f64        0x4 /Applications/lpcxpresso_4.2.4_267/lpcxpresso/Tools/bin/../lib/gcc/arm-none-eabi/4.6.2/armv7-m/crtbegin.o
                0x0000000000006f68                __init_array_end = .
 *(.fini)
 .fini          0x0000000000006f68        0x4 /Applications/lpcxpresso_4.2.4_267/lpcxpresso/Tools/bin/../lib/gcc/arm-none-eabi/4.6.2/armv7-m/crti.o
                0x0000000000006f68                _fini
 .fini          0x0000000000006f6c        0x8 /Applications/lpcxpresso_4.2.4_267/lpcxpresso/Tools/bin/../lib/gcc/arm-none-eabi/4.6.2/armv7-m/crtn.o
                0x0000000000006f74                . = ALIGN (0x4)
 *crtbegin.o(.ctors)
 *(EXCLUDE_FILE(*crtend.o) .ctors)
 *(SORT(.ctors.*))
 *crtend.o(.ctors)
                0x0000000000006f74                . = ALIGN (0x4)
 *crtbegin.o(.dtors)
 *(EXCLUDE_FILE(*crtend.o) .dtors)
 *(SORT(.dtors.*))
 *crtend.o(.dtors)

.glue_7         0x0000000000006f74        0x0
 .glue_7        0x0000000000000000        0x0 linker stubs

.glue_7t        0x0000000000006f74        0x0
 .glue_7t       0x0000000000000000        0x0 linker stubs

.vfp11_veneer   0x0000000000006f74        0x0
 .vfp11_veneer  0x0000000000000000        0x0 linker stubs

.v4_bx          0x0000000000006f74        0x0
 .v4_bx         0x0000000000000000        0x0 linker stubs

.ARM.extab      0x0000000000006f74      0x1bc
 *(.ARM.extab* .gnu.linkonce.armextab.*)
 .ARM.extab.text._ZN9DigitalIncviEv
                0x0000000000006f74        0xc ./src/TestRTC.o
 .ARM.extab.text._ZN10DigitalOut5writeEi
                0x0000000000006f80        0x0 ./src/TestRTC.o
 .ARM.extab.text._ZN10DigitalOutaSEi
                0x0000000000006f80        0x0 ./src/TestRTC.o
 .ARM.extab.text._ZN9SerialCDC4baudEj
                0x0000000000006f80        0x0 ./src/TestRTC.o
 .ARM.extab.text.main
                0x0000000000006f80       0x20 ./src/TestRTC.o
 .ARM.extab.text._Znwj
                0x0000000000006fa0        0x0 ./src/cr_cpp_config.o
 .ARM.extab.text._Znaj
                0x0000000000006fa0        0x0 ./src/cr_cpp_config.o
 .ARM.extab.text._ZdlPv
                0x0000000000006fa0        0x0 ./src/cr_cpp_config.o
 .ARM.extab.text._ZdaPv
                0x0000000000006fa0        0x0 ./src/cr_cpp_config.o
 .ARM.extab.text.__aeabi_atexit
                0x0000000000006fa0        0x0 ./src/cr_cpp_config.o
 .ARM.extab.text._ZN9__gnu_cxx27__verbose_terminate_handlerEv
                0x0000000000006fa0        0x0 ./src/cr_cpp_config.o
 .ARM.extab.after_vectors
                0x0000000000006fa0        0xc ./src/cr_startup_lpc13.o
 .ARM.extab.text._ZN7PCF2123D2Ev
                0x0000000000006fac        0x0 /Users/take/Documents/LPCXpresso_4.2.4/workspace/LBED_LPC13xx_USERLIB/Debug/libLBED_LPC13xx_USERLIB.a(PCF2123.o)
 .ARM.extab.text._ZN7PCF21234readEh
                0x0000000000006fac        0xc /Users/take/Documents/LPCXpresso_4.2.4/workspace/LBED_LPC13xx_USERLIB/Debug/libLBED_LPC13xx_USERLIB.a(PCF2123.o)
 .ARM.extab.text._ZN7PCF21237commandEhh
                0x0000000000006fb8        0x0 /Users/take/Documents/LPCXpresso_4.2.4/workspace/LBED_LPC13xx_USERLIB/Debug/libLBED_LPC13xx_USERLIB.a(PCF2123.o)
 .ARM.extab.text._ZN7PCF2123C2Eiiii
                0x0000000000006fb8        0x0 /Users/take/Documents/LPCXpresso_4.2.4/workspace/LBED_LPC13xx_USERLIB/Debug/libLBED_LPC13xx_USERLIB.a(PCF2123.o)
 .ARM.extab.text._ZN7PCF21238read_rtcEv
                0x0000000000006fb8        0x0 /Users/take/Documents/LPCXpresso_4.2.4/workspace/LBED_LPC13xx_USERLIB/Debug/libLBED_LPC13xx_USERLIB.a(PCF2123.o)
 .ARM.extab.text._ZN7PCF21239set_alarmEhhhhhhh
                0x0000000000006fb8        0x0 /Users/take/Documents/LPCXpresso_4.2.4/workspace/LBED_LPC13xx_USERLIB/Debug/libLBED_LPC13xx_USERLIB.a(PCF2123.o)
 .ARM.extab.text._ZN9DigitalInC2Ev
                0x0000000000006fb8        0x0 /Users/take/proj/LBED/lbed/LBED_LPC13xx/Debug/libLBED_LPC13xx.a(DigitalIn.o)
 .ARM.extab.text._ZN9DigitalIn5setupEiPKc
                0x0000000000006fb8        0x0 /Users/take/proj/LBED/lbed/LBED_LPC13xx/Debug/libLBED_LPC13xx.a(DigitalIn.o)
 .ARM.extab.text._ZN9DigitalInC2EiPKc
                0x0000000000006fb8        0x0 /Users/take/proj/LBED/lbed/LBED_LPC13xx/Debug/libLBED_LPC13xx.a(DigitalIn.o)
 .ARM.extab.text._ZN9DigitalIn4modeEi
                0x0000000000006fb8        0x0 /Users/take/proj/LBED/lbed/LBED_LPC13xx/Debug/libLBED_LPC13xx.a(DigitalIn.o)
 .ARM.extab.text._ZN9DigitalIn4readEv
                0x0000000000006fb8        0x0 /Users/take/proj/LBED/lbed/LBED_LPC13xx/Debug/libLBED_LPC13xx.a(DigitalIn.o)
 .ARM.extab.text._ZN10DigitalOutC2Ev
                0x0000000000006fb8        0x0 /Users/take/proj/LBED/lbed/LBED_LPC13xx/Debug/libLBED_LPC13xx.a(DigitalOut.o)