Archive member included because of file (symbol)

/Users/take/proj/LBED/lbed/CMSISv2p00_LPC13xx/Debug/libCMSISv2p00_LPC13xx.a(system_LPC13xx.o)
                              ./src/cr_startup_lpc13.o (SystemInit)
/Users/take/proj/LBED/lbed/LBED_LPC13xx/Debug/libLBED_LPC13xx.a(AnalogIn.o)
                              ./src/TestADC.o (_ZN8AnalogIn8read_u16Ev)
/Users/take/proj/LBED/lbed/LBED_LPC13xx/Debug/libLBED_LPC13xx.a(DigitalIn.o)
                              /Users/take/proj/LBED/lbed/LBED_LPC13xx/Debug/libLBED_LPC13xx.a(AnalogIn.o) (_ZN9DigitalInC2Ev)
/Users/take/proj/LBED/lbed/LBED_LPC13xx/Debug/libLBED_LPC13xx.a(DigitalOut.o)
                              ./src/TestADC.o (_ZN10DigitalOutC1EiPKc)
/Users/take/proj/LBED/lbed/LBED_LPC13xx/Debug/libLBED_LPC13xx.a(Print.o)
                              ./src/TestADC.o (_ZN5Print6printfEPKcz)
/Users/take/proj/LBED/lbed/LBED_LPC13xx/Debug/libLBED_LPC13xx.a(SerialCDC.o)
                              ./src/TestADC.o (_ZN9SerialCDC4readEv)
/Users/take/proj/LBED/lbed/LBED_LPC13xx/Debug/libLBED_LPC13xx.a(pure_virtual.o)
                              /Users/take/proj/LBED/lbed/LBED_LPC13xx/Debug/libLBED_LPC13xx.a(Print.o) (__cxa_pure_virtual)
/Users/take/proj/LBED/lbed/LBED_LPC13xx/Debug/libLBED_LPC13xx.a(wait_api.o)
                              ./src/TestADC.o (wait_init)
/Users/take/proj/LBED/lbed/LBED_LPC13xx/Debug/libLBED_LPC13xx.a(_cdcuser.o)
                              /Users/take/proj/LBED/lbed/LBED_LPC13xx/Debug/libLBED_LPC13xx.a(SerialCDC.o) (CDC_RdOutBuf)
/Users/take/proj/LBED/lbed/LBED_LPC13xx/Debug/libLBED_LPC13xx.a(_usbcore.o)
                              ./src/ForSerialCDC_usbhw.o (USB_DeviceStatus)
/Users/take/proj/LBED/lbed/LBED_LPC13xx/Debug/libLBED_LPC13xx.a(_usbuser.o)
                              ./src/ForSerialCDC_usbhw.o (USB_Reset_Event)
/Users/take/proj/LBED/lbed/LBED_LPC13xx/Debug/libLBED_LPC13xx.a(Serial.o)
                              /Users/take/proj/LBED/lbed/LBED_LPC13xx/Debug/libLBED_LPC13xx.a(SerialCDC.o) (_ZN6SerialC2Ev)
/Users/take/proj/LBED/lbed/LBED_LPC13xx/Debug/libLBED_LPC13xx.a(_cdc_usbdesc.o)
                              /Users/take/proj/LBED/lbed/LBED_LPC13xx/Debug/libLBED_LPC13xx.a(_usbcore.o) (USB_StringDescriptor)
/Applications/lpcxpresso_4.2.4_267/lpcxpresso/Tools/bin/../lib/gcc/arm-none-eabi/4.6.2/armv7-m/libgcc.a(_arm_addsubdf3.o)
                              /Users/take/proj/LBED/lbed/LBED_LPC13xx/Debug/libLBED_LPC13xx.a(Print.o) (__aeabi_dsub)
/Applications/lpcxpresso_4.2.4_267/lpcxpresso/Tools/bin/../lib/gcc/arm-none-eabi/4.6.2/armv7-m/libgcc.a(_arm_muldivdf3.o)
                              /Users/take/proj/LBED/lbed/LBED_LPC13xx/Debug/libLBED_LPC13xx.a(Print.o) (__aeabi_dmul)
/Applications/lpcxpresso_4.2.4_267/lpcxpresso/Tools/bin/../lib/gcc/arm-none-eabi/4.6.2/armv7-m/libgcc.a(_arm_cmpdf2.o)
                              /Users/take/proj/LBED/lbed/LBED_LPC13xx/Debug/libLBED_LPC13xx.a(Print.o) (__aeabi_dcmplt)
/Applications/lpcxpresso_4.2.4_267/lpcxpresso/Tools/bin/../lib/gcc/arm-none-eabi/4.6.2/armv7-m/libgcc.a(_arm_fixdfsi.o)
                              /Users/take/proj/LBED/lbed/LBED_LPC13xx/Debug/libLBED_LPC13xx.a(Print.o) (__aeabi_d2iz)
/Applications/lpcxpresso_4.2.4_267/lpcxpresso/Tools/bin/../lib/gcc/arm-none-eabi/4.6.2/armv7-m/libgcc.a(_arm_fixunsdfsi.o)
                              /Users/take/proj/LBED/lbed/LBED_LPC13xx/Debug/libLBED_LPC13xx.a(Print.o) (__aeabi_d2uiz)
/Applications/lpcxpresso_4.2.4_267/lpcxpresso/Tools/bin/../lib/gcc/arm-none-eabi/4.6.2/armv7-m/libgcc.a(_arm_addsubsf3.o)
                              /Users/take/proj/LBED/lbed/LBED_LPC13xx/Debug/libLBED_LPC13xx.a(AnalogIn.o) (__aeabi_ui2f)
/Applications/lpcxpresso_4.2.4_267/lpcxpresso/Tools/bin/../lib/gcc/arm-none-eabi/4.6.2/armv7-m/libgcc.a(_arm_muldivsf3.o)
                              /Users/take/proj/LBED/lbed/LBED_LPC13xx/Debug/libLBED_LPC13xx.a(AnalogIn.o) (__aeabi_fdiv)
/Applications/lpcxpresso_4.2.4_267/lpcxpresso/Tools/bin/../lib/gcc/arm-none-eabi/4.6.2/armv7-m/libgcc.a(unwind-arm.o)
                              ./src/TestADC.o (__aeabi_unwind_cpp_pr1)
/Applications/lpcxpresso_4.2.4_267/lpcxpresso/Tools/bin/../lib/gcc/arm-none-eabi/4.6.2/armv7-m/libgcc.a(libunwind.o)
                              /Applications/lpcxpresso_4.2.4_267/lpcxpresso/Tools/bin/../lib/gcc/arm-none-eabi/4.6.2/armv7-m/libgcc.a(unwind-arm.o) (restore_core_regs)
/Applications/lpcxpresso_4.2.4_267/lpcxpresso/Tools/bin/../lib/gcc/arm-none-eabi/4.6.2/armv7-m/libgcc.a(pr-support.o)
                              /Applications/lpcxpresso_4.2.4_267/lpcxpresso/Tools/bin/../lib/gcc/arm-none-eabi/4.6.2/armv7-m/libgcc.a(unwind-arm.o) (__gnu_unwind_execute)
/Applications/lpcxpresso_4.2.4_267/lpcxpresso/Tools/bin/../lib/gcc/arm-none-eabi/4.6.2/../../../../arm-none-eabi/lib/armv7-m/libc.a(lib_a-abort.o)
                              /Applications/lpcxpresso_4.2.4_267/lpcxpresso/Tools/bin/../lib/gcc/arm-none-eabi/4.6.2/armv7-m/libgcc.a(unwind-arm.o) (abort)
[...]
Memory Configuration

Name             Origin             Length             Attributes
MFlash32         0x0000000000000000 0x0000000000008000 xr
RamLoc8          0x0000000010000000 0x0000000000002000 xrw
*default*        0x0000000000000000 0xffffffffffffffff

Linker script and memory map

LOAD ./src/ForSerialCDC_usbhw.o
LOAD ./src/TestADC.o
LOAD ./src/cr_cpp_config.o
LOAD ./src/cr_startup_lpc13.o
LOAD /Users/take/proj/LBED/lbed/CMSISv2p00_LPC13xx/Debug/libCMSISv2p00_LPC13xx.a
LOAD /Users/take/Documents/LPCXpresso_4.2.4/workspace/LBED_LPC13xx_USERLIB/Debug/libLBED_LPC13xx_USERLIB.a
LOAD /Users/take/proj/LBED/lbed/LBED_LPC13xx/Debug/libLBED_LPC13xx.a
START GROUP
LOAD /Applications/lpcxpresso_4.2.4_267/lpcxpresso/Tools/bin/../lib/gcc/arm-none-eabi/4.6.2/armv7-m/libgcc.a
LOAD /Applications/lpcxpresso_4.2.4_267/lpcxpresso/Tools/bin/../lib/gcc/arm-none-eabi/4.6.2/../../../../arm-none-eabi/lib/armv7-m/libc.a
LOAD /Applications/lpcxpresso_4.2.4_267/lpcxpresso/Tools/bin/../lib/gcc/arm-none-eabi/4.6.2/../../../../arm-none-eabi/lib/armv7-m/libstdc++.a
LOAD /Applications/lpcxpresso_4.2.4_267/lpcxpresso/Tools/bin/../lib/gcc/arm-none-eabi/4.6.2/../../../../arm-none-eabi/lib/armv7-m/libm.a
LOAD /Applications/lpcxpresso_4.2.4_267/lpcxpresso/Tools/bin/../lib/gcc/arm-none-eabi/4.6.2/../../../../arm-none-eabi/lib/armv7-m/libcr_newlib_nohost.a
LOAD /Applications/lpcxpresso_4.2.4_267/lpcxpresso/Tools/bin/../lib/gcc/arm-none-eabi/4.6.2/armv7-m/crti.o
LOAD /Applications/lpcxpresso_4.2.4_267/lpcxpresso/Tools/bin/../lib/gcc/arm-none-eabi/4.6.2/armv7-m/crtn.o
LOAD /Applications/lpcxpresso_4.2.4_267/lpcxpresso/Tools/bin/../lib/gcc/arm-none-eabi/4.6.2/armv7-m/crtbegin.o
LOAD /Applications/lpcxpresso_4.2.4_267/lpcxpresso/Tools/bin/../lib/gcc/arm-none-eabi/4.6.2/armv7-m/crtend.o
END GROUP
                0x0000000000008000                __top_MFlash32 = 0x8000
                0x0000000010002000                __top_RamLoc8 = 0x10002000

.text           0x0000000000000000     0x59d0
 FILL mask 0xff
 *(.isr_vector)
 .isr_vector    0x0000000000000000      0x128 ./src/cr_startup_lpc13.o
                0x0000000000000000                g_pfnVectors
                0x0000000000000128                . = ALIGN (0x4)
                0x0000000000000128                __section_table_start = .
                0x0000000000000128                __data_section_table = .
                0x0000000000000128        0x4 LONG 0x5d38 LOADADDR (.data)
                0x000000000000012c        0x4 LONG 0x10000000 ADDR (.data)
                0x0000000000000130        0x4 LONG 0x850 SIZEOF (.data)
                0x0000000000000134                __data_section_table_end = .
                0x0000000000000134                __bss_section_table = .
                0x0000000000000134        0x4 LONG 0x10000850 ADDR (.bss)
                0x0000000000000138        0x4 LONG 0x1a0 SIZEOF (.bss)
                0x000000000000013c                __bss_section_table_end = .
                0x000000000000013c                __section_table_end = .
 *(.after_vectors*)
 .after_vectors
                0x000000000000013c      0x1a0 ./src/cr_startup_lpc13.o
                0x000000000000013c                _Z9data_initjjj
                0x0000000000000194                _Z8bss_initjj
                0x00000000000001e0                ResetISR
                0x000000000000028c                NMI_Handler
                0x0000000000000294                HardFault_Handler
                0x000000000000029c                MemManage_Handler
                0x00000000000002a4                BusFault_Handler
                0x00000000000002ac                UsageFault_Handler
                0x00000000000002b4                SVC_Handler
                0x00000000000002bc                DebugMon_Handler
                0x00000000000002c4                PendSV_Handler
                0x00000000000002d4                PIOINT2_IRQHandler
                0x00000000000002d4                BOD_IRQHandler
                0x00000000000002d4                WAKEUP_IRQHandler
                0x00000000000002d4                PIOINT0_IRQHandler
                0x00000000000002d4                I2C_IRQHandler
                0x00000000000002d4                WDT_IRQHandler
                0x00000000000002d4                PIOINT3_IRQHandler
                0x00000000000002d4                TIMER16_0_IRQHandler
                0x00000000000002d4                FMC_IRQHandler
                0x00000000000002d4                UART_IRQHandler
                0x00000000000002d4                TIMER32_0_IRQHandler
                0x00000000000002d4                TIMER32_1_IRQHandler
                0x00000000000002d4                IntDefaultHandler
                0x00000000000002d4                PIOINT1_IRQHandler
                0x00000000000002d4                SSP_IRQHandler
                0x00000000000002d4                TIMER16_1_IRQHandler
                0x00000000000002d4                USB_FIQHandler
                0x00000000000002d4                ADC_IRQHandler
                0x00000000000002d4                SSP1_IRQHandler
 *(.text*)
 .text.NVIC_EnableIRQ
                0x00000000000002dc       0x38 ./src/ForSerialCDC_usbhw.o
 .text.USBIOClkConfig
                0x0000000000000314       0xd4 ./src/ForSerialCDC_usbhw.o
                0x0000000000000314                USBIOClkConfig
 .text.delay    0x00000000000003e8       0x2c ./src/ForSerialCDC_usbhw.o
                0x00000000000003e8                delay
 .text.EPAdr    0x0000000000000414       0x34 ./src/ForSerialCDC_usbhw.o
                0x0000000000000414                EPAdr
 .text.WrCmd    0x0000000000000448       0x40 ./src/ForSerialCDC_usbhw.o
                0x0000000000000448                WrCmd
 .text.WrCmdDat
                0x0000000000000488       0x20 ./src/ForSerialCDC_usbhw.o
                0x0000000000000488                WrCmdDat
 .text.WrCmdEP  0x00000000000004a8       0x30 ./src/ForSerialCDC_usbhw.o
                0x00000000000004a8                WrCmdEP
 .text.RdCmdDat
                0x00000000000004d8       0x4c ./src/ForSerialCDC_usbhw.o
                0x00000000000004d8                RdCmdDat
 .text.USB_Init
                0x0000000000000524       0x1c ./src/ForSerialCDC_usbhw.o
                0x0000000000000524                USB_Init
 .text.USB_Connect
                0x0000000000000540       0x34 ./src/ForSerialCDC_usbhw.o
                0x0000000000000540                USB_Connect
 .text.USB_Reset
                0x0000000000000574       0x2c ./src/ForSerialCDC_usbhw.o
                0x0000000000000574                USB_Reset
 .text.USB_Suspend
                0x00000000000005a0        0xc ./src/ForSerialCDC_usbhw.o
                0x00000000000005a0                USB_Suspend
 .text.USB_Resume
                0x00000000000005ac        0xc ./src/ForSerialCDC_usbhw.o
                0x00000000000005ac                USB_Resume
 .text.USB_WakeUpCfg
                0x00000000000005b8       0x14 ./src/ForSerialCDC_usbhw.o
                0x00000000000005b8                USB_WakeUpCfg
 .text.USB_SetAddress
                0x00000000000005cc       0x48 ./src/ForSerialCDC_usbhw.o
                0x00000000000005cc                USB_SetAddress
 .text.USB_Configure
                0x0000000000000614       0x34 ./src/ForSerialCDC_usbhw.o
                0x0000000000000614                USB_Configure
 .text.USB_ConfigEP
                0x0000000000000648       0x14 ./src/ForSerialCDC_usbhw.o
                0x0000000000000648                USB_ConfigEP
 .text.USB_DirCtrlEP
                0x000000000000065c       0x14 ./src/ForSerialCDC_usbhw.o
                0x000000000000065c                USB_DirCtrlEP
 .text.USB_EnableEP
                0x0000000000000670       0x30 ./src/ForSerialCDC_usbhw.o
                0x0000000000000670                USB_EnableEP
 .text.USB_DisableEP
                0x00000000000006a0       0x34 ./src/ForSerialCDC_usbhw.o
                0x00000000000006a0                USB_DisableEP
 .text.USB_ResetEP
                0x00000000000006d4       0x30 ./src/ForSerialCDC_usbhw.o
                0x00000000000006d4                USB_ResetEP
 .text.USB_SetStallEP
                0x0000000000000704       0x34 ./src/ForSerialCDC_usbhw.o
                0x0000000000000704                USB_SetStallEP
 .text.USB_ClrStallEP
                0x0000000000000738       0x30 ./src/ForSerialCDC_usbhw.o
                0x0000000000000738                USB_ClrStallEP
 .text.USB_ReadEP
                0x0000000000000768       0xac ./src/ForSerialCDC_usbhw.o
                0x0000000000000768                USB_ReadEP
 .text.USB_WriteEP
                0x0000000000000814       0x98 ./src/ForSerialCDC_usbhw.o
                0x0000000000000814                USB_WriteEP
 .text.USB_IRQHandler
                0x00000000000008ac      0x180 ./src/ForSerialCDC_usbhw.o
                0x00000000000008ac                USB_IRQHandler
 .text._ZN9DigitalIncviEv
                0x0000000000000a2c       0x1c ./src/TestADC.o
                0x0000000000000a2c                _ZN9DigitalIncviEv
 .text._ZN10DigitalOut5writeEi
                0x0000000000000a48       0x70 ./src/TestADC.o
                0x0000000000000a48                _ZN10DigitalOut5writeEi
 .text._ZN10DigitalOutaSEi
                0x0000000000000ab8       0x20 ./src/TestADC.o
                0x0000000000000ab8                _ZN10DigitalOutaSEi
 .text._ZN9SerialCDC4baudEj
                0x0000000000000ad8       0x1c ./src/TestADC.o
                0x0000000000000ad8                _ZN9SerialCDC4baudEj
 .text.main     0x0000000000000af4      0x110 ./src/TestADC.o
                0x0000000000000af4                main
 .text._Znwj    0x0000000000000c04       0x1c ./src/cr_cpp_config.o
                0x0000000000000c04                _Znwj
 .text._Znaj    0x0000000000000c20       0x1c ./src/cr_cpp_config.o
                0x0000000000000c20                _Znaj
 .text._ZdlPv   0x0000000000000c3c       0x18 ./src/cr_cpp_config.o
                0x0000000000000c3c                _ZdlPv
 .text._ZdaPv   0x0000000000000c54       0x18 ./src/cr_cpp_config.o
                0x0000000000000c54                _ZdaPv
 .text.__aeabi_atexit
                0x0000000000000c6c       0x1c ./src/cr_cpp_config.o
                0x0000000000000c6c                __aeabi_atexit
 .text._ZN9__gnu_cxx27__verbose_terminate_handlerEv
                0x0000000000000c88        0x8 ./src/cr_cpp_config.o
                0x0000000000000c88                _ZN9__gnu_cxx27__verbose_terminate_handlerEv
 .text.SystemInit
                0x0000000000000c90       0xb4 /Users/take/proj/LBED/lbed/CMSISv2p00_LPC13xx/Debug/libCMSISv2p00_LPC13xx.a(system_LPC13xx.o)
                0x0000000000000c90                SystemInit
 .text._ZN8AnalogInC2Ev
                0x0000000000000d44       0x24 /Users/take/proj/LBED/lbed/LBED_LPC13xx/Debug/libLBED_LPC13xx.a(AnalogIn.o)
                0x0000000000000d44                _ZN8AnalogInC2Ev
                0x0000000000000d44                _ZN8AnalogInC1Ev
 .text._ZN8AnalogInC2EiPKc
                0x0000000000000d68       0x34 /Users/take/proj/LBED/lbed/LBED_LPC13xx/Debug/libLBED_LPC13xx.a(AnalogIn.o)
                0x0000000000000d68                _ZN8AnalogInC1EiPKc
                0x0000000000000d68                _ZN8AnalogInC2EiPKc
 .text._ZN8AnalogIn5setupEiPKc
                0x0000000000000d9c      0x1b8 /Users/take/proj/LBED/lbed/LBED_LPC13xx/Debug/libLBED_LPC13xx.a(AnalogIn.o)
                0x0000000000000d9c                _ZN8AnalogIn5setupEiPKc
 .text._ZN8AnalogIn4readEv
                0x0000000000000f54       0x30 /Users/take/proj/LBED/lbed/LBED_LPC13xx/Debug/libLBED_LPC13xx.a(AnalogIn.o)
                0x0000000000000f54                _ZN8AnalogIn4readEv
 .text._ZN8AnalogIn8read_u16Ev
                0x0000000000000f84       0x74 /Users/take/proj/LBED/lbed/LBED_LPC13xx/Debug/libLBED_LPC13xx.a(AnalogIn.o)
                0x0000000000000f84                _ZN8AnalogIn8read_u16Ev
 .text._ZN9DigitalInC2Ev
                0x0000000000000ff8       0x30 /Users/take/proj/LBED/lbed/LBED_LPC13xx/Debug/libLBED_LPC13xx.a(DigitalIn.o)
                0x0000000000000ff8                _ZN9DigitalInC1Ev
                0x0000000000000ff8                _ZN9DigitalInC2Ev
 .text._ZN9DigitalInC2EiPKc
                0x0000000000001028       0x3c /Users/take/proj/LBED/lbed/LBED_LPC13xx/Debug/libLBED_LPC13xx.a(DigitalIn.o)
                0x0000000000001028                _ZN9DigitalInC1EiPKc
                0x0000000000001028                _ZN9DigitalInC2EiPKc
 .text._ZN9DigitalIn5setupEiPKc
                0x0000000000001064      0x4ec /Users/take/proj/LBED/lbed/LBED_LPC13xx/Debug/libLBED_LPC13xx.a(DigitalIn.o)
                0x0000000000001064                _ZN9DigitalIn5setupEiPKc
 .text._ZN9DigitalIn4modeEi
                0x0000000000001550       0x68 /Users/take/proj/LBED/lbed/LBED_LPC13xx/Debug/libLBED_LPC13xx.a(DigitalIn.o)
                0x0000000000001550                _ZN9DigitalIn4modeEi
 .text._ZN9DigitalIn4readEv
                0x00000000000015b8       0x40 /Users/take/proj/LBED/lbed/LBED_LPC13xx/Debug/libLBED_LPC13xx.a(DigitalIn.o)
                0x00000000000015b8                _ZN9DigitalIn4readEv
 .text._ZN10DigitalOutC2Ev
                0x00000000000015f8       0x1c /Users/take/proj/LBED/lbed/LBED_LPC13xx/Debug/libLBED_LPC13xx.a(DigitalOut.o)
                0x00000000000015f8                _ZN10DigitalOutC1Ev
                0x00000000000015f8                _ZN10DigitalOutC2Ev
 .text._ZN10DigitalOutC2EiPKc
                0x0000000000001614       0x2c /Users/take/proj/LBED/lbed/LBED_LPC13xx/Debug/libLBED_LPC13xx.a(DigitalOut.o)
                0x0000000000001614                _ZN10DigitalOutC2EiPKc
                0x0000000000001614                _ZN10DigitalOutC1EiPKc
 .text._ZN10DigitalOut5setupEiPKc
                0x0000000000001640       0x44 /Users/take/proj/LBED/lbed/LBED_LPC13xx/Debug/libLBED_LPC13xx.a(DigitalOut.o)
                0x0000000000001640                _ZN10DigitalOut5setupEiPKc
 .text._ZN5Print5writeEPKc
                0x0000000000001684       0x3c /Users/take/proj/LBED/lbed/LBED_LPC13xx/Debug/libLBED_LPC13xx.a(Print.o)
                0x0000000000001684                _ZN5Print5writeEPKc
 .text._ZN5Print5writeEPKci
                0x00000000000016c0       0x58 /Users/take/proj/LBED/lbed/LBED_LPC13xx/Debug/libLBED_LPC13xx.a(Print.o)
                0x00000000000016c0                _ZN5Print5writeEPKci
 .text._ZN5Print5printEPKc
                0x0000000000001718       0x20 /Users/take/proj/LBED/lbed/LBED_LPC13xx/Debug/libLBED_LPC13xx.a(Print.o)
                0x0000000000001718                _ZN5Print5printEPKc
 .text._ZN5Print5printEc
                0x0000000000001738       0x28 /Users/take/proj/LBED/lbed/LBED_LPC13xx/Debug/libLBED_LPC13xx.a(Print.o)
                0x0000000000001738                _ZN5Print5printEc
 .text._ZN5Print5printEdi
                0x0000000000001760       0x28 /Users/take/proj/LBED/lbed/LBED_LPC13xx/Debug/libLBED_LPC13xx.a(Print.o)
                0x0000000000001760                _ZN5Print5printEdi
 .text._ZN5Print7printlnEv
                0x0000000000001788       0x34 /Users/take/proj/LBED/lbed/LBED_LPC13xx/Debug/libLBED_LPC13xx.a(Print.o)
                0x0000000000001788                _ZN5Print7printlnEv
 .text._ZN5Print7printlnEPKc
                0x00000000000017bc       0x30 /Users/take/proj/LBED/lbed/LBED_LPC13xx/Debug/libLBED_LPC13xx.a(Print.o)
                0x00000000000017bc                _ZN5Print7printlnEPKc
 .text._ZN5Print7printlnEc
                0x00000000000017ec       0x34 /Users/take/proj/LBED/lbed/LBED_LPC13xx/Debug/libLBED_LPC13xx.a(Print.o)
                0x00000000000017ec                _ZN5Print7printlnEc
 .text._ZN5Print6printfEPKcz
                0x0000000000001820      0x364 /Users/take/proj/LBED/lbed/LBED_LPC13xx/Debug/libLBED_LPC13xx.a(Print.o)
                0x0000000000001820                _ZN5Print6printfEPKcz
 .text._ZN5Print5printEmi
                0x0000000000001b84       0x3c /Users/take/proj/LBED/lbed/LBED_LPC13xx/Debug/libLBED_LPC13xx.a(Print.o)
                0x0000000000001b84                _ZN5Print5printEmi
 .text._ZN5Print5printEii
                0x0000000000001bc0       0x24 /Users/take/proj/LBED/lbed/LBED_LPC13xx/Debug/libLBED_LPC13xx.a(Print.o)
                0x0000000000001bc0                _ZN5Print5printEii
 .text._ZN5Print5printEli
                0x0000000000001be4       0x8c /Users/take/proj/LBED/lbed/LBED_LPC13xx/Debug/libLBED_LPC13xx.a(Print.o)
                0x0000000000001be4                _ZN5Print5printEli
 .text._ZN5Print11printNumberEmi
                0x0000000000001c70       0xa0 /Users/take/proj/LBED/lbed/LBED_LPC13xx/Debug/libLBED_LPC13xx.a(Print.o)
                0x0000000000001c70                _ZN5Print11printNumberEmi
 .text._ZN5Print10printFloatEdi
                0x0000000000001d10      0x208 /Users/take/proj/LBED/lbed/LBED_LPC13xx/Debug/libLBED_LPC13xx.a(Print.o)
                0x0000000000001d10                _ZN5Print10printFloatEdi
 .text._ZN9SerialCDC9availableEv
                0x0000000000001f18       0x18 /Users/take/proj/LBED/lbed/LBED_LPC13xx/Debug/libLBED_LPC13xx.a(SerialCDC.o)
                0x0000000000001f18                _ZN9SerialCDC9availableEv
 .text._ZN9SerialCDC4peekEv
                0x0000000000001f30       0x18 /Users/take/proj/LBED/lbed/LBED_LPC13xx/Debug/libLBED_LPC13xx.a(SerialCDC.o)
                0x0000000000001f30                _ZN9SerialCDC4peekEv
 .text._ZN9SerialCDC5flushEv
                0x0000000000001f48       0x14 /Users/take/proj/LBED/lbed/LBED_LPC13xx/Debug/libLBED_LPC13xx.a(SerialCDC.o)
                0x0000000000001f48                _ZN9SerialCDC5flushEv
 .text._ZN9SerialCDCC2Ev
                0x0000000000001f5c       0x54 /Users/take/proj/LBED/lbed/LBED_LPC13xx/Debug/libLBED_LPC13xx.a(SerialCDC.o)
                0x0000000000001f5c                _ZN9SerialCDCC2Ev
                0x0000000000001f5c                _ZN9SerialCDCC1Ev
 .text._ZN9SerialCDCC2EiiPKc
                0x0000000000001fb0       0x48 /Users/take/proj/LBED/lbed/LBED_LPC13xx/Debug/libLBED_LPC13xx.a(SerialCDC.o)
                0x0000000000001fb0                _ZN9SerialCDCC2EiiPKc
                0x0000000000001fb0                _ZN9SerialCDCC1EiiPKc
 .text._ZN9SerialCDC5setupEiiPKc
                0x0000000000001ff8       0x5c /Users/take/proj/LBED/lbed/LBED_LPC13xx/Debug/libLBED_LPC13xx.a(SerialCDC.o)
                0x0000000000001ff8                _ZN9SerialCDC5setupEiiPKc
 .text._ZN9SerialCDC5writeEc
                0x0000000000002054       0x80 /Users/take/proj/LBED/lbed/LBED_LPC13xx/Debug/libLBED_LPC13xx.a(SerialCDC.o)
                0x0000000000002054                _ZN9SerialCDC5writeEc
 .text._ZN9SerialCDC4readEv
                0x00000000000020d4       0x5c /Users/take/proj/LBED/lbed/LBED_LPC13xx/Debug/libLBED_LPC13xx.a(SerialCDC.o)
                0x00000000000020d4                _ZN9SerialCDC4readEv
 .text._ZN9SerialCDC16CheckSerialStateEv
                0x0000000000002130       0x2c /Users/take/proj/LBED/lbed/LBED_LPC13xx/Debug/libLBED_LPC13xx.a(SerialCDC.o)
                0x0000000000002130                _ZN9SerialCDC16CheckSerialStateEv
 .text.__cxa_pure_virtual
                0x000000000000215c        0x8 /Users/take/proj/LBED/lbed/LBED_LPC13xx/Debug/libLBED_LPC13xx.a(pure_virtual.o)
                0x000000000000215c                __cxa_pure_virtual
 .text.SysTick_Handler
                0x0000000000002164       0x10 /Users/take/proj/LBED/lbed/LBED_LPC13xx/Debug/libLBED_LPC13xx.a(wait_api.o)
                0x0000000000002164                SysTick_Handler
 .text.wait_init
                0x0000000000002174       0x30 /Users/take/proj/LBED/lbed/LBED_LPC13xx/Debug/libLBED_LPC13xx.a(wait_api.o)
                0x0000000000002174                wait_init
 .text.wait_ms  0x00000000000021a4       0x14 /Users/take/proj/LBED/lbed/LBED_LPC13xx/Debug/libLBED_LPC13xx.a(wait_api.o)
                0x00000000000021a4                wait_ms
 .text.CDC_RdOutBuf
                0x00000000000021b8       0x28 /Users/take/proj/LBED/lbed/LBED_LPC13xx/Debug/libLBED_LPC13xx.a(_cdcuser.o)
                0x00000000000021b8                CDC_RdOutBuf
 .text.CDC_WrOutBuf
                0x00000000000021e0       0x28 /Users/take/proj/LBED/lbed/LBED_LPC13xx/Debug/libLBED_LPC13xx.a(_cdcuser.o)
                0x00000000000021e0                CDC_WrOutBuf
 .text.CDC_OutBufAvailChar
                0x0000000000002208       0x18 /Users/take/proj/LBED/lbed/LBED_LPC13xx/Debug/libLBED_LPC13xx.a(_cdcuser.o)
                0x0000000000002208                CDC_OutBufAvailChar
 .text.CDC_SendEncapsulatedCommand
                0x0000000000002220        0x4 /Users/take/proj/LBED/lbed/LBED_LPC13xx/Debug/libLBED_LPC13xx.a(_cdcuser.o)
                0x0000000000002220                CDC_SendEncapsulatedCommand
 .text.CDC_GetEncapsulatedResponse
                0x0000000000002224        0x4 /Users/take/proj/LBED/lbed/LBED_LPC13xx/Debug/libLBED_LPC13xx.a(_cdcuser.o)
                0x0000000000002224                CDC_GetEncapsulatedResponse
 .text.CDC_SetCommFeature
                0x0000000000002228        0x4 /Users/take/proj/LBED/lbed/LBED_LPC13xx/Debug/libLBED_LPC13xx.a(_cdcuser.o)
                0x0000000000002228                CDC_SetCommFeature
 .text.CDC_GetCommFeature
                0x000000000000222c        0x4 /Users/take/proj/LBED/lbed/LBED_LPC13xx/Debug/libLBED_LPC13xx.a(_cdcuser.o)
                0x000000000000222c                CDC_GetCommFeature
 .text.CDC_ClearCommFeature
                0x0000000000002230        0x4 /Users/take/proj/LBED/lbed/LBED_LPC13xx/Debug/libLBED_LPC13xx.a(_cdcuser.o)
                0x0000000000002230                CDC_ClearCommFeature
 .text.CDC_SetLineCoding
                0x0000000000002234       0x34 /Users/take/proj/LBED/lbed/LBED_LPC13xx/Debug/libLBED_LPC13xx.a(_cdcuser.o)
                0x0000000000002234                CDC_SetLineCoding
 .text.CDC_GetLineCoding
                0x0000000000002268       0x2c /Users/take/proj/LBED/lbed/LBED_LPC13xx/Debug/libLBED_LPC13xx.a(_cdcuser.o)
                0x0000000000002268                CDC_GetLineCoding
 .text.CDC_SetControlLineState
                0x0000000000002294        0x4 /Users/take/proj/LBED/lbed/LBED_LPC13xx/Debug/libLBED_LPC13xx.a(_cdcuser.o)
                0x0000000000002294                CDC_SetControlLineState
 .text.CDC_SendBreak
                0x0000000000002298        0x4 /Users/take/proj/LBED/lbed/LBED_LPC13xx/Debug/libLBED_LPC13xx.a(_cdcuser.o)
                0x0000000000002298                CDC_SendBreak
 .text.CDC_BulkIn
                0x000000000000229c        0xc /Users/take/proj/LBED/lbed/LBED_LPC13xx/Debug/libLBED_LPC13xx.a(_cdcuser.o)
                0x000000000000229c                CDC_BulkIn
 .text.CDC_BulkOut
                0x00000000000022a8       0x20 /Users/take/proj/LBED/lbed/LBED_LPC13xx/Debug/libLBED_LPC13xx.a(_cdcuser.o)
                0x00000000000022a8                CDC_BulkOut
 .text.CDC_GetSerialState
                0x00000000000022c8       0x10 /Users/take/proj/LBED/lbed/LBED_LPC13xx/Debug/libLBED_LPC13xx.a(_cdcuser.o)
                0x00000000000022c8                CDC_GetSerialState
 .text.CDC_Init
                0x00000000000022d8       0x28 /Users/take/proj/LBED/lbed/LBED_LPC13xx/Debug/libLBED_LPC13xx.a(_cdcuser.o)
                0x00000000000022d8                CDC_Init
 .text.CDC_NotificationIn
                0x0000000000002300       0x34 /Users/take/proj/LBED/lbed/LBED_LPC13xx/Debug/libLBED_LPC13xx.a(_cdcuser.o)
                0x0000000000002300                CDC_NotificationIn
 .text.USB_ResetCore
                0x0000000000002334       0x38 /Users/take/proj/LBED/lbed/LBED_LPC13xx/Debug/libLBED_LPC13xx.a(_usbcore.o)
                0x0000000000002334                USB_ResetCore
 .text.USB_SetupStage
                0x000000000000236c        0xc /Users/take/proj/LBED/lbed/LBED_LPC13xx/Debug/libLBED_LPC13xx.a(_usbcore.o)
                0x000000000000236c                USB_SetupStage
 .text.USB_DataInStage
                0x0000000000002378       0x28 /Users/take/proj/LBED/lbed/LBED_LPC13xx/Debug/libLBED_LPC13xx.a(_usbcore.o)
                0x0000000000002378                USB_DataInStage
 .text.USB_DataOutStage
                0x00000000000023a0       0x20 /Users/take/proj/LBED/lbed/LBED_LPC13xx/Debug/libLBED_LPC13xx.a(_usbcore.o)
                0x00000000000023a0                USB_DataOutStage
 .text.USB_StatusInStage
                0x00000000000023c0        0xa /Users/take/proj/LBED/lbed/LBED_LPC13xx/Debug/libLBED_LPC13xx.a(_usbcore.o)
                0x00000000000023c0                USB_StatusInStage
 *fill*         0x00000000000023ca        0x2 00
 .text.USB_StatusOutStage
                0x00000000000023cc        0xc /Users/take/proj/LBED/lbed/LBED_LPC13xx/Debug/libLBED_LPC13xx.a(_usbcore.o)
                0x00000000000023cc                USB_StatusOutStage
 .text.USB_ReqGetStatus
                0x00000000000023d8       0xa8 /Users/take/proj/LBED/lbed/LBED_LPC13xx/Debug/libLBED_LPC13xx.a(_usbcore.o)
                0x00000000000023d8                USB_ReqGetStatus
 .text.USB_ReqSetClrFeature
                0x0000000000002480       0xc0 /Users/take/proj/LBED/lbed/LBED_LPC13xx/Debug/libLBED_LPC13xx.a(_usbcore.o)
                0x0000000000002480                USB_ReqSetClrFeature
 .text.USB_ReqSetAddress
                0x0000000000002540       0x24 /Users/take/proj/LBED/lbed/LBED_LPC13xx/Debug/libLBED_LPC13xx.a(_usbcore.o)
                0x0000000000002540                USB_ReqSetAddress
 .text.USB_ReqGetDescriptor
                0x0000000000002564       0x88 /Users/take/proj/LBED/lbed/LBED_LPC13xx/Debug/libLBED_LPC13xx.a(_usbcore.o)
                0x0000000000002564                USB_ReqGetDescriptor
 .text.USB_ReqGetConfiguration
                0x00000000000025ec       0x24 /Users/take/proj/LBED/lbed/LBED_LPC13xx/Debug/libLBED_LPC13xx.a(_usbcore.o)
                0x00000000000025ec                USB_ReqGetConfiguration
 .text.USB_ReqSetConfiguration
                0x0000000000002610      0x180 /Users/take/proj/LBED/lbed/LBED_LPC13xx/Debug/libLBED_LPC13xx.a(_usbcore.o)
                0x0000000000002610                USB_ReqSetConfiguration
 .text.USB_ReqGetInterface
                0x0000000000002790       0x48 /Users/take/proj/LBED/lbed/LBED_LPC13xx/Debug/libLBED_LPC13xx.a(_usbcore.o)
                0x0000000000002790                USB_ReqGetInterface
 .text.USB_ReqSetInterface
                0x00000000000027d8      0x138 /Users/take/proj/LBED/lbed/LBED_LPC13xx/Debug/libLBED_LPC13xx.a(_usbcore.o)
                0x00000000000027d8                USB_ReqSetInterface
 .text.USB_EndPoint0
                0x0000000000002910      0x1f8 /Users/take/proj/LBED/lbed/LBED_LPC13xx/Debug/libLBED_LPC13xx.a(_usbcore.o)
                0x0000000000002910                USB_EndPoint0
 .text.USB_EndPoint3
                0x0000000000002b08       0x14 /Users/take/proj/LBED/lbed/LBED_LPC13xx/Debug/libLBED_LPC13xx.a(_usbuser.o)
                0x0000000000002b08                USB_EndPoint3
 .text.USB_EndPoint1
                0x0000000000002b1c       0x24 /Users/take/proj/LBED/lbed/LBED_LPC13xx/Debug/libLBED_LPC13xx.a(_usbuser.o)
                0x0000000000002b1c                USB_EndPoint1
 .text.USB_Reset_Event
                0x0000000000002b40        0x4 /Users/take/proj/LBED/lbed/LBED_LPC13xx/Debug/libLBED_LPC13xx.a(_usbuser.o)
                0x0000000000002b40                USB_Reset_Event
 .text.USB_Suspend_Event
                0x0000000000002b44        0x2 /Users/take/proj/LBED/lbed/LBED_LPC13xx/Debug/libLBED_LPC13xx.a(_usbuser.o)
                0x0000000000002b44                USB_Suspend_Event
 .text.USB_Resume_Event
                0x0000000000002b46        0x2 /Users/take/proj/LBED/lbed/LBED_LPC13xx/Debug/libLBED_LPC13xx.a(_usbuser.o)
                0x0000000000002b46                USB_Resume_Event
 .text.USB_Configure_Event
                0x0000000000002b48        0x2 /Users/take/proj/LBED/lbed/LBED_LPC13xx/Debug/libLBED_LPC13xx.a(_usbuser.o)
                0x0000000000002b48                USB_Configure_Event
 *fill*         0x0000000000002b4a        0x2 00
 .text._ZN6Serial4peekEv
                0x0000000000002b4c       0x18 /Users/take/proj/LBED/lbed/LBED_LPC13xx/Debug/libLBED_LPC13xx.a(Serial.o)
                0x0000000000002b4c                _ZN6Serial4peekEv
 .text._ZN6Serial5flushEv
                0x0000000000002b64       0x14 /Users/take/proj/LBED/lbed/LBED_LPC13xx/Debug/libLBED_LPC13xx.a(Serial.o)
                0x0000000000002b64                _ZN6Serial5flushEv
 .text._ZN5PrintC2Ev
                0x0000000000002b78       0x20 /Users/take/proj/LBED/lbed/LBED_LPC13xx/Debug/libLBED_LPC13xx.a(Serial.o)
                0x0000000000002b78                _ZN5PrintC1Ev
                0x0000000000002b78                _ZN5PrintC2Ev
 .text._ZN6StreamC2Ev
                0x0000000000002b98       0x28 /Users/take/proj/LBED/lbed/LBED_LPC13xx/Debug/libLBED_LPC13xx.a(Serial.o)
                0x0000000000002b98                _ZN6StreamC2Ev
                0x0000000000002b98                _ZN6StreamC1Ev
 .text._ZN6SerialC2Ev
                0x0000000000002bc0       0x54 /Users/take/proj/LBED/lbed/LBED_LPC13xx/Debug/libLBED_LPC13xx.a(Serial.o)
                0x0000000000002bc0                _ZN6SerialC2Ev
                0x0000000000002bc0                _ZN6SerialC1Ev
 .text._ZN6SerialC2EiiPKc
                0x0000000000002c14       0x48 /Users/take/proj/LBED/lbed/LBED_LPC13xx/Debug/libLBED_LPC13xx.a(Serial.o)
                0x0000000000002c14                _ZN6SerialC1EiiPKc
                0x0000000000002c14                _ZN6SerialC2EiiPKc
 .text._ZN6Serial5setupEiiPKc
                0x0000000000002c5c       0x64 /Users/take/proj/LBED/lbed/LBED_LPC13xx/Debug/libLBED_LPC13xx.a(Serial.o)
                0x0000000000002c5c                _ZN6Serial5setupEiiPKc
 .text._ZN6Serial4baudEj
                0x0000000000002cc0       0xe8 /Users/take/proj/LBED/lbed/LBED_LPC13xx/Debug/libLBED_LPC13xx.a(Serial.o)
                0x0000000000002cc0                _ZN6Serial4baudEj
 .text._ZN6Serial5beginEj
                0x0000000000002da8       0x1c /Users/take/proj/LBED/lbed/LBED_LPC13xx/Debug/libLBED_LPC13xx.a(Serial.o)
                0x0000000000002da8                _ZN6Serial5beginEj
 .text._ZN6Serial5writeEc
                0x0000000000002dc4       0x4c /Users/take/proj/LBED/lbed/LBED_LPC13xx/Debug/libLBED_LPC13xx.a(Serial.o)
                0x0000000000002dc4                _ZN6Serial5writeEc
 .text._ZN6Serial4readEv
                0x0000000000002e10       0x40 /Users/take/proj/LBED/lbed/LBED_LPC13xx/Debug/libLBED_LPC13xx.a(Serial.o)
                0x0000000000002e10                _ZN6Serial4readEv
 .text._ZN6Serial9availableEv
                0x0000000000002e50       0x28 /Users/take/proj/LBED/lbed/LBED_LPC13xx/Debug/libLBED_LPC13xx.a(Serial.o)
                0x0000000000002e50                _ZN6Serial9availableEv
 .text          0x0000000000002e78      0x370 /Applications/lpcxpresso_4.2.4_267/lpcxpresso/Tools/bin/../lib/gcc/arm-none-eabi/4.6.2/armv7-m/libgcc.a(_arm_addsubdf3.o)
                0x0000000000002e78                __aeabi_drsub
                0x0000000000002e80                __subdf3
                0x0000000000002e80                __aeabi_dsub
                0x0000000000002e84                __aeabi_dadd
                0x0000000000002e84                __adddf3
                0x00000000000030fc                __aeabi_ui2d
                0x00000000000030fc                __floatunsidf
                0x000000000000311c                __floatsidf
                0x000000000000311c                __aeabi_i2d
                0x0000000000003140                __extendsfdf2
                0x0000000000003140                __aeabi_f2d
                0x000000000000317c                __aeabi_ul2d
                0x000000000000317c                __floatundidf
                0x000000000000318c                __aeabi_l2d
                0x000000000000318c                __floatdidf
 .text          0x00000000000031e8      0x424 /Applications/lpcxpresso_4.2.4_267/lpcxpresso/Tools/bin/../lib/gcc/arm-none-eabi/4.6.2/armv7-m/libgcc.a(_arm_muldivdf3.o)
                0x00000000000031e8                __aeabi_dmul
                0x00000000000031e8                __muldf3
                0x000000000000343c                __aeabi_ddiv
                0x000000000000343c                __divdf3
 .text          0x000000000000360c      0x110 /Applications/lpcxpresso_4.2.4_267/lpcxpresso/Tools/bin/../lib/gcc/arm-none-eabi/4.6.2/armv7-m/libgcc.a(_arm_cmpdf2.o)
                0x000000000000360c                __gtdf2
                0x000000000000360c                __gedf2
                0x0000000000003614                __ltdf2
                0x0000000000003614                __ledf2
                0x000000000000361c                __eqdf2
                0x000000000000361c                __nedf2
                0x000000000000361c                __cmpdf2
                0x0000000000003698                __aeabi_cdrcmple
                0x00000000000036a8                __aeabi_cdcmple
                0x00000000000036a8                __aeabi_cdcmpeq
                0x00000000000036b8                __aeabi_dcmpeq
                0x00000000000036cc                __aeabi_dcmplt
                0x00000000000036e0                __aeabi_dcmple
                0x00000000000036f4                __aeabi_dcmpge
                0x0000000000003708                __aeabi_dcmpgt
 .text          0x000000000000371c       0x50 /Applications/lpcxpresso_4.2.4_267/lpcxpresso/Tools/bin/../lib/gcc/arm-none-eabi/4.6.2/armv7-m/libgcc.a(_arm_fixdfsi.o)
                0x000000000000371c                __fixdfsi
                0x000000000000371c                __aeabi_d2iz
 .text          0x000000000000376c       0x40 /Applications/lpcxpresso_4.2.4_267/lpcxpresso/Tools/bin/../lib/gcc/arm-none-eabi/4.6.2/armv7-m/libgcc.a(_arm_fixunsdfsi.o)
                0x000000000000376c                __fixunsdfsi
                0x000000000000376c                __aeabi_d2uiz
 .text          0x00000000000037ac      0x21c /Applications/lpcxpresso_4.2.4_267/lpcxpresso/Tools/bin/../lib/gcc/arm-none-eabi/4.6.2/armv7-m/libgcc.a(_arm_addsubsf3.o)
                0x00000000000037ac                __aeabi_frsub
                0x00000000000037b4                __aeabi_fsub
                0x00000000000037b4                __subsf3
                0x00000000000037b8                __aeabi_fadd
                0x00000000000037b8                __addsf3
                0x0000000000003918                __aeabi_ui2f
                0x0000000000003918                __floatunsisf
                0x0000000000003920                __floatsisf
                0x0000000000003920                __aeabi_i2f
                0x000000000000393c                __aeabi_ul2f
                0x000000000000393c                __floatundisf
                0x000000000000394c                __aeabi_l2f
                0x000000000000394c                __floatdisf
 .text          0x00000000000039c8      0x2a0 /Applications/lpcxpresso_4.2.4_267/lpcxpresso/Tools/bin/../lib/gcc/arm-none-eabi/4.6.2/armv7-m/libgcc.a(_arm_muldivsf3.o)
                0x00000000000039c8                __mulsf3
                0x00000000000039c8                __aeabi_fmul
                0x0000000000003b30                __divsf3
                0x0000000000003b30                __aeabi_fdiv
 .text          0x0000000000003c68      0xb4c /Applications/lpcxpresso_4.2.4_267/lpcxpresso/Tools/bin/../lib/gcc/arm-none-eabi/4.6.2/armv7-m/libgcc.a(unwind-arm.o)
                0x0000000000003f10                _Unwind_VRS_Get
                0x0000000000003f50                _Unwind_VRS_Set
                0x00000000000042a8                __aeabi_unwind_cpp_pr2
                0x00000000000042ac                __aeabi_unwind_cpp_pr1
                0x00000000000042b0                __aeabi_unwind_cpp_pr0
                0x00000000000042b4                _Unwind_VRS_Pop
                0x0000000000004668                _Unwind_GetCFA
                0x000000000000466c                __gnu_Unwind_RaiseException
                0x00000000000046cc                __gnu_Unwind_ForcedUnwind
                0x00000000000046e0                __gnu_Unwind_Resume
                0x000000000000471c                __gnu_Unwind_Resume_or_Rethrow
                0x000000000000472c                _Unwind_Complete
                0x0000000000004730                _Unwind_DeleteException
                0x0000000000004740                __gnu_Unwind_Backtrace
 .text          0x00000000000047b4      0x1ac /Applications/lpcxpresso_4.2.4_267/lpcxpresso/Tools/bin/../lib/gcc/arm-none-eabi/4.6.2/armv7-m/libgcc.a(libunwind.o)
                0x00000000000047b4                __restore_core_regs
                0x00000000000047b4                restore_core_regs
                0x00000000000047cc                __gnu_Unwind_Restore_VFP
                0x00000000000047d4                __gnu_Unwind_Save_VFP
                0x00000000000047dc                __gnu_Unwind_Restore_VFP_D
                0x00000000000047e4                __gnu_Unwind_Save_VFP_D
                0x00000000000047ec                __gnu_Unwind_Restore_VFP_D_16_to_31
                0x00000000000047f4                __gnu_Unwind_Save_VFP_D_16_to_31
                0x00000000000047fc                __gnu_Unwind_Restore_WMMXD
                0x0000000000004840                __gnu_Unwind_Save_WMMXD
                0x0000000000004884                __gnu_Unwind_Restore_WMMXC
                0x0000000000004898                __gnu_Unwind_Save_WMMXC
                0x00000000000048ac                _Unwind_RaiseException
                0x00000000000048ac                ___Unwind_RaiseException
                0x00000000000048d0                ___Unwind_Resume
                0x00000000000048d0                _Unwind_Resume
                0x00000000000048f4                ___Unwind_Resume_or_Rethrow
                0x00000000000048f4                _Unwind_Resume_or_Rethrow
                0x0000000000004918                _Unwind_ForcedUnwind
                0x0000000000004918                ___Unwind_ForcedUnwind
                0x000000000000493c                _Unwind_Backtrace
                0x000000000000493c                ___Unwind_Backtrace
 .text          0x0000000000004960      0x374 /Applications/lpcxpresso_4.2.4_267/lpcxpresso/Tools/bin/../lib/gcc/arm-none-eabi/4.6.2/armv7-m/libgcc.a(pr-support.o)
                0x00000000000049b4                __gnu_unwind_execute
                0x0000000000004c7c                __gnu_unwind_frame
                0x0000000000004ca4                _Unwind_GetRegionStart
                0x0000000000004cb0                _Unwind_GetLanguageSpecificData
                0x0000000000004cc4                _Unwind_GetDataRelBase
                0x0000000000004ccc                _Unwind_GetTextRelBase
 .text          0x0000000000004cd4       0x10 /Applications/lpcxpresso_4.2.4_267/lpcxpresso/Tools/bin/../lib/gcc/arm-none-eabi/4.6.2/../../../../arm-none-eabi/lib/armv7-m/libc.a(lib_a-abort.o)
                0x0000000000004cd4                abort
 .text          0x0000000000004ce4       0x48 /Applications/lpcxpresso_4.2.4_267/lpcxpresso/Tools/bin/../lib/gcc/arm-none-eabi/4.6.2/../../../../arm-none-eabi/lib/armv7-m/libc.a(lib_a-init.o)
                0x0000000000004ce4                __libc_init_array
 .text          0x0000000000004d2c       0x28 /Applications/lpcxpresso_4.2.4_267/lpcxpresso/Tools/bin/../lib/gcc/arm-none-eabi/4.6.2/../../../../arm-none-eabi/lib/armv7-m/libc.a(lib_a-malloc.o)
                0x0000000000004d2c                malloc
                0x0000000000004d40                free
 .text          0x0000000000004d54      0x51c /Applications/lpcxpresso_4.2.4_267/lpcxpresso/Tools/bin/../lib/gcc/arm-none-eabi/4.6.2/../../../../arm-none-eabi/lib/armv7-m/libc.a(lib_a-mallocr.o)
                0x0000000000004d54                _malloc_r
 .text          0x0000000000005270       0x84 /Applications/lpcxpresso_4.2.4_267/lpcxpresso/Tools/bin/../lib/gcc/arm-none-eabi/4.6.2/../../../../arm-none-eabi/lib/armv7-m/libc.a(lib_a-memcpy.o)
                0x0000000000005270                memcpy
 .text          0x00000000000052f4        0x8 /Applications/lpcxpresso_4.2.4_267/lpcxpresso/Tools/bin/../lib/gcc/arm-none-eabi/4.6.2/../../../../arm-none-eabi/lib/armv7-m/libc.a(lib_a-mlock.o)
                0x00000000000052f4                __malloc_lock
                0x00000000000052f8                __malloc_unlock
 .text          0x00000000000052fc       0x24 /Applications/lpcxpresso_4.2.4_267/lpcxpresso/Tools/bin/../lib/gcc/arm-none-eabi/4.6.2/../../../../arm-none-eabi/lib/armv7-m/libc.a(lib_a-sbrkr.o)
                0x00000000000052fc                _sbrk_r
 .text          0x0000000000005320      0x160 /Applications/lpcxpresso_4.2.4_267/lpcxpresso/Tools/bin/../lib/gcc/arm-none-eabi/4.6.2/../../../../arm-none-eabi/lib/armv7-m/libc.a(lib_a-signal.o)
                0x0000000000005320                _init_signal_r
                0x0000000000005354                _signal_r
                0x0000000000005394                _raise_r
                0x00000000000053ec                __sigtramp_r
                0x0000000000005440                raise
                0x0000000000005450                signal
                0x0000000000005464                _init_signal
                0x0000000000005470                __sigtramp
 .text          0x0000000000005480       0x2c /Applications/lpcxpresso_4.2.4_267/lpcxpresso/Tools/bin/../lib/gcc/arm-none-eabi/4.6.2/../../../../arm-none-eabi/lib/armv7-m/libc.a(lib_a-signalr.o)
                0x0000000000005480                _kill_r
                0x00000000000054a8                _getpid_r
 .text          0x00000000000054ac       0x60 /Applications/lpcxpresso_4.2.4_267/lpcxpresso/Tools/bin/../lib/gcc/arm-none-eabi/4.6.2/../../../../arm-none-eabi/lib/armv7-m/libc.a(lib_a-strlen.o)
                0x00000000000054ac                strlen
 .text          0x000000000000550c      0x22c /Applications/lpcxpresso_4.2.4_267/lpcxpresso/Tools/bin/../lib/gcc/arm-none-eabi/4.6.2/../../../../arm-none-eabi/lib/armv7-m/libc.a(lib_a-freer.o)
                0x000000000000550c                _malloc_trim_r
                0x00000000000055ac                _free_r
 .text          0x0000000000005738       0x3c /Applications/lpcxpresso_4.2.4_267/lpcxpresso/Tools/bin/../lib/gcc/arm-none-eabi/4.6.2/../../../../arm-none-eabi/lib/armv7-m/libcr_newlib_nohost.a(_cr_sbrk.o)
                0x0000000000005738                _sbrk
 .text          0x0000000000005774        0x2 /Applications/lpcxpresso_4.2.4_267/lpcxpresso/Tools/bin/../lib/gcc/arm-none-eabi/4.6.2/../../../../arm-none-eabi/lib/armv7-m/libcr_newlib_nohost.a(_exit.o)
                0x0000000000005774                _exit
 *fill*         0x0000000000005776        0x2 00
 .text          0x0000000000005778       0x10 /Applications/lpcxpresso_4.2.4_267/lpcxpresso/Tools/bin/../lib/gcc/arm-none-eabi/4.6.2/../../../../arm-none-eabi/lib/armv7-m/libcr_newlib_nohost.a(getpid.o)
                0x0000000000005778                _getpid
 .text          0x0000000000005788       0x10 /Applications/lpcxpresso_4.2.4_267/lpcxpresso/Tools/bin/../lib/gcc/arm-none-eabi/4.6.2/../../../../arm-none-eabi/lib/armv7-m/libcr_newlib_nohost.a(kill.o)
                0x0000000000005788                _kill
 .text          0x0000000000005798       0x2c /Applications/lpcxpresso_4.2.4_267/lpcxpresso/Tools/bin/../lib/gcc/arm-none-eabi/4.6.2/../../../../arm-none-eabi/lib/armv7-m/libcr_newlib_nohost.a(_cr_check_heap.o)
                0x0000000000005798                __check_heap_overflow
 .text          0x00000000000057c4       0x54 /Applications/lpcxpresso_4.2.4_267/lpcxpresso/Tools/bin/../lib/gcc/arm-none-eabi/4.6.2/armv7-m/crtbegin.o
 .text          0x0000000000005818        0xc /Applications/lpcxpresso_4.2.4_267/lpcxpresso/Tools/bin/../lib/gcc/arm-none-eabi/4.6.2/../../../../arm-none-eabi/lib/armv7-m/libc.a(lib_a-errno.o)
                0x0000000000005818                __errno
 *(.rodata .rodata.*)
 .rodata        0x0000000000005824       0x28 ./src/TestADC.o
 .rodata        0x000000000000584c        0x8 /Users/take/proj/LBED/lbed/LBED_LPC13xx/Debug/libLBED_LPC13xx.a(Print.o)
 *fill*         0x0000000000005854        0x4 00
 .rodata._ZTV5Print
                0x0000000000005858       0x10 /Users/take/proj/LBED/lbed/LBED_LPC13xx/Debug/libLBED_LPC13xx.a(Print.o)
                0x0000000000005858                _ZTV5Print
 .rodata        0x0000000000005868        0x8 /Users/take/proj/LBED/lbed/LBED_LPC13xx/Debug/libLBED_LPC13xx.a(SerialCDC.o)
 .rodata._ZTV9SerialCDC
                0x0000000000005870       0x20 /Users/take/proj/LBED/lbed/LBED_LPC13xx/Debug/libLBED_LPC13xx.a(SerialCDC.o)
                0x0000000000005870                _ZTV9SerialCDC
 .rodata.USB_P_EP
                0x0000000000005890       0x14 /Users/take/proj/LBED/lbed/LBED_LPC13xx/Debug/libLBED_LPC13xx.a(_usbuser.o)
                0x0000000000005890                USB_P_EP
 .rodata        0x00000000000058a4        0x8 /Users/take/proj/LBED/lbed/LBED_LPC13xx/Debug/libLBED_LPC13xx.a(Serial.o)
 *fill*         0x00000000000058ac        0x4 00
 .rodata._ZTV6Serial
                0x00000000000058b0       0x20 /Users/take/proj/LBED/lbed/LBED_LPC13xx/Debug/libLBED_LPC13xx.a(Serial.o)
                0x00000000000058b0                _ZTV6Serial
 .rodata._ZTV6Stream
                0x00000000000058d0       0x20 /Users/take/proj/LBED/lbed/LBED_LPC13xx/Debug/libLBED_LPC13xx.a(Serial.o)
                0x00000000000058d0                _ZTV6Stream
 .rodata.USB_ConfigDescriptor
                0x00000000000058f0       0x44 /Users/take/proj/LBED/lbed/LBED_LPC13xx/Debug/libLBED_LPC13xx.a(_cdc_usbdesc.o)
                0x00000000000058f0                USB_ConfigDescriptor
 .rodata.USB_StringDescriptor
                0x0000000000005934       0x68 /Users/take/proj/LBED/lbed/LBED_LPC13xx/Debug/libLBED_LPC13xx.a(_cdc_usbdesc.o)
                0x0000000000005934                USB_StringDescriptor
 .rodata.USB_DeviceDescriptor
                0x000000000000599c       0x12 /Users/take/proj/LBED/lbed/LBED_LPC13xx/Debug/libLBED_LPC13xx.a(_cdc_usbdesc.o)
                0x000000000000599c                USB_DeviceDescriptor
 *fill*         0x00000000000059ae        0x2 00
 .rodata.str1.4
                0x00000000000059b0        0x4 /Applications/lpcxpresso_4.2.4_267/lpcxpresso/Tools/bin/../lib/gcc/arm-none-eabi/4.6.2/../../../../arm-none-eabi/lib/armv7-m/libc.a(lib_a-impure.o)
                0x00000000000059b4                . = ALIGN (0x4)
                0x00000000000059b4                . = ALIGN (0x4)
 *(.init)
 .init          0x00000000000059b4        0x4 /Applications/lpcxpresso_4.2.4_267/lpcxpresso/Tools/bin/../lib/gcc/arm-none-eabi/4.6.2/armv7-m/crti.o
                0x00000000000059b4                _init
 .init          0x00000000000059b8        0x8 /Applications/lpcxpresso_4.2.4_267/lpcxpresso/Tools/bin/../lib/gcc/arm-none-eabi/4.6.2/armv7-m/crtn.o
                0x00000000000059c0                . = ALIGN (0x4)
                0x00000000000059c0                __preinit_array_start = .
 *(.preinit_array)
                0x00000000000059c0                __preinit_array_end = .
                0x00000000000059c0                . = ALIGN (0x4)
                0x00000000000059c0                __init_array_start = .
 *(SORT(.init_array.*))
 *(.init_array)
 .init_array    0x00000000000059c0        0x4 /Applications/lpcxpresso_4.2.4_267/lpcxpresso/Tools/bin/../lib/gcc/arm-none-eabi/4.6.2/armv7-m/crtbegin.o
                0x00000000000059c4                __init_array_end = .
 *(.fini)
 .fini          0x00000000000059c4        0x4 /Applications/lpcxpresso_4.2.4_267/lpcxpresso/Tools/bin/../lib/gcc/arm-none-eabi/4.6.2/armv7-m/crti.o
                0x00000000000059c4                _fini
 .fini          0x00000000000059c8        0x8 /Applications/lpcxpresso_4.2.4_267/lpcxpresso/Tools/bin/../lib/gcc/arm-none-eabi/4.6.2/armv7-m/crtn.o
                0x00000000000059d0                . = ALIGN (0x4)
 *crtbegin.o(.ctors)
 *(EXCLUDE_FILE(*crtend.o) .ctors)
 *(SORT(.ctors.*))
 *crtend.o(.ctors)
                0x00000000000059d0                . = ALIGN (0x4)
 *crtbegin.o(.dtors)
 *(EXCLUDE_FILE(*crtend.o) .dtors)
 *(SORT(.dtors.*))
 *crtend.o(.dtors)

.glue_7         0x00000000000059d0        0x0
 .glue_7        0x0000000000000000        0x0 linker stubs

.glue_7t        0x00000000000059d0        0x0
 .glue_7t       0x0000000000000000        0x0 linker stubs

.vfp11_veneer   0x00000000000059d0        0x0
 .vfp11_veneer  0x0000000000000000        0x0 linker stubs

.v4_bx          0x00000000000059d0        0x0
 .v4_bx         0x0000000000000000        0x0 linker stubs

.ARM.extab      0x00000000000059d0      0x18c
 *(.ARM.extab* .gnu.linkonce.armextab.*)
 .ARM.extab.text._ZN9DigitalIncviEv
                0x00000000000059d0        0xc ./src/TestADC.o
 .ARM.extab.text._ZN10DigitalOut5writeEi
                0x00000000000059dc        0x0 ./src/TestADC.o
 .ARM.extab.text._ZN10DigitalOutaSEi
                0x00000000000059dc        0x0 ./src/TestADC.o
 .ARM.extab.text._ZN9SerialCDC4baudEj
                0x00000000000059dc        0x0 ./src/TestADC.o
 .ARM.extab.text.main
                0x00000000000059dc        0xc ./src/TestADC.o
 .ARM.extab.text._Znwj
                0x00000000000059e8        0x0 ./src/cr_cpp_config.o
 .ARM.extab.text._Znaj
                0x00000000000059e8        0x0 ./src/cr_cpp_config.o
 .ARM.extab.text._ZdlPv
                0x00000000000059e8        0x0 ./src/cr_cpp_config.o
 .ARM.extab.text._ZdaPv
                0x00000000000059e8        0x0 ./src/cr_cpp_config.o
 .ARM.extab.text.__aeabi_atexit
                0x00000000000059e8        0x0 ./src/cr_cpp_config.o
 .ARM.extab.text._ZN9__gnu_cxx27__verbose_terminate_handlerEv
                0x00000000000059e8        0x0 ./src/cr_cpp_config.o
 .ARM.extab.after_vectors
                0x00000000000059e8        0xc ./src/cr_startup_lpc13.o
 .ARM.extab.text._ZN8AnalogInC2Ev
                0x00000000000059f4        0xc /Users/take/proj/LBED/lbed/LBED_LPC13xx/Debug/libLBED_LPC13xx.a(AnalogIn.o)
 .ARM.extab.text._ZN8AnalogInC2EiPKc
                0x0000000000005a00        0xc /Users/take/proj/LBED/lbed/LBED_LPC13xx/Debug/libLBED_LPC13xx.a(AnalogIn.o)
 .ARM.extab.text._ZN8AnalogIn5setupEiPKc
                0x0000000000005a0c        0xc /Users/take/proj/LBED/lbed/LBED_LPC13xx/Debug/libLBED_LPC13xx.a(AnalogIn.o)
 .ARM.extab.text._ZN8AnalogIn4readEv
                0x0000000000005a18        0x0 /Users/take/proj/LBED/lbed/LBED_LPC13xx/Debug/libLBED_LPC13xx.a(AnalogIn.o)
 .ARM.extab.text._ZN8AnalogIn8read_u16Ev
                0x0000000000005a18        0x0 /Users/take/proj/LBED/lbed/LBED_LPC13xx/Debug/libLBED_LPC13xx.a(AnalogIn.o)
 .ARM.extab.text._ZN9DigitalInC2Ev
                0x0000000000005a18        0x0 /Users/take/proj/LBED/lbed/LBED_LPC13xx/Debug/libLBED_LPC13xx.a(DigitalIn.o)
 .ARM.extab.text._ZN9DigitalInC2EiPKc
                0x0000000000005a18        0x0 /Users/take/proj/LBED/lbed/LBED_LPC13xx/Debug/libLBED_LPC13xx.a(DigitalIn.o)
 .ARM.extab.text._ZN9DigitalIn5setupEiPKc
                0x0000000000005a18        0x0 /Users/take/proj/LBED/lbed/LBED_LPC13xx/Debug/libLBED_LPC13xx.a(DigitalIn.o)
 .ARM.extab.text._ZN9DigitalIn4modeEi
                0x0000000000005a18        0x0 /Users/take/proj/LBED/lbed/LBED_LPC13xx/Debug/libLBED_LPC13xx.a(DigitalIn.o)
 .ARM.extab.text._ZN9DigitalIn4readEv
                0x0000000000005a18        0x0 /Users/take/proj/LBED/lbed/LBED_LPC13xx/Debug/libLBED_LPC13xx.a(DigitalIn.o)
 .ARM.extab.text._ZN10DigitalOutC2Ev
                0x0000000000005a18        0xc /Users/take/proj/LBED/lbed/LBED_LPC13xx/Debug/libLBED_LPC13xx.a(DigitalOut.o)
 .ARM.extab.text._ZN10DigitalOutC2EiPKc
                0x0000000000005a24        0xc /Users/take/proj/LBED/lbed/LBED_LPC13xx/Debug/libLBED_LPC13xx.a(DigitalOut.o)
 .ARM.extab.text._ZN10DigitalOut5setupEiPKc
                0x0000000000005a30        0xc /Users/take/proj/LBED/lbed/LBED_LPC13xx/Debug/libLBED_LPC13xx.a(DigitalOut.o)
 .ARM.extab.text._ZN5Print5writeEPKc
                0x0000000000005a3c        0xc /Users/take/proj/LBED/lbed/LBED_LPC13xx/Debug/libLBED_LPC13xx.a(Print.o)
 .ARM.extab.text._ZN5Print5writeEPKci
                0x0000000000005a48        0xc /Users/take/proj/LBED/lbed/LBED_LPC13xx/Debug/libLBED_LPC13xx.a(Print.o)
 .ARM.extab.text._ZN5Print5printEPKc
                0x0000000000005a54        0xc /Users/take/proj/LBED/lbed/LBED_LPC13xx/Debug/libLBED_LPC13xx.a(Print.o)
 .ARM.extab.text._ZN5Print5printEc
                0x0000000000005a60        0xc /Users/take/proj/LBED/lbed/LBED_LPC13xx/Debug/libLBED_LPC13xx.a(Print.o)
 .ARM.extab.text._ZN5Print5printEdi
                0x0000000000005a6c        0xc /Users/take/proj/LBED/lbed/LBED_LPC13xx/Debug/libLBED_LPC13xx.a(Print.o)
 .ARM.extab.text._ZN5Print7printlnEv
                0x0000000000005a78        0xc /Users/take/proj/LBED/lbed/LBED_LPC13xx/Debug/libLBED_LPC13xx.a(Print.o)
 .ARM.extab.text._ZN5Print7printlnEPKc
                0x0000000000005a84        0xc /Users/take/proj/LBED/lbed/LBED_LPC13xx/Debug/libLBED_LPC13xx.a(Print.o)
 .ARM.extab.text._ZN5Print7printlnEc
                0x0000000000005a90        0xc /Users/take/proj/LBED/lbed/LBED_LPC13xx/Debug/libLBED_LPC13xx.a(Print.o)
 .ARM.extab.text._ZN5Print6printfEPKcz
                0x0000000000005a9c        0xc /Users/take/proj/LBED/lbed/LBED_LPC13xx/Debug/libLBED_LPC13xx.a(Print.o)
 .ARM.extab.text._ZN5Print5printEmi
                0x0000000000005aa8        0xc /Users/take/proj/LBED/lbed/LBED_LPC13xx/Debug/libLBED_LPC13xx.a(Print.o)
 .ARM.extab.text._ZN5Print5printEii
                0x0000000000005ab4        0xc /Users/take/proj/LBED/lbed/LBED_LPC13xx/Debug/libLBED_LPC13xx.a(Print.o)
 .ARM.extab.text._ZN5Print5printEli
                0x0000000000005ac0        0xc /Users/take/proj/LBED/lbed/LBED_LPC13xx/Debug/libLBED_LPC13xx.a(Print.o)
 .ARM.extab.text._ZN5Print11printNumberEmi
                0x0000000000005acc        0xc /Users/take/proj/LBED/lbed/LBED_LPC13xx/Debug/libLBED_LPC13xx.a(Print.o)
 .ARM.extab.text._ZN5Print10printFloatEdi
                0x0000000000005ad8        0xc /Users/take/proj/LBED/lbed/LBED_LPC13xx/Debug/libLBED_LPC13xx.a(Print.o)
 .ARM.extab.text._ZN9SerialCDC9availableEv
                0x0000000000005ae4        0x0 /Users/take/proj/LBED/lbed/LBED_LPC13xx/Debug/libLBED_LPC13xx.a(SerialCDC.o)
 .ARM.extab.text._ZN9SerialCDC4peekEv
                0x0000000000005ae4        0x0 /Users/take/proj/LBED/lbed/LBED_LPC13xx/Debug/libLBED_LPC13xx.a(SerialCDC.o)
 .ARM.extab.text._ZN9SerialCDC5flushEv
                0x0000000000005ae4        0x0 /Users/take/proj/LBED/lbed/LBED_LPC13xx/Debug/libLBED_LPC13xx.a(SerialCDC.o)
 .ARM.extab.text._ZN9SerialCDCC2Ev
                0x0000000000005ae4        0xc /Users/take/proj/LBED/lbed/LBED_LPC13xx/Debug/libLBED_LPC13xx.a(SerialCDC.o)
 .ARM.extab.text._ZN9SerialCDCC2EiiPKc
                0x0000000000005af0        0xc /Users/take/proj/LBED/lbed/LBED_LPC13xx/Debug/libLBED_LPC13xx.a(SerialCDC.o)
 .ARM.extab.text._ZN9SerialCDC5setupEiiPKc
                0x0000000000005afc        0xc /Users/take/proj/LBED/lbed/LBED_LPC13xx/Debug/libLBED_LPC13xx.a(SerialCDC.o)
 .ARM.extab.text._ZN9SerialCDC5writeEc
                0x0000000000005b08        0xc /Users/take/proj/LBED/lbed/LBED_LPC13xx/Debug/libLBED_LPC13xx.a(SerialCDC.o)
 .ARM.extab.text._ZN9SerialCDC4readEv
                0x0000000000005b14        0xc /Users/take/proj/LBED/lbed/LBED_LPC13xx/Debug/libLBED_LPC13xx.a(SerialCDC.o)
 .ARM.extab.text._ZN9SerialCDC16CheckSerialStateEv
                0x0000000000005b20        0xc /Users/take/proj/LBED/lbed/LBED_LPC13xx/Debug/libLBED_LPC13xx.a(SerialCDC.o)
 .ARM.extab.text.__cxa_pure_virtual
                0x0000000000005b2c        0x0 /Users/take/proj/LBED/lbed/LBED_LPC13xx/Debug/libLBED_LPC13xx.a(pure_virtual.o)
 .ARM.extab.text._ZN6Serial4peekEv
                0x0000000000005b2c        0x0 /Users/take/proj/LBED/lbed/LBED_LPC13xx/Debug/libLBED_LPC13xx.a(Serial.o)
 .ARM.extab.text._ZN6Serial5flushEv
                0x0000000000005b2c        0x0 /Users/take/proj/LBED/lbed/LBED_LPC13xx/Debug/libLBED_LPC13xx.a(Serial.o)
 .ARM.extab.text._ZN5PrintC2Ev
                0x0000000000005b2c        0x0 /Users/take/proj/LBED/lbed/LBED_LPC13xx/Debug/libLBED_LPC13xx.a(Serial.o)
 .ARM.extab.text._ZN6StreamC2Ev
                0x0000000000005b2c        0x0 /Users/take/proj/LBED/lbed/LBED_LPC13xx/Debug/libLBED_LPC13xx.a(Serial.o)
 .ARM.extab.text._ZN6SerialC2Ev
                0x0000000000005b2c        0x0 /Users/take/proj/LBED/lbed/LBED_LPC13xx/Debug/libLBED_LPC13xx.a(Serial.o)
 .ARM.extab.text._ZN6SerialC2EiiPKc
                0x0000000000005b2c        0x0 /Users/take/proj/LBED/lbed/LBED_LPC13xx/Debug/libLBED_LPC13xx.a(Serial.o)
 .ARM.extab.text._ZN6Serial5setupEiiPKc
                0x0000000000005b2c        0x0 /Users/take/proj/LBED/lbed/LBED_LPC13xx/Debug/libLBED_LPC13xx.a(Serial.o)
 .ARM.extab.text._ZN6Serial4baudEj
                0x0000000000005b2c        0x0 /Users/take/proj/LBED/lbed/LBED_LPC13xx/Debug/libLBED_LPC13xx.a(Serial.o)
 .ARM.extab.text._ZN6Serial5beginEj
                0x0000000000005b2c        0x0 /Users/take/proj/LBED/lbed/LBED_LPC13xx/Debug/libLBED_LPC13xx.a(Serial.o)
 .ARM.extab.text._ZN6Serial5writeEc
                0x0000000000005b2c        0x0 /Users/take/proj/LBED/lbed/LBED_LPC13xx/Debug/libLBED_LPC13xx.a(Serial.o)
 .ARM.extab.text._ZN6Serial4readEv
                0x0000000000005b2c        0x0 /Users/take/proj/LBED/lbed/LBED_LPC13xx/Debug/libLBED_LPC13xx.a(Serial.o)
 .ARM.extab.text._ZN6Serial9availableEv
                0x0000000000005b2c        0x0 /Users/take/proj/LBED/lbed/LBED_LPC13xx/Debug/libLBED_LPC13xx.a(Serial.o)
 .ARM.extab     0x0000000000005b2c       0x18 /Applications/lpcxpresso_4.2.4_267/lpcxpresso/Tools/bin/../lib/gcc/arm-none-eabi/4.6.2/armv7-m/libgcc.a(unwind-arm.o)
 .ARM.extab     0x0000000000005b44       0x18 /Applications/lpcxpresso_4.2.4_267/lpcxpresso/Tools/bin/../lib/gcc/arm-none-eabi/4.6.2/armv7-m/libgcc.a(pr-support.o)
                0x0000000000005b5c                __exidx_start = .

.eh_frame       0x0000000000005b5c        0x0
 .eh_frame      0x0000000000005b5c        0x0 /Applications/lpcxpresso_4.2.4_267/lpcxpresso/Tools/bin/../lib/gcc/arm-none-eabi/4.6.2/armv7-m/crtbegin.o

.ARM.exidx      0x0000000000005b5c      0x1d8
 *(.ARM.exidx* .gnu.linkonce.armexidx.*)
 .ARM.exidx.text._ZN9DigitalIncviEv
                0x0000000000005b74        0x8 ./src/TestADC.o
 .ARM.exidx.text._ZN10DigitalOut5writeEi
                0x0000000000005b7c        0x8 ./src/TestADC.o
 .ARM.exidx.text._ZN10DigitalOutaSEi
                0x0000000000005b84        0x0 ./src/TestADC.o
                                          0x8 (size before relaxing)
 .ARM.exidx.text._ZN9SerialCDC4baudEj
                0x0000000000005b84        0x0 ./src/TestADC.o
                                          0x8 (size before relaxing)
 .ARM.exidx.text.main
                0x0000000000005b84        0x8 ./src/TestADC.o
 .ARM.exidx.text._Znwj
                0x0000000000005b8c        0x8 ./src/cr_cpp_config.o
 .ARM.exidx.text._Znaj
                0x0000000000005b94        0x0 ./src/cr_cpp_config.o
                                          0x8 (size before relaxing)
 .ARM.exidx.text._ZdlPv
                0x0000000000005b94        0x0 ./src/cr_cpp_config.o
                                          0x8 (size before relaxing)
 .ARM.exidx.text._ZdaPv
                0x0000000000005b94        0x0 ./src/cr_cpp_config.o
                                          0x8 (size before relaxing)
 .ARM.exidx.text.__aeabi_atexit
                0x0000000000005b94        0x0 ./src/cr_cpp_config.o
                                          0x8 (size before relaxing)
 .ARM.exidx.text._ZN9__gnu_cxx27__verbose_terminate_handlerEv
                0x0000000000005b94        0x0 ./src/cr_cpp_config.o
                                          0x8 (size before relaxing)
 .ARM.exidx.after_vectors
                0x0000000000005b5c       0x18 ./src/cr_startup_lpc13.o
                                         0x68 (size before relaxing)
 .ARM.exidx.text._ZN8AnalogInC2Ev
                0x0000000000005b94        0x8 /Users/take/proj/LBED/lbed/LBED_LPC13xx/Debug/libLBED_LPC13xx.a(AnalogIn.o)
 .ARM.exidx.text._ZN8AnalogInC2EiPKc
                0x0000000000005b9c        0x8 /Users/take/proj/LBED/lbed/LBED_LPC13xx/Debug/libLBED_LPC13xx.a(AnalogIn.o)
 .ARM.exidx.text._ZN8AnalogIn5setupEiPKc
                0x0000000000005ba4        0x8 /Users/take/proj/LBED/lbed/LBED_LPC13xx/Debug/libLBED_LPC13xx.a(AnalogIn.o)
 .ARM.exidx.text._ZN8AnalogIn4readEv
                0x0000000000005bac        0x8 /Users/take/proj/LBED/lbed/LBED_LPC13xx/Debug/libLBED_LPC13xx.a(AnalogIn.o)
 .ARM.exidx.text._ZN8AnalogIn8read_u16Ev
                0x0000000000005bb4        0x0 /Users/take/proj/LBED/lbed/LBED_LPC13xx/Debug/libLBED_LPC13xx.a(AnalogIn.o)
                                          0x8 (size before relaxing)
 .ARM.exidx.text._ZN9DigitalInC2Ev
                0x0000000000005bb4        0x0 /Users/take/proj/LBED/lbed/LBED_LPC13xx/Debug/libLBED_LPC13xx.a(DigitalIn.o)
                                          0x8 (size before relaxing)
 .ARM.exidx.text._ZN9DigitalInC2EiPKc
                0x0000000000005bb4        0x0 /Users/take/proj/LBED/lbed/LBED_LPC13xx/Debug/libLBED_LPC13xx.a(DigitalIn.o)
                                          0x8 (size before relaxing)
 .ARM.exidx.text._ZN9DigitalIn5setupEiPKc
                0x0000000000005bb4        0x0 /Users/take/proj/LBED/lbed/LBED_LPC13xx/Debug/libLBED_LPC13xx.a(DigitalIn.o)
                                          0x8 (size before relaxing)
 .ARM.exidx.text._ZN9DigitalIn4modeEi
                0x0000000000005bb4        0x0 /Users/take/proj/LBED/lbed/LBED_LPC13xx/Debug/libLBED_LPC13xx.a(DigitalIn.o)
                                          0x8 (size before relaxing)
 .ARM.exidx.text._ZN9DigitalIn4readEv
                0x0000000000005bb4        0x0 /Users/take/proj/LBED/lbed/LBED_LPC13xx/Debug/libLBED_LPC13xx.a(DigitalIn.o)
                                          0x8 (size before relaxing)
 .ARM.exidx.text._ZN10DigitalOutC2Ev
                0x0000000000005bb4        0x8 /Users/take/proj/LBED/lbed/LBED_LPC13xx/Debug/libLBED_LPC13xx.a(DigitalOut.o)
 .ARM.exidx.text._ZN10DigitalOutC2EiPKc
                0x0000000000005bbc        0x8 /Users/take/proj/LBED/lbed/LBED_LPC13xx/Debug/libLBED_LPC13xx.a(DigitalOut.o)
 .ARM.exidx.text._ZN10DigitalOut5setupEiPKc
                0x0000000000005bc4        0x8 /Users/take/proj/LBED/lbed/LBED_LPC13xx/Debug/libLBED_LPC13xx.a(DigitalOut.o)
 .ARM.exidx.text._ZN5Print5writeEPKc
                0x0000000000005bcc        0x8 /Users/take/proj/LBED/lbed/LBED_LPC13xx/Debug/libLBED_LPC13xx.a(Print.o)
 .ARM.exidx.text._ZN5Print5writeEPKci
                0x0000000000005bd4        0x8 /Users/take/proj/LBED/lbed/LBED_LPC13xx/Debug/libLBED_LPC13xx.a(Print.o)
 .ARM.exidx.text._ZN5Print5printEPKc
                0x0000000000005bdc        0x8 /Users/take/proj/LBED/lbed/LBED_LPC13xx/Debug/libLBED_LPC13xx.a(Print.o)
 .ARM.exidx.text._ZN5Print5printEc
                0x0000000000005be4        0x8 /Users/take/proj/LBED/lbed/LBED_LPC13xx/Debug/libLBED_LPC13xx.a(Print.o)
 .ARM.exidx.text._ZN5Print5printEdi
                0x0000000000005bec        0x8 /Users/take/proj/LBED/lbed/LBED_LPC13xx/Debug/libLBED_LPC13xx.a(Print.o)
 .ARM.exidx.text._ZN5Print7printlnEv
                0x0000000000005bf4        0x8 /Users/take/proj/LBED/lbed/LBED_LPC13xx/Debug/libLBED_LPC13xx.a(Print.o)
 .ARM.exidx.text._ZN5Print7printlnEPKc
                0x0000000000005bfc        0x8 /Users/take/proj/LBED/lbed/LBED_LPC13xx/Debug/libLBED_LPC13xx.a(Print.o)
 .ARM.exidx.text._ZN5Print7printlnEc
                0x0000000000005c04        0x8 /Users/take/proj/LBED/lbed/LBED_LPC13xx/Debug/libLBED_LPC13xx.a(Print.o)
 .ARM.exidx.text._ZN5Print6printfEPKcz
                0x0000000000005c0c        0x8 /Users/take/proj/LBED/lbed/LBED_LPC13xx/Debug/libLBED_LPC13xx.a(Print.o)
 .ARM.exidx.text._ZN5Print5printEmi
                0x0000000000005c14        0x8 /Users/take/proj/LBED/lbed/LBED_LPC13xx/Debug/libLBED_LPC13xx.a(Print.o)
 .ARM.exidx.text._ZN5Print5printEii
                0x0000000000005c1c        0x8 /Users/take/proj/LBED/lbed/LBED_LPC13xx/Debug/libLBED_LPC13xx.a(Print.o)
 .ARM.exidx.text._ZN5Print5printEli
                0x0000000000005c24        0x8 /Users/take/proj/LBED/lbed/LBED_LPC13xx/Debug/libLBED_LPC13xx.a(Print.o)
 .ARM.exidx.text._ZN5Print11printNumberEmi
                0x0000000000005c2c        0x8 /Users/take/proj/LBED/lbed/LBED_LPC13xx/Debug/libLBED_LPC13xx.a(Print.o)
 .ARM.exidx.text._ZN5Print10printFloatEdi
                0x0000000000005c34        0x8 /Users/take/proj/LBED/lbed/LBED_LPC13xx/Debug/libLBED_LPC13xx.a(Print.o)
 .ARM.exidx.text._ZN9SerialCDC9availableEv
                0x0000000000005c3c        0x8 /Users/take/proj/LBED/lbed/LBED_LPC13xx/Debug/libLBED_LPC13xx.a(SerialCDC.o)
 .ARM.exidx.text._ZN9SerialCDC4peekEv
                0x0000000000005c44        0x0 /Users/take/proj/LBED/lbed/LBED_LPC13xx/Debug/libLBED_LPC13xx.a(SerialCDC.o)
                                          0x8 (size before relaxing)
 .ARM.exidx.text._ZN9SerialCDC5flushEv
                0x0000000000005c44        0x0 /Users/take/proj/LBED/lbed/LBED_LPC13xx/Debug/libLBED_LPC13xx.a(SerialCDC.o)
                                          0x8 (size before relaxing)
 .ARM.exidx.text._ZN9SerialCDCC2Ev
                0x0000000000005c44        0x8 /Users/take/proj/LBED/lbed/LBED_LPC13xx/Debug/libLBED_LPC13xx.a(SerialCDC.o)
 .ARM.exidx.text._ZN9SerialCDCC2EiiPKc
                0x0000000000005c4c        0x8 /Users/take/proj/LBED/lbed/LBED_LPC13xx/Debug/libLBED_LPC13xx.a(SerialCDC.o)
 .ARM.exidx.text._ZN9SerialCDC5setupEiiPKc
                0x0000000000005c54        0x8 /Users/take/proj/LBED/lbed/LBED_LPC13xx/Debug/libLBED_LPC13xx.a(SerialCDC.o)
 .ARM.exidx.text._ZN9SerialCDC5writeEc
                0x0000000000005c5c        0x8 /Users/take/proj/LBED/lbed/LBED_LPC13xx/Debug/libLBED_LPC13xx.a(SerialCDC.o)
 .ARM.exidx.text._ZN9SerialCDC4readEv
                0x0000000000005c64        0x8 /Users/take/proj/LBED/lbed/LBED_LPC13xx/Debug/libLBED_LPC13xx.a(SerialCDC.o)
 .ARM.exidx.text._ZN9SerialCDC16CheckSerialStateEv
                0x0000000000005c6c        0x8 /Users/take/proj/LBED/lbed/LBED_LPC13xx/Debug/libLBED_LPC13xx.a(SerialCDC.o)
 .ARM.exidx.text.__cxa_pure_virtual
                0x0000000000005c74        0x8 /Users/take/proj/LBED/lbed/LBED_LPC13xx/Debug/libLBED_LPC13xx.a(pure_virtual.o)
 .ARM.exidx.text._ZN6Serial4peekEv
                0x0000000000005c7c        0x0 /Users/take/proj/LBED/lbed/LBED_LPC13xx/Debug/libLBED_LPC13xx.a(Serial.o)
                                          0x8 (size before relaxing)
 .ARM.exidx.text._ZN6Serial5flushEv
                0x0000000000005c7c        0x0 /Users/take/proj/LBED/lbed/LBED_LPC13xx/Debug/libLBED_LPC13xx.a(Serial.o)
                                          0x8 (size before relaxing)
 .ARM.exidx.text._ZN5PrintC2Ev
                0x0000000000005c7c        0x0 /Users/take/proj/LBED/lbed/LBED_LPC13xx/Debug/libLBED_LPC13xx.a(Serial.o)
                                          0x8 (size before relaxing)
 .ARM.exidx.text._ZN6StreamC2Ev
                0x0000000000005c7c        0x0 /Users/take/proj/LBED/lbed/LBED_LPC13xx/Debug/libLBED_LPC13xx.a(Serial.o)
                                          0x8 (size before relaxing)
 .ARM.exidx.text._ZN6SerialC2Ev
                0x0000000000005c7c        0x0 /Users/take/proj/LBED/lbed/LBED_LPC13xx/Debug/libLBED_LPC13xx.a(Serial.o)
                                          0x8 (size before relaxing)
 .ARM.exidx.text._ZN6SerialC2EiiPKc
                0x0000000000005c7c        0x0 /Users/take/proj/LBED/lbed/LBED_LPC13xx/Debug/libLBED_LPC13xx.a(Serial.o)
                                          0x8 (size before relaxing)
 .ARM.exidx.text._ZN6Serial5setupEiiPKc
                0x0000000000005c7c        0x0 /Users/take/proj/LBED/lbed/LBED_LPC13xx/Debug/libLBED_LPC13xx.a(Serial.o)
                                          0x8 (size before relaxing)
 .ARM.exidx.text._ZN6Serial4baudEj
                0x0000000000005c7c        0x0 /Users/take/proj/LBED/lbed/LBED_LPC13xx/Debug/libLBED_LPC13xx.a(Serial.o)
                                          0x8 (size before relaxing)
 .ARM.exidx.text._ZN6Serial5beginEj
                0x0000000000005c7c        0x0 /Users/take/proj/LBED/lbed/LBED_LPC13xx/Debug/libLBED_LPC13xx.a(Serial.o)
                                          0x8 (size before relaxing)
 .ARM.exidx.text._ZN6Serial5writeEc
                0x0000000000005c7c        0x0 /Users/take/proj/LBED/lbed/LBED_LPC13xx/Debug/libLBED_LPC13xx.a(Serial.o)
                                          0x8 (size before relaxing)
 .ARM.exidx.text._ZN6Serial4readEv
                0x0000000000005c7c        0x0 /Users/take/proj/LBED/lbed/LBED_LPC13xx/Debug/libLBED_LPC13xx.a(Serial.o)
                                          0x8 (size before relaxing)
 .ARM.exidx.text._ZN6Serial9availableEv
                0x0000000000005c7c        0x0 /Users/take/proj/LBED/lbed/LBED_LPC13xx/Debug/libLBED_LPC13xx.a(Serial.o)
                                          0x8 (size before relaxing)
 .ARM.exidx     0x0000000000005c7c       0x80 /Applications/lpcxpresso_4.2.4_267/lpcxpresso/Tools/bin/../lib/gcc/arm-none-eabi/4.6.2/armv7-m/libgcc.a(unwind-arm.o)
                                         0xc0 (size before relaxing)
 .ARM.exidx     0x0000000000005cfc       0x38 /Applications/lpcxpresso_4.2.4_267/lpcxpresso/Tools/bin/../lib/gcc/arm-none-eabi/4.6.2/armv7-m/libgcc.a(pr-support.o)
                                         0x48 (size before relaxing)
                0x0000000000005d34                __exidx_end = .
                0x0000000000005d34                _etext = .

.uninit_RESERVED
 *(.bss.$RESERVED*)

.data           0x0000000010000000      0x850 load address 0x0000000000005d38
 FILL mask 0xff
                0x0000000010000000                _data = .
 *(vtable)
 *(.data*)
 .data.SystemCoreClock
                0x0000000010000000        0x4 /Users/take/proj/LBED/lbed/CMSISv2p00_LPC13xx/Debug/libCMSISv2p00_LPC13xx.a(system_LPC13xx.o)
                0x0000000010000000                SystemCoreClock
 .data.CDC_DepInEmpty
                0x0000000010000004        0x2 /Users/take/proj/LBED/lbed/LBED_LPC13xx/Debug/libLBED_LPC13xx.a(_cdcuser.o)
                0x0000000010000004                CDC_DepInEmpty
 .data.CDC_LineCoding
                0x0000000010000006        0x7 /Users/take/proj/LBED/lbed/LBED_LPC13xx/Debug/libLBED_LPC13xx.a(_cdcuser.o)
                0x0000000010000006                CDC_LineCoding
 *fill*         0x000000001000000d        0x3 00
 .data          0x0000000010000010      0x410 /Applications/lpcxpresso_4.2.4_267/lpcxpresso/Tools/bin/../lib/gcc/arm-none-eabi/4.6.2/../../../../arm-none-eabi/lib/armv7-m/libc.a(lib_a-mallocr.o)
                0x0000000010000010                __malloc_av_
                0x0000000010000418                __malloc_sbrk_base
                0x000000001000041c                __malloc_trim_threshold
 .data          0x0000000010000420      0x430 /Applications/lpcxpresso_4.2.4_267/lpcxpresso/Tools/bin/../lib/gcc/arm-none-eabi/4.6.2/../../../../arm-none-eabi/lib/armv7-m/libc.a(lib_a-impure.o)
                0x0000000010000420                _impure_ptr
                0x0000000010000850                . = ALIGN (0x4)
                0x0000000010000850                _edata = .

.jcr            0x0000000010000850        0x0 load address 0x0000000000006588
 .jcr           0x0000000010000850        0x0 /Applications/lpcxpresso_4.2.4_267/lpcxpresso/Tools/bin/../lib/gcc/arm-none-eabi/4.6.2/armv7-m/crtbegin.o

.bss            0x0000000010000850      0x1a0 load address 0x0000000000006588
                0x0000000010000850                _bss = .
 *(.bss*)
 .bss.CDC_SerialState
                0x0000000010000850        0x2 /Users/take/proj/LBED/lbed/LBED_LPC13xx/Debug/libLBED_LPC13xx.a(_cdcuser.o)
                0x0000000010000850                CDC_SerialState
 .bss.serialState.3748
                0x0000000010000852        0x2 /Users/take/proj/LBED/lbed/LBED_LPC13xx/Debug/libLBED_LPC13xx.a(_usbuser.o)
 .bss           0x0000000010000854       0x34 /Applications/lpcxpresso_4.2.4_267/lpcxpresso/Tools/bin/../lib/gcc/arm-none-eabi/4.6.2/../../../../arm-none-eabi/lib/armv7-m/libc.a(lib_a-mallocr.o)
                0x0000000010000854                __malloc_top_pad
                0x0000000010000858                __malloc_current_mallinfo
                0x0000000010000880                __malloc_max_sbrked_mem
                0x0000000010000884                __malloc_max_total_mem
 .bss           0x0000000010000888       0x1c /Applications/lpcxpresso_4.2.4_267/lpcxpresso/Tools/bin/../lib/gcc/arm-none-eabi/4.6.2/armv7-m/crtbegin.o
 *(COMMON)
 COMMON         0x00000000100008a4        0x4 /Users/take/proj/LBED/lbed/LBED_LPC13xx/Debug/libLBED_LPC13xx.a(wait_api.o)
                0x00000000100008a4                msTicks
 COMMON         0x00000000100008a8       0xd4 /Users/take/proj/LBED/lbed/LBED_LPC13xx/Debug/libLBED_LPC13xx.a(_cdcuser.o)
                0x00000000100008a8                BulkBufOut
                0x00000000100008e8                NotificationBuf
                0x00000000100008f2                BulkBufIn
                0x0000000010000934                CDC_OutBuf
 COMMON         0x000000001000097c       0x6a /Users/take/proj/LBED/lbed/LBED_LPC13xx/Debug/libLBED_LPC13xx.a(_usbcore.o)
                0x000000001000097c                USB_AltSetting
                0x000000001000097d                EP0Buf
                0x00000000100009c0                USB_EndPointMask
                0x00000000100009c4                USB_DeviceAddress
                0x00000000100009c8                USB_EndPointStall
                0x00000000100009cc                USB_EndPointHalt
                0x00000000100009d0                USB_Configuration
                0x00000000100009d1                SetupPacket
                0x00000000100009d9                USB_NumInterfaces
                0x00000000100009dc                EP0Data
                0x00000000100009e4                USB_DeviceStatus
 *fill*         0x00000000100009e6        0x2 00
 COMMON         0x00000000100009e8        0x4 /Applications/lpcxpresso_4.2.4_267/lpcxpresso/Tools/bin/../lib/gcc/arm-none-eabi/4.6.2/../../../../arm-none-eabi/lib/armv7-m/libc.a(lib_a-reent.o)
                0x00000000100009e8                errno
 COMMON         0x00000000100009ec        0x4 /Applications/lpcxpresso_4.2.4_267/lpcxpresso/Tools/bin/../lib/gcc/arm-none-eabi/4.6.2/../../../../arm-none-eabi/lib/armv7-m/libcr_newlib_nohost.a(_cr_sbrk.o)
                0x00000000100009ec                __end_of_heap
                0x00000000100009f0                . = ALIGN (0x4)
                0x00000000100009f0                _ebss = .
                0x00000000100009f0                PROVIDE (end, .)
                0x00000000100009f0                PROVIDE (_pvHeapStart, .)
                0x0000000010002000                PROVIDE (_vStackTop, (__top_RamLoc8 - 0x0))
OUTPUT(LBED_LPC13xx_MAIN.axf elf32-littlearm)

.debug_info     0x0000000000000000     0x8d14
 .debug_info    0x0000000000000000     0x124e ./src/ForSerialCDC_usbhw.o
 .debug_info    0x000000000000124e      0xe57 ./src/TestADC.o
 .debug_info    0x00000000000020a5      0x1ba ./src/cr_cpp_config.o
 .debug_info    0x000000000000225f      0x2fc ./src/cr_startup_lpc13.o
 .debug_info    0x000000000000255b      0x5a9 /Users/take/proj/LBED/lbed/CMSISv2p00_LPC13xx/Debug/libCMSISv2p00_LPC13xx.a(system_LPC13xx.o)
 .debug_info    0x0000000000002b04     0x127d /Users/take/proj/LBED/lbed/LBED_LPC13xx/Debug/libLBED_LPC13xx.a(AnalogIn.o)
 .debug_info    0x0000000000003d81      0xfc3 /Users/take/proj/LBED/lbed/LBED_LPC13xx/Debug/libLBED_LPC13xx.a(DigitalIn.o)
 .debug_info    0x0000000000004d44      0x4e7 /Users/take/proj/LBED/lbed/LBED_LPC13xx/Debug/libLBED_LPC13xx.a(DigitalOut.o)
 .debug_info    0x000000000000522b      0x842 /Users/take/proj/LBED/lbed/LBED_LPC13xx/Debug/libLBED_LPC13xx.a(Print.o)
 .debug_info    0x0000000000005a6d      0x599 /Users/take/proj/LBED/lbed/LBED_LPC13xx/Debug/libLBED_LPC13xx.a(SerialCDC.o)
 .debug_info    0x0000000000006006       0x3e /Users/take/proj/LBED/lbed/LBED_LPC13xx/Debug/libLBED_LPC13xx.a(pure_virtual.o)
 .debug_info    0x0000000000006044      0x6da /Users/take/proj/LBED/lbed/LBED_LPC13xx/Debug/libLBED_LPC13xx.a(wait_api.o)
 .debug_info    0x000000000000671e      0x533 /Users/take/proj/LBED/lbed/LBED_LPC13xx/Debug/libLBED_LPC13xx.a(_cdcuser.o)
 .debug_info    0x0000000000006c51      0x9e1 /Users/take/proj/LBED/lbed/LBED_LPC13xx/Debug/libLBED_LPC13xx.a(_usbcore.o)
 .debug_info    0x0000000000007632      0x20e /Users/take/proj/LBED/lbed/LBED_LPC13xx/Debug/libLBED_LPC13xx.a(_usbuser.o)
 .debug_info    0x0000000000007840     0x106f /Users/take/proj/LBED/lbed/LBED_LPC13xx/Debug/libLBED_LPC13xx.a(Serial.o)
 .debug_info    0x00000000000088af       0xec /Users/take/proj/LBED/lbed/LBED_LPC13xx/Debug/libLBED_LPC13xx.a(_cdc_usbdesc.o)
 .debug_info    0x000000000000899b      0x102 /Applications/lpcxpresso_4.2.4_267/lpcxpresso/Tools/bin/../lib/gcc/arm-none-eabi/4.6.2/../../../../arm-none-eabi/lib/armv7-m/libcr_newlib_nohost.a(_cr_sbrk.o)
 .debug_info    0x0000000000008a9d       0x5b /Applications/lpcxpresso_4.2.4_267/lpcxpresso/Tools/bin/../lib/gcc/arm-none-eabi/4.6.2/../../../../arm-none-eabi/lib/armv7-m/libcr_newlib_nohost.a(_exit.o)
 .debug_info    0x0000000000008af8       0xa5 /Applications/lpcxpresso_4.2.4_267/lpcxpresso/Tools/bin/../lib/gcc/arm-none-eabi/4.6.2/../../../../arm-none-eabi/lib/armv7-m/libcr_newlib_nohost.a(getpid.o)
 .debug_info    0x0000000000008b9d       0xc6 /Applications/lpcxpresso_4.2.4_267/lpcxpresso/Tools/bin/../lib/gcc/arm-none-eabi/4.6.2/../../../../arm-none-eabi/lib/armv7-m/libcr_newlib_nohost.a(kill.o)
 .debug_info    0x0000000000008c63       0xb1 /Applications/lpcxpresso_4.2.4_267/lpcxpresso/Tools/bin/../lib/gcc/arm-none-eabi/4.6.2/../../../../arm-none-eabi/lib/armv7-m/libcr_newlib_nohost.a(_cr_check_heap.o)

.debug_abbrev   0x0000000000000000     0x20cc
 .debug_abbrev  0x0000000000000000      0x264 ./src/ForSerialCDC_usbhw.o
 .debug_abbrev  0x0000000000000264      0x251 ./src/TestADC.o
 .debug_abbrev  0x00000000000004b5       0xec ./src/cr_cpp_config.o
 .debug_abbrev  0x00000000000005a1      0x110 ./src/cr_startup_lpc13.o
 .debug_abbrev  0x00000000000006b1      0x120 /Users/take/proj/LBED/lbed/CMSISv2p00_LPC13xx/Debug/libCMSISv2p00_LPC13xx.a(system_LPC13xx.o)
 .debug_abbrev  0x00000000000007d1      0x2f1 /Users/take/proj/LBED/lbed/LBED_LPC13xx/Debug/libLBED_LPC13xx.a(AnalogIn.o)
 .debug_abbrev  0x0000000000000ac2      0x27d /Users/take/proj/LBED/lbed/LBED_LPC13xx/Debug/libLBED_LPC13xx.a(DigitalIn.o)
 .debug_abbrev  0x0000000000000d3f      0x237 /Users/take/proj/LBED/lbed/LBED_LPC13xx/Debug/libLBED_LPC13xx.a(DigitalOut.o)
 .debug_abbrev  0x0000000000000f76      0x1bb /Users/take/proj/LBED/lbed/LBED_LPC13xx/Debug/libLBED_LPC13xx.a(Print.o)
 .debug_abbrev  0x0000000000001131      0x225 /Users/take/proj/LBED/lbed/LBED_LPC13xx/Debug/libLBED_LPC13xx.a(SerialCDC.o)
 .debug_abbrev  0x0000000000001356       0x29 /Users/take/proj/LBED/lbed/LBED_LPC13xx/Debug/libLBED_LPC13xx.a(pure_virtual.o)
 .debug_abbrev  0x000000000000137f      0x204 /Users/take/proj/LBED/lbed/LBED_LPC13xx/Debug/libLBED_LPC13xx.a(wait_api.o)
 .debug_abbrev  0x0000000000001583      0x1ad /Users/take/proj/LBED/lbed/LBED_LPC13xx/Debug/libLBED_LPC13xx.a(_cdcuser.o)
 .debug_abbrev  0x0000000000001730      0x2e4 /Users/take/proj/LBED/lbed/LBED_LPC13xx/Debug/libLBED_LPC13xx.a(_usbcore.o)
 .debug_abbrev  0x0000000000001a14      0x143 /Users/take/proj/LBED/lbed/LBED_LPC13xx/Debug/libLBED_LPC13xx.a(_usbuser.o)
 .debug_abbrev  0x0000000000001b57      0x2e8 /Users/take/proj/LBED/lbed/LBED_LPC13xx/Debug/libLBED_LPC13xx.a(Serial.o)
 .debug_abbrev  0x0000000000001e3f       0x61 /Users/take/proj/LBED/lbed/LBED_LPC13xx/Debug/libLBED_LPC13xx.a(_cdc_usbdesc.o)
 .debug_abbrev  0x0000000000001ea0       0xa6 /Applications/lpcxpresso_4.2.4_267/lpcxpresso/Tools/bin/../lib/gcc/arm-none-eabi/4.6.2/../../../../arm-none-eabi/lib/armv7-m/libcr_newlib_nohost.a(_cr_sbrk.o)
 .debug_abbrev  0x0000000000001f46       0x52 /Applications/lpcxpresso_4.2.4_267/lpcxpresso/Tools/bin/../lib/gcc/arm-none-eabi/4.6.2/../../../../arm-none-eabi/lib/armv7-m/libcr_newlib_nohost.a(_exit.o)
 .debug_abbrev  0x0000000000001f98       0x52 /Applications/lpcxpresso_4.2.4_267/lpcxpresso/Tools/bin/../lib/gcc/arm-none-eabi/4.6.2/../../../../arm-none-eabi/lib/armv7-m/libcr_newlib_nohost.a(getpid.o)
 .debug_abbrev  0x0000000000001fea       0x72 /Applications/lpcxpresso_4.2.4_267/lpcxpresso/Tools/bin/../lib/gcc/arm-none-eabi/4.6.2/../../../../arm-none-eabi/lib/armv7-m/libcr_newlib_nohost.a(kill.o)
 .debug_abbrev  0x000000000000205c       0x70 /Applications/lpcxpresso_4.2.4_267/lpcxpresso/Tools/bin/../lib/gcc/arm-none-eabi/4.6.2/../../../../arm-none-eabi/lib/armv7-m/libcr_newlib_nohost.a(_cr_check_heap.o)

.debug_loc      0x0000000000000000     0x1e6e
 .debug_loc     0x0000000000000000      0x610 ./src/ForSerialCDC_usbhw.o
 .debug_loc     0x0000000000000610      0x11a ./src/TestADC.o
 .debug_loc     0x000000000000072a      0x144 ./src/cr_cpp_config.o
 .debug_loc     0x000000000000086e      0x260 ./src/cr_startup_lpc13.o
 .debug_loc     0x0000000000000ace       0x5d /Users/take/proj/LBED/lbed/CMSISv2p00_LPC13xx/Debug/libCMSISv2p00_LPC13xx.a(system_LPC13xx.o)
 .debug_loc     0x0000000000000b2b      0x118 /Users/take/proj/LBED/lbed/LBED_LPC13xx/Debug/libLBED_LPC13xx.a(AnalogIn.o)
 .debug_loc     0x0000000000000c43      0x118 /Users/take/proj/LBED/lbed/LBED_LPC13xx/Debug/libLBED_LPC13xx.a(DigitalIn.o)
 .debug_loc     0x0000000000000d5b       0xa8 /Users/take/proj/LBED/lbed/LBED_LPC13xx/Debug/libLBED_LPC13xx.a(DigitalOut.o)
 .debug_loc     0x0000000000000e03      0x322 /Users/take/proj/LBED/lbed/LBED_LPC13xx/Debug/libLBED_LPC13xx.a(Print.o)
 .debug_loc     0x0000000000001125      0x1f8 /Users/take/proj/LBED/lbed/LBED_LPC13xx/Debug/libLBED_LPC13xx.a(SerialCDC.o)
 .debug_loc     0x000000000000131d       0x2c /Users/take/proj/LBED/lbed/LBED_LPC13xx/Debug/libLBED_LPC13xx.a(pure_virtual.o)
 .debug_loc     0x0000000000001349       0x51 /Users/take/proj/LBED/lbed/LBED_LPC13xx/Debug/libLBED_LPC13xx.a(wait_api.o)
 .debug_loc     0x000000000000139a      0x218 /Users/take/proj/LBED/lbed/LBED_LPC13xx/Debug/libLBED_LPC13xx.a(_cdcuser.o)
 .debug_loc     0x00000000000015b2      0x51c /Users/take/proj/LBED/lbed/LBED_LPC13xx/Debug/libLBED_LPC13xx.a(_usbcore.o)
 .debug_loc     0x0000000000001ace       0x6f /Users/take/proj/LBED/lbed/LBED_LPC13xx/Debug/libLBED_LPC13xx.a(_usbuser.o)
 .debug_loc     0x0000000000001b3d      0x2a0 /Users/take/proj/LBED/lbed/LBED_LPC13xx/Debug/libLBED_LPC13xx.a(Serial.o)
 .debug_loc     0x0000000000001ddd       0x55 /Applications/lpcxpresso_4.2.4_267/lpcxpresso/Tools/bin/../lib/gcc/arm-none-eabi/4.6.2/../../../../arm-none-eabi/lib/armv7-m/libcr_newlib_nohost.a(_cr_sbrk.o)
 .debug_loc     0x0000000000001e32       0x13 /Applications/lpcxpresso_4.2.4_267/lpcxpresso/Tools/bin/../lib/gcc/arm-none-eabi/4.6.2/../../../../arm-none-eabi/lib/armv7-m/libcr_newlib_nohost.a(kill.o)
 .debug_loc     0x0000000000001e45       0x29 /Applications/lpcxpresso_4.2.4_267/lpcxpresso/Tools/bin/../lib/gcc/arm-none-eabi/4.6.2/../../../../arm-none-eabi/lib/armv7-m/libcr_newlib_nohost.a(_cr_check_heap.o)

.debug_aranges  0x0000000000000000      0x6c0
 .debug_aranges
                0x0000000000000000      0x100 ./src/ForSerialCDC_usbhw.o
 .debug_aranges
                0x0000000000000100       0x40 ./src/TestADC.o
 .debug_aranges
                0x0000000000000140       0x48 ./src/cr_cpp_config.o
 .debug_aranges
                0x0000000000000188       0x80 ./src/cr_startup_lpc13.o
 .debug_aranges
                0x0000000000000208       0x28 /Users/take/proj/LBED/lbed/CMSISv2p00_LPC13xx/Debug/libCMSISv2p00_LPC13xx.a(system_LPC13xx.o)
 .debug_aranges
                0x0000000000000230       0x40 /Users/take/proj/LBED/lbed/LBED_LPC13xx/Debug/libLBED_LPC13xx.a(AnalogIn.o)
 .debug_aranges
                0x0000000000000270       0x40 /Users/take/proj/LBED/lbed/LBED_LPC13xx/Debug/libLBED_LPC13xx.a(DigitalIn.o)
 .debug_aranges
                0x00000000000002b0       0x30 /Users/take/proj/LBED/lbed/LBED_LPC13xx/Debug/libLBED_LPC13xx.a(DigitalOut.o)
 .debug_aranges
                0x00000000000002e0       0x88 /Users/take/proj/LBED/lbed/LBED_LPC13xx/Debug/libLBED_LPC13xx.a(Print.o)
 .debug_aranges
                0x0000000000000368       0x60 /Users/take/proj/LBED/lbed/LBED_LPC13xx/Debug/libLBED_LPC13xx.a(SerialCDC.o)
 .debug_aranges
                0x00000000000003c8       0x20 /Users/take/proj/LBED/lbed/LBED_LPC13xx/Debug/libLBED_LPC13xx.a(pure_virtual.o)
 .debug_aranges
                0x00000000000003e8       0x38 /Users/take/proj/LBED/lbed/LBED_LPC13xx/Debug/libLBED_LPC13xx.a(wait_api.o)
 .debug_aranges
                0x0000000000000420       0xa0 /Users/take/proj/LBED/lbed/LBED_LPC13xx/Debug/libLBED_LPC13xx.a(_cdcuser.o)
 .debug_aranges
                0x00000000000004c0       0x98 /Users/take/proj/LBED/lbed/LBED_LPC13xx/Debug/libLBED_LPC13xx.a(_usbcore.o)
 .debug_aranges
                0x0000000000000558       0x50 /Users/take/proj/LBED/lbed/LBED_LPC13xx/Debug/libLBED_LPC13xx.a(_usbuser.o)
 .debug_aranges
                0x00000000000005a8       0x78 /Users/take/proj/LBED/lbed/LBED_LPC13xx/Debug/libLBED_LPC13xx.a(Serial.o)
 .debug_aranges
                0x0000000000000620       0x20 /Applications/lpcxpresso_4.2.4_267/lpcxpresso/Tools/bin/../lib/gcc/arm-none-eabi/4.6.2/../../../../arm-none-eabi/lib/armv7-m/libcr_newlib_nohost.a(_cr_sbrk.o)
 .debug_aranges
                0x0000000000000640       0x20 /Applications/lpcxpresso_4.2.4_267/lpcxpresso/Tools/bin/../lib/gcc/arm-none-eabi/4.6.2/../../../../arm-none-eabi/lib/armv7-m/libcr_newlib_nohost.a(_exit.o)
 .debug_aranges
                0x0000000000000660       0x20 /Applications/lpcxpresso_4.2.4_267/lpcxpresso/Tools/bin/../lib/gcc/arm-none-eabi/4.6.2/../../../../arm-none-eabi/lib/armv7-m/libcr_newlib_nohost.a(getpid.o)
 .debug_aranges
                0x0000000000000680       0x20 /Applications/lpcxpresso_4.2.4_267/lpcxpresso/Tools/bin/../lib/gcc/arm-none-eabi/4.6.2/../../../../arm-none-eabi/lib/armv7-m/libcr_newlib_nohost.a(kill.o)
 .debug_aranges
                0x00000000000006a0       0x20 /Applications/lpcxpresso_4.2.4_267/lpcxpresso/Tools/bin/../lib/gcc/arm-none-eabi/4.6.2/../../../../arm-none-eabi/lib/armv7-m/libcr_newlib_nohost.a(_cr_check_heap.o)

.debug_ranges   0x0000000000000000      0x580
 .debug_ranges  0x0000000000000000       0xf0 ./src/ForSerialCDC_usbhw.o
 .debug_ranges  0x00000000000000f0       0x30 ./src/TestADC.o
 .debug_ranges  0x0000000000000120       0x38 ./src/cr_cpp_config.o
 .debug_ranges  0x0000000000000158       0x70 ./src/cr_startup_lpc13.o
 .debug_ranges  0x00000000000001c8       0x18 /Users/take/proj/LBED/lbed/CMSISv2p00_LPC13xx/Debug/libCMSISv2p00_LPC13xx.a(system_LPC13xx.o)
 .debug_ranges  0x00000000000001e0       0x30 /Users/take/proj/LBED/lbed/LBED_LPC13xx/Debug/libLBED_LPC13xx.a(AnalogIn.o)
 .debug_ranges  0x0000000000000210       0x30 /Users/take/proj/LBED/lbed/LBED_LPC13xx/Debug/libLBED_LPC13xx.a(DigitalIn.o)
 .debug_ranges  0x0000000000000240       0x20 /Users/take/proj/LBED/lbed/LBED_LPC13xx/Debug/libLBED_LPC13xx.a(DigitalOut.o)
 .debug_ranges  0x0000000000000260       0x78 /Users/take/proj/LBED/lbed/LBED_LPC13xx/Debug/libLBED_LPC13xx.a(Print.o)
 .debug_ranges  0x00000000000002d8       0x50 /Users/take/proj/LBED/lbed/LBED_LPC13xx/Debug/libLBED_LPC13xx.a(SerialCDC.o)
 .debug_ranges  0x0000000000000328       0x10 /Users/take/proj/LBED/lbed/LBED_LPC13xx/Debug/libLBED_LPC13xx.a(pure_virtual.o)
 .debug_ranges  0x0000000000000338       0x58 /Users/take/proj/LBED/lbed/LBED_LPC13xx/Debug/libLBED_LPC13xx.a(wait_api.o)
 .debug_ranges  0x0000000000000390       0x90 /Users/take/proj/LBED/lbed/LBED_LPC13xx/Debug/libLBED_LPC13xx.a(_cdcuser.o)
 .debug_ranges  0x0000000000000420       0x88 /Users/take/proj/LBED/lbed/LBED_LPC13xx/Debug/libLBED_LPC13xx.a(_usbcore.o)
 .debug_ranges  0x00000000000004a8       0x70 /Users/take/proj/LBED/lbed/LBED_LPC13xx/Debug/libLBED_LPC13xx.a(_usbuser.o)
 .debug_ranges  0x0000000000000518       0x68 /Users/take/proj/LBED/lbed/LBED_LPC13xx/Debug/libLBED_LPC13xx.a(Serial.o)

.debug_line     0x0000000000000000     0x3767
 .debug_line    0x0000000000000000      0x651 ./src/ForSerialCDC_usbhw.o
 .debug_line    0x0000000000000651      0x89c ./src/TestADC.o
 .debug_line    0x0000000000000eed      0x5d7 ./src/cr_cpp_config.o
 .debug_line    0x00000000000014c4      0x353 ./src/cr_startup_lpc13.o
 .debug_line    0x0000000000001817      0x3f5 /Users/take/proj/LBED/lbed/CMSISv2p00_LPC13xx/Debug/libCMSISv2p00_LPC13xx.a(system_LPC13xx.o)
 .debug_line    0x0000000000001c0c      0x1ff /Users/take/proj/LBED/lbed/LBED_LPC13xx/Debug/libLBED_LPC13xx.a(AnalogIn.o)
 .debug_line    0x0000000000001e0b      0x242 /Users/take/proj/LBED/lbed/LBED_LPC13xx/Debug/libLBED_LPC13xx.a(DigitalIn.o)
 .debug_line    0x000000000000204d      0x1a8 /Users/take/proj/LBED/lbed/LBED_LPC13xx/Debug/libLBED_LPC13xx.a(DigitalOut.o)
 .debug_line    0x00000000000021f5      0x358 /Users/take/proj/LBED/lbed/LBED_LPC13xx/Debug/libLBED_LPC13xx.a(Print.o)
 .debug_line    0x000000000000254d      0x27a /Users/take/proj/LBED/lbed/LBED_LPC13xx/Debug/libLBED_LPC13xx.a(SerialCDC.o)
 .debug_line    0x00000000000027c7       0x52 /Users/take/proj/LBED/lbed/LBED_LPC13xx/Debug/libLBED_LPC13xx.a(pure_virtual.o)
 .debug_line    0x0000000000002819      0x197 /Users/take/proj/LBED/lbed/LBED_LPC13xx/Debug/libLBED_LPC13xx.a(wait_api.o)
 .debug_line    0x00000000000029b0      0x2a6 /Users/take/proj/LBED/lbed/LBED_LPC13xx/Debug/libLBED_LPC13xx.a(_cdcuser.o)
 .debug_line    0x0000000000002c56      0x44a /Users/take/proj/LBED/lbed/LBED_LPC13xx/Debug/libLBED_LPC13xx.a(_usbcore.o)
 .debug_line    0x00000000000030a0      0x195 /Users/take/proj/LBED/lbed/LBED_LPC13xx/Debug/libLBED_LPC13xx.a(_usbuser.o)
 .debug_line    0x0000000000003235      0x28f /Users/take/proj/LBED/lbed/LBED_LPC13xx/Debug/libLBED_LPC13xx.a(Serial.o)
 .debug_line    0x00000000000034c4       0xd1 /Users/take/proj/LBED/lbed/LBED_LPC13xx/Debug/libLBED_LPC13xx.a(_cdc_usbdesc.o)
 .debug_line    0x0000000000003595       0xc0 /Applications/lpcxpresso_4.2.4_267/lpcxpresso/Tools/bin/../lib/gcc/arm-none-eabi/4.6.2/../../../../arm-none-eabi/lib/armv7-m/libcr_newlib_nohost.a(_cr_sbrk.o)
 .debug_line    0x0000000000003655       0x3e /Applications/lpcxpresso_4.2.4_267/lpcxpresso/Tools/bin/../lib/gcc/arm-none-eabi/4.6.2/../../../../arm-none-eabi/lib/armv7-m/libcr_newlib_nohost.a(_exit.o)
 .debug_line    0x0000000000003693       0x41 /Applications/lpcxpresso_4.2.4_267/lpcxpresso/Tools/bin/../lib/gcc/arm-none-eabi/4.6.2/../../../../arm-none-eabi/lib/armv7-m/libcr_newlib_nohost.a(getpid.o)
 .debug_line    0x00000000000036d4       0x3f /Applications/lpcxpresso_4.2.4_267/lpcxpresso/Tools/bin/../lib/gcc/arm-none-eabi/4.6.2/../../../../arm-none-eabi/lib/armv7-m/libcr_newlib_nohost.a(kill.o)
 .debug_line    0x0000000000003713       0x54 /Applications/lpcxpresso_4.2.4_267/lpcxpresso/Tools/bin/../lib/gcc/arm-none-eabi/4.6.2/../../../../arm-none-eabi/lib/armv7-m/libcr_newlib_nohost.a(_cr_check_heap.o)

.debug_macinfo  0x0000000000000000    0x22de5
 .debug_macinfo
                0x0000000000000000     0x7add ./src/ForSerialCDC_usbhw.o
 .debug_macinfo
                0x0000000000007add     0x8e5d ./src/TestADC.o
 .debug_macinfo
                0x000000000001093a     0x42c7 ./src/cr_cpp_config.o
 .debug_macinfo
                0x0000000000014c01     0x66e6 ./src/cr_startup_lpc13.o
 .debug_macinfo
                0x000000000001b2e7     0x7afe /Users/take/proj/LBED/lbed/CMSISv2p00_LPC13xx/Debug/libCMSISv2p00_LPC13xx.a(system_LPC13xx.o)

.debug_str      0x0000000000000000     0x23fd
 .debug_str     0x0000000000000000      0xbbe ./src/ForSerialCDC_usbhw.o
                                        0xc49 (size before relaxing)
 .debug_str     0x0000000000000bbe      0x613 ./src/TestADC.o
                                        0x72d (size before relaxing)
 .debug_str     0x00000000000011d1       0xfe ./src/cr_cpp_config.o
                                        0x205 (size before relaxing)
 .debug_str     0x00000000000012cf      0x195 ./src/cr_startup_lpc13.o
                                        0x2b2 (size before relaxing)
 .debug_str     0x0000000000001464       0x92 /Users/take/proj/LBED/lbed/CMSISv2p00_LPC13xx/Debug/libCMSISv2p00_LPC13xx.a(system_LPC13xx.o)
                                        0x442 (size before relaxing)
 .debug_str     0x00000000000014f6       0x7c /Users/take/proj/LBED/lbed/LBED_LPC13xx/Debug/libLBED_LPC13xx.a(AnalogIn.o)
                                        0x982 (size before relaxing)
 .debug_str     0x0000000000001572       0x5e /Users/take/proj/LBED/lbed/LBED_LPC13xx/Debug/libLBED_LPC13xx.a(DigitalIn.o)
                                        0x80c (size before relaxing)
 .debug_str     0x00000000000015d0       0x1e /Users/take/proj/LBED/lbed/LBED_LPC13xx/Debug/libLBED_LPC13xx.a(DigitalOut.o)
                                        0x2a9 (size before relaxing)
 .debug_str     0x00000000000015ee      0x1ea /Users/take/proj/LBED/lbed/LBED_LPC13xx/Debug/libLBED_LPC13xx.a(Print.o)
                                        0x311 (size before relaxing)
 .debug_str     0x00000000000017d8      0x188 /Users/take/proj/LBED/lbed/LBED_LPC13xx/Debug/libLBED_LPC13xx.a(SerialCDC.o)
                                        0x303 (size before relaxing)
 .debug_str     0x0000000000001960       0x33 /Users/take/proj/LBED/lbed/LBED_LPC13xx/Debug/libLBED_LPC13xx.a(pure_virtual.o)
                                         0xac (size before relaxing)
 .debug_str     0x0000000000001993       0xda /Users/take/proj/LBED/lbed/LBED_LPC13xx/Debug/libLBED_LPC13xx.a(wait_api.o)