Archive member included because of file (symbol)

/Users/take/proj/LBED/lbed/CMSISv2p00_LPC13xx/Debug/libCMSISv2p00_LPC13xx.a(system_LPC13xx.o)
                              ./src/cr_startup_lpc13.o (SystemInit)
/Users/take/Documents/LPCXpresso_4.2.4/workspace/LBED_LPC13xx_USERLIB/Debug/libLBED_LPC13xx_USERLIB.a(PCF2123.o)
                              ./src/TestDeepSleepWithAlarm.o (_ZN7PCF21237commandEhh)
/Users/take/proj/LBED/lbed/LBED_LPC13xx/Debug/libLBED_LPC13xx.a(DigitalOut.o)
                              ./src/TestDeepSleepWithAlarm.o (_ZN10DigitalOutC1EiPKc)
/Users/take/proj/LBED/lbed/LBED_LPC13xx/Debug/libLBED_LPC13xx.a(Print.o)
                              ./src/TestDeepSleepWithAlarm.o (_ZN5Print7printlnEPKc)
/Users/take/proj/LBED/lbed/LBED_LPC13xx/Debug/libLBED_LPC13xx.a(SPI.o)
                              /Users/take/Documents/LPCXpresso_4.2.4/workspace/LBED_LPC13xx_USERLIB/Debug/libLBED_LPC13xx_USERLIB.a(PCF2123.o) (_ZN3SPI9frequencyEi)
/Users/take/proj/LBED/lbed/LBED_LPC13xx/Debug/libLBED_LPC13xx.a(SerialCDC.o)
                              ./src/TestDeepSleepWithAlarm.o (_ZN9SerialCDC4readEv)
/Users/take/proj/LBED/lbed/LBED_LPC13xx/Debug/libLBED_LPC13xx.a(pure_virtual.o)
                              /Users/take/proj/LBED/lbed/LBED_LPC13xx/Debug/libLBED_LPC13xx.a(Print.o) (__cxa_pure_virtual)
/Users/take/proj/LBED/lbed/LBED_LPC13xx/Debug/libLBED_LPC13xx.a(wait_api.o)
                              ./src/TestDeepSleepWithAlarm.o (wait_init)
/Users/take/proj/LBED/lbed/LBED_LPC13xx/Debug/libLBED_LPC13xx.a(_cdcuser.o)
                              /Users/take/proj/LBED/lbed/LBED_LPC13xx/Debug/libLBED_LPC13xx.a(SerialCDC.o) (CDC_RdOutBuf)
/Users/take/proj/LBED/lbed/LBED_LPC13xx/Debug/libLBED_LPC13xx.a(_ssp.o)
                              /Users/take/proj/LBED/lbed/LBED_LPC13xx/Debug/libLBED_LPC13xx.a(SPI.o) (SSP_IOConfig)
/Users/take/proj/LBED/lbed/LBED_LPC13xx/Debug/libLBED_LPC13xx.a(_usbcore.o)
                              ./src/ForSerialCDC_usbhw.o (USB_DeviceStatus)
/Users/take/proj/LBED/lbed/LBED_LPC13xx/Debug/libLBED_LPC13xx.a(_usbuser.o)
                              ./src/ForSerialCDC_usbhw.o (USB_Reset_Event)
/Users/take/proj/LBED/lbed/LBED_LPC13xx/Debug/libLBED_LPC13xx.a(DigitalIn.o)
                              /Users/take/proj/LBED/lbed/LBED_LPC13xx/Debug/libLBED_LPC13xx.a(DigitalOut.o) (_ZN9DigitalInC2Ev)
/Users/take/proj/LBED/lbed/LBED_LPC13xx/Debug/libLBED_LPC13xx.a(Serial.o)
                              /Users/take/proj/LBED/lbed/LBED_LPC13xx/Debug/libLBED_LPC13xx.a(SerialCDC.o) (_ZN6SerialC2Ev)
/Users/take/proj/LBED/lbed/LBED_LPC13xx/Debug/libLBED_LPC13xx.a(_cdc_usbdesc.o)
                              /Users/take/proj/LBED/lbed/LBED_LPC13xx/Debug/libLBED_LPC13xx.a(_usbcore.o) (USB_StringDescriptor)
/Users/take/proj/LBED/lbed/LBED_LPC13xx/Debug/libLBED_LPC13xx.a(_gpio.o)
                              /Users/take/proj/LBED/lbed/LBED_LPC13xx/Debug/libLBED_LPC13xx.a(_ssp.o) (GPIOSetDir)
/Applications/lpcxpresso_4.2.4_267/lpcxpresso/Tools/bin/../lib/gcc/arm-none-eabi/4.6.2/armv7-m/libgcc.a(_arm_addsubdf3.o)
                              /Users/take/proj/LBED/lbed/LBED_LPC13xx/Debug/libLBED_LPC13xx.a(Print.o) (__aeabi_dsub)
/Applications/lpcxpresso_4.2.4_267/lpcxpresso/Tools/bin/../lib/gcc/arm-none-eabi/4.6.2/armv7-m/libgcc.a(_arm_muldivdf3.o)
                              /Users/take/proj/LBED/lbed/LBED_LPC13xx/Debug/libLBED_LPC13xx.a(Print.o) (__aeabi_dmul)
/Applications/lpcxpresso_4.2.4_267/lpcxpresso/Tools/bin/../lib/gcc/arm-none-eabi/4.6.2/armv7-m/libgcc.a(_arm_cmpdf2.o)
                              /Users/take/proj/LBED/lbed/LBED_LPC13xx/Debug/libLBED_LPC13xx.a(Print.o) (__aeabi_dcmplt)
/Applications/lpcxpresso_4.2.4_267/lpcxpresso/Tools/bin/../lib/gcc/arm-none-eabi/4.6.2/armv7-m/libgcc.a(_arm_fixdfsi.o)
                              /Users/take/proj/LBED/lbed/LBED_LPC13xx/Debug/libLBED_LPC13xx.a(Print.o) (__aeabi_d2iz)
/Applications/lpcxpresso_4.2.4_267/lpcxpresso/Tools/bin/../lib/gcc/arm-none-eabi/4.6.2/armv7-m/libgcc.a(_arm_fixunsdfsi.o)
                              /Users/take/proj/LBED/lbed/LBED_LPC13xx/Debug/libLBED_LPC13xx.a(Print.o) (__aeabi_d2uiz)
/Applications/lpcxpresso_4.2.4_267/lpcxpresso/Tools/bin/../lib/gcc/arm-none-eabi/4.6.2/armv7-m/libgcc.a(_arm_addsubsf3.o)
                              /Users/take/proj/LBED/lbed/LBED_LPC13xx/Debug/libLBED_LPC13xx.a(SPI.o) (__aeabi_i2f)
/Applications/lpcxpresso_4.2.4_267/lpcxpresso/Tools/bin/../lib/gcc/arm-none-eabi/4.6.2/armv7-m/libgcc.a(_arm_muldivsf3.o)
                              /Users/take/proj/LBED/lbed/LBED_LPC13xx/Debug/libLBED_LPC13xx.a(SPI.o) (__aeabi_fdiv)
/Applications/lpcxpresso_4.2.4_267/lpcxpresso/Tools/bin/../lib/gcc/arm-none-eabi/4.6.2/armv7-m/libgcc.a(unwind-arm.o)
                              ./src/cr_startup_lpc13.o (__aeabi_unwind_cpp_pr0)
/Applications/lpcxpresso_4.2.4_267/lpcxpresso/Tools/bin/../lib/gcc/arm-none-eabi/4.6.2/armv7-m/libgcc.a(libunwind.o)
[...]
Memory Configuration

Name             Origin             Length             Attributes
MFlash32         0x0000000000000000 0x0000000000008000 xr
RamLoc8          0x0000000010000000 0x0000000000002000 xrw
*default*        0x0000000000000000 0xffffffffffffffff

Linker script and memory map

LOAD ./src/ForSerialCDC_usbhw.o
LOAD ./src/TestDeepSleepWithAlarm.o
LOAD ./src/cr_cpp_config.o
LOAD ./src/cr_startup_lpc13.o
LOAD /Users/take/proj/LBED/lbed/CMSISv2p00_LPC13xx/Debug/libCMSISv2p00_LPC13xx.a
LOAD /Users/take/Documents/LPCXpresso_4.2.4/workspace/LBED_LPC13xx_USERLIB/Debug/libLBED_LPC13xx_USERLIB.a
LOAD /Users/take/proj/LBED/lbed/LBED_LPC13xx/Debug/libLBED_LPC13xx.a
START GROUP
LOAD /Applications/lpcxpresso_4.2.4_267/lpcxpresso/Tools/bin/../lib/gcc/arm-none-eabi/4.6.2/armv7-m/libgcc.a
LOAD /Applications/lpcxpresso_4.2.4_267/lpcxpresso/Tools/bin/../lib/gcc/arm-none-eabi/4.6.2/../../../../arm-none-eabi/lib/armv7-m/libc.a
LOAD /Applications/lpcxpresso_4.2.4_267/lpcxpresso/Tools/bin/../lib/gcc/arm-none-eabi/4.6.2/../../../../arm-none-eabi/lib/armv7-m/libstdc++.a
LOAD /Applications/lpcxpresso_4.2.4_267/lpcxpresso/Tools/bin/../lib/gcc/arm-none-eabi/4.6.2/../../../../arm-none-eabi/lib/armv7-m/libm.a
LOAD /Applications/lpcxpresso_4.2.4_267/lpcxpresso/Tools/bin/../lib/gcc/arm-none-eabi/4.6.2/../../../../arm-none-eabi/lib/armv7-m/libcr_newlib_nohost.a
LOAD /Applications/lpcxpresso_4.2.4_267/lpcxpresso/Tools/bin/../lib/gcc/arm-none-eabi/4.6.2/armv7-m/crti.o
LOAD /Applications/lpcxpresso_4.2.4_267/lpcxpresso/Tools/bin/../lib/gcc/arm-none-eabi/4.6.2/armv7-m/crtn.o
LOAD /Applications/lpcxpresso_4.2.4_267/lpcxpresso/Tools/bin/../lib/gcc/arm-none-eabi/4.6.2/armv7-m/crtbegin.o
LOAD /Applications/lpcxpresso_4.2.4_267/lpcxpresso/Tools/bin/../lib/gcc/arm-none-eabi/4.6.2/armv7-m/crtend.o
END GROUP
                0x0000000000008000                __top_MFlash32 = 0x8000
                0x0000000010002000                __top_RamLoc8 = 0x10002000

.text           0x0000000000000000     0x6d5c
 FILL mask 0xff
 *(.isr_vector)
 .isr_vector    0x0000000000000000      0x128 ./src/cr_startup_lpc13.o
                0x0000000000000000                g_pfnVectors
                0x0000000000000128                . = ALIGN (0x4)
                0x0000000000000128                __section_table_start = .
                0x0000000000000128                __data_section_table = .
                0x0000000000000128        0x4 LONG 0x7218 LOADADDR (.data)
                0x000000000000012c        0x4 LONG 0x10000000 ADDR (.data)
                0x0000000000000130        0x4 LONG 0x858 SIZEOF (.data)
                0x0000000000000134                __data_section_table_end = .
                0x0000000000000134                __bss_section_table = .
                0x0000000000000134        0x4 LONG 0x10000858 ADDR (.bss)
                0x0000000000000138        0x4 LONG 0xba8 SIZEOF (.bss)
                0x000000000000013c                __bss_section_table_end = .
                0x000000000000013c                __section_table_end = .
 *(.after_vectors*)
 .after_vectors
                0x000000000000013c       0x7c ./src/cr_startup_lpc13.o
                0x000000000000013c                NMI_Handler
                0x000000000000013e                HardFault_Handler
                0x0000000000000140                MemManage_Handler
                0x0000000000000142                BusFault_Handler
                0x0000000000000144                UsageFault_Handler
                0x0000000000000146                SVC_Handler
                0x0000000000000148                DebugMon_Handler
                0x000000000000014a                PendSV_Handler
                0x000000000000014e                _Z9data_initjjj
                0x0000000000000160                _Z8bss_initjj
                0x0000000000000170                ResetISR
                0x00000000000001b4                BOD_IRQHandler
                0x00000000000001b4                WAKEUP_IRQHandler
                0x00000000000001b4                PIOINT0_IRQHandler
                0x00000000000001b4                I2C_IRQHandler
                0x00000000000001b4                WDT_IRQHandler
                0x00000000000001b4                PIOINT3_IRQHandler
                0x00000000000001b4                TIMER16_0_IRQHandler
                0x00000000000001b4                FMC_IRQHandler
                0x00000000000001b4                UART_IRQHandler
                0x00000000000001b4                TIMER32_0_IRQHandler
                0x00000000000001b4                TIMER32_1_IRQHandler
                0x00000000000001b4                IntDefaultHandler
                0x00000000000001b4                PIOINT1_IRQHandler
                0x00000000000001b4                SSP_IRQHandler
                0x00000000000001b4                TIMER16_1_IRQHandler
                0x00000000000001b4                USB_FIQHandler
                0x00000000000001b4                ADC_IRQHandler
                0x00000000000001b4                PIOINT2_IRQHandler
 *(.text*)
 .text.NVIC_EnableIRQ
                0x00000000000001b8       0x38 ./src/ForSerialCDC_usbhw.o
 .text.USBIOClkConfig
                0x00000000000001f0       0xd4 ./src/ForSerialCDC_usbhw.o
                0x00000000000001f0                USBIOClkConfig
 .text.delay    0x00000000000002c4       0x2c ./src/ForSerialCDC_usbhw.o
                0x00000000000002c4                delay
 .text.EPAdr    0x00000000000002f0       0x34 ./src/ForSerialCDC_usbhw.o
                0x00000000000002f0                EPAdr
 .text.WrCmd    0x0000000000000324       0x40 ./src/ForSerialCDC_usbhw.o
                0x0000000000000324                WrCmd
 .text.WrCmdDat
                0x0000000000000364       0x20 ./src/ForSerialCDC_usbhw.o
                0x0000000000000364                WrCmdDat
 .text.WrCmdEP  0x0000000000000384       0x30 ./src/ForSerialCDC_usbhw.o
                0x0000000000000384                WrCmdEP
 .text.RdCmdDat
                0x00000000000003b4       0x4c ./src/ForSerialCDC_usbhw.o
                0x00000000000003b4                RdCmdDat
 .text.USB_Init
                0x0000000000000400       0x1c ./src/ForSerialCDC_usbhw.o
                0x0000000000000400                USB_Init
 .text.USB_Connect
                0x000000000000041c       0x34 ./src/ForSerialCDC_usbhw.o
                0x000000000000041c                USB_Connect
 .text.USB_Reset
                0x0000000000000450       0x2c ./src/ForSerialCDC_usbhw.o
                0x0000000000000450                USB_Reset
 .text.USB_Suspend
                0x000000000000047c        0xc ./src/ForSerialCDC_usbhw.o
                0x000000000000047c                USB_Suspend
 .text.USB_Resume
                0x0000000000000488        0xc ./src/ForSerialCDC_usbhw.o
                0x0000000000000488                USB_Resume
 .text.USB_WakeUpCfg
                0x0000000000000494       0x14 ./src/ForSerialCDC_usbhw.o
                0x0000000000000494                USB_WakeUpCfg
 .text.USB_SetAddress
                0x00000000000004a8       0x48 ./src/ForSerialCDC_usbhw.o
                0x00000000000004a8                USB_SetAddress
 .text.USB_Configure
                0x00000000000004f0       0x34 ./src/ForSerialCDC_usbhw.o
                0x00000000000004f0                USB_Configure
 .text.USB_ConfigEP
                0x0000000000000524       0x14 ./src/ForSerialCDC_usbhw.o
                0x0000000000000524                USB_ConfigEP
 .text.USB_DirCtrlEP
                0x0000000000000538       0x14 ./src/ForSerialCDC_usbhw.o
                0x0000000000000538                USB_DirCtrlEP
 .text.USB_EnableEP
                0x000000000000054c       0x30 ./src/ForSerialCDC_usbhw.o
                0x000000000000054c                USB_EnableEP
 .text.USB_DisableEP
                0x000000000000057c       0x34 ./src/ForSerialCDC_usbhw.o
                0x000000000000057c                USB_DisableEP
 .text.USB_ResetEP
                0x00000000000005b0       0x30 ./src/ForSerialCDC_usbhw.o
                0x00000000000005b0                USB_ResetEP
 .text.USB_SetStallEP
                0x00000000000005e0       0x34 ./src/ForSerialCDC_usbhw.o
                0x00000000000005e0                USB_SetStallEP
 .text.USB_ClrStallEP
                0x0000000000000614       0x30 ./src/ForSerialCDC_usbhw.o
                0x0000000000000614                USB_ClrStallEP
 .text.USB_ReadEP
                0x0000000000000644       0xac ./src/ForSerialCDC_usbhw.o
                0x0000000000000644                USB_ReadEP
 .text.USB_WriteEP
                0x00000000000006f0       0x98 ./src/ForSerialCDC_usbhw.o
                0x00000000000006f0                USB_WriteEP
 .text.USB_IRQHandler
                0x0000000000000788      0x180 ./src/ForSerialCDC_usbhw.o
                0x0000000000000788                USB_IRQHandler
 .text._ZN10DigitalOutaSEi
                0x0000000000000908       0x1e ./src/TestDeepSleepWithAlarm.o
                0x0000000000000908                _ZN10DigitalOutaSEi
 *fill*         0x0000000000000926        0x2 00
 .text._Z13DeepPowerDownv
                0x0000000000000928       0x38 ./src/TestDeepSleepWithAlarm.o
                0x0000000000000928                _Z13DeepPowerDownv
 .text.startup.main
                0x0000000000000960      0x118 ./src/TestDeepSleepWithAlarm.o
                0x0000000000000960                main
 .text._Znwj    0x0000000000000a78        0x4 ./src/cr_cpp_config.o
                0x0000000000000a78                _Znwj
 .text._Znaj    0x0000000000000a7c        0x4 ./src/cr_cpp_config.o
                0x0000000000000a7c                _Znaj
 .text._ZdlPv   0x0000000000000a80        0x4 ./src/cr_cpp_config.o
                0x0000000000000a80                _ZdlPv
 .text._ZdaPv   0x0000000000000a84        0x4 ./src/cr_cpp_config.o
                0x0000000000000a84                _ZdaPv
 .text.__aeabi_atexit
                0x0000000000000a88        0x4 ./src/cr_cpp_config.o
                0x0000000000000a88                __aeabi_atexit
 .text._ZN9__gnu_cxx27__verbose_terminate_handlerEv
                0x0000000000000a8c        0x2 ./src/cr_cpp_config.o
                0x0000000000000a8c                _ZN9__gnu_cxx27__verbose_terminate_handlerEv
 *fill*         0x0000000000000a8e        0x2 00
 .text.SystemInit
                0x0000000000000a90       0xb4 /Users/take/proj/LBED/lbed/CMSISv2p00_LPC13xx/Debug/libCMSISv2p00_LPC13xx.a(system_LPC13xx.o)
                0x0000000000000a90                SystemInit
 .text._ZN7PCF2123C2Eiiii
                0x0000000000000b44       0x40 /Users/take/Documents/LPCXpresso_4.2.4/workspace/LBED_LPC13xx_USERLIB/Debug/libLBED_LPC13xx_USERLIB.a(PCF2123.o)
                0x0000000000000b44                _ZN7PCF2123C1Eiiii
                0x0000000000000b44                _ZN7PCF2123C2Eiiii
 .text._ZN7PCF2123D2Ev
                0x0000000000000b84        0x2 /Users/take/Documents/LPCXpresso_4.2.4/workspace/LBED_LPC13xx_USERLIB/Debug/libLBED_LPC13xx_USERLIB.a(PCF2123.o)
                0x0000000000000b84                _ZN7PCF2123D1Ev
                0x0000000000000b84                _ZN7PCF2123D2Ev
 .text._ZN7PCF21234readEh
                0x0000000000000b86        0xc /Users/take/Documents/LPCXpresso_4.2.4/workspace/LBED_LPC13xx_USERLIB/Debug/libLBED_LPC13xx_USERLIB.a(PCF2123.o)
                0x0000000000000b86                _ZN7PCF21234readEh
 .text._ZN7PCF21237commandEhh
                0x0000000000000b92       0x32 /Users/take/Documents/LPCXpresso_4.2.4/workspace/LBED_LPC13xx_USERLIB/Debug/libLBED_LPC13xx_USERLIB.a(PCF2123.o)
                0x0000000000000b92                _ZN7PCF21237commandEhh
 .text._ZN7PCF21238read_rtcEv
                0x0000000000000bc4       0x6e /Users/take/Documents/LPCXpresso_4.2.4/workspace/LBED_LPC13xx_USERLIB/Debug/libLBED_LPC13xx_USERLIB.a(PCF2123.o)
                0x0000000000000bc4                _ZN7PCF21238read_rtcEv
 .text._ZN7PCF21235resetEv
                0x0000000000000c32       0x54 /Users/take/Documents/LPCXpresso_4.2.4/workspace/LBED_LPC13xx_USERLIB/Debug/libLBED_LPC13xx_USERLIB.a(PCF2123.o)
                0x0000000000000c32                _ZN7PCF21235resetEv
 .text._ZN7PCF21238set_timeEhhhhhhh
                0x0000000000000c86       0xa8 /Users/take/Documents/LPCXpresso_4.2.4/workspace/LBED_LPC13xx_USERLIB/Debug/libLBED_LPC13xx_USERLIB.a(PCF2123.o)
                0x0000000000000c86                _ZN7PCF21238set_timeEhhhhhhh
 .text._ZN7PCF21239set_alarmEhh
                0x0000000000000d2e       0x5a /Users/take/Documents/LPCXpresso_4.2.4/workspace/LBED_LPC13xx_USERLIB/Debug/libLBED_LPC13xx_USERLIB.a(PCF2123.o)
                0x0000000000000d2e                _ZN7PCF21239set_alarmEhh
 .text._ZN10DigitalOutC2Ev
                0x0000000000000d88        0xc /Users/take/proj/LBED/lbed/LBED_LPC13xx/Debug/libLBED_LPC13xx.a(DigitalOut.o)
                0x0000000000000d88                _ZN10DigitalOutC1Ev
                0x0000000000000d88                _ZN10DigitalOutC2Ev
 .text._ZN10DigitalOut5setupEiPKc
                0x0000000000000d94       0x1c /Users/take/proj/LBED/lbed/LBED_LPC13xx/Debug/libLBED_LPC13xx.a(DigitalOut.o)
                0x0000000000000d94                _ZN10DigitalOut5setupEiPKc
 .text._ZN10DigitalOutC2EiPKc
                0x0000000000000db0       0x1c /Users/take/proj/LBED/lbed/LBED_LPC13xx/Debug/libLBED_LPC13xx.a(DigitalOut.o)
                0x0000000000000db0                _ZN10DigitalOutC2EiPKc
                0x0000000000000db0                _ZN10DigitalOutC1EiPKc
 .text._ZN5Print5writeEPKci
                0x0000000000000dcc       0x2c /Users/take/proj/LBED/lbed/LBED_LPC13xx/Debug/libLBED_LPC13xx.a(Print.o)
                0x0000000000000dcc                _ZN5Print5writeEPKci
 .text._ZN5Print5printEPKc
                0x0000000000000df8       0x24 /Users/take/proj/LBED/lbed/LBED_LPC13xx/Debug/libLBED_LPC13xx.a(Print.o)
                0x0000000000000df8                _ZN5Print5printEPKc
 .text._ZN5Print5printEc
                0x0000000000000e1c        0xc /Users/take/proj/LBED/lbed/LBED_LPC13xx/Debug/libLBED_LPC13xx.a(Print.o)
                0x0000000000000e1c                _ZN5Print5printEc
 .text._ZN5Print7printlnEv
                0x0000000000000e28       0x1c /Users/take/proj/LBED/lbed/LBED_LPC13xx/Debug/libLBED_LPC13xx.a(Print.o)
                0x0000000000000e28                _ZN5Print7printlnEv
 .text._ZN5Print7printlnEPKc
                0x0000000000000e44       0x14 /Users/take/proj/LBED/lbed/LBED_LPC13xx/Debug/libLBED_LPC13xx.a(Print.o)
                0x0000000000000e44                _ZN5Print7printlnEPKc
 .text._ZN5Print7printlnEc
                0x0000000000000e58       0x14 /Users/take/proj/LBED/lbed/LBED_LPC13xx/Debug/libLBED_LPC13xx.a(Print.o)
                0x0000000000000e58                _ZN5Print7printlnEc
 .text._ZN5Print6printfEPKcz
                0x0000000000000e6c      0x1ec /Users/take/proj/LBED/lbed/LBED_LPC13xx/Debug/libLBED_LPC13xx.a(Print.o)
                0x0000000000000e6c                _ZN5Print6printfEPKcz
 .text._ZN5Print11printNumberEmi
                0x0000000000001058       0x5c /Users/take/proj/LBED/lbed/LBED_LPC13xx/Debug/libLBED_LPC13xx.a(Print.o)
                0x0000000000001058                _ZN5Print11printNumberEmi
 .text._ZN5Print5printEli
                0x00000000000010b4       0x48 /Users/take/proj/LBED/lbed/LBED_LPC13xx/Debug/libLBED_LPC13xx.a(Print.o)
                0x00000000000010b4                _ZN5Print5printEli
 .text._ZN5Print5printEii
                0x00000000000010fc        0x8 /Users/take/proj/LBED/lbed/LBED_LPC13xx/Debug/libLBED_LPC13xx.a(Print.o)
                0x00000000000010fc                _ZN5Print5printEii
 .text._ZN5Print5printEmi
                0x0000000000001104       0x14 /Users/take/proj/LBED/lbed/LBED_LPC13xx/Debug/libLBED_LPC13xx.a(Print.o)
                0x0000000000001104                _ZN5Print5printEmi
 .text._ZN5Print10printFloatEdi
                0x0000000000001118      0x184 /Users/take/proj/LBED/lbed/LBED_LPC13xx/Debug/libLBED_LPC13xx.a(Print.o)
                0x0000000000001118                _ZN5Print10printFloatEdi
 .text._ZN5Print5printEdi
                0x000000000000129c       0x10 /Users/take/proj/LBED/lbed/LBED_LPC13xx/Debug/libLBED_LPC13xx.a(Print.o)
                0x000000000000129c                _ZN5Print5printEdi
 .text._ZN3SPI6formatEii
                0x00000000000012ac       0x30 /Users/take/proj/LBED/lbed/LBED_LPC13xx/Debug/libLBED_LPC13xx.a(SPI.o)
                0x00000000000012ac                _ZN3SPI6formatEii
 .text._ZN3SPI9frequencyEi
                0x00000000000012dc       0x90 /Users/take/proj/LBED/lbed/LBED_LPC13xx/Debug/libLBED_LPC13xx.a(SPI.o)
                0x00000000000012dc                _ZN3SPI9frequencyEi
 .text._ZN3SPIC2EiiiPKc
                0x000000000000136c       0x9c /Users/take/proj/LBED/lbed/LBED_LPC13xx/Debug/libLBED_LPC13xx.a(SPI.o)
                0x000000000000136c                _ZN3SPIC1EiiiPKc
                0x000000000000136c                _ZN3SPIC2EiiiPKc
 .text._ZN3SPI5writeEi
                0x0000000000001408       0x34 /Users/take/proj/LBED/lbed/LBED_LPC13xx/Debug/libLBED_LPC13xx.a(SPI.o)
                0x0000000000001408                _ZN3SPI5writeEi
 .text._ZN9SerialCDC9availableEv
                0x000000000000143c       0x18 /Users/take/proj/LBED/lbed/LBED_LPC13xx/Debug/libLBED_LPC13xx.a(SerialCDC.o)
                0x000000000000143c                _ZN9SerialCDC9availableEv
 .text._ZN9SerialCDC4peekEv
                0x0000000000001454       0x18 /Users/take/proj/LBED/lbed/LBED_LPC13xx/Debug/libLBED_LPC13xx.a(SerialCDC.o)
                0x0000000000001454                _ZN9SerialCDC4peekEv
 .text._ZN9SerialCDC5flushEv
                0x000000000000146c       0x14 /Users/take/proj/LBED/lbed/LBED_LPC13xx/Debug/libLBED_LPC13xx.a(SerialCDC.o)
                0x000000000000146c                _ZN9SerialCDC5flushEv
 .text._ZN9SerialCDCC2Ev
                0x0000000000001480       0x54 /Users/take/proj/LBED/lbed/LBED_LPC13xx/Debug/libLBED_LPC13xx.a(SerialCDC.o)
                0x0000000000001480                _ZN9SerialCDCC2Ev
                0x0000000000001480                _ZN9SerialCDCC1Ev
 .text._ZN9SerialCDCC2EiiPKc
                0x00000000000014d4       0x48 /Users/take/proj/LBED/lbed/LBED_LPC13xx/Debug/libLBED_LPC13xx.a(SerialCDC.o)
                0x00000000000014d4                _ZN9SerialCDCC2EiiPKc
                0x00000000000014d4                _ZN9SerialCDCC1EiiPKc
 .text._ZN9SerialCDC5setupEiiPKc
                0x000000000000151c       0x5c /Users/take/proj/LBED/lbed/LBED_LPC13xx/Debug/libLBED_LPC13xx.a(SerialCDC.o)
                0x000000000000151c                _ZN9SerialCDC5setupEiiPKc
 .text._ZN9SerialCDC5writeEc
                0x0000000000001578       0x80 /Users/take/proj/LBED/lbed/LBED_LPC13xx/Debug/libLBED_LPC13xx.a(SerialCDC.o)
                0x0000000000001578                _ZN9SerialCDC5writeEc
 .text._ZN9SerialCDC4readEv
                0x00000000000015f8       0x5c /Users/take/proj/LBED/lbed/LBED_LPC13xx/Debug/libLBED_LPC13xx.a(SerialCDC.o)
                0x00000000000015f8                _ZN9SerialCDC4readEv
 .text._ZN9SerialCDC16CheckSerialStateEv
                0x0000000000001654       0x2c /Users/take/proj/LBED/lbed/LBED_LPC13xx/Debug/libLBED_LPC13xx.a(SerialCDC.o)
                0x0000000000001654                _ZN9SerialCDC16CheckSerialStateEv
 .text.__cxa_pure_virtual
                0x0000000000001680        0x4 /Users/take/proj/LBED/lbed/LBED_LPC13xx/Debug/libLBED_LPC13xx.a(pure_virtual.o)
                0x0000000000001680                __cxa_pure_virtual
 .text.SysTick_Handler
                0x0000000000001684       0x10 /Users/take/proj/LBED/lbed/LBED_LPC13xx/Debug/libLBED_LPC13xx.a(wait_api.o)
                0x0000000000001684                SysTick_Handler
 .text.wait_init
                0x0000000000001694       0x30 /Users/take/proj/LBED/lbed/LBED_LPC13xx/Debug/libLBED_LPC13xx.a(wait_api.o)
                0x0000000000001694                wait_init
 .text.wait_ms  0x00000000000016c4       0x14 /Users/take/proj/LBED/lbed/LBED_LPC13xx/Debug/libLBED_LPC13xx.a(wait_api.o)
                0x00000000000016c4                wait_ms
 .text.wait_us  0x00000000000016d8       0x14 /Users/take/proj/LBED/lbed/LBED_LPC13xx/Debug/libLBED_LPC13xx.a(wait_api.o)
                0x00000000000016d8                wait_us
 .text.CDC_RdOutBuf
                0x00000000000016ec       0x28 /Users/take/proj/LBED/lbed/LBED_LPC13xx/Debug/libLBED_LPC13xx.a(_cdcuser.o)
                0x00000000000016ec                CDC_RdOutBuf
 .text.CDC_WrOutBuf
                0x0000000000001714       0x28 /Users/take/proj/LBED/lbed/LBED_LPC13xx/Debug/libLBED_LPC13xx.a(_cdcuser.o)
                0x0000000000001714                CDC_WrOutBuf
 .text.CDC_OutBufAvailChar
                0x000000000000173c       0x18 /Users/take/proj/LBED/lbed/LBED_LPC13xx/Debug/libLBED_LPC13xx.a(_cdcuser.o)
                0x000000000000173c                CDC_OutBufAvailChar
 .text.CDC_SendEncapsulatedCommand
                0x0000000000001754        0x4 /Users/take/proj/LBED/lbed/LBED_LPC13xx/Debug/libLBED_LPC13xx.a(_cdcuser.o)
                0x0000000000001754                CDC_SendEncapsulatedCommand
 .text.CDC_GetEncapsulatedResponse
                0x0000000000001758        0x4 /Users/take/proj/LBED/lbed/LBED_LPC13xx/Debug/libLBED_LPC13xx.a(_cdcuser.o)
                0x0000000000001758                CDC_GetEncapsulatedResponse
 .text.CDC_SetCommFeature
                0x000000000000175c        0x4 /Users/take/proj/LBED/lbed/LBED_LPC13xx/Debug/libLBED_LPC13xx.a(_cdcuser.o)
                0x000000000000175c                CDC_SetCommFeature
 .text.CDC_GetCommFeature
                0x0000000000001760        0x4 /Users/take/proj/LBED/lbed/LBED_LPC13xx/Debug/libLBED_LPC13xx.a(_cdcuser.o)
                0x0000000000001760                CDC_GetCommFeature
 .text.CDC_ClearCommFeature
                0x0000000000001764        0x4 /Users/take/proj/LBED/lbed/LBED_LPC13xx/Debug/libLBED_LPC13xx.a(_cdcuser.o)
                0x0000000000001764                CDC_ClearCommFeature
 .text.CDC_SetLineCoding
                0x0000000000001768       0x34 /Users/take/proj/LBED/lbed/LBED_LPC13xx/Debug/libLBED_LPC13xx.a(_cdcuser.o)
                0x0000000000001768                CDC_SetLineCoding
 .text.CDC_GetLineCoding
                0x000000000000179c       0x2c /Users/take/proj/LBED/lbed/LBED_LPC13xx/Debug/libLBED_LPC13xx.a(_cdcuser.o)
                0x000000000000179c                CDC_GetLineCoding
 .text.CDC_SetControlLineState
                0x00000000000017c8        0x4 /Users/take/proj/LBED/lbed/LBED_LPC13xx/Debug/libLBED_LPC13xx.a(_cdcuser.o)
                0x00000000000017c8                CDC_SetControlLineState
 .text.CDC_SendBreak
                0x00000000000017cc        0x4 /Users/take/proj/LBED/lbed/LBED_LPC13xx/Debug/libLBED_LPC13xx.a(_cdcuser.o)
                0x00000000000017cc                CDC_SendBreak
 .text.CDC_BulkIn
                0x00000000000017d0        0xc /Users/take/proj/LBED/lbed/LBED_LPC13xx/Debug/libLBED_LPC13xx.a(_cdcuser.o)
                0x00000000000017d0                CDC_BulkIn
 .text.CDC_BulkOut
                0x00000000000017dc       0x20 /Users/take/proj/LBED/lbed/LBED_LPC13xx/Debug/libLBED_LPC13xx.a(_cdcuser.o)
                0x00000000000017dc                CDC_BulkOut
 .text.CDC_GetSerialState
                0x00000000000017fc       0x10 /Users/take/proj/LBED/lbed/LBED_LPC13xx/Debug/libLBED_LPC13xx.a(_cdcuser.o)
                0x00000000000017fc                CDC_GetSerialState
 .text.CDC_Init
                0x000000000000180c       0x28 /Users/take/proj/LBED/lbed/LBED_LPC13xx/Debug/libLBED_LPC13xx.a(_cdcuser.o)
                0x000000000000180c                CDC_Init
 .text.CDC_NotificationIn
                0x0000000000001834       0x34 /Users/take/proj/LBED/lbed/LBED_LPC13xx/Debug/libLBED_LPC13xx.a(_cdcuser.o)
                0x0000000000001834                CDC_NotificationIn
 .text.SSP1_IRQHandler
                0x0000000000001868       0x44 /Users/take/proj/LBED/lbed/LBED_LPC13xx/Debug/libLBED_LPC13xx.a(_ssp.o)
                0x0000000000001868                SSP1_IRQHandler
 .text.SSP_IOConfig
                0x00000000000018ac       0xf4 /Users/take/proj/LBED/lbed/LBED_LPC13xx/Debug/libLBED_LPC13xx.a(_ssp.o)
                0x00000000000018ac                SSP_IOConfig
 .text.SSP_Init
                0x00000000000019a0       0x58 /Users/take/proj/LBED/lbed/LBED_LPC13xx/Debug/libLBED_LPC13xx.a(_ssp.o)
                0x00000000000019a0                SSP_Init
 .text.SSP_Send
                0x00000000000019f8       0x74 /Users/take/proj/LBED/lbed/LBED_LPC13xx/Debug/libLBED_LPC13xx.a(_ssp.o)
                0x00000000000019f8                SSP_Send
 .text.USB_ResetCore
                0x0000000000001a6c       0x38 /Users/take/proj/LBED/lbed/LBED_LPC13xx/Debug/libLBED_LPC13xx.a(_usbcore.o)
                0x0000000000001a6c                USB_ResetCore
 .text.USB_SetupStage
                0x0000000000001aa4        0xc /Users/take/proj/LBED/lbed/LBED_LPC13xx/Debug/libLBED_LPC13xx.a(_usbcore.o)
                0x0000000000001aa4                USB_SetupStage
 .text.USB_DataInStage
                0x0000000000001ab0       0x28 /Users/take/proj/LBED/lbed/LBED_LPC13xx/Debug/libLBED_LPC13xx.a(_usbcore.o)
                0x0000000000001ab0                USB_DataInStage
 .text.USB_DataOutStage
                0x0000000000001ad8       0x20 /Users/take/proj/LBED/lbed/LBED_LPC13xx/Debug/libLBED_LPC13xx.a(_usbcore.o)
                0x0000000000001ad8                USB_DataOutStage
 .text.USB_StatusInStage
                0x0000000000001af8        0xa /Users/take/proj/LBED/lbed/LBED_LPC13xx/Debug/libLBED_LPC13xx.a(_usbcore.o)
                0x0000000000001af8                USB_StatusInStage
 *fill*         0x0000000000001b02        0x2 00
 .text.USB_StatusOutStage
                0x0000000000001b04        0xc /Users/take/proj/LBED/lbed/LBED_LPC13xx/Debug/libLBED_LPC13xx.a(_usbcore.o)
                0x0000000000001b04                USB_StatusOutStage
 .text.USB_ReqGetStatus
                0x0000000000001b10       0xa8 /Users/take/proj/LBED/lbed/LBED_LPC13xx/Debug/libLBED_LPC13xx.a(_usbcore.o)
                0x0000000000001b10                USB_ReqGetStatus
 .text.USB_ReqSetClrFeature
                0x0000000000001bb8       0xc0 /Users/take/proj/LBED/lbed/LBED_LPC13xx/Debug/libLBED_LPC13xx.a(_usbcore.o)
                0x0000000000001bb8                USB_ReqSetClrFeature
 .text.USB_ReqSetAddress
                0x0000000000001c78       0x24 /Users/take/proj/LBED/lbed/LBED_LPC13xx/Debug/libLBED_LPC13xx.a(_usbcore.o)
                0x0000000000001c78                USB_ReqSetAddress
 .text.USB_ReqGetDescriptor
                0x0000000000001c9c       0x88 /Users/take/proj/LBED/lbed/LBED_LPC13xx/Debug/libLBED_LPC13xx.a(_usbcore.o)
                0x0000000000001c9c                USB_ReqGetDescriptor
 .text.USB_ReqGetConfiguration
                0x0000000000001d24       0x24 /Users/take/proj/LBED/lbed/LBED_LPC13xx/Debug/libLBED_LPC13xx.a(_usbcore.o)
                0x0000000000001d24                USB_ReqGetConfiguration
 .text.USB_ReqSetConfiguration
                0x0000000000001d48      0x180 /Users/take/proj/LBED/lbed/LBED_LPC13xx/Debug/libLBED_LPC13xx.a(_usbcore.o)
                0x0000000000001d48                USB_ReqSetConfiguration
 .text.USB_ReqGetInterface
                0x0000000000001ec8       0x48 /Users/take/proj/LBED/lbed/LBED_LPC13xx/Debug/libLBED_LPC13xx.a(_usbcore.o)
                0x0000000000001ec8                USB_ReqGetInterface
 .text.USB_ReqSetInterface
                0x0000000000001f10      0x138 /Users/take/proj/LBED/lbed/LBED_LPC13xx/Debug/libLBED_LPC13xx.a(_usbcore.o)
                0x0000000000001f10                USB_ReqSetInterface
 .text.USB_EndPoint0
                0x0000000000002048      0x1f8 /Users/take/proj/LBED/lbed/LBED_LPC13xx/Debug/libLBED_LPC13xx.a(_usbcore.o)
                0x0000000000002048                USB_EndPoint0
 .text.USB_EndPoint3
                0x0000000000002240       0x14 /Users/take/proj/LBED/lbed/LBED_LPC13xx/Debug/libLBED_LPC13xx.a(_usbuser.o)
                0x0000000000002240                USB_EndPoint3
 .text.USB_EndPoint1
                0x0000000000002254       0x24 /Users/take/proj/LBED/lbed/LBED_LPC13xx/Debug/libLBED_LPC13xx.a(_usbuser.o)
                0x0000000000002254                USB_EndPoint1
 .text.USB_Reset_Event
                0x0000000000002278        0x4 /Users/take/proj/LBED/lbed/LBED_LPC13xx/Debug/libLBED_LPC13xx.a(_usbuser.o)
                0x0000000000002278                USB_Reset_Event
 .text.USB_Suspend_Event
                0x000000000000227c        0x2 /Users/take/proj/LBED/lbed/LBED_LPC13xx/Debug/libLBED_LPC13xx.a(_usbuser.o)
                0x000000000000227c                USB_Suspend_Event
 .text.USB_Resume_Event
                0x000000000000227e        0x2 /Users/take/proj/LBED/lbed/LBED_LPC13xx/Debug/libLBED_LPC13xx.a(_usbuser.o)
                0x000000000000227e                USB_Resume_Event
 .text.USB_Configure_Event
                0x0000000000002280        0x2 /Users/take/proj/LBED/lbed/LBED_LPC13xx/Debug/libLBED_LPC13xx.a(_usbuser.o)
                0x0000000000002280                USB_Configure_Event
 *fill*         0x0000000000002282        0x2 00
 .text._ZN9DigitalInC2Ev
                0x0000000000002284       0x10 /Users/take/proj/LBED/lbed/LBED_LPC13xx/Debug/libLBED_LPC13xx.a(DigitalIn.o)
                0x0000000000002284                _ZN9DigitalInC1Ev
                0x0000000000002284                _ZN9DigitalInC2Ev
 .text._ZN9DigitalIn5setupEiPKc
                0x0000000000002294      0x300 /Users/take/proj/LBED/lbed/LBED_LPC13xx/Debug/libLBED_LPC13xx.a(DigitalIn.o)
                0x0000000000002294                _ZN9DigitalIn5setupEiPKc
 .text._ZN9DigitalInC2EiPKc
                0x0000000000002594       0x1c /Users/take/proj/LBED/lbed/LBED_LPC13xx/Debug/libLBED_LPC13xx.a(DigitalIn.o)
                0x0000000000002594                _ZN9DigitalInC1EiPKc
                0x0000000000002594                _ZN9DigitalInC2EiPKc
 .text._ZN9DigitalIn4modeEi
                0x00000000000025b0       0x38 /Users/take/proj/LBED/lbed/LBED_LPC13xx/Debug/libLBED_LPC13xx.a(DigitalIn.o)
                0x00000000000025b0                _ZN9DigitalIn4modeEi
 .text._ZN9DigitalIn4readEv
                0x00000000000025e8       0x1c /Users/take/proj/LBED/lbed/LBED_LPC13xx/Debug/libLBED_LPC13xx.a(DigitalIn.o)
                0x00000000000025e8                _ZN9DigitalIn4readEv
 .text._ZN6Serial4peekEv
                0x0000000000002604        0x8 /Users/take/proj/LBED/lbed/LBED_LPC13xx/Debug/libLBED_LPC13xx.a(Serial.o)
                0x0000000000002604                _ZN6Serial4peekEv
 .text._ZN6Serial5flushEv
                0x000000000000260c        0x4 /Users/take/proj/LBED/lbed/LBED_LPC13xx/Debug/libLBED_LPC13xx.a(Serial.o)
                0x000000000000260c                _ZN6Serial5flushEv
 .text._ZN6Serial5writeEc
                0x0000000000002610       0x20 /Users/take/proj/LBED/lbed/LBED_LPC13xx/Debug/libLBED_LPC13xx.a(Serial.o)
                0x0000000000002610                _ZN6Serial5writeEc
 .text._ZN6Serial4readEv
                0x0000000000002630       0x1c /Users/take/proj/LBED/lbed/LBED_LPC13xx/Debug/libLBED_LPC13xx.a(Serial.o)
                0x0000000000002630                _ZN6Serial4readEv
 .text._ZN6Serial9availableEv
                0x000000000000264c        0x4 /Users/take/proj/LBED/lbed/LBED_LPC13xx/Debug/libLBED_LPC13xx.a(Serial.o)
                0x000000000000264c                _ZN6Serial9availableEv
 .text._ZN6Serial5setupEiiPKc
                0x0000000000002650       0x2c /Users/take/proj/LBED/lbed/LBED_LPC13xx/Debug/libLBED_LPC13xx.a(Serial.o)
                0x0000000000002650                _ZN6Serial5setupEiiPKc
 .text._ZN6SerialC2EiiPKc
                0x000000000000267c       0x20 /Users/take/proj/LBED/lbed/LBED_LPC13xx/Debug/libLBED_LPC13xx.a(Serial.o)
                0x000000000000267c                _ZN6SerialC1EiiPKc
                0x000000000000267c                _ZN6SerialC2EiiPKc
 .text._ZN6SerialC2Ev
                0x000000000000269c       0x34 /Users/take/proj/LBED/lbed/LBED_LPC13xx/Debug/libLBED_LPC13xx.a(Serial.o)
                0x000000000000269c                _ZN6SerialC2Ev
                0x000000000000269c                _ZN6SerialC1Ev
 .text._ZN6Serial4baudEj
                0x00000000000026d0       0x74 /Users/take/proj/LBED/lbed/LBED_LPC13xx/Debug/libLBED_LPC13xx.a(Serial.o)
                0x00000000000026d0                _ZN6Serial4baudEj
 .text._ZN6Serial5beginEj
                0x0000000000002744        0x8 /Users/take/proj/LBED/lbed/LBED_LPC13xx/Debug/libLBED_LPC13xx.a(Serial.o)
                0x0000000000002744                _ZN6Serial5beginEj
 .text.GPIOSetDir
                0x000000000000274c       0xa4 /Users/take/proj/LBED/lbed/LBED_LPC13xx/Debug/libLBED_LPC13xx.a(_gpio.o)
                0x000000000000274c                GPIOSetDir
 .text.GPIOSetValue
                0x00000000000027f0       0x58 /Users/take/proj/LBED/lbed/LBED_LPC13xx/Debug/libLBED_LPC13xx.a(_gpio.o)
                0x00000000000027f0                GPIOSetValue
 .text          0x0000000000002848      0x370 /Applications/lpcxpresso_4.2.4_267/lpcxpresso/Tools/bin/../lib/gcc/arm-none-eabi/4.6.2/armv7-m/libgcc.a(_arm_addsubdf3.o)
                0x0000000000002848                __aeabi_drsub
                0x0000000000002850                __subdf3
                0x0000000000002850                __aeabi_dsub
                0x0000000000002854                __aeabi_dadd
                0x0000000000002854                __adddf3
                0x0000000000002acc                __aeabi_ui2d
                0x0000000000002acc                __floatunsidf
                0x0000000000002aec                __floatsidf
                0x0000000000002aec                __aeabi_i2d
                0x0000000000002b10                __extendsfdf2
                0x0000000000002b10                __aeabi_f2d
                0x0000000000002b4c                __aeabi_ul2d
                0x0000000000002b4c                __floatundidf
                0x0000000000002b5c                __aeabi_l2d
                0x0000000000002b5c                __floatdidf
 .text          0x0000000000002bb8      0x424 /Applications/lpcxpresso_4.2.4_267/lpcxpresso/Tools/bin/../lib/gcc/arm-none-eabi/4.6.2/armv7-m/libgcc.a(_arm_muldivdf3.o)
                0x0000000000002bb8                __aeabi_dmul
                0x0000000000002bb8                __muldf3
                0x0000000000002e0c                __aeabi_ddiv
                0x0000000000002e0c                __divdf3
 .text          0x0000000000002fdc      0x110 /Applications/lpcxpresso_4.2.4_267/lpcxpresso/Tools/bin/../lib/gcc/arm-none-eabi/4.6.2/armv7-m/libgcc.a(_arm_cmpdf2.o)
                0x0000000000002fdc                __gtdf2
                0x0000000000002fdc                __gedf2
                0x0000000000002fe4                __ltdf2
                0x0000000000002fe4                __ledf2
                0x0000000000002fec                __eqdf2
                0x0000000000002fec                __nedf2
                0x0000000000002fec                __cmpdf2
                0x0000000000003068                __aeabi_cdrcmple
                0x0000000000003078                __aeabi_cdcmple
                0x0000000000003078                __aeabi_cdcmpeq
                0x0000000000003088                __aeabi_dcmpeq
                0x000000000000309c                __aeabi_dcmplt
                0x00000000000030b0                __aeabi_dcmple
                0x00000000000030c4                __aeabi_dcmpge
                0x00000000000030d8                __aeabi_dcmpgt
 .text          0x00000000000030ec       0x50 /Applications/lpcxpresso_4.2.4_267/lpcxpresso/Tools/bin/../lib/gcc/arm-none-eabi/4.6.2/armv7-m/libgcc.a(_arm_fixdfsi.o)
                0x00000000000030ec                __fixdfsi
                0x00000000000030ec                __aeabi_d2iz
 .text          0x000000000000313c       0x40 /Applications/lpcxpresso_4.2.4_267/lpcxpresso/Tools/bin/../lib/gcc/arm-none-eabi/4.6.2/armv7-m/libgcc.a(_arm_fixunsdfsi.o)
                0x000000000000313c                __fixunsdfsi
                0x000000000000313c                __aeabi_d2uiz
 .text          0x000000000000317c      0x21c /Applications/lpcxpresso_4.2.4_267/lpcxpresso/Tools/bin/../lib/gcc/arm-none-eabi/4.6.2/armv7-m/libgcc.a(_arm_addsubsf3.o)
                0x000000000000317c                __aeabi_frsub
                0x0000000000003184                __aeabi_fsub
                0x0000000000003184                __subsf3
                0x0000000000003188                __aeabi_fadd
                0x0000000000003188                __addsf3
                0x00000000000032e8                __aeabi_ui2f
                0x00000000000032e8                __floatunsisf
                0x00000000000032f0                __floatsisf
                0x00000000000032f0                __aeabi_i2f
                0x000000000000330c                __aeabi_ul2f
                0x000000000000330c                __floatundisf
                0x000000000000331c                __aeabi_l2f
                0x000000000000331c                __floatdisf
 .text          0x0000000000003398      0x2a0 /Applications/lpcxpresso_4.2.4_267/lpcxpresso/Tools/bin/../lib/gcc/arm-none-eabi/4.6.2/armv7-m/libgcc.a(_arm_muldivsf3.o)
                0x0000000000003398                __mulsf3
                0x0000000000003398                __aeabi_fmul
                0x0000000000003500                __divsf3
                0x0000000000003500                __aeabi_fdiv
 .text          0x0000000000003638      0xb4c /Applications/lpcxpresso_4.2.4_267/lpcxpresso/Tools/bin/../lib/gcc/arm-none-eabi/4.6.2/armv7-m/libgcc.a(unwind-arm.o)
                0x00000000000038e0                _Unwind_VRS_Get
                0x0000000000003920                _Unwind_VRS_Set
                0x0000000000003c78                __aeabi_unwind_cpp_pr2
                0x0000000000003c7c                __aeabi_unwind_cpp_pr1
                0x0000000000003c80                __aeabi_unwind_cpp_pr0
                0x0000000000003c84                _Unwind_VRS_Pop
                0x0000000000004038                _Unwind_GetCFA
                0x000000000000403c                __gnu_Unwind_RaiseException
                0x000000000000409c                __gnu_Unwind_ForcedUnwind
                0x00000000000040b0                __gnu_Unwind_Resume
                0x00000000000040ec                __gnu_Unwind_Resume_or_Rethrow
                0x00000000000040fc                _Unwind_Complete
                0x0000000000004100                _Unwind_DeleteException
                0x0000000000004110                __gnu_Unwind_Backtrace
 .text          0x0000000000004184      0x1ac /Applications/lpcxpresso_4.2.4_267/lpcxpresso/Tools/bin/../lib/gcc/arm-none-eabi/4.6.2/armv7-m/libgcc.a(libunwind.o)
                0x0000000000004184                __restore_core_regs
                0x0000000000004184                restore_core_regs
                0x000000000000419c                __gnu_Unwind_Restore_VFP
                0x00000000000041a4                __gnu_Unwind_Save_VFP
                0x00000000000041ac                __gnu_Unwind_Restore_VFP_D
                0x00000000000041b4                __gnu_Unwind_Save_VFP_D
                0x00000000000041bc                __gnu_Unwind_Restore_VFP_D_16_to_31
                0x00000000000041c4                __gnu_Unwind_Save_VFP_D_16_to_31
                0x00000000000041cc                __gnu_Unwind_Restore_WMMXD
                0x0000000000004210                __gnu_Unwind_Save_WMMXD
                0x0000000000004254                __gnu_Unwind_Restore_WMMXC
                0x0000000000004268                __gnu_Unwind_Save_WMMXC
                0x000000000000427c                _Unwind_RaiseException
                0x000000000000427c                ___Unwind_RaiseException
                0x00000000000042a0                ___Unwind_Resume
                0x00000000000042a0                _Unwind_Resume
                0x00000000000042c4                ___Unwind_Resume_or_Rethrow
                0x00000000000042c4                _Unwind_Resume_or_Rethrow
                0x00000000000042e8                _Unwind_ForcedUnwind
                0x00000000000042e8                ___Unwind_ForcedUnwind
                0x000000000000430c                _Unwind_Backtrace
                0x000000000000430c                ___Unwind_Backtrace
 .text          0x0000000000004330      0x374 /Applications/lpcxpresso_4.2.4_267/lpcxpresso/Tools/bin/../lib/gcc/arm-none-eabi/4.6.2/armv7-m/libgcc.a(pr-support.o)
                0x0000000000004384                __gnu_unwind_execute
                0x000000000000464c                __gnu_unwind_frame
                0x0000000000004674                _Unwind_GetRegionStart
                0x0000000000004680                _Unwind_GetLanguageSpecificData
                0x0000000000004694                _Unwind_GetDataRelBase
                0x000000000000469c                _Unwind_GetTextRelBase
 .text          0x00000000000046a4       0x10 /Applications/lpcxpresso_4.2.4_267/lpcxpresso/Tools/bin/../lib/gcc/arm-none-eabi/4.6.2/../../../../arm-none-eabi/lib/armv7-m/libc.a(lib_a-abort.o)
                0x00000000000046a4                abort
 .text          0x00000000000046b4       0x48 /Applications/lpcxpresso_4.2.4_267/lpcxpresso/Tools/bin/../lib/gcc/arm-none-eabi/4.6.2/../../../../arm-none-eabi/lib/armv7-m/libc.a(lib_a-init.o)
                0x00000000000046b4                __libc_init_array
 .text          0x00000000000046fc       0x28 /Applications/lpcxpresso_4.2.4_267/lpcxpresso/Tools/bin/../lib/gcc/arm-none-eabi/4.6.2/../../../../arm-none-eabi/lib/armv7-m/libc.a(lib_a-malloc.o)
                0x00000000000046fc                malloc
                0x0000000000004710                free
 .text          0x0000000000004724      0x51c /Applications/lpcxpresso_4.2.4_267/lpcxpresso/Tools/bin/../lib/gcc/arm-none-eabi/4.6.2/../../../../arm-none-eabi/lib/armv7-m/libc.a(lib_a-mallocr.o)
                0x0000000000004724                _malloc_r
 .text          0x0000000000004c40       0x84 /Applications/lpcxpresso_4.2.4_267/lpcxpresso/Tools/bin/../lib/gcc/arm-none-eabi/4.6.2/../../../../arm-none-eabi/lib/armv7-m/libc.a(lib_a-memcpy.o)
                0x0000000000004c40                memcpy
 .text          0x0000000000004cc4        0x8 /Applications/lpcxpresso_4.2.4_267/lpcxpresso/Tools/bin/../lib/gcc/arm-none-eabi/4.6.2/../../../../arm-none-eabi/lib/armv7-m/libc.a(lib_a-mlock.o)
                0x0000000000004cc4                __malloc_lock
                0x0000000000004cc8                __malloc_unlock
 .text          0x0000000000004ccc       0x24 /Applications/lpcxpresso_4.2.4_267/lpcxpresso/Tools/bin/../lib/gcc/arm-none-eabi/4.6.2/../../../../arm-none-eabi/lib/armv7-m/libc.a(lib_a-sbrkr.o)
                0x0000000000004ccc                _sbrk_r
 .text          0x0000000000004cf0      0x160 /Applications/lpcxpresso_4.2.4_267/lpcxpresso/Tools/bin/../lib/gcc/arm-none-eabi/4.6.2/../../../../arm-none-eabi/lib/armv7-m/libc.a(lib_a-signal.o)
                0x0000000000004cf0                _init_signal_r
                0x0000000000004d24                _signal_r
                0x0000000000004d64                _raise_r
                0x0000000000004dbc                __sigtramp_r
                0x0000000000004e10                raise
                0x0000000000004e20                signal
                0x0000000000004e34                _init_signal
                0x0000000000004e40                __sigtramp
 .text          0x0000000000004e50       0x2c /Applications/lpcxpresso_4.2.4_267/lpcxpresso/Tools/bin/../lib/gcc/arm-none-eabi/4.6.2/../../../../arm-none-eabi/lib/armv7-m/libc.a(lib_a-signalr.o)
                0x0000000000004e50                _kill_r
                0x0000000000004e78                _getpid_r
 .text          0x0000000000004e7c       0x60 /Applications/lpcxpresso_4.2.4_267/lpcxpresso/Tools/bin/../lib/gcc/arm-none-eabi/4.6.2/../../../../arm-none-eabi/lib/armv7-m/libc.a(lib_a-strlen.o)
                0x0000000000004e7c                strlen
 .text          0x0000000000004edc      0x22c /Applications/lpcxpresso_4.2.4_267/lpcxpresso/Tools/bin/../lib/gcc/arm-none-eabi/4.6.2/../../../../arm-none-eabi/lib/armv7-m/libc.a(lib_a-freer.o)
                0x0000000000004edc                _malloc_trim_r
                0x0000000000004f7c                _free_r
 .text.__cxa_end_cleanup
                0x0000000000005108        0xc /Applications/lpcxpresso_4.2.4_267/lpcxpresso/Tools/bin/../lib/gcc/arm-none-eabi/4.6.2/../../../../arm-none-eabi/lib/armv7-m/libstdc++.a(eh_arm.o)
                0x0000000000005108                __cxa_end_cleanup
 .text.__cxa_type_match
                0x0000000000005114       0xec /Applications/lpcxpresso_4.2.4_267/lpcxpresso/Tools/bin/../lib/gcc/arm-none-eabi/4.6.2/../../../../arm-none-eabi/lib/armv7-m/libstdc++.a(eh_arm.o)
                0x0000000000005114                __cxa_type_match
 .text.__cxa_begin_cleanup
                0x0000000000005200       0x78 /Applications/lpcxpresso_4.2.4_267/lpcxpresso/Tools/bin/../lib/gcc/arm-none-eabi/4.6.2/../../../../arm-none-eabi/lib/armv7-m/libstdc++.a(eh_arm.o)
                0x0000000000005200                __cxa_begin_cleanup
 .text.__gnu_end_cleanup
                0x0000000000005278       0x7c /Applications/lpcxpresso_4.2.4_267/lpcxpresso/Tools/bin/../lib/gcc/arm-none-eabi/4.6.2/../../../../arm-none-eabi/lib/armv7-m/libstdc++.a(eh_arm.o)
                0x0000000000005278                __gnu_end_cleanup
 .text.__cxa_bad_cast
                0x00000000000052f4       0x24 /Applications/lpcxpresso_4.2.4_267/lpcxpresso/Tools/bin/../lib/gcc/arm-none-eabi/4.6.2/../../../../arm-none-eabi/lib/armv7-m/libstdc++.a(eh_aux_runtime.o)
                0x00000000000052f4                __cxa_bad_cast
 .text.__cxa_bad_typeid
                0x0000000000005318       0x24 /Applications/lpcxpresso_4.2.4_267/lpcxpresso/Tools/bin/../lib/gcc/arm-none-eabi/4.6.2/../../../../arm-none-eabi/lib/armv7-m/libstdc++.a(eh_aux_runtime.o)
                0x0000000000005318                __cxa_bad_typeid
 .text._ZNSt9exceptionD2Ev
                0x000000000000533c        0xc /Applications/lpcxpresso_4.2.4_267/lpcxpresso/Tools/bin/../lib/gcc/arm-none-eabi/4.6.2/../../../../arm-none-eabi/lib/armv7-m/libstdc++.a(eh_exception.o)
                0x000000000000533c                _ZNSt9exceptionD2Ev
                0x000000000000533c                _ZNSt9exceptionD1Ev
 .text._ZNSt13bad_exceptionD2Ev
                0x0000000000005348        0xc /Applications/lpcxpresso_4.2.4_267/lpcxpresso/Tools/bin/../lib/gcc/arm-none-eabi/4.6.2/../../../../arm-none-eabi/lib/armv7-m/libstdc++.a(eh_exception.o)
                0x0000000000005348                _ZNSt13bad_exceptionD2Ev
                0x0000000000005348                _ZNSt13bad_exceptionD1Ev
 .text._ZN10__cxxabiv115__forced_unwindD2Ev
                0x0000000000005354        0xc /Applications/lpcxpresso_4.2.4_267/lpcxpresso/Tools/bin/../lib/gcc/arm-none-eabi/4.6.2/../../../../arm-none-eabi/lib/armv7-m/libstdc++.a(eh_exception.o)
                0x0000000000005354                _ZN10__cxxabiv115__forced_unwindD1Ev
                0x0000000000005354                _ZN10__cxxabiv115__forced_unwindD2Ev
 .text._ZN10__cxxabiv119__foreign_exceptionD2Ev
                0x0000000000005360        0xc /Applications/lpcxpresso_4.2.4_267/lpcxpresso/Tools/bin/../lib/gcc/arm-none-eabi/4.6.2/../../../../arm-none-eabi/lib/armv7-m/libstdc++.a(eh_exception.o)
                0x0000000000005360                _ZN10__cxxabiv119__foreign_exceptionD2Ev
                0x0000000000005360                _ZN10__cxxabiv119__foreign_exceptionD1Ev
 .text._ZNKSt9exception4whatEv
                0x000000000000536c        0xc /Applications/lpcxpresso_4.2.4_267/lpcxpresso/Tools/bin/../lib/gcc/arm-none-eabi/4.6.2/../../../../arm-none-eabi/lib/armv7-m/libstdc++.a(eh_exception.o)
                0x000000000000536c                _ZNKSt9exception4whatEv
 .text._ZNKSt13bad_exception4whatEv
                0x0000000000005378        0xc /Applications/lpcxpresso_4.2.4_267/lpcxpresso/Tools/bin/../lib/gcc/arm-none-eabi/4.6.2/../../../../arm-none-eabi/lib/armv7-m/libstdc++.a(eh_exception.o)
                0x0000000000005378                _ZNKSt13bad_exception4whatEv
 .text._ZN10__cxxabiv119__foreign_exceptionD0Ev
                0x0000000000005384       0x14 /Applications/lpcxpresso_4.2.4_267/lpcxpresso/Tools/bin/../lib/gcc/arm-none-eabi/4.6.2/../../../../arm-none-eabi/lib/armv7-m/libstdc++.a(eh_exception.o)
                0x0000000000005384                _ZN10__cxxabiv119__foreign_exceptionD0Ev
 .text._ZN10__cxxabiv115__forced_unwindD0Ev
                0x0000000000005398       0x14 /Applications/lpcxpresso_4.2.4_267/lpcxpresso/Tools/bin/../lib/gcc/arm-none-eabi/4.6.2/../../../../arm-none-eabi/lib/armv7-m/libstdc++.a(eh_exception.o)
                0x0000000000005398                _ZN10__cxxabiv115__forced_unwindD0Ev
 .text._ZNSt13bad_exceptionD0Ev
                0x00000000000053ac       0x14 /Applications/lpcxpresso_4.2.4_267/lpcxpresso/Tools/bin/../lib/gcc/arm-none-eabi/4.6.2/../../../../arm-none-eabi/lib/armv7-m/libstdc++.a(eh_exception.o)
                0x00000000000053ac                _ZNSt13bad_exceptionD0Ev
 .text._ZNSt9exceptionD0Ev
                0x00000000000053c0       0x14 /Applications/lpcxpresso_4.2.4_267/lpcxpresso/Tools/bin/../lib/gcc/arm-none-eabi/4.6.2/../../../../arm-none-eabi/lib/armv7-m/libstdc++.a(eh_exception.o)
                0x00000000000053c0                _ZNSt9exceptionD0Ev
 .text.__cxa_get_globals_fast
                0x00000000000053d4        0xc /Applications/lpcxpresso_4.2.4_267/lpcxpresso/Tools/bin/../lib/gcc/arm-none-eabi/4.6.2/../../../../arm-none-eabi/lib/armv7-m/libstdc++.a(eh_globals.o)
                0x00000000000053d4                __cxa_get_globals_fast
 .text.__cxa_get_globals
                0x00000000000053e0        0xc /Applications/lpcxpresso_4.2.4_267/lpcxpresso/Tools/bin/../lib/gcc/arm-none-eabi/4.6.2/../../../../arm-none-eabi/lib/armv7-m/libstdc++.a(eh_globals.o)
                0x00000000000053e0                __cxa_get_globals
 .text._ZL12read_sleb128PKhPl
                0x00000000000053ec       0x3c /Applications/lpcxpresso_4.2.4_267/lpcxpresso/Tools/bin/../lib/gcc/arm-none-eabi/4.6.2/../../../../arm-none-eabi/lib/armv7-m/libstdc++.a(eh_personality.o)
 .text._ZL28read_encoded_value_with_basehjPKhPj
                0x0000000000005428       0xa4 /Applications/lpcxpresso_4.2.4_267/lpcxpresso/Tools/bin/../lib/gcc/arm-none-eabi/4.6.2/../../../../arm-none-eabi/lib/armv7-m/libstdc++.a(eh_personality.o)
 .text._ZL21base_of_encoded_valuehP15_Unwind_Context
                0x00000000000054cc       0x4c /Applications/lpcxpresso_4.2.4_267/lpcxpresso/Tools/bin/../lib/gcc/arm-none-eabi/4.6.2/../../../../arm-none-eabi/lib/armv7-m/libstdc++.a(eh_personality.o)
 .text._ZL17parse_lsda_headerP15_Unwind_ContextPKhP16lsda_header_info.constprop.1
                0x0000000000005518       0x90 /Applications/lpcxpresso_4.2.4_267/lpcxpresso/Tools/bin/../lib/gcc/arm-none-eabi/4.6.2/../../../../arm-none-eabi/lib/armv7-m/libstdc++.a(eh_personality.o)
 .text.__gxx_personality_v0
                0x00000000000055a8      0x3bc /Applications/lpcxpresso_4.2.4_267/lpcxpresso/Tools/bin/../lib/gcc/arm-none-eabi/4.6.2/../../../../arm-none-eabi/lib/armv7-m/libstdc++.a(eh_personality.o)
                0x00000000000055a8                __gxx_personality_v0
 .text._ZN10__cxxabiv111__terminateEPFvvE
                0x0000000000005964       0x28 /Applications/lpcxpresso_4.2.4_267/lpcxpresso/Tools/bin/../lib/gcc/arm-none-eabi/4.6.2/../../../../arm-none-eabi/lib/armv7-m/libstdc++.a(eh_terminate.o)
                0x0000000000005964                _ZN10__cxxabiv111__terminateEPFvvE
 .text._ZSt9terminatev
                0x000000000000598c       0x10 /Applications/lpcxpresso_4.2.4_267/lpcxpresso/Tools/bin/../lib/gcc/arm-none-eabi/4.6.2/../../../../arm-none-eabi/lib/armv7-m/libstdc++.a(eh_terminate.o)
                0x000000000000598c                _ZSt9terminatev
 .text._ZN10__cxxabiv112__unexpectedEPFvvE
                0x000000000000599c        0x8 /Applications/lpcxpresso_4.2.4_267/lpcxpresso/Tools/bin/../lib/gcc/arm-none-eabi/4.6.2/../../../../arm-none-eabi/lib/armv7-m/libstdc++.a(eh_terminate.o)
                0x000000000000599c                _ZN10__cxxabiv112__unexpectedEPFvvE
 .text._ZSt10unexpectedv
                0x00000000000059a4       0x14 /Applications/lpcxpresso_4.2.4_267/lpcxpresso/Tools/bin/../lib/gcc/arm-none-eabi/4.6.2/../../../../arm-none-eabi/lib/armv7-m/libstdc++.a(eh_terminate.o)
                0x00000000000059a4                _ZSt10unexpectedv
 .text._ZSt13set_terminatePFvvE
                0x00000000000059b8       0x10 /Applications/lpcxpresso_4.2.4_267/lpcxpresso/Tools/bin/../lib/gcc/arm-none-eabi/4.6.2/../../../../arm-none-eabi/lib/armv7-m/libstdc++.a(eh_terminate.o)
                0x00000000000059b8                _ZSt13set_terminatePFvvE
 .text._ZSt14set_unexpectedPFvvE
                0x00000000000059c8       0x10 /Applications/lpcxpresso_4.2.4_267/lpcxpresso/Tools/bin/../lib/gcc/arm-none-eabi/4.6.2/../../../../arm-none-eabi/lib/armv7-m/libstdc++.a(eh_terminate.o)
                0x00000000000059c8                _ZSt14set_unexpectedPFvvE
 .text._ZL23__gxx_exception_cleanup19_Unwind_Reason_CodeP21_Unwind_Control_Block
                0x00000000000059d8       0x4c /Applications/lpcxpresso_4.2.4_267/lpcxpresso/Tools/bin/../lib/gcc/arm-none-eabi/4.6.2/../../../../arm-none-eabi/lib/armv7-m/libstdc++.a(eh_throw.o)
 .text.__cxa_throw
                0x0000000000005a24       0x80 /Applications/lpcxpresso_4.2.4_267/lpcxpresso/Tools/bin/../lib/gcc/arm-none-eabi/4.6.2/../../../../arm-none-eabi/lib/armv7-m/libstdc++.a(eh_throw.o)
                0x0000000000005a24                __cxa_throw
 .text.__cxa_rethrow
                0x0000000000005aa4       0x78 /Applications/lpcxpresso_4.2.4_267/lpcxpresso/Tools/bin/../lib/gcc/arm-none-eabi/4.6.2/../../../../arm-none-eabi/lib/armv7-m/libstdc++.a(eh_throw.o)
                0x0000000000005aa4                __cxa_rethrow
 .text._ZN10__cxxabiv123__fundamental_type_infoD2Ev
                0x0000000000005b1c       0x14 /Applications/lpcxpresso_4.2.4_267/lpcxpresso/Tools/bin/../lib/gcc/arm-none-eabi/4.6.2/../../../../arm-none-eabi/lib/armv7-m/libstdc++.a(fundamental_type_info.o)
                0x0000000000005b1c                _ZN10__cxxabiv123__fundamental_type_infoD1Ev
                0x0000000000005b1c                _ZN10__cxxabiv123__fundamental_type_infoD2Ev
 .text._ZN10__cxxabiv123__fundamental_type_infoD0Ev
                0x0000000000005b30       0x1c /Applications/lpcxpresso_4.2.4_267/lpcxpresso/Tools/bin/../lib/gcc/arm-none-eabi/4.6.2/../../../../arm-none-eabi/lib/armv7-m/libstdc++.a(fundamental_type_info.o)
                0x0000000000005b30                _ZN10__cxxabiv123__fundamental_type_infoD0Ev
 .text._ZNK10__cxxabiv119__pointer_type_info14__is_pointer_pEv
                0x0000000000005b4c        0x4 /Applications/lpcxpresso_4.2.4_267/lpcxpresso/Tools/bin/../lib/gcc/arm-none-eabi/4.6.2/../../../../arm-none-eabi/lib/armv7-m/libstdc++.a(pointer_type_info.o)
                0x0000000000005b4c                _ZNK10__cxxabiv119__pointer_type_info14__is_pointer_pEv
 .text._ZN10__cxxabiv119__pointer_type_infoD2Ev
                0x0000000000005b50       0x14 /Applications/lpcxpresso_4.2.4_267/lpcxpresso/Tools/bin/../lib/gcc/arm-none-eabi/4.6.2/../../../../arm-none-eabi/lib/armv7-m/libstdc++.a(pointer_type_info.o)
                0x0000000000005b50                _ZN10__cxxabiv119__pointer_type_infoD1Ev
                0x0000000000005b50                _ZN10__cxxabiv119__pointer_type_infoD2Ev
 .text._ZN10__cxxabiv119__pointer_type_infoD0Ev
                0x0000000000005b64       0x1c /Applications/lpcxpresso_4.2.4_267/lpcxpresso/Tools/bin/../lib/gcc/arm-none-eabi/4.6.2/../../../../arm-none-eabi/lib/armv7-m/libstdc++.a(pointer_type_info.o)
                0x0000000000005b64                _ZN10__cxxabiv119__pointer_type_infoD0Ev
 .text._ZNK10__cxxabiv119__pointer_type_info15__pointer_catchEPKNS_17__pbase_type_infoEPPvj
                0x0000000000005b80       0x44 /Applications/lpcxpresso_4.2.4_267/lpcxpresso/Tools/bin/../lib/gcc/arm-none-eabi/4.6.2/../../../../arm-none-eabi/lib/armv7-m/libstdc++.a(pointer_type_info.o)
                0x0000000000005b80                _ZNK10__cxxabiv119__pointer_type_info15__pointer_catchEPKNS_17__pbase_type_infoEPPvj
 .text._ZN10__cxxabiv120__si_class_type_infoD2Ev
                0x0000000000005bc4       0x14 /Applications/lpcxpresso_4.2.4_267/lpcxpresso/Tools/bin/../lib/gcc/arm-none-eabi/4.6.2/../../../../arm-none-eabi/lib/armv7-m/libstdc++.a(si_class_type_info.o)
                0x0000000000005bc4                _ZN10__cxxabiv120__si_class_type_infoD2Ev
                0x0000000000005bc4                _ZN10__cxxabiv120__si_class_type_infoD1Ev
 .text._ZN10__cxxabiv120__si_class_type_infoD0Ev
                0x0000000000005bd8       0x1c /Applications/lpcxpresso_4.2.4_267/lpcxpresso/Tools/bin/../lib/gcc/arm-none-eabi/4.6.2/../../../../arm-none-eabi/lib/armv7-m/libstdc++.a(si_class_type_info.o)
                0x0000000000005bd8                _ZN10__cxxabiv120__si_class_type_infoD0Ev
 .text._ZNK10__cxxabiv120__si_class_type_info11__do_upcastEPKNS_17__class_type_infoEPKvRNS1_15__upcast_resultE
                0x0000000000005bf4       0x24 /Applications/lpcxpresso_4.2.4_267/lpcxpresso/Tools/bin/../lib/gcc/arm-none-eabi/4.6.2/../../../../arm-none-eabi/lib/armv7-m/libstdc++.a(si_class_type_info.o)
                0x0000000000005bf4                _ZNK10__cxxabiv120__si_class_type_info11__do_upcastEPKNS_17__class_type_infoEPKvRNS1_15__upcast_resultE
 .text._ZNK10__cxxabiv120__si_class_type_info12__do_dyncastEiNS_17__class_type_info10__sub_kindEPKS1_PKvS4_S6_RNS1_16__dyncast_resultE
                0x0000000000005c18       0x94 /Applications/lpcxpresso_4.2.4_267/lpcxpresso/Tools/bin/../lib/gcc/arm-none-eabi/4.6.2/../../../../arm-none-eabi/lib/armv7-m/libstdc++.a(si_class_type_info.o)
                0x0000000000005c18                _ZNK10__cxxabiv120__si_class_type_info12__do_dyncastEiNS_17__class_type_info10__sub_kindEPKS1_PKvS4_S6_RNS1_16__dyncast_resultE
 .text._ZNK10__cxxabiv120__si_class_type_info20__do_find_public_srcEiPKvPKNS_17__class_type_infoES2_
                0x0000000000005cac       0x34 /Applications/lpcxpresso_4.2.4_267/lpcxpresso/Tools/bin/../lib/gcc/arm-none-eabi/4.6.2/../../../../arm-none-eabi/lib/armv7-m/libstdc++.a(si_class_type_info.o)
                0x0000000000005cac                _ZNK10__cxxabiv120__si_class_type_info20__do_find_public_srcEiPKvPKNS_17__class_type_infoES2_
 .text._ZNSt9type_infoD2Ev
                0x0000000000005ce0        0xc /Applications/lpcxpresso_4.2.4_267/lpcxpresso/Tools/bin/../lib/gcc/arm-none-eabi/4.6.2/../../../../arm-none-eabi/lib/armv7-m/libstdc++.a(tinfo.o)
                0x0000000000005ce0                _ZNSt9type_infoD1Ev
                0x0000000000005ce0                _ZNSt9type_infoD2Ev
 .text._ZNKSt9type_info14__is_pointer_pEv
                0x0000000000005cec        0x4 /Applications/lpcxpresso_4.2.4_267/lpcxpresso/Tools/bin/../lib/gcc/arm-none-eabi/4.6.2/../../../../arm-none-eabi/lib/armv7-m/libstdc++.a(tinfo.o)
                0x0000000000005cec                _ZNKSt9type_info14__is_pointer_pEv
 .text._ZNKSt9type_info15__is_function_pEv
                0x0000000000005cf0        0x4 /Applications/lpcxpresso_4.2.4_267/lpcxpresso/Tools/bin/../lib/gcc/arm-none-eabi/4.6.2/../../../../arm-none-eabi/lib/armv7-m/libstdc++.a(tinfo.o)
                0x0000000000005cf0                _ZNKSt9type_info15__is_function_pEv
 .text._ZNKSt9type_info11__do_upcastEPKN10__cxxabiv117__class_type_infoEPPv
                0x0000000000005cf4        0x4 /Applications/lpcxpresso_4.2.4_267/lpcxpresso/Tools/bin/../lib/gcc/arm-none-eabi/4.6.2/../../../../arm-none-eabi/lib/armv7-m/libstdc++.a(tinfo.o)
                0x0000000000005cf4                _ZNKSt9type_info11__do_upcastEPKN10__cxxabiv117__class_type_infoEPPv
 .text._ZNSt9type_infoD0Ev
                0x0000000000005cf8       0x14 /Applications/lpcxpresso_4.2.4_267/lpcxpresso/Tools/bin/../lib/gcc/arm-none-eabi/4.6.2/../../../../arm-none-eabi/lib/armv7-m/libstdc++.a(tinfo.o)
                0x0000000000005cf8                _ZNSt9type_infoD0Ev
 .text._ZNKSt9type_infoeqERKS_
                0x0000000000005d0c       0x30 /Applications/lpcxpresso_4.2.4_267/lpcxpresso/Tools/bin/../lib/gcc/arm-none-eabi/4.6.2/../../../../arm-none-eabi/lib/armv7-m/libstdc++.a(tinfo.o)
                0x0000000000005d0c                _ZNKSt9type_infoeqERKS_
 .text._ZNKSt9type_info10__do_catchEPKS_PPvj
                0x0000000000005d3c        0x4 /Applications/lpcxpresso_4.2.4_267/lpcxpresso/Tools/bin/../lib/gcc/arm-none-eabi/4.6.2/../../../../arm-none-eabi/lib/armv7-m/libstdc++.a(tinfo.o)
                0x0000000000005d3c                _ZNKSt9type_info10__do_catchEPKS_PPvj
 .text._ZNKSt8bad_cast4whatEv
                0x0000000000005d40        0xc /Applications/lpcxpresso_4.2.4_267/lpcxpresso/Tools/bin/../lib/gcc/arm-none-eabi/4.6.2/../../../../arm-none-eabi/lib/armv7-m/libstdc++.a(bad_cast.o)
                0x0000000000005d40                _ZNKSt8bad_cast4whatEv
 .text._ZNSt8bad_castD2Ev
                0x0000000000005d4c       0x14 /Applications/lpcxpresso_4.2.4_267/lpcxpresso/Tools/bin/../lib/gcc/arm-none-eabi/4.6.2/../../../../arm-none-eabi/lib/armv7-m/libstdc++.a(bad_cast.o)
                0x0000000000005d4c                _ZNSt8bad_castD1Ev
                0x0000000000005d4c                _ZNSt8bad_castD2Ev
 .text._ZNSt8bad_castD0Ev
                0x0000000000005d60       0x1c /Applications/lpcxpresso_4.2.4_267/lpcxpresso/Tools/bin/../lib/gcc/arm-none-eabi/4.6.2/../../../../arm-none-eabi/lib/armv7-m/libstdc++.a(bad_cast.o)
                0x0000000000005d60                _ZNSt8bad_castD0Ev
 .text._ZNKSt10bad_typeid4whatEv
                0x0000000000005d7c        0xc /Applications/lpcxpresso_4.2.4_267/lpcxpresso/Tools/bin/../lib/gcc/arm-none-eabi/4.6.2/../../../../arm-none-eabi/lib/armv7-m/libstdc++.a(bad_typeid.o)
                0x0000000000005d7c                _ZNKSt10bad_typeid4whatEv
 .text._ZNSt10bad_typeidD2Ev
                0x0000000000005d88       0x14 /Applications/lpcxpresso_4.2.4_267/lpcxpresso/Tools/bin/../lib/gcc/arm-none-eabi/4.6.2/../../../../arm-none-eabi/lib/armv7-m/libstdc++.a(bad_typeid.o)
                0x0000000000005d88                _ZNSt10bad_typeidD1Ev
                0x0000000000005d88                _ZNSt10bad_typeidD2Ev
 .text._ZNSt10bad_typeidD0Ev
                0x0000000000005d9c       0x1c /Applications/lpcxpresso_4.2.4_267/lpcxpresso/Tools/bin/../lib/gcc/arm-none-eabi/4.6.2/../../../../arm-none-eabi/lib/armv7-m/libstdc++.a(bad_typeid.o)
                0x0000000000005d9c                _ZNSt10bad_typeidD0Ev
 .text._ZNK10__cxxabiv117__class_type_info11__do_upcastEPKS0_PPv
                0x0000000000005db8       0x38 /Applications/lpcxpresso_4.2.4_267/lpcxpresso/Tools/bin/../lib/gcc/arm-none-eabi/4.6.2/../../../../arm-none-eabi/lib/armv7-m/libstdc++.a(class_type_info.o)
                0x0000000000005db8                _ZNK10__cxxabiv117__class_type_info11__do_upcastEPKS0_PPv
 .text._ZNK10__cxxabiv117__class_type_info20__do_find_public_srcEiPKvPKS0_S2_
                0x0000000000005df0        0xc /Applications/lpcxpresso_4.2.4_267/lpcxpresso/Tools/bin/../lib/gcc/arm-none-eabi/4.6.2/../../../../arm-none-eabi/lib/armv7-m/libstdc++.a(class_type_info.o)
                0x0000000000005df0                _ZNK10__cxxabiv117__class_type_info20__do_find_public_srcEiPKvPKS0_S2_
 .text._ZNK10__cxxabiv117__class_type_info11__do_upcastEPKS0_PKvRNS0_15__upcast_resultE
                0x0000000000005dfc       0x1c /Applications/lpcxpresso_4.2.4_267/lpcxpresso/Tools/bin/../lib/gcc/arm-none-eabi/4.6.2/../../../../arm-none-eabi/lib/armv7-m/libstdc++.a(class_type_info.o)
                0x0000000000005dfc                _ZNK10__cxxabiv117__class_type_info11__do_upcastEPKS0_PKvRNS0_15__upcast_resultE
 .text._ZN10__cxxabiv117__class_type_infoD2Ev
                0x0000000000005e18       0x14 /Applications/lpcxpresso_4.2.4_267/lpcxpresso/Tools/bin/../lib/gcc/arm-none-eabi/4.6.2/../../../../arm-none-eabi/lib/armv7-m/libstdc++.a(class_type_info.o)
                0x0000000000005e18                _ZN10__cxxabiv117__class_type_infoD1Ev
                0x0000000000005e18                _ZN10__cxxabiv117__class_type_infoD2Ev
 .text._ZN10__cxxabiv117__class_type_infoD0Ev
                0x0000000000005e2c       0x1c /Applications/lpcxpresso_4.2.4_267/lpcxpresso/Tools/bin/../lib/gcc/arm-none-eabi/4.6.2/../../../../arm-none-eabi/lib/armv7-m/libstdc++.a(class_type_info.o)
                0x0000000000005e2c                _ZN10__cxxabiv117__class_type_infoD0Ev
 .text._ZNK10__cxxabiv117__class_type_info12__do_dyncastEiNS0_10__sub_kindEPKS0_PKvS3_S5_RNS0_16__dyncast_resultE
                0x0000000000005e48       0x3c /Applications/lpcxpresso_4.2.4_267/lpcxpresso/Tools/bin/../lib/gcc/arm-none-eabi/4.6.2/../../../../arm-none-eabi/lib/armv7-m/libstdc++.a(class_type_info.o)
                0x0000000000005e48                _ZNK10__cxxabiv117__class_type_info12__do_dyncastEiNS0_10__sub_kindEPKS0_PKvS3_S5_RNS0_16__dyncast_resultE
 .text._ZNK10__cxxabiv117__class_type_info10__do_catchEPKSt9type_infoPPvj
                0x0000000000005e84       0x28 /Applications/lpcxpresso_4.2.4_267/lpcxpresso/Tools/bin/../lib/gcc/arm-none-eabi/4.6.2/../../../../arm-none-eabi/lib/armv7-m/libstdc++.a(class_type_info.o)
                0x0000000000005e84                _ZNK10__cxxabiv117__class_type_info10__do_catchEPKSt9type_infoPPvj
 .text.__cxa_allocate_exception
                0x0000000000005eac       0x74 /Applications/lpcxpresso_4.2.4_267/lpcxpresso/Tools/bin/../lib/gcc/arm-none-eabi/4.6.2/../../../../arm-none-eabi/lib/armv7-m/libstdc++.a(eh_alloc.o)
                0x0000000000005eac                __cxa_allocate_exception
 .text.__cxa_free_exception
                0x0000000000005f20       0x34 /Applications/lpcxpresso_4.2.4_267/lpcxpresso/Tools/bin/../lib/gcc/arm-none-eabi/4.6.2/../../../../arm-none-eabi/lib/armv7-m/libstdc++.a(eh_alloc.o)
                0x0000000000005f20                __cxa_free_exception
 .text.__cxa_allocate_dependent_exception
                0x0000000000005f54       0x68 /Applications/lpcxpresso_4.2.4_267/lpcxpresso/Tools/bin/../lib/gcc/arm-none-eabi/4.6.2/../../../../arm-none-eabi/lib/armv7-m/libstdc++.a(eh_alloc.o)
                0x0000000000005f54                __cxa_allocate_dependent_exception
 .text.__cxa_free_dependent_exception
                0x0000000000005fbc       0x3c /Applications/lpcxpresso_4.2.4_267/lpcxpresso/Tools/bin/../lib/gcc/arm-none-eabi/4.6.2/../../../../arm-none-eabi/lib/armv7-m/libstdc++.a(eh_alloc.o)
                0x0000000000005fbc                __cxa_free_dependent_exception
 .text.__cxa_call_terminate
                0x0000000000005ff8       0x50 /Applications/lpcxpresso_4.2.4_267/lpcxpresso/Tools/bin/../lib/gcc/arm-none-eabi/4.6.2/../../../../arm-none-eabi/lib/armv7-m/libstdc++.a(eh_call.o)
                0x0000000000005ff8                __cxa_call_terminate
 .text.__cxa_call_unexpected
                0x0000000000006048      0x120 /Applications/lpcxpresso_4.2.4_267/lpcxpresso/Tools/bin/../lib/gcc/arm-none-eabi/4.6.2/../../../../arm-none-eabi/lib/armv7-m/libstdc++.a(eh_call.o)
                0x0000000000006048                __cxa_call_unexpected
 .text.__cxa_get_exception_ptr
                0x0000000000006168        0x4 /Applications/lpcxpresso_4.2.4_267/lpcxpresso/Tools/bin/../lib/gcc/arm-none-eabi/4.6.2/../../../../arm-none-eabi/lib/armv7-m/libstdc++.a(eh_catch.o)
                0x0000000000006168                __cxa_get_exception_ptr
 .text.__cxa_begin_catch
                0x000000000000616c       0x98 /Applications/lpcxpresso_4.2.4_267/lpcxpresso/Tools/bin/../lib/gcc/arm-none-eabi/4.6.2/../../../../arm-none-eabi/lib/armv7-m/libstdc++.a(eh_catch.o)
                0x000000000000616c                __cxa_begin_catch
 .text.__cxa_end_catch
                0x0000000000006204       0x98 /Applications/lpcxpresso_4.2.4_267/lpcxpresso/Tools/bin/../lib/gcc/arm-none-eabi/4.6.2/../../../../arm-none-eabi/lib/armv7-m/libstdc++.a(eh_catch.o)
                0x0000000000006204                __cxa_end_catch
 .text._ZSt18uncaught_exceptionv
                0x000000000000629c       0x10 /Applications/lpcxpresso_4.2.4_267/lpcxpresso/Tools/bin/../lib/gcc/arm-none-eabi/4.6.2/../../../../arm-none-eabi/lib/armv7-m/libstdc++.a(eh_catch.o)
                0x000000000000629c                _ZSt18uncaught_exceptionv
 .text._ZNK10__cxxabiv117__pbase_type_info15__pointer_catchEPKS0_PPvj
                0x00000000000062ac       0x10 /Applications/lpcxpresso_4.2.4_267/lpcxpresso/Tools/bin/../lib/gcc/arm-none-eabi/4.6.2/../../../../arm-none-eabi/lib/armv7-m/libstdc++.a(pbase_type_info.o)
                0x00000000000062ac                _ZNK10__cxxabiv117__pbase_type_info15__pointer_catchEPKS0_PPvj
 .text._ZN10__cxxabiv117__pbase_type_infoD2Ev
                0x00000000000062bc       0x14 /Applications/lpcxpresso_4.2.4_267/lpcxpresso/Tools/bin/../lib/gcc/arm-none-eabi/4.6.2/../../../../arm-none-eabi/lib/armv7-m/libstdc++.a(pbase_type_info.o)
                0x00000000000062bc                _ZN10__cxxabiv117__pbase_type_infoD1Ev
                0x00000000000062bc                _ZN10__cxxabiv117__pbase_type_infoD2Ev
 .text._ZN10__cxxabiv117__pbase_type_infoD0Ev
                0x00000000000062d0       0x1c /Applications/lpcxpresso_4.2.4_267/lpcxpresso/Tools/bin/../lib/gcc/arm-none-eabi/4.6.2/../../../../arm-none-eabi/lib/armv7-m/libstdc++.a(pbase_type_info.o)
                0x00000000000062d0                _ZN10__cxxabiv117__pbase_type_infoD0Ev
 .text._ZNK10__cxxabiv117__pbase_type_info10__do_catchEPKSt9type_infoPPvj
                0x00000000000062ec       0x68 /Applications/lpcxpresso_4.2.4_267/lpcxpresso/Tools/bin/../lib/gcc/arm-none-eabi/4.6.2/../../../../arm-none-eabi/lib/armv7-m/libstdc++.a(pbase_type_info.o)
                0x00000000000062ec                _ZNK10__cxxabiv117__pbase_type_info10__do_catchEPKSt9type_infoPPvj
 *fill*         0x0000000000006354        0x4 00
 .text          0x0000000000006358      0x130 /Applications/lpcxpresso_4.2.4_267/lpcxpresso/Tools/bin/../lib/gcc/arm-none-eabi/4.6.2/../../../../arm-none-eabi/lib/armv7-m/libm.a(lib_a-s_floor.o)
                0x0000000000006358                floor
 .text          0x0000000000006488       0x3c /Applications/lpcxpresso_4.2.4_267/lpcxpresso/Tools/bin/../lib/gcc/arm-none-eabi/4.6.2/../../../../arm-none-eabi/lib/armv7-m/libcr_newlib_nohost.a(_cr_sbrk.o)
                0x0000000000006488                _sbrk
 .text          0x00000000000064c4        0x2 /Applications/lpcxpresso_4.2.4_267/lpcxpresso/Tools/bin/../lib/gcc/arm-none-eabi/4.6.2/../../../../arm-none-eabi/lib/armv7-m/libcr_newlib_nohost.a(_exit.o)
                0x00000000000064c4                _exit
 *fill*         0x00000000000064c6        0x2 00
 .text          0x00000000000064c8       0x10 /Applications/lpcxpresso_4.2.4_267/lpcxpresso/Tools/bin/../lib/gcc/arm-none-eabi/4.6.2/../../../../arm-none-eabi/lib/armv7-m/libcr_newlib_nohost.a(getpid.o)
                0x00000000000064c8                _getpid
 .text          0x00000000000064d8       0x10 /Applications/lpcxpresso_4.2.4_267/lpcxpresso/Tools/bin/../lib/gcc/arm-none-eabi/4.6.2/../../../../arm-none-eabi/lib/armv7-m/libcr_newlib_nohost.a(kill.o)
                0x00000000000064d8                _kill
 .text          0x00000000000064e8       0x2c /Applications/lpcxpresso_4.2.4_267/lpcxpresso/Tools/bin/../lib/gcc/arm-none-eabi/4.6.2/../../../../arm-none-eabi/lib/armv7-m/libcr_newlib_nohost.a(_cr_check_heap.o)
                0x00000000000064e8                __check_heap_overflow
 .text          0x0000000000006514       0x54 /Applications/lpcxpresso_4.2.4_267/lpcxpresso/Tools/bin/../lib/gcc/arm-none-eabi/4.6.2/armv7-m/crtbegin.o
 .text          0x0000000000006568        0xc /Applications/lpcxpresso_4.2.4_267/lpcxpresso/Tools/bin/../lib/gcc/arm-none-eabi/4.6.2/../../../../arm-none-eabi/lib/armv7-m/libc.a(lib_a-errno.o)
                0x0000000000006568                __errno
 .text          0x0000000000006574       0x90 /Applications/lpcxpresso_4.2.4_267/lpcxpresso/Tools/bin/../lib/gcc/arm-none-eabi/4.6.2/../../../../arm-none-eabi/lib/armv7-m/libc.a(lib_a-memset.o)
                0x0000000000006574                memset
 .text          0x0000000000006604      0x1dc /Applications/lpcxpresso_4.2.4_267/lpcxpresso/Tools/bin/../lib/gcc/arm-none-eabi/4.6.2/../../../../arm-none-eabi/lib/armv7-m/libc.a(lib_a-strcmp.o)
                0x0000000000006604                strcmp
 *(.rodata .rodata.*)
 .rodata.str1.1
                0x00000000000067e0       0x67 ./src/TestDeepSleepWithAlarm.o
 *fill*         0x0000000000006847        0x1 00
 .rodata.str1.4
                0x0000000000006848        0x6 /Users/take/proj/LBED/lbed/LBED_LPC13xx/Debug/libLBED_LPC13xx.a(Print.o)
                                          0x8 (size before relaxing)
 *fill*         0x000000000000684e        0x2 00
 .rodata        0x0000000000006850        0x8 /Users/take/proj/LBED/lbed/LBED_LPC13xx/Debug/libLBED_LPC13xx.a(SerialCDC.o)
 .rodata._ZTV9SerialCDC
                0x0000000000006858       0x20 /Users/take/proj/LBED/lbed/LBED_LPC13xx/Debug/libLBED_LPC13xx.a(SerialCDC.o)
                0x0000000000006858                _ZTV9SerialCDC
 .rodata.USB_P_EP
                0x0000000000006878       0x14 /Users/take/proj/LBED/lbed/LBED_LPC13xx/Debug/libLBED_LPC13xx.a(_usbuser.o)
                0x0000000000006878                USB_P_EP
 .rodata.str1.4
                0x000000000000688c        0x8 /Users/take/proj/LBED/lbed/LBED_LPC13xx/Debug/libLBED_LPC13xx.a(Serial.o)
 *fill*         0x0000000000006894        0x4 00
 .rodata._ZTV6Serial
                0x0000000000006898       0x20 /Users/take/proj/LBED/lbed/LBED_LPC13xx/Debug/libLBED_LPC13xx.a(Serial.o)
                0x0000000000006898                _ZTV6Serial
 .rodata.USB_ConfigDescriptor
                0x00000000000068b8       0x44 /Users/take/proj/LBED/lbed/LBED_LPC13xx/Debug/libLBED_LPC13xx.a(_cdc_usbdesc.o)
                0x00000000000068b8                USB_ConfigDescriptor
 .rodata.USB_StringDescriptor
                0x00000000000068fc       0x68 /Users/take/proj/LBED/lbed/LBED_LPC13xx/Debug/libLBED_LPC13xx.a(_cdc_usbdesc.o)
                0x00000000000068fc                USB_StringDescriptor
 .rodata.USB_DeviceDescriptor
                0x0000000000006964       0x12 /Users/take/proj/LBED/lbed/LBED_LPC13xx/Debug/libLBED_LPC13xx.a(_cdc_usbdesc.o)
                0x0000000000006964                USB_DeviceDescriptor
 *fill*         0x0000000000006976        0x2 00
 .rodata.str1.4
                0x0000000000006978        0x2 /Applications/lpcxpresso_4.2.4_267/lpcxpresso/Tools/bin/../lib/gcc/arm-none-eabi/4.6.2/../../../../arm-none-eabi/lib/armv7-m/libc.a(lib_a-impure.o)
                                          0x4 (size before relaxing)
 *fill*         0x000000000000697a        0x6 00
 .rodata._ZTVN10__cxxabiv115__forced_unwindE
                0x0000000000006980       0x18 /Applications/lpcxpresso_4.2.4_267/lpcxpresso/Tools/bin/../lib/gcc/arm-none-eabi/4.6.2/../../../../arm-none-eabi/lib/armv7-m/libstdc++.a(eh_exception.o)
                0x0000000000006980                _ZTVN10__cxxabiv115__forced_unwindE
 .rodata._ZTVSt9exception
                0x0000000000006998       0x18 /Applications/lpcxpresso_4.2.4_267/lpcxpresso/Tools/bin/../lib/gcc/arm-none-eabi/4.6.2/../../../../arm-none-eabi/lib/armv7-m/libstdc++.a(eh_exception.o)
                0x0000000000006998                _ZTVSt9exception
 .rodata._ZTIN10__cxxabiv115__forced_unwindE
                0x00000000000069b0        0x8 /Applications/lpcxpresso_4.2.4_267/lpcxpresso/Tools/bin/../lib/gcc/arm-none-eabi/4.6.2/../../../../arm-none-eabi/lib/armv7-m/libstdc++.a(eh_exception.o)
                0x00000000000069b0                _ZTIN10__cxxabiv115__forced_unwindE
 .rodata._ZTISt9exception
                0x00000000000069b8        0x8 /Applications/lpcxpresso_4.2.4_267/lpcxpresso/Tools/bin/../lib/gcc/arm-none-eabi/4.6.2/../../../../arm-none-eabi/lib/armv7-m/libstdc++.a(eh_exception.o)
                0x00000000000069b8                _ZTISt9exception
 .rodata._ZTSSt13bad_exception
                0x00000000000069c0       0x14 /Applications/lpcxpresso_4.2.4_267/lpcxpresso/Tools/bin/../lib/gcc/arm-none-eabi/4.6.2/../../../../arm-none-eabi/lib/armv7-m/libstdc++.a(eh_exception.o)
                0x00000000000069c0                _ZTSSt13bad_exception
 .rodata.str1.4
                0x00000000000069d4       0x23 /Applications/lpcxpresso_4.2.4_267/lpcxpresso/Tools/bin/../lib/gcc/arm-none-eabi/4.6.2/../../../../arm-none-eabi/lib/armv7-m/libstdc++.a(eh_exception.o)
                                         0x24 (size before relaxing)
 *fill*         0x00000000000069f7        0x1 00
 .rodata._ZTSN10__cxxabiv119__foreign_exceptionE
                0x00000000000069f8       0x24 /Applications/lpcxpresso_4.2.4_267/lpcxpresso/Tools/bin/../lib/gcc/arm-none-eabi/4.6.2/../../../../arm-none-eabi/lib/armv7-m/libstdc++.a(eh_exception.o)
                0x00000000000069f8                _ZTSN10__cxxabiv119__foreign_exceptionE
 .rodata._ZTIN10__cxxabiv119__foreign_exceptionE
                0x0000000000006a1c        0x8 /Applications/lpcxpresso_4.2.4_267/lpcxpresso/Tools/bin/../lib/gcc/arm-none-eabi/4.6.2/../../../../arm-none-eabi/lib/armv7-m/libstdc++.a(eh_exception.o)
                0x0000000000006a1c                _ZTIN10__cxxabiv119__foreign_exceptionE
 *fill*         0x0000000000006a24        0x4 00
 .rodata._ZTVSt13bad_exception
                0x0000000000006a28       0x18 /Applications/lpcxpresso_4.2.4_267/lpcxpresso/Tools/bin/../lib/gcc/arm-none-eabi/4.6.2/../../../../arm-none-eabi/lib/armv7-m/libstdc++.a(eh_exception.o)
                0x0000000000006a28                _ZTVSt13bad_exception
 .rodata._ZTSSt9exception
                0x0000000000006a40       0x10 /Applications/lpcxpresso_4.2.4_267/lpcxpresso/Tools/bin/../lib/gcc/arm-none-eabi/4.6.2/../../../../arm-none-eabi/lib/armv7-m/libstdc++.a(eh_exception.o)
                0x0000000000006a40                _ZTSSt9exception
 .rodata._ZTVN10__cxxabiv119__foreign_exceptionE
                0x0000000000006a50       0x18 /Applications/lpcxpresso_4.2.4_267/lpcxpresso/Tools/bin/../lib/gcc/arm-none-eabi/4.6.2/../../../../arm-none-eabi/lib/armv7-m/libstdc++.a(eh_exception.o)
                0x0000000000006a50                _ZTVN10__cxxabiv119__foreign_exceptionE
 .rodata._ZTSN10__cxxabiv115__forced_unwindE
                0x0000000000006a68       0x20 /Applications/lpcxpresso_4.2.4_267/lpcxpresso/Tools/bin/../lib/gcc/arm-none-eabi/4.6.2/../../../../arm-none-eabi/lib/armv7-m/libstdc++.a(eh_exception.o)
                0x0000000000006a68                _ZTSN10__cxxabiv115__forced_unwindE
 .rodata._ZTISt13bad_exception
                0x0000000000006a88        0xc /Applications/lpcxpresso_4.2.4_267/lpcxpresso/Tools/bin/../lib/gcc/arm-none-eabi/4.6.2/../../../../arm-none-eabi/lib/armv7-m/libstdc++.a(eh_exception.o)
                0x0000000000006a88                _ZTISt13bad_exception
 .rodata._ZTIPv
                0x0000000000006a94       0x10 /Applications/lpcxpresso_4.2.4_267/lpcxpresso/Tools/bin/../lib/gcc/arm-none-eabi/4.6.2/../../../../arm-none-eabi/lib/armv7-m/libstdc++.a(fundamental_type_info.o)
                0x0000000000006a94                _ZTIPv
 .rodata._ZTIv  0x0000000000006aa4        0x8 /Applications/lpcxpresso_4.2.4_267/lpcxpresso/Tools/bin/../lib/gcc/arm-none-eabi/4.6.2/../../../../arm-none-eabi/lib/armv7-m/libstdc++.a(fundamental_type_info.o)
                0x0000000000006aa4                _ZTIv
 .rodata._ZTSPv
                0x0000000000006aac        0x4 /Applications/lpcxpresso_4.2.4_267/lpcxpresso/Tools/bin/../lib/gcc/arm-none-eabi/4.6.2/../../../../arm-none-eabi/lib/armv7-m/libstdc++.a(fundamental_type_info.o)
                0x0000000000006aac                _ZTSPv
 .rodata._ZTSv  0x0000000000006ab0        0x4 /Applications/lpcxpresso_4.2.4_267/lpcxpresso/Tools/bin/../lib/gcc/arm-none-eabi/4.6.2/../../../../arm-none-eabi/lib/armv7-m/libstdc++.a(fundamental_type_info.o)
                0x0000000000006ab0                _ZTSv
 .rodata._ZTIN10__cxxabiv123__fundamental_type_infoE
                0x0000000000006ab4        0xc /Applications/lpcxpresso_4.2.4_267/lpcxpresso/Tools/bin/../lib/gcc/arm-none-eabi/4.6.2/../../../../arm-none-eabi/lib/armv7-m/libstdc++.a(fundamental_type_info.o)
                0x0000000000006ab4                _ZTIN10__cxxabiv123__fundamental_type_infoE
 .rodata._ZTSN10__cxxabiv123__fundamental_type_infoE
                0x0000000000006ac0       0x28 /Applications/lpcxpresso_4.2.4_267/lpcxpresso/Tools/bin/../lib/gcc/arm-none-eabi/4.6.2/../../../../arm-none-eabi/lib/armv7-m/libstdc++.a(fundamental_type_info.o)
                0x0000000000006ac0                _ZTSN10__cxxabiv123__fundamental_type_infoE
 .rodata._ZTVN10__cxxabiv123__fundamental_type_infoE
                0x0000000000006ae8       0x20 /Applications/lpcxpresso_4.2.4_267/lpcxpresso/Tools/bin/../lib/gcc/arm-none-eabi/4.6.2/../../../../arm-none-eabi/lib/armv7-m/libstdc++.a(fundamental_type_info.o)
                0x0000000000006ae8                _ZTVN10__cxxabiv123__fundamental_type_infoE
 .rodata._ZTSN10__cxxabiv119__pointer_type_infoE
                0x0000000000006b08       0x24 /Applications/lpcxpresso_4.2.4_267/lpcxpresso/Tools/bin/../lib/gcc/arm-none-eabi/4.6.2/../../../../arm-none-eabi/lib/armv7-m/libstdc++.a(pointer_type_info.o)
                0x0000000000006b08                _ZTSN10__cxxabiv119__pointer_type_infoE
 .rodata._ZTIN10__cxxabiv119__pointer_type_infoE
                0x0000000000006b2c        0xc /Applications/lpcxpresso_4.2.4_267/lpcxpresso/Tools/bin/../lib/gcc/arm-none-eabi/4.6.2/../../../../arm-none-eabi/lib/armv7-m/libstdc++.a(pointer_type_info.o)
                0x0000000000006b2c                _ZTIN10__cxxabiv119__pointer_type_infoE
 .rodata._ZTVN10__cxxabiv119__pointer_type_infoE
                0x0000000000006b38       0x28 /Applications/lpcxpresso_4.2.4_267/lpcxpresso/Tools/bin/../lib/gcc/arm-none-eabi/4.6.2/../../../../arm-none-eabi/lib/armv7-m/libstdc++.a(pointer_type_info.o)
                0x0000000000006b38                _ZTVN10__cxxabiv119__pointer_type_infoE
 .rodata._ZTVN10__cxxabiv120__si_class_type_infoE
                0x0000000000006b60       0x30 /Applications/lpcxpresso_4.2.4_267/lpcxpresso/Tools/bin/../lib/gcc/arm-none-eabi/4.6.2/../../../../arm-none-eabi/lib/armv7-m/libstdc++.a(si_class_type_info.o)
                0x0000000000006b60                _ZTVN10__cxxabiv120__si_class_type_infoE
 .rodata._ZTIN10__cxxabiv120__si_class_type_infoE
                0x0000000000006b90        0xc /Applications/lpcxpresso_4.2.4_267/lpcxpresso/Tools/bin/../lib/gcc/arm-none-eabi/4.6.2/../../../../arm-none-eabi/lib/armv7-m/libstdc++.a(si_class_type_info.o)
                0x0000000000006b90                _ZTIN10__cxxabiv120__si_class_type_infoE
 .rodata._ZTSN10__cxxabiv120__si_class_type_infoE
                0x0000000000006b9c       0x28 /Applications/lpcxpresso_4.2.4_267/lpcxpresso/Tools/bin/../lib/gcc/arm-none-eabi/4.6.2/../../../../arm-none-eabi/lib/armv7-m/libstdc++.a(si_class_type_info.o)
                0x0000000000006b9c                _ZTSN10__cxxabiv120__si_class_type_infoE
 .rodata._ZTISt9type_info
                0x0000000000006bc4        0x8 /Applications/lpcxpresso_4.2.4_267/lpcxpresso/Tools/bin/../lib/gcc/arm-none-eabi/4.6.2/../../../../arm-none-eabi/lib/armv7-m/libstdc++.a(tinfo.o)
                0x0000000000006bc4                _ZTISt9type_info
 .rodata._ZTSSt9type_info
                0x0000000000006bcc       0x10 /Applications/lpcxpresso_4.2.4_267/lpcxpresso/Tools/bin/../lib/gcc/arm-none-eabi/4.6.2/../../../../arm-none-eabi/lib/armv7-m/libstdc++.a(tinfo.o)
                0x0000000000006bcc                _ZTSSt9type_info
 *fill*         0x0000000000006bdc        0x4 00
 .rodata._ZTVSt9type_info
                0x0000000000006be0       0x20 /Applications/lpcxpresso_4.2.4_267/lpcxpresso/Tools/bin/../lib/gcc/arm-none-eabi/4.6.2/../../../../arm-none-eabi/lib/armv7-m/libstdc++.a(tinfo.o)
                0x0000000000006be0                _ZTVSt9type_info
 .rodata._ZTISt8bad_cast
                0x0000000000006c00        0xc /Applications/lpcxpresso_4.2.4_267/lpcxpresso/Tools/bin/../lib/gcc/arm-none-eabi/4.6.2/../../../../arm-none-eabi/lib/armv7-m/libstdc++.a(bad_cast.o)
                0x0000000000006c00                _ZTISt8bad_cast
 .rodata._ZTSSt8bad_cast
                0x0000000000006c0c        0xc /Applications/lpcxpresso_4.2.4_267/lpcxpresso/Tools/bin/../lib/gcc/arm-none-eabi/4.6.2/../../../../arm-none-eabi/lib/armv7-m/libstdc++.a(bad_cast.o)
                0x0000000000006c0c                _ZTSSt8bad_cast
 .rodata._ZTVSt8bad_cast
                0x0000000000006c18       0x18 /Applications/lpcxpresso_4.2.4_267/lpcxpresso/Tools/bin/../lib/gcc/arm-none-eabi/4.6.2/../../../../arm-none-eabi/lib/armv7-m/libstdc++.a(bad_cast.o)
                0x0000000000006c18                _ZTVSt8bad_cast
 .rodata.str1.4
                0x0000000000006c30        0xe /Applications/lpcxpresso_4.2.4_267/lpcxpresso/Tools/bin/../lib/gcc/arm-none-eabi/4.6.2/../../../../arm-none-eabi/lib/armv7-m/libstdc++.a(bad_cast.o)
                                         0x10 (size before relaxing)
 *fill*         0x0000000000006c3e        0x2 00
 .rodata._ZTVSt10bad_typeid
                0x0000000000006c40       0x18 /Applications/lpcxpresso_4.2.4_267/lpcxpresso/Tools/bin/../lib/gcc/arm-none-eabi/4.6.2/../../../../arm-none-eabi/lib/armv7-m/libstdc++.a(bad_typeid.o)
                0x0000000000006c40                _ZTVSt10bad_typeid
 .rodata._ZTISt10bad_typeid
                0x0000000000006c58        0xc /Applications/lpcxpresso_4.2.4_267/lpcxpresso/Tools/bin/../lib/gcc/arm-none-eabi/4.6.2/../../../../arm-none-eabi/lib/armv7-m/libstdc++.a(bad_typeid.o)
                0x0000000000006c58                _ZTISt10bad_typeid
 .rodata.str1.4
                0x0000000000006c64       0x10 /Applications/lpcxpresso_4.2.4_267/lpcxpresso/Tools/bin/../lib/gcc/arm-none-eabi/4.6.2/../../../../arm-none-eabi/lib/armv7-m/libstdc++.a(bad_typeid.o)
 .rodata._ZTSSt10bad_typeid
                0x0000000000006c74       0x10 /Applications/lpcxpresso_4.2.4_267/lpcxpresso/Tools/bin/../lib/gcc/arm-none-eabi/4.6.2/../../../../arm-none-eabi/lib/armv7-m/libstdc++.a(bad_typeid.o)
                0x0000000000006c74                _ZTSSt10bad_typeid
 *fill*         0x0000000000006c84        0x4 00
 .rodata._ZTVN10__cxxabiv117__class_type_infoE
                0x0000000000006c88       0x30 /Applications/lpcxpresso_4.2.4_267/lpcxpresso/Tools/bin/../lib/gcc/arm-none-eabi/4.6.2/../../../../arm-none-eabi/lib/armv7-m/libstdc++.a(class_type_info.o)
                0x0000000000006c88                _ZTVN10__cxxabiv117__class_type_infoE
 .rodata._ZTIN10__cxxabiv117__class_type_infoE
                0x0000000000006cb8        0xc /Applications/lpcxpresso_4.2.4_267/lpcxpresso/Tools/bin/../lib/gcc/arm-none-eabi/4.6.2/../../../../arm-none-eabi/lib/armv7-m/libstdc++.a(class_type_info.o)
                0x0000000000006cb8                _ZTIN10__cxxabiv117__class_type_infoE
 .rodata._ZTSN10__cxxabiv117__class_type_infoE
                0x0000000000006cc4       0x24 /Applications/lpcxpresso_4.2.4_267/lpcxpresso/Tools/bin/../lib/gcc/arm-none-eabi/4.6.2/../../../../arm-none-eabi/lib/armv7-m/libstdc++.a(class_type_info.o)
                0x0000000000006cc4                _ZTSN10__cxxabiv117__class_type_infoE
 .rodata._ZTIN10__cxxabiv117__pbase_type_infoE
                0x0000000000006ce8        0xc /Applications/lpcxpresso_4.2.4_267/lpcxpresso/Tools/bin/../lib/gcc/arm-none-eabi/4.6.2/../../../../arm-none-eabi/lib/armv7-m/libstdc++.a(pbase_type_info.o)
                0x0000000000006ce8                _ZTIN10__cxxabiv117__pbase_type_infoE
 .rodata._ZTSN10__cxxabiv117__pbase_type_infoE
                0x0000000000006cf4       0x24 /Applications/lpcxpresso_4.2.4_267/lpcxpresso/Tools/bin/../lib/gcc/arm-none-eabi/4.6.2/../../../../arm-none-eabi/lib/armv7-m/libstdc++.a(pbase_type_info.o)
                0x0000000000006cf4                _ZTSN10__cxxabiv117__pbase_type_infoE
 .rodata._ZTVN10__cxxabiv117__pbase_type_infoE
                0x0000000000006d18       0x28 /Applications/lpcxpresso_4.2.4_267/lpcxpresso/Tools/bin/../lib/gcc/arm-none-eabi/4.6.2/../../../../arm-none-eabi/lib/armv7-m/libstdc++.a(pbase_type_info.o)
                0x0000000000006d18                _ZTVN10__cxxabiv117__pbase_type_infoE
                0x0000000000006d40                . = ALIGN (0x4)
                0x0000000000006d40                . = ALIGN (0x4)
 *(.init)
 .init          0x0000000000006d40        0x4 /Applications/lpcxpresso_4.2.4_267/lpcxpresso/Tools/bin/../lib/gcc/arm-none-eabi/4.6.2/armv7-m/crti.o
                0x0000000000006d40                _init
 .init          0x0000000000006d44        0x8 /Applications/lpcxpresso_4.2.4_267/lpcxpresso/Tools/bin/../lib/gcc/arm-none-eabi/4.6.2/armv7-m/crtn.o
                0x0000000000006d4c                . = ALIGN (0x4)
                0x0000000000006d4c                __preinit_array_start = .
 *(.preinit_array)
                0x0000000000006d4c                __preinit_array_end = .
                0x0000000000006d4c                . = ALIGN (0x4)
                0x0000000000006d4c                __init_array_start = .
 *(SORT(.init_array.*))
 *(.init_array)
 .init_array    0x0000000000006d4c        0x4 /Applications/lpcxpresso_4.2.4_267/lpcxpresso/Tools/bin/../lib/gcc/arm-none-eabi/4.6.2/armv7-m/crtbegin.o
                0x0000000000006d50                __init_array_end = .
 *(.fini)
 .fini          0x0000000000006d50        0x4 /Applications/lpcxpresso_4.2.4_267/lpcxpresso/Tools/bin/../lib/gcc/arm-none-eabi/4.6.2/armv7-m/crti.o
                0x0000000000006d50                _fini
 .fini          0x0000000000006d54        0x8 /Applications/lpcxpresso_4.2.4_267/lpcxpresso/Tools/bin/../lib/gcc/arm-none-eabi/4.6.2/armv7-m/crtn.o
                0x0000000000006d5c                . = ALIGN (0x4)
 *crtbegin.o(.ctors)
 *(EXCLUDE_FILE(*crtend.o) .ctors)
 *(SORT(.ctors.*))
 *crtend.o(.ctors)
                0x0000000000006d5c                . = ALIGN (0x4)
 *crtbegin.o(.dtors)
 *(EXCLUDE_FILE(*crtend.o) .dtors)
 *(SORT(.dtors.*))
 *crtend.o(.dtors)

.glue_7         0x0000000000006d5c        0x0
 .glue_7        0x0000000000000000        0x0 linker stubs

.glue_7t        0x0000000000006d5c        0x0
 .glue_7t       0x0000000000000000        0x0 linker stubs

.vfp11_veneer   0x0000000000006d5c        0x0
 .vfp11_veneer  0x0000000000000000        0x0 linker stubs

.v4_bx          0x0000000000006d5c        0x0
 .v4_bx         0x0000000000000000        0x0 linker stubs

.ARM.extab      0x0000000000006d5c      0x1a0
 *(.ARM.extab* .gnu.linkonce.armextab.*)
 .ARM.extab.text._ZN10DigitalOutaSEi
                0x0000000000006d5c        0x0 ./src/TestDeepSleepWithAlarm.o
 .ARM.extab.text._Z13DeepPowerDownv
                0x0000000000006d5c        0x0 ./src/TestDeepSleepWithAlarm.o
 .ARM.extab.text.startup.main
                0x0000000000006d5c       0x1c ./src/TestDeepSleepWithAlarm.o
 .ARM.extab.text._Znwj
                0x0000000000006d78        0x0 ./src/cr_cpp_config.o
 .ARM.extab.text._Znaj
                0x0000000000006d78        0x0 ./src/cr_cpp_config.o
 .ARM.extab.text._ZdlPv
                0x0000000000006d78        0x0 ./src/cr_cpp_config.o
 .ARM.extab.text._ZdaPv
                0x0000000000006d78        0x0 ./src/cr_cpp_config.o
 .ARM.extab.text.__aeabi_atexit
                0x0000000000006d78        0x0 ./src/cr_cpp_config.o
 .ARM.extab.text._ZN9__gnu_cxx27__verbose_terminate_handlerEv
                0x0000000000006d78        0x0 ./src/cr_cpp_config.o
 .ARM.extab.after_vectors
                0x0000000000006d78        0x0 ./src/cr_startup_lpc13.o
 .ARM.extab.text._ZN7PCF2123C2Eiiii
                0x0000000000006d78        0x0 /Users/take/Documents/LPCXpresso_4.2.4/workspace/LBED_LPC13xx_USERLIB/Debug/libLBED_LPC13xx_USERLIB.a(PCF2123.o)
 .ARM.extab.text._ZN7PCF2123D2Ev
                0x0000000000006d78        0x0 /Users/take/Documents/LPCXpresso_4.2.4/workspace/LBED_LPC13xx_USERLIB/Debug/libLBED_LPC13xx_USERLIB.a(PCF2123.o)
 .ARM.extab.text._ZN7PCF21234readEh
                0x0000000000006d78        0xc /Users/take/Documents/LPCXpresso_4.2.4/workspace/LBED_LPC13xx_USERLIB/Debug/libLBED_LPC13xx_USERLIB.a(PCF2123.o)
 .ARM.extab.text._ZN7PCF21237commandEhh
                0x0000000000006d84        0x0 /Users/take/Documents/LPCXpresso_4.2.4/workspace/LBED_LPC13xx_USERLIB/Debug/libLBED_LPC13xx_USERLIB.a(PCF2123.o)
 .ARM.extab.text._ZN7PCF21238read_rtcEv
                0x0000000000006d84        0x0 /Users/take/Documents/LPCXpresso_4.2.4/workspace/LBED_LPC13xx_USERLIB/Debug/libLBED_LPC13xx_USERLIB.a(PCF2123.o)
 .ARM.extab.text._ZN7PCF21235resetEv
                0x0000000000006d84        0x0 /Users/take/Documents/LPCXpresso_4.2.4/workspace/LBED_LPC13xx_USERLIB/Debug/libLBED_LPC13xx_USERLIB.a(PCF2123.o)
 .ARM.extab.text._ZN7PCF21238set_timeEhhhhhhh
                0x0000000000006d84        0x0 /Users/take/Documents/LPCXpresso_4.2.4/workspace/LBED_LPC13xx_USERLIB/Debug/libLBED_LPC13xx_USERLIB.a(PCF2123.o)
 .ARM.extab.text._ZN7PCF21239set_alarmEhh
                0x0000000000006d84        0x0 /Users/take/Documents/LPCXpresso_4.2.4/workspace/LBED_LPC13xx_USERLIB/Debug/libLBED_LPC13xx_USERLIB.a(PCF2123.o)
 .ARM.extab.text._ZN10DigitalOutC2Ev
                0x0000000000006d84        0x0 /Users/take/proj/LBED/lbed/LBED_LPC13xx/Debug/libLBED_LPC13xx.a(DigitalOut.o)
 .ARM.extab.text._ZN10DigitalOut5setupEiPKc