Archive member included because of file (symbol)

/Users/take/proj/LBED/lbed/CMSISv2p00_LPC11xx/Debug/libCMSISv2p00_LPC11xx.a(system_LPC11xx.o)
                              ./src_base/cr_startup_lpc11.o (SystemInit)
/Users/take/proj/LBED/lbed/LBED_lbeDuino_USERLIB/Debug/libLBED_lbeDuino_USERLIB.a(LM73.o)
                              ./src/LM73.o (_ZN4LM734readEv)
/Users/take/proj/LBED/lbed/LBED_lbeDuino/Debug/libLBED_lbeDuino.a(DigitalIn.o)
                              ./src/LM73.o (_ZN9DigitalIn4readEv)
/Users/take/proj/LBED/lbed/LBED_lbeDuino/Debug/libLBED_lbeDuino.a(DigitalOut.o)
                              ./src/LM73.o (_ZN10DigitalOutC1EiPKc)
/Users/take/proj/LBED/lbed/LBED_lbeDuino/Debug/libLBED_lbeDuino.a(I2C.o)
                              /Users/take/proj/LBED/lbed/LBED_lbeDuino_USERLIB/Debug/libLBED_lbeDuino_USERLIB.a(LM73.o) (_ZN3I2C4readEiPcib)
/Users/take/proj/LBED/lbed/LBED_lbeDuino/Debug/libLBED_lbeDuino.a(Print.o)
                              ./src/LM73.o (_ZN5Print5printEPKc)
/Users/take/proj/LBED/lbed/LBED_lbeDuino/Debug/libLBED_lbeDuino.a(Serial.o)
                              ./src/LM73.o (_ZN6Serial4baudEj)
/Users/take/proj/LBED/lbed/LBED_lbeDuino/Debug/libLBED_lbeDuino.a(pure_virtual.o)
                              /Users/take/proj/LBED/lbed/LBED_lbeDuino/Debug/libLBED_lbeDuino.a(Print.o) (__cxa_pure_virtual)
/Users/take/proj/LBED/lbed/LBED_lbeDuino/Debug/libLBED_lbeDuino.a(wait_api.o)
                              ./src_base/cr_startup_lpc11.o (wait_init)
/Users/take/proj/LBED/lbed/LBED_lbeDuino/Debug/libLBED_lbeDuino.a(_i2c.o)
                              /Users/take/proj/LBED/lbed/LBED_lbeDuino/Debug/libLBED_lbeDuino.a(I2C.o) (getI2CMasterBuffer)
/Applications/lpcxpresso_6.0.2_151/lpcxpresso/tools/bin/../lib/gcc/arm-none-eabi/4.6.2/armv6-m/libgcc.a(_udivsi3.o)
                              /Users/take/proj/LBED/lbed/CMSISv2p00_LPC11xx/Debug/libCMSISv2p00_LPC11xx.a(system_LPC11xx.o) (__aeabi_uidiv)
/Applications/lpcxpresso_6.0.2_151/lpcxpresso/tools/bin/../lib/gcc/arm-none-eabi/4.6.2/armv6-m/libgcc.a(_dvmd_tls.o)
                              /Applications/lpcxpresso_6.0.2_151/lpcxpresso/tools/bin/../lib/gcc/arm-none-eabi/4.6.2/armv6-m/libgcc.a(_udivsi3.o) (__aeabi_idiv0)
/Applications/lpcxpresso_6.0.2_151/lpcxpresso/tools/bin/../lib/gcc/arm-none-eabi/4.6.2/armv6-m/libgcc.a(_arm_cmpdf2.o)
                              /Users/take/proj/LBED/lbed/LBED_lbeDuino/Debug/libLBED_lbeDuino.a(Print.o) (__aeabi_dcmplt)
/Applications/lpcxpresso_6.0.2_151/lpcxpresso/tools/bin/../lib/gcc/arm-none-eabi/4.6.2/armv6-m/libgcc.a(_fixunsdfsi.o)
                              /Users/take/proj/LBED/lbed/LBED_lbeDuino/Debug/libLBED_lbeDuino.a(Print.o) (__aeabi_d2uiz)
/Applications/lpcxpresso_6.0.2_151/lpcxpresso/tools/bin/../lib/gcc/arm-none-eabi/4.6.2/armv6-m/libgcc.a(adddf3.o)
                              /Users/take/proj/LBED/lbed/LBED_lbeDuino_USERLIB/Debug/libLBED_lbeDuino_USERLIB.a(LM73.o) (__aeabi_dadd)
/Applications/lpcxpresso_6.0.2_151/lpcxpresso/tools/bin/../lib/gcc/arm-none-eabi/4.6.2/armv6-m/libgcc.a(divdf3.o)
                              /Users/take/proj/LBED/lbed/LBED_lbeDuino_USERLIB/Debug/libLBED_lbeDuino_USERLIB.a(LM73.o) (__aeabi_ddiv)
/Applications/lpcxpresso_6.0.2_151/lpcxpresso/tools/bin/../lib/gcc/arm-none-eabi/4.6.2/armv6-m/libgcc.a(eqdf2.o)
                              /Applications/lpcxpresso_6.0.2_151/lpcxpresso/tools/bin/../lib/gcc/arm-none-eabi/4.6.2/armv6-m/libgcc.a(_arm_cmpdf2.o) (__eqdf2)
/Applications/lpcxpresso_6.0.2_151/lpcxpresso/tools/bin/../lib/gcc/arm-none-eabi/4.6.2/armv6-m/libgcc.a(gedf2.o)
                              /Applications/lpcxpresso_6.0.2_151/lpcxpresso/tools/bin/../lib/gcc/arm-none-eabi/4.6.2/armv6-m/libgcc.a(_arm_cmpdf2.o) (__gedf2)
/Applications/lpcxpresso_6.0.2_151/lpcxpresso/tools/bin/../lib/gcc/arm-none-eabi/4.6.2/armv6-m/libgcc.a(ledf2.o)
                              /Applications/lpcxpresso_6.0.2_151/lpcxpresso/tools/bin/../lib/gcc/arm-none-eabi/4.6.2/armv6-m/libgcc.a(_arm_cmpdf2.o) (__ledf2)
/Applications/lpcxpresso_6.0.2_151/lpcxpresso/tools/bin/../lib/gcc/arm-none-eabi/4.6.2/armv6-m/libgcc.a(muldf3.o)
                              /Users/take/proj/LBED/lbed/LBED_lbeDuino/Debug/libLBED_lbeDuino.a(Print.o) (__aeabi_dmul)
/Applications/lpcxpresso_6.0.2_151/lpcxpresso/tools/bin/../lib/gcc/arm-none-eabi/4.6.2/armv6-m/libgcc.a(subdf3.o)
                              /Users/take/proj/LBED/lbed/LBED_lbeDuino/Debug/libLBED_lbeDuino.a(Print.o) (__aeabi_dsub)
/Applications/lpcxpresso_6.0.2_151/lpcxpresso/tools/bin/../lib/gcc/arm-none-eabi/4.6.2/armv6-m/libgcc.a(fixdfsi.o)
                              /Users/take/proj/LBED/lbed/LBED_lbeDuino/Debug/libLBED_lbeDuino.a(Print.o) (__aeabi_d2iz)
/Applications/lpcxpresso_6.0.2_151/lpcxpresso/tools/bin/../lib/gcc/arm-none-eabi/4.6.2/armv6-m/libgcc.a(floatsidf.o)
                              /Users/take/proj/LBED/lbed/LBED_lbeDuino_USERLIB/Debug/libLBED_lbeDuino_USERLIB.a(LM73.o) (__aeabi_i2d)
[...]
Memory Configuration

Name             Origin             Length             Attributes
MFlash32         0x0000000000000000 0x0000000000008000 xr
RamLoc4          0x0000000010000000 0x0000000000001000 xrw
*default*        0x0000000000000000 0xffffffffffffffff

Linker script and memory map

LOAD ./src_base/Main.o
LOAD ./src_base/cr_cpp_config.o
LOAD ./src_base/cr_startup_lpc11.o
LOAD ./src/LM73.o
LOAD /Users/take/proj/LBED/lbed/CMSISv2p00_LPC11xx/Debug/libCMSISv2p00_LPC11xx.a
LOAD /Users/take/proj/LBED/lbed/LBED_lbeDuino_USERLIB/Debug/libLBED_lbeDuino_USERLIB.a
LOAD /Users/take/proj/LBED/lbed/LBED_lbeDuino/Debug/libLBED_lbeDuino.a
START GROUP
LOAD /Applications/lpcxpresso_6.0.2_151/lpcxpresso/tools/bin/../lib/gcc/arm-none-eabi/4.6.2/armv6-m/libgcc.a
LOAD /Applications/lpcxpresso_6.0.2_151/lpcxpresso/tools/bin/../lib/gcc/arm-none-eabi/4.6.2/../../../../arm-none-eabi/lib/armv6-m/libc.a
LOAD /Applications/lpcxpresso_6.0.2_151/lpcxpresso/tools/bin/../lib/gcc/arm-none-eabi/4.6.2/../../../../arm-none-eabi/lib/armv6-m/libstdc++.a
LOAD /Applications/lpcxpresso_6.0.2_151/lpcxpresso/tools/bin/../lib/gcc/arm-none-eabi/4.6.2/../../../../arm-none-eabi/lib/armv6-m/libm.a
LOAD /Applications/lpcxpresso_6.0.2_151/lpcxpresso/tools/bin/../lib/gcc/arm-none-eabi/4.6.2/../../../../arm-none-eabi/lib/armv6-m/libcr_newlib_nohost.a
LOAD /Applications/lpcxpresso_6.0.2_151/lpcxpresso/tools/bin/../lib/gcc/arm-none-eabi/4.6.2/armv6-m/crti.o
LOAD /Applications/lpcxpresso_6.0.2_151/lpcxpresso/tools/bin/../lib/gcc/arm-none-eabi/4.6.2/armv6-m/crtn.o
LOAD /Applications/lpcxpresso_6.0.2_151/lpcxpresso/tools/bin/../lib/gcc/arm-none-eabi/4.6.2/armv6-m/crtbegin.o
LOAD /Applications/lpcxpresso_6.0.2_151/lpcxpresso/tools/bin/../lib/gcc/arm-none-eabi/4.6.2/armv6-m/crtend.o
END GROUP
                0x0000000000008000                __top_MFlash32 = 0x8000
                0x0000000010001000                __top_RamLoc4 = 0x10001000

.text           0x0000000000000000     0x4990
 FILL mask 0xff
                0x0000000000000000                __vectors_start__ = ABSOLUTE (.)
 *(.isr_vector)
 .isr_vector    0x0000000000000000       0xc0 ./src_base/cr_startup_lpc11.o
                0x0000000000000000                g_pfnVectors
                0x00000000000000c0                . = ALIGN (0x4)
                0x00000000000000c0                __section_table_start = .
                0x00000000000000c0                __data_section_table = .
                0x00000000000000c0        0x4 LONG 0x4aec LOADADDR (.data)
                0x00000000000000c4        0x4 LONG 0x10000000 ADDR (.data)
                0x00000000000000c8        0x4 LONG 0x848 SIZEOF (.data)
                0x00000000000000cc                __data_section_table_end = .
                0x00000000000000cc                __bss_section_table = .
                0x00000000000000cc        0x4 LONG 0x10000848 ADDR (.bss)
                0x00000000000000d0        0x4 LONG 0x114 SIZEOF (.bss)
                0x00000000000000d4                __bss_section_table_end = .
                0x00000000000000d4                __section_table_end = .
 *(.after_vectors*)
 .after_vectors
                0x00000000000000d4       0x84 ./src_base/cr_startup_lpc11.o
                0x00000000000000d4                NMI_Handler
                0x00000000000000d8                HardFault_Handler
                0x00000000000000dc                SVC_Handler
                0x00000000000000e0                PendSV_Handler
                0x00000000000000e4                _Z9data_initjjj
                0x00000000000000f6                _Z8bss_initjj
                0x0000000000000108                ResetISR
                0x0000000000000154                SSP0_IRQHandler
                0x0000000000000154                TIMER16_1_IRQHandler
                0x0000000000000154                ADC_IRQHandler
                0x0000000000000154                SSP1_IRQHandler
                0x0000000000000154                PIOINT2_IRQHandler
                0x0000000000000154                BOD_IRQHandler
                0x0000000000000154                WAKEUP_IRQHandler
                0x0000000000000154                PIOINT0_IRQHandler
                0x0000000000000154                WDT_IRQHandler
                0x0000000000000154                TIMER16_0_IRQHandler
                0x0000000000000154                PIOINT3_IRQHandler
                0x0000000000000154                UART_IRQHandler
                0x0000000000000154                TIMER32_0_IRQHandler
                0x0000000000000154                TIMER32_1_IRQHandler
                0x0000000000000154                IntDefaultHandler
                0x0000000000000154                PIOINT1_IRQHandler
                0x0000000000000154                CAN_IRQHandler
 *(.text*)
 .text.startup.main
                0x0000000000000158        0xc ./src_base/Main.o
                0x0000000000000158                main
 .text._ZdlPv   0x0000000000000164        0x8 ./src_base/cr_cpp_config.o
                0x0000000000000164                _ZdlPv
 .text.__aeabi_atexit
                0x000000000000016c        0x4 ./src_base/cr_cpp_config.o
                0x000000000000016c                __aeabi_atexit
 .text._Z5setupv
                0x0000000000000170       0x20 ./src/LM73.o
                0x0000000000000170                _Z5setupv
 .text._Z4loopv
                0x0000000000000190       0x78 ./src/LM73.o
                0x0000000000000190                _Z4loopv
 .text.startup._GLOBAL__sub_I_led
                0x0000000000000208       0x58 ./src/LM73.o
 .text.SystemInit
                0x0000000000000260       0x90 /Users/take/proj/LBED/lbed/CMSISv2p00_LPC11xx/Debug/libCMSISv2p00_LPC11xx.a(system_LPC11xx.o)
                0x0000000000000260                SystemInit
 .text._ZN4LM73C2Eii
                0x00000000000002f0       0x3a /Users/take/proj/LBED/lbed/LBED_lbeDuino_USERLIB/Debug/libLBED_lbeDuino_USERLIB.a(LM73.o)
                0x00000000000002f0                _ZN4LM73C1Eii
                0x00000000000002f0                _ZN4LM73C2Eii
 .text._ZN4LM73D2Ev
                0x000000000000032a        0x2 /Users/take/proj/LBED/lbed/LBED_lbeDuino_USERLIB/Debug/libLBED_lbeDuino_USERLIB.a(LM73.o)
                0x000000000000032a                _ZN4LM73D1Ev
                0x000000000000032a                _ZN4LM73D2Ev
 *fill*         0x000000000000032c        0x4 00
 .text._ZN4LM734readEv
                0x0000000000000330       0x60 /Users/take/proj/LBED/lbed/LBED_lbeDuino_USERLIB/Debug/libLBED_lbeDuino_USERLIB.a(LM73.o)
                0x0000000000000330                _ZN4LM734readEv
 .text          0x0000000000000390      0x258 /Users/take/proj/LBED/lbed/LBED_lbeDuino/Debug/libLBED_lbeDuino.a(DigitalIn.o)
                0x0000000000000390                _ZN9DigitalInC2Ev
                0x0000000000000390                _ZN9DigitalInC1Ev
                0x00000000000003a0                _ZN9DigitalIn5setupEiPKc
                0x0000000000000578                _ZN9DigitalInC1EiPKc
                0x0000000000000578                _ZN9DigitalInC2EiPKc
                0x0000000000000590                _ZN9DigitalIn4modeEi
                0x00000000000005c8                _ZN9DigitalIn4readEv
 .text          0x00000000000005e8       0x44 /Users/take/proj/LBED/lbed/LBED_lbeDuino/Debug/libLBED_lbeDuino.a(DigitalOut.o)
                0x00000000000005e8                _ZN10DigitalOutC1Ev
                0x00000000000005e8                _ZN10DigitalOutC2Ev
                0x00000000000005f4                _ZN10DigitalOut5setupEiPKc
                0x0000000000000610                _ZN10DigitalOutC2EiPKc
                0x0000000000000610                _ZN10DigitalOutC1EiPKc
 .text          0x000000000000062c      0x104 /Users/take/proj/LBED/lbed/LBED_lbeDuino/Debug/libLBED_lbeDuino.a(I2C.o)
                0x000000000000062c                _ZN3I2CC2EiiPKc
                0x000000000000062c                _ZN3I2CC1EiiPKc
                0x0000000000000644                _ZN3I2C4readEiPcib
                0x00000000000006b0                _ZN3I2C4readEi
                0x00000000000006c8                _ZN3I2C5writeEiPKcib
                0x0000000000000708                _ZN3I2C5writeEi
 .text          0x0000000000000730      0x2e0 /Users/take/proj/LBED/lbed/LBED_lbeDuino/Debug/libLBED_lbeDuino.a(Print.o)
                0x0000000000000730                _ZN5Print5writeEPKci
                0x0000000000000758                _ZN5Print5printEPKc
                0x0000000000000778                _ZN5Print5printEc
                0x0000000000000784                _ZN5Print7printlnEv
                0x000000000000079c                _ZN5Print7printlnEPKc
                0x00000000000007b0                _ZN5Print7printlnEc
                0x00000000000007c4                _ZN5Print11printNumberEmi
                0x0000000000000824                _ZN5Print5printEli
                0x0000000000000864                _ZN5Print5printEii
                0x000000000000086c                _ZN5Print5printEmi
                0x0000000000000884                _ZN5Print10printFloatEdi
                0x0000000000000a00                _ZN5Print5printEdi
 .text          0x0000000000000a10      0x10c /Users/take/proj/LBED/lbed/LBED_lbeDuino/Debug/libLBED_lbeDuino.a(Serial.o)
                0x0000000000000a10                _ZN6Serial5writeEc
                0x0000000000000a28                _ZN6Serial4readEv
                0x0000000000000a40                _ZN6Serial9availableEv
                0x0000000000000a44                _ZN6Serial5setupEiiPKc
                0x0000000000000a68                _ZN6SerialC1EiiPKc
                0x0000000000000a68                _ZN6SerialC2EiiPKc
                0x0000000000000a88                _ZN6SerialC1Ev
                0x0000000000000a88                _ZN6SerialC2Ev
                0x0000000000000ab8                _ZN6Serial4baudEj
                0x0000000000000b14                _ZN6Serial5beginEj
 .text._ZN6Serial4peekEv
                0x0000000000000b1c        0x4 /Users/take/proj/LBED/lbed/LBED_lbeDuino/Debug/libLBED_lbeDuino.a(Serial.o)
                0x0000000000000b1c                _ZN6Serial4peekEv
 .text._ZN6Serial5flushEv
                0x0000000000000b20        0x4 /Users/take/proj/LBED/lbed/LBED_lbeDuino/Debug/libLBED_lbeDuino.a(Serial.o)
                0x0000000000000b20                _ZN6Serial5flushEv
 .text          0x0000000000000b24        0x4 /Users/take/proj/LBED/lbed/LBED_lbeDuino/Debug/libLBED_lbeDuino.a(pure_virtual.o)
                0x0000000000000b24                __cxa_pure_virtual
 .text.SysTick_Handler
                0x0000000000000b28       0x10 /Users/take/proj/LBED/lbed/LBED_lbeDuino/Debug/libLBED_lbeDuino.a(wait_api.o)
                0x0000000000000b28                SysTick_Handler
 .text.wait_init
                0x0000000000000b38       0x40 /Users/take/proj/LBED/lbed/LBED_lbeDuino/Debug/libLBED_lbeDuino.a(wait_api.o)
                0x0000000000000b38                wait_init
 .text.wait_ms  0x0000000000000b78       0x18 /Users/take/proj/LBED/lbed/LBED_lbeDuino/Debug/libLBED_lbeDuino.a(wait_api.o)
                0x0000000000000b78                wait_ms
 .text.getI2CMasterBuffer
                0x0000000000000b90        0x8 /Users/take/proj/LBED/lbed/LBED_lbeDuino/Debug/libLBED_lbeDuino.a(_i2c.o)
                0x0000000000000b90                getI2CMasterBuffer
 .text.getI2CSlaveBuffer
                0x0000000000000b98        0x8 /Users/take/proj/LBED/lbed/LBED_lbeDuino/Debug/libLBED_lbeDuino.a(_i2c.o)
                0x0000000000000b98                getI2CSlaveBuffer
 .text.I2C_IRQHandler
                0x0000000000000ba0      0x1bc /Users/take/proj/LBED/lbed/LBED_lbeDuino/Debug/libLBED_lbeDuino.a(_i2c.o)
                0x0000000000000ba0                I2C_IRQHandler
 .text.I2CInit  0x0000000000000d5c       0x70 /Users/take/proj/LBED/lbed/LBED_lbeDuino/Debug/libLBED_lbeDuino.a(_i2c.o)
                0x0000000000000d5c                I2CInit
 .text.I2CEngine
                0x0000000000000dcc       0x70 /Users/take/proj/LBED/lbed/LBED_lbeDuino/Debug/libLBED_lbeDuino.a(_i2c.o)
                0x0000000000000dcc                I2CEngine
 .text          0x0000000000000e3c       0x9c /Applications/lpcxpresso_6.0.2_151/lpcxpresso/tools/bin/../lib/gcc/arm-none-eabi/4.6.2/armv6-m/libgcc.a(_udivsi3.o)
                0x0000000000000e3c                __udivsi3
                0x0000000000000e3c                __aeabi_uidiv
                0x0000000000000ec4                __aeabi_uidivmod
 .text          0x0000000000000ed8        0x4 /Applications/lpcxpresso_6.0.2_151/lpcxpresso/tools/bin/../lib/gcc/arm-none-eabi/4.6.2/armv6-m/libgcc.a(_dvmd_tls.o)
                0x0000000000000ed8                __aeabi_ldiv0
                0x0000000000000ed8                __aeabi_idiv0
 .text          0x0000000000000edc       0x7c /Applications/lpcxpresso_6.0.2_151/lpcxpresso/tools/bin/../lib/gcc/arm-none-eabi/4.6.2/armv6-m/libgcc.a(_arm_cmpdf2.o)
                0x0000000000000edc                __aeabi_cdrcmple
                0x0000000000000eec                __aeabi_cdcmple
                0x0000000000000eec                __aeabi_cdcmpeq
                0x0000000000000efc                __aeabi_dcmpeq
                0x0000000000000f08                __aeabi_dcmplt
                0x0000000000000f1c                __aeabi_dcmple
                0x0000000000000f30                __aeabi_dcmpgt
                0x0000000000000f44                __aeabi_dcmpge
 .text          0x0000000000000f58       0x40 /Applications/lpcxpresso_6.0.2_151/lpcxpresso/tools/bin/../lib/gcc/arm-none-eabi/4.6.2/armv6-m/libgcc.a(_fixunsdfsi.o)
                0x0000000000000f58                __fixunsdfsi
                0x0000000000000f58                __aeabi_d2uiz
 .text          0x0000000000000f98      0x6d4 /Applications/lpcxpresso_6.0.2_151/lpcxpresso/tools/bin/../lib/gcc/arm-none-eabi/4.6.2/armv6-m/libgcc.a(adddf3.o)
                0x0000000000000f98                __aeabi_dadd
 .text          0x000000000000166c      0x5e4 /Applications/lpcxpresso_6.0.2_151/lpcxpresso/tools/bin/../lib/gcc/arm-none-eabi/4.6.2/armv6-m/libgcc.a(divdf3.o)
                0x000000000000166c                __aeabi_ddiv
 .text          0x0000000000001c50       0x80 /Applications/lpcxpresso_6.0.2_151/lpcxpresso/tools/bin/../lib/gcc/arm-none-eabi/4.6.2/armv6-m/libgcc.a(eqdf2.o)
                0x0000000000001c50                __eqdf2
                0x0000000000001c50                __nedf2
 .text          0x0000000000001cd0       0xec /Applications/lpcxpresso_6.0.2_151/lpcxpresso/tools/bin/../lib/gcc/arm-none-eabi/4.6.2/armv6-m/libgcc.a(gedf2.o)
                0x0000000000001cd0                __gtdf2
                0x0000000000001cd0                __gedf2
 .text          0x0000000000001dbc       0xc0 /Applications/lpcxpresso_6.0.2_151/lpcxpresso/tools/bin/../lib/gcc/arm-none-eabi/4.6.2/armv6-m/libgcc.a(ledf2.o)
                0x0000000000001dbc                __ltdf2
                0x0000000000001dbc                __ledf2
 .text          0x0000000000001e7c      0x4a4 /Applications/lpcxpresso_6.0.2_151/lpcxpresso/tools/bin/../lib/gcc/arm-none-eabi/4.6.2/armv6-m/libgcc.a(muldf3.o)
                0x0000000000001e7c                __aeabi_dmul
 .text          0x0000000000002320      0x72c /Applications/lpcxpresso_6.0.2_151/lpcxpresso/tools/bin/../lib/gcc/arm-none-eabi/4.6.2/armv6-m/libgcc.a(subdf3.o)
                0x0000000000002320                __aeabi_dsub
 .text          0x0000000000002a4c       0x68 /Applications/lpcxpresso_6.0.2_151/lpcxpresso/tools/bin/../lib/gcc/arm-none-eabi/4.6.2/armv6-m/libgcc.a(fixdfsi.o)
                0x0000000000002a4c                __aeabi_d2iz
 .text          0x0000000000002ab4       0x78 /Applications/lpcxpresso_6.0.2_151/lpcxpresso/tools/bin/../lib/gcc/arm-none-eabi/4.6.2/armv6-m/libgcc.a(floatsidf.o)
                0x0000000000002ab4                __aeabi_i2d
 .text          0x0000000000002b2c       0x68 /Applications/lpcxpresso_6.0.2_151/lpcxpresso/tools/bin/../lib/gcc/arm-none-eabi/4.6.2/armv6-m/libgcc.a(floatunsidf.o)
                0x0000000000002b2c                __aeabi_ui2d
 .text          0x0000000000002b94       0xa8 /Applications/lpcxpresso_6.0.2_151/lpcxpresso/tools/bin/../lib/gcc/arm-none-eabi/4.6.2/armv6-m/libgcc.a(extendsfdf2.o)
                0x0000000000002b94                __aeabi_f2d
 .text          0x0000000000002c3c      0x148 /Applications/lpcxpresso_6.0.2_151/lpcxpresso/tools/bin/../lib/gcc/arm-none-eabi/4.6.2/armv6-m/libgcc.a(truncdfsf2.o)
                0x0000000000002c3c                __aeabi_d2f
 .text          0x0000000000002d84      0xb60 /Applications/lpcxpresso_6.0.2_151/lpcxpresso/tools/bin/../lib/gcc/arm-none-eabi/4.6.2/armv6-m/libgcc.a(unwind-arm.o)
                0x0000000000003044                _Unwind_VRS_Get
                0x0000000000003088                _Unwind_VRS_Set
                0x00000000000033ec                __aeabi_unwind_cpp_pr2
                0x00000000000033f8                __aeabi_unwind_cpp_pr1
                0x0000000000003404                __aeabi_unwind_cpp_pr0
                0x0000000000003410                _Unwind_VRS_Pop
                0x0000000000003794                _Unwind_GetCFA
                0x0000000000003798                __gnu_Unwind_RaiseException
                0x00000000000037f4                __gnu_Unwind_ForcedUnwind
                0x0000000000003808                __gnu_Unwind_Resume
                0x0000000000003848                __gnu_Unwind_Resume_or_Rethrow
                0x0000000000003864                _Unwind_Complete
                0x0000000000003868                _Unwind_DeleteException
                0x0000000000003878                __gnu_Unwind_Backtrace
 .text          0x00000000000038e4      0x144 /Applications/lpcxpresso_6.0.2_151/lpcxpresso/tools/bin/../lib/gcc/arm-none-eabi/4.6.2/armv6-m/libgcc.a(libunwind.o)
                0x00000000000038e4                __restore_core_regs
                0x00000000000038e4                restore_core_regs
                0x0000000000003910                __gnu_Unwind_Restore_VFP
                0x0000000000003914                __gnu_Unwind_Save_VFP
                0x0000000000003918                __gnu_Unwind_Restore_VFP_D
                0x000000000000391c                __gnu_Unwind_Save_VFP_D
                0x0000000000003920                __gnu_Unwind_Restore_VFP_D_16_to_31
                0x0000000000003924                __gnu_Unwind_Save_VFP_D_16_to_31
                0x0000000000003928                __gnu_Unwind_Restore_WMMXD
                0x000000000000392c                __gnu_Unwind_Save_WMMXD
                0x0000000000003930                __gnu_Unwind_Restore_WMMXC
                0x0000000000003934                __gnu_Unwind_Save_WMMXC
                0x0000000000003938                _Unwind_RaiseException
                0x0000000000003938                ___Unwind_RaiseException
                0x0000000000003968                ___Unwind_Resume
                0x0000000000003968                _Unwind_Resume
                0x0000000000003998                ___Unwind_Resume_or_Rethrow
                0x0000000000003998                _Unwind_Resume_or_Rethrow
                0x00000000000039c8                _Unwind_ForcedUnwind
                0x00000000000039c8                ___Unwind_ForcedUnwind
                0x00000000000039f8                _Unwind_Backtrace
                0x00000000000039f8                ___Unwind_Backtrace
 .text          0x0000000000003a28      0x38c /Applications/lpcxpresso_6.0.2_151/lpcxpresso/tools/bin/../lib/gcc/arm-none-eabi/4.6.2/armv6-m/libgcc.a(pr-support.o)
                0x0000000000003a7c                __gnu_unwind_execute
                0x0000000000003d5c                __gnu_unwind_frame
                0x0000000000003d84                _Unwind_GetRegionStart
                0x0000000000003d90                _Unwind_GetLanguageSpecificData
                0x0000000000003da4                _Unwind_GetDataRelBase
                0x0000000000003dac                _Unwind_GetTextRelBase
 .text          0x0000000000003db4       0x3c /Applications/lpcxpresso_6.0.2_151/lpcxpresso/tools/bin/../lib/gcc/arm-none-eabi/4.6.2/armv6-m/libgcc.a(_clzsi2.o)
                0x0000000000003db4                __clzsi2
 .text.abort    0x0000000000003df0       0x10 /Applications/lpcxpresso_6.0.2_151/lpcxpresso/tools/bin/../lib/gcc/arm-none-eabi/4.6.2/../../../../arm-none-eabi/lib/armv6-m/libc.a(lib_a-abort.o)
                0x0000000000003df0                abort
 .text.__libc_init_array
                0x0000000000003e00       0x44 /Applications/lpcxpresso_6.0.2_151/lpcxpresso/tools/bin/../lib/gcc/arm-none-eabi/4.6.2/../../../../arm-none-eabi/lib/armv6-m/libc.a(lib_a-init.o)
                0x0000000000003e00                __libc_init_array
 .text.free     0x0000000000003e44       0x14 /Applications/lpcxpresso_6.0.2_151/lpcxpresso/tools/bin/../lib/gcc/arm-none-eabi/4.6.2/../../../../arm-none-eabi/lib/armv6-m/libc.a(lib_a-malloc.o)
                0x0000000000003e44                free
 .text.memcpy   0x0000000000003e58       0x7c /Applications/lpcxpresso_6.0.2_151/lpcxpresso/tools/bin/../lib/gcc/arm-none-eabi/4.6.2/../../../../arm-none-eabi/lib/armv6-m/libc.a(lib_a-memcpy.o)
                0x0000000000003e58                memcpy
 .text.__malloc_lock
                0x0000000000003ed4        0x4 /Applications/lpcxpresso_6.0.2_151/lpcxpresso/tools/bin/../lib/gcc/arm-none-eabi/4.6.2/../../../../arm-none-eabi/lib/armv6-m/libc.a(lib_a-mlock.o)
                0x0000000000003ed4                __malloc_lock
 .text.__malloc_unlock
                0x0000000000003ed8        0x4 /Applications/lpcxpresso_6.0.2_151/lpcxpresso/tools/bin/../lib/gcc/arm-none-eabi/4.6.2/../../../../arm-none-eabi/lib/armv6-m/libc.a(lib_a-mlock.o)
                0x0000000000003ed8                __malloc_unlock
 .text._sbrk_r  0x0000000000003edc       0x24 /Applications/lpcxpresso_6.0.2_151/lpcxpresso/tools/bin/../lib/gcc/arm-none-eabi/4.6.2/../../../../arm-none-eabi/lib/armv6-m/libc.a(lib_a-sbrkr.o)
                0x0000000000003edc                _sbrk_r
 .text._raise_r
                0x0000000000003f00       0x58 /Applications/lpcxpresso_6.0.2_151/lpcxpresso/tools/bin/../lib/gcc/arm-none-eabi/4.6.2/../../../../arm-none-eabi/lib/armv6-m/libc.a(lib_a-signal.o)
                0x0000000000003f00                _raise_r
 .text.raise    0x0000000000003f58       0x14 /Applications/lpcxpresso_6.0.2_151/lpcxpresso/tools/bin/../lib/gcc/arm-none-eabi/4.6.2/../../../../arm-none-eabi/lib/armv6-m/libc.a(lib_a-signal.o)
                0x0000000000003f58                raise
 .text._kill_r  0x0000000000003f6c       0x28 /Applications/lpcxpresso_6.0.2_151/lpcxpresso/tools/bin/../lib/gcc/arm-none-eabi/4.6.2/../../../../arm-none-eabi/lib/armv6-m/libc.a(lib_a-signalr.o)
                0x0000000000003f6c                _kill_r
 .text._getpid_r
                0x0000000000003f94        0x8 /Applications/lpcxpresso_6.0.2_151/lpcxpresso/tools/bin/../lib/gcc/arm-none-eabi/4.6.2/../../../../arm-none-eabi/lib/armv6-m/libc.a(lib_a-signalr.o)
                0x0000000000003f94                _getpid_r
 .text.strlen   0x0000000000003f9c       0x10 /Applications/lpcxpresso_6.0.2_151/lpcxpresso/tools/bin/../lib/gcc/arm-none-eabi/4.6.2/../../../../arm-none-eabi/lib/armv6-m/libc.a(lib_a-strlen.o)
                0x0000000000003f9c                strlen
 .text._malloc_trim_r
                0x0000000000003fac       0xa8 /Applications/lpcxpresso_6.0.2_151/lpcxpresso/tools/bin/../lib/gcc/arm-none-eabi/4.6.2/../../../../arm-none-eabi/lib/armv6-m/libc.a(lib_a-freer.o)
                0x0000000000003fac                _malloc_trim_r
 .text._free_r  0x0000000000004054      0x198 /Applications/lpcxpresso_6.0.2_151/lpcxpresso/tools/bin/../lib/gcc/arm-none-eabi/4.6.2/../../../../arm-none-eabi/lib/armv6-m/libc.a(lib_a-freer.o)
                0x0000000000004054                _free_r
 .text._ZNK10__cxxabiv117__class_type_info11__do_upcastEPKS0_PPv
                0x00000000000041ec       0x38 /Applications/lpcxpresso_6.0.2_151/lpcxpresso/tools/bin/../lib/gcc/arm-none-eabi/4.6.2/../../../../arm-none-eabi/lib/armv6-m/libstdc++.a(class_type_info.o)
                0x00000000000041ec                _ZNK10__cxxabiv117__class_type_info11__do_upcastEPKS0_PPv
 .text._ZNK10__cxxabiv117__class_type_info20__do_find_public_srcEiPKvPKS0_S2_
                0x0000000000004224       0x10 /Applications/lpcxpresso_6.0.2_151/lpcxpresso/tools/bin/../lib/gcc/arm-none-eabi/4.6.2/../../../../arm-none-eabi/lib/armv6-m/libstdc++.a(class_type_info.o)
                0x0000000000004224                _ZNK10__cxxabiv117__class_type_info20__do_find_public_srcEiPKvPKS0_S2_
 .text._ZNK10__cxxabiv117__class_type_info11__do_upcastEPKS0_PKvRNS0_15__upcast_resultE
                0x0000000000004234       0x20 /Applications/lpcxpresso_6.0.2_151/lpcxpresso/tools/bin/../lib/gcc/arm-none-eabi/4.6.2/../../../../arm-none-eabi/lib/armv6-m/libstdc++.a(class_type_info.o)
                0x0000000000004234                _ZNK10__cxxabiv117__class_type_info11__do_upcastEPKS0_PKvRNS0_15__upcast_resultE
 .text._ZN10__cxxabiv117__class_type_infoD2Ev
                0x0000000000004254       0x18 /Applications/lpcxpresso_6.0.2_151/lpcxpresso/tools/bin/../lib/gcc/arm-none-eabi/4.6.2/../../../../arm-none-eabi/lib/armv6-m/libstdc++.a(class_type_info.o)
                0x0000000000004254                _ZN10__cxxabiv117__class_type_infoD1Ev
                0x0000000000004254                _ZN10__cxxabiv117__class_type_infoD2Ev
 .text._ZN10__cxxabiv117__class_type_infoD0Ev
                0x000000000000426c       0x1c /Applications/lpcxpresso_6.0.2_151/lpcxpresso/tools/bin/../lib/gcc/arm-none-eabi/4.6.2/../../../../arm-none-eabi/lib/armv6-m/libstdc++.a(class_type_info.o)
                0x000000000000426c                _ZN10__cxxabiv117__class_type_infoD0Ev
 .text._ZNK10__cxxabiv117__class_type_info12__do_dyncastEiNS0_10__sub_kindEPKS0_PKvS3_S5_RNS0_16__dyncast_resultE
                0x0000000000004288       0x48 /Applications/lpcxpresso_6.0.2_151/lpcxpresso/tools/bin/../lib/gcc/arm-none-eabi/4.6.2/../../../../arm-none-eabi/lib/armv6-m/libstdc++.a(class_type_info.o)
                0x0000000000004288                _ZNK10__cxxabiv117__class_type_info12__do_dyncastEiNS0_10__sub_kindEPKS0_PKvS3_S5_RNS0_16__dyncast_resultE
 .text._ZNK10__cxxabiv117__class_type_info10__do_catchEPKSt9type_infoPPvj
                0x00000000000042d0       0x2c /Applications/lpcxpresso_6.0.2_151/lpcxpresso/tools/bin/../lib/gcc/arm-none-eabi/4.6.2/../../../../arm-none-eabi/lib/armv6-m/libstdc++.a(class_type_info.o)
                0x00000000000042d0                _ZNK10__cxxabiv117__class_type_info10__do_catchEPKSt9type_infoPPvj
 .text._ZN10__cxxabiv120__si_class_type_infoD2Ev
                0x00000000000042fc       0x18 /Applications/lpcxpresso_6.0.2_151/lpcxpresso/tools/bin/../lib/gcc/arm-none-eabi/4.6.2/../../../../arm-none-eabi/lib/armv6-m/libstdc++.a(si_class_type_info.o)
                0x00000000000042fc                _ZN10__cxxabiv120__si_class_type_infoD2Ev
                0x00000000000042fc                _ZN10__cxxabiv120__si_class_type_infoD1Ev
 .text._ZN10__cxxabiv120__si_class_type_infoD0Ev
                0x0000000000004314       0x1c /Applications/lpcxpresso_6.0.2_151/lpcxpresso/tools/bin/../lib/gcc/arm-none-eabi/4.6.2/../../../../arm-none-eabi/lib/armv6-m/libstdc++.a(si_class_type_info.o)
                0x0000000000004314                _ZN10__cxxabiv120__si_class_type_infoD0Ev
 .text._ZNK10__cxxabiv120__si_class_type_info11__do_upcastEPKNS_17__class_type_infoEPKvRNS1_15__upcast_resultE
                0x0000000000004330       0x28 /Applications/lpcxpresso_6.0.2_151/lpcxpresso/tools/bin/../lib/gcc/arm-none-eabi/4.6.2/../../../../arm-none-eabi/lib/armv6-m/libstdc++.a(si_class_type_info.o)
                0x0000000000004330                _ZNK10__cxxabiv120__si_class_type_info11__do_upcastEPKNS_17__class_type_infoEPKvRNS1_15__upcast_resultE
 .text._ZNK10__cxxabiv120__si_class_type_info12__do_dyncastEiNS_17__class_type_info10__sub_kindEPKS1_PKvS4_S6_RNS1_16__dyncast_resultE
                0x0000000000004358       0x94 /Applications/lpcxpresso_6.0.2_151/lpcxpresso/tools/bin/../lib/gcc/arm-none-eabi/4.6.2/../../../../arm-none-eabi/lib/armv6-m/libstdc++.a(si_class_type_info.o)
                0x0000000000004358                _ZNK10__cxxabiv120__si_class_type_info12__do_dyncastEiNS_17__class_type_info10__sub_kindEPKS1_PKvS4_S6_RNS1_16__dyncast_resultE
 .text._ZNK10__cxxabiv120__si_class_type_info20__do_find_public_srcEiPKvPKNS_17__class_type_infoES2_
                0x00000000000043ec       0x40 /Applications/lpcxpresso_6.0.2_151/lpcxpresso/tools/bin/../lib/gcc/arm-none-eabi/4.6.2/../../../../arm-none-eabi/lib/armv6-m/libstdc++.a(si_class_type_info.o)
                0x00000000000043ec                _ZNK10__cxxabiv120__si_class_type_info20__do_find_public_srcEiPKvPKNS_17__class_type_infoES2_
 .text._ZNSt9type_infoD2Ev
                0x000000000000442c        0xc /Applications/lpcxpresso_6.0.2_151/lpcxpresso/tools/bin/../lib/gcc/arm-none-eabi/4.6.2/../../../../arm-none-eabi/lib/armv6-m/libstdc++.a(tinfo.o)
                0x000000000000442c                _ZNSt9type_infoD1Ev
                0x000000000000442c                _ZNSt9type_infoD2Ev
 .text._ZNKSt9type_info14__is_pointer_pEv
                0x0000000000004438        0x4 /Applications/lpcxpresso_6.0.2_151/lpcxpresso/tools/bin/../lib/gcc/arm-none-eabi/4.6.2/../../../../arm-none-eabi/lib/armv6-m/libstdc++.a(tinfo.o)
                0x0000000000004438                _ZNKSt9type_info14__is_pointer_pEv
 .text._ZNKSt9type_info15__is_function_pEv
                0x000000000000443c        0x4 /Applications/lpcxpresso_6.0.2_151/lpcxpresso/tools/bin/../lib/gcc/arm-none-eabi/4.6.2/../../../../arm-none-eabi/lib/armv6-m/libstdc++.a(tinfo.o)
                0x000000000000443c                _ZNKSt9type_info15__is_function_pEv
 .text._ZNKSt9type_info11__do_upcastEPKN10__cxxabiv117__class_type_infoEPPv
                0x0000000000004440        0x4 /Applications/lpcxpresso_6.0.2_151/lpcxpresso/tools/bin/../lib/gcc/arm-none-eabi/4.6.2/../../../../arm-none-eabi/lib/armv6-m/libstdc++.a(tinfo.o)
                0x0000000000004440                _ZNKSt9type_info11__do_upcastEPKN10__cxxabiv117__class_type_infoEPPv
 .text._ZNSt9type_infoD0Ev
                0x0000000000004444       0x18 /Applications/lpcxpresso_6.0.2_151/lpcxpresso/tools/bin/../lib/gcc/arm-none-eabi/4.6.2/../../../../arm-none-eabi/lib/armv6-m/libstdc++.a(tinfo.o)
                0x0000000000004444                _ZNSt9type_infoD0Ev
 .text._ZNKSt9type_infoeqERKS_
                0x000000000000445c       0x2c /Applications/lpcxpresso_6.0.2_151/lpcxpresso/tools/bin/../lib/gcc/arm-none-eabi/4.6.2/../../../../arm-none-eabi/lib/armv6-m/libstdc++.a(tinfo.o)
                0x000000000000445c                _ZNKSt9type_infoeqERKS_
 .text._ZNKSt9type_info10__do_catchEPKS_PPvj
                0x0000000000004488        0x8 /Applications/lpcxpresso_6.0.2_151/lpcxpresso/tools/bin/../lib/gcc/arm-none-eabi/4.6.2/../../../../arm-none-eabi/lib/armv6-m/libstdc++.a(tinfo.o)
                0x0000000000004488                _ZNKSt9type_info10__do_catchEPKS_PPvj
 .text._sbrk    0x0000000000004490       0x40 /Applications/lpcxpresso_6.0.2_151/lpcxpresso/tools/bin/../lib/gcc/arm-none-eabi/4.6.2/../../../../arm-none-eabi/lib/armv6-m/libcr_newlib_nohost.a(_cr_sbrk.o)
                0x0000000000004490                _sbrk
 .text._exit    0x00000000000044d0        0x4 /Applications/lpcxpresso_6.0.2_151/lpcxpresso/tools/bin/../lib/gcc/arm-none-eabi/4.6.2/../../../../arm-none-eabi/lib/armv6-m/libcr_newlib_nohost.a(_exit.o)
                0x00000000000044d0                _exit
 .text._getpid  0x00000000000044d4       0x10 /Applications/lpcxpresso_6.0.2_151/lpcxpresso/tools/bin/../lib/gcc/arm-none-eabi/4.6.2/../../../../arm-none-eabi/lib/armv6-m/libcr_newlib_nohost.a(getpid.o)
                0x00000000000044d4                _getpid
 .text._kill    0x00000000000044e4       0x10 /Applications/lpcxpresso_6.0.2_151/lpcxpresso/tools/bin/../lib/gcc/arm-none-eabi/4.6.2/../../../../arm-none-eabi/lib/armv6-m/libcr_newlib_nohost.a(kill.o)
                0x00000000000044e4                _kill
 .text.__check_heap_overflow
                0x00000000000044f4       0x2c /Applications/lpcxpresso_6.0.2_151/lpcxpresso/tools/bin/../lib/gcc/arm-none-eabi/4.6.2/../../../../arm-none-eabi/lib/armv6-m/libcr_newlib_nohost.a(_cr_check_heap.o)
                0x00000000000044f4                __check_heap_overflow
 .text          0x0000000000004520       0x60 /Applications/lpcxpresso_6.0.2_151/lpcxpresso/tools/bin/../lib/gcc/arm-none-eabi/4.6.2/armv6-m/crtbegin.o
 .text.__errno  0x0000000000004580        0xc /Applications/lpcxpresso_6.0.2_151/lpcxpresso/tools/bin/../lib/gcc/arm-none-eabi/4.6.2/../../../../arm-none-eabi/lib/armv6-m/libc.a(lib_a-errno.o)
                0x0000000000004580                __errno
 .text.strcmp   0x000000000000458c       0x14 /Applications/lpcxpresso_6.0.2_151/lpcxpresso/tools/bin/../lib/gcc/arm-none-eabi/4.6.2/../../../../arm-none-eabi/lib/armv6-m/libc.a(lib_a-strcmp.o)
                0x000000000000458c                strcmp
 *(.rodata .rodata.*)
 .rodata.str1.1
                0x00000000000045a0       0x15 ./src/LM73.o
 *fill*         0x00000000000045b5        0x3 00
 .rodata        0x00000000000045b8       0x58 /Users/take/proj/LBED/lbed/LBED_lbeDuino/Debug/libLBED_lbeDuino.a(DigitalIn.o)
 .rodata        0x0000000000004610       0x20 /Users/take/proj/LBED/lbed/LBED_lbeDuino/Debug/libLBED_lbeDuino.a(Print.o)
                0x0000000000004610                _ZTS5Print
                0x0000000000004618                _ZTI5Print
                0x0000000000004620                _ZTV5Print
 .rodata.str1.4
                0x0000000000004630        0x6 /Users/take/proj/LBED/lbed/LBED_lbeDuino/Debug/libLBED_lbeDuino.a(Print.o)
                                          0x8 (size before relaxing)
 *fill*         0x0000000000004636        0x2 00
 .rodata._ZTI6Stream
                0x0000000000004638        0xc /Users/take/proj/LBED/lbed/LBED_lbeDuino/Debug/libLBED_lbeDuino.a(Serial.o)
                0x0000000000004638                _ZTI6Stream
 .rodata._ZTS6Stream
                0x0000000000004644        0x8 /Users/take/proj/LBED/lbed/LBED_lbeDuino/Debug/libLBED_lbeDuino.a(Serial.o)
                0x0000000000004644                _ZTS6Stream
 *fill*         0x000000000000464c        0x4 00
 .rodata        0x0000000000004650       0x38 /Users/take/proj/LBED/lbed/LBED_lbeDuino/Debug/libLBED_lbeDuino.a(Serial.o)
                0x0000000000004650                _ZTV6Serial
                0x0000000000004670                _ZTS6Serial
                0x0000000000004678                _ZTI6Serial
 .rodata.str1.4
                0x0000000000004688        0x8 /Users/take/proj/LBED/lbed/LBED_lbeDuino/Debug/libLBED_lbeDuino.a(Serial.o)
 .rodata.I2C_IRQHandler
                0x0000000000004690      0x144 /Users/take/proj/LBED/lbed/LBED_lbeDuino/Debug/libLBED_lbeDuino.a(_i2c.o)
 .rodata        0x00000000000047d4       0x40 /Applications/lpcxpresso_6.0.2_151/lpcxpresso/tools/bin/../lib/gcc/arm-none-eabi/4.6.2/armv6-m/libgcc.a(divdf3.o)
 .rodata        0x0000000000004814       0x40 /Applications/lpcxpresso_6.0.2_151/lpcxpresso/tools/bin/../lib/gcc/arm-none-eabi/4.6.2/armv6-m/libgcc.a(muldf3.o)
 .rodata        0x0000000000004854       0x14 /Applications/lpcxpresso_6.0.2_151/lpcxpresso/tools/bin/../lib/gcc/arm-none-eabi/4.6.2/armv6-m/libgcc.a(unwind-arm.o)
 .rodata.str1.4
                0x0000000000004868        0x4 /Applications/lpcxpresso_6.0.2_151/lpcxpresso/tools/bin/../lib/gcc/arm-none-eabi/4.6.2/../../../../arm-none-eabi/lib/armv6-m/libc.a(lib_a-impure.o)
 *fill*         0x000000000000486c        0x4 00
 .rodata._ZTVN10__cxxabiv117__class_type_infoE
                0x0000000000004870       0x30 /Applications/lpcxpresso_6.0.2_151/lpcxpresso/tools/bin/../lib/gcc/arm-none-eabi/4.6.2/../../../../arm-none-eabi/lib/armv6-m/libstdc++.a(class_type_info.o)
                0x0000000000004870                _ZTVN10__cxxabiv117__class_type_infoE
 .rodata._ZTIN10__cxxabiv117__class_type_infoE
                0x00000000000048a0        0xc /Applications/lpcxpresso_6.0.2_151/lpcxpresso/tools/bin/../lib/gcc/arm-none-eabi/4.6.2/../../../../arm-none-eabi/lib/armv6-m/libstdc++.a(class_type_info.o)
                0x00000000000048a0                _ZTIN10__cxxabiv117__class_type_infoE
 .rodata._ZTSN10__cxxabiv117__class_type_infoE
                0x00000000000048ac       0x24 /Applications/lpcxpresso_6.0.2_151/lpcxpresso/tools/bin/../lib/gcc/arm-none-eabi/4.6.2/../../../../arm-none-eabi/lib/armv6-m/libstdc++.a(class_type_info.o)
                0x00000000000048ac                _ZTSN10__cxxabiv117__class_type_infoE
 .rodata._ZTVN10__cxxabiv120__si_class_type_infoE
                0x00000000000048d0       0x30 /Applications/lpcxpresso_6.0.2_151/lpcxpresso/tools/bin/../lib/gcc/arm-none-eabi/4.6.2/../../../../arm-none-eabi/lib/armv6-m/libstdc++.a(si_class_type_info.o)
                0x00000000000048d0                _ZTVN10__cxxabiv120__si_class_type_infoE
 .rodata._ZTIN10__cxxabiv120__si_class_type_infoE
                0x0000000000004900        0xc /Applications/lpcxpresso_6.0.2_151/lpcxpresso/tools/bin/../lib/gcc/arm-none-eabi/4.6.2/../../../../arm-none-eabi/lib/armv6-m/libstdc++.a(si_class_type_info.o)
                0x0000000000004900                _ZTIN10__cxxabiv120__si_class_type_infoE
 .rodata._ZTSN10__cxxabiv120__si_class_type_infoE
                0x000000000000490c       0x28 /Applications/lpcxpresso_6.0.2_151/lpcxpresso/tools/bin/../lib/gcc/arm-none-eabi/4.6.2/../../../../arm-none-eabi/lib/armv6-m/libstdc++.a(si_class_type_info.o)
                0x000000000000490c                _ZTSN10__cxxabiv120__si_class_type_infoE
 .rodata._ZTISt9type_info
                0x0000000000004934        0x8 /Applications/lpcxpresso_6.0.2_151/lpcxpresso/tools/bin/../lib/gcc/arm-none-eabi/4.6.2/../../../../arm-none-eabi/lib/armv6-m/libstdc++.a(tinfo.o)
                0x0000000000004934                _ZTISt9type_info
 .rodata._ZTSSt9type_info
                0x000000000000493c       0x10 /Applications/lpcxpresso_6.0.2_151/lpcxpresso/tools/bin/../lib/gcc/arm-none-eabi/4.6.2/../../../../arm-none-eabi/lib/armv6-m/libstdc++.a(tinfo.o)
                0x000000000000493c                _ZTSSt9type_info
 *fill*         0x000000000000494c        0x4 00
 .rodata._ZTVSt9type_info
                0x0000000000004950       0x20 /Applications/lpcxpresso_6.0.2_151/lpcxpresso/tools/bin/../lib/gcc/arm-none-eabi/4.6.2/../../../../arm-none-eabi/lib/armv6-m/libstdc++.a(tinfo.o)
                0x0000000000004950                _ZTVSt9type_info
                0x0000000000004970                . = ALIGN (0x4)
                0x0000000000004970                . = ALIGN (0x4)
 *(.init)
 .init          0x0000000000004970        0x4 /Applications/lpcxpresso_6.0.2_151/lpcxpresso/tools/bin/../lib/gcc/arm-none-eabi/4.6.2/armv6-m/crti.o
                0x0000000000004970                _init
 .init          0x0000000000004974        0x8 /Applications/lpcxpresso_6.0.2_151/lpcxpresso/tools/bin/../lib/gcc/arm-none-eabi/4.6.2/armv6-m/crtn.o
                0x000000000000497c                . = ALIGN (0x4)
                0x000000000000497c                __preinit_array_start = .
 *(.preinit_array)
                0x000000000000497c                __preinit_array_end = .
                0x000000000000497c                . = ALIGN (0x4)
                0x000000000000497c                __init_array_start = .
 *(SORT(.init_array.*))
 *(.init_array)
 .init_array    0x000000000000497c        0x4 ./src/LM73.o
 .init_array    0x0000000000004980        0x4 /Applications/lpcxpresso_6.0.2_151/lpcxpresso/tools/bin/../lib/gcc/arm-none-eabi/4.6.2/armv6-m/crtbegin.o
                0x0000000000004984                __init_array_end = .
 *(.fini)
 .fini          0x0000000000004984        0x4 /Applications/lpcxpresso_6.0.2_151/lpcxpresso/tools/bin/../lib/gcc/arm-none-eabi/4.6.2/armv6-m/crti.o
                0x0000000000004984                _fini
 .fini          0x0000000000004988        0x8 /Applications/lpcxpresso_6.0.2_151/lpcxpresso/tools/bin/../lib/gcc/arm-none-eabi/4.6.2/armv6-m/crtn.o
                0x0000000000004990                . = ALIGN (0x4)
 *crtbegin.o(.ctors)
 *(EXCLUDE_FILE(*crtend.o) .ctors)
 *(SORT(.ctors.*))
 *crtend.o(.ctors)
                0x0000000000004990                . = ALIGN (0x4)
 *crtbegin.o(.dtors)
 *(EXCLUDE_FILE(*crtend.o) .dtors)
 *(SORT(.dtors.*))
 *crtend.o(.dtors)

.glue_7         0x0000000000004990        0x0
 .glue_7        0x0000000000000000        0x0 linker stubs

.glue_7t        0x0000000000004990        0x0
 .glue_7t       0x0000000000000000        0x0 linker stubs

.vfp11_veneer   0x0000000000004990        0x0
 .vfp11_veneer  0x0000000000000000        0x0 linker stubs

.v4_bx          0x0000000000004990        0x0
 .v4_bx         0x0000000000000000        0x0 linker stubs

.ARM.extab      0x0000000000004990       0x54
 *(.ARM.extab* .gnu.linkonce.armextab.*)
 .ARM.extab     0x0000000000004990        0xc /Users/take/proj/LBED/lbed/LBED_lbeDuino/Debug/libLBED_lbeDuino.a(I2C.o)
 .ARM.extab     0x000000000000499c       0x30 /Users/take/proj/LBED/lbed/LBED_lbeDuino/Debug/libLBED_lbeDuino.a(Print.o)
 .ARM.extab.text._ZN6Serial4peekEv
                0x00000000000049cc        0x0 /Users/take/proj/LBED/lbed/LBED_lbeDuino/Debug/libLBED_lbeDuino.a(Serial.o)
 .ARM.extab.text._ZN6Serial5flushEv
                0x00000000000049cc        0x0 /Users/take/proj/LBED/lbed/LBED_lbeDuino/Debug/libLBED_lbeDuino.a(Serial.o)
 .ARM.extab.text._ZNK10__cxxabiv120__si_class_type_info12__do_dyncastEiNS_17__class_type_info10__sub_kindEPKS1_PKvS4_S6_RNS1_16__dyncast_resultE
                0x00000000000049cc        0xc /Applications/lpcxpresso_6.0.2_151/lpcxpresso/tools/bin/../lib/gcc/arm-none-eabi/4.6.2/../../../../arm-none-eabi/lib/armv6-m/libstdc++.a(si_class_type_info.o)
 .ARM.extab.text._ZNK10__cxxabiv120__si_class_type_info20__do_find_public_srcEiPKvPKNS_17__class_type_infoES2_
                0x00000000000049d8        0xc /Applications/lpcxpresso_6.0.2_151/lpcxpresso/tools/bin/../lib/gcc/arm-none-eabi/4.6.2/../../../../arm-none-eabi/lib/armv6-m/libstdc++.a(si_class_type_info.o)
                0x00000000000049e4                __exidx_start = .

.eh_frame       0x00000000000049e4        0x0
 .eh_frame      0x00000000000049e4        0x0 /Applications/lpcxpresso_6.0.2_151/lpcxpresso/tools/bin/../lib/gcc/arm-none-eabi/4.6.2/armv6-m/crtbegin.o

.ARM.exidx      0x00000000000049e4      0x108
 *(.ARM.exidx* .gnu.linkonce.armexidx.*)
 .ARM.exidx.text._ZN4LM73C2Eii
                0x00000000000049e4        0x8 /Users/take/proj/LBED/lbed/LBED_lbeDuino_USERLIB/Debug/libLBED_lbeDuino_USERLIB.a(LM73.o)
 .ARM.exidx.text._ZN4LM73D2Ev
                0x00000000000049ec        0x8 /Users/take/proj/LBED/lbed/LBED_lbeDuino_USERLIB/Debug/libLBED_lbeDuino_USERLIB.a(LM73.o)
 .ARM.exidx.text._ZN4LM734readEv
                0x00000000000049f4        0x8 /Users/take/proj/LBED/lbed/LBED_lbeDuino_USERLIB/Debug/libLBED_lbeDuino_USERLIB.a(LM73.o)
 .ARM.exidx     0x00000000000049fc        0x8 /Users/take/proj/LBED/lbed/LBED_lbeDuino/Debug/libLBED_lbeDuino.a(DigitalIn.o)
                                         0x28 (size before relaxing)
 .ARM.exidx     0x0000000000004a04       0x10 /Users/take/proj/LBED/lbed/LBED_lbeDuino/Debug/libLBED_lbeDuino.a(DigitalOut.o)
                                         0x18 (size before relaxing)
 .ARM.exidx     0x0000000000004a14       0x28 /Users/take/proj/LBED/lbed/LBED_lbeDuino/Debug/libLBED_lbeDuino.a(I2C.o)
 .ARM.exidx     0x0000000000004a3c       0x50 /Users/take/proj/LBED/lbed/LBED_lbeDuino/Debug/libLBED_lbeDuino.a(Print.o)
                                         0x60 (size before relaxing)
 .ARM.exidx.text._ZN6Serial4peekEv
                0x0000000000004a94        0x0 /Users/take/proj/LBED/lbed/LBED_lbeDuino/Debug/libLBED_lbeDuino.a(Serial.o)
                                          0x8 (size before relaxing)
 .ARM.exidx.text._ZN6Serial5flushEv
                0x0000000000004a94        0x0 /Users/take/proj/LBED/lbed/LBED_lbeDuino/Debug/libLBED_lbeDuino.a(Serial.o)
                                          0x8 (size before relaxing)
 .ARM.exidx     0x0000000000004a8c        0x8 /Users/take/proj/LBED/lbed/LBED_lbeDuino/Debug/libLBED_lbeDuino.a(Serial.o)
                                         0x40 (size before relaxing)
 .ARM.exidx     0x0000000000004a94        0x0 /Users/take/proj/LBED/lbed/LBED_lbeDuino/Debug/libLBED_lbeDuino.a(pure_virtual.o)
                                          0x8 (size before relaxing)
 .ARM.exidx.text._ZNK10__cxxabiv117__class_type_info11__do_upcastEPKS0_PPv
                0x0000000000004a94        0x8 /Applications/lpcxpresso_6.0.2_151/lpcxpresso/tools/bin/../lib/gcc/arm-none-eabi/4.6.2/../../../../arm-none-eabi/lib/armv6-m/libstdc++.a(class_type_info.o)
 .ARM.exidx.text._ZNK10__cxxabiv117__class_type_info20__do_find_public_srcEiPKvPKS0_S2_
                0x0000000000004a9c        0x8 /Applications/lpcxpresso_6.0.2_151/lpcxpresso/tools/bin/../lib/gcc/arm-none-eabi/4.6.2/../../../../arm-none-eabi/lib/armv6-m/libstdc++.a(class_type_info.o)
 .ARM.exidx.text._ZNK10__cxxabiv117__class_type_info11__do_upcastEPKS0_PKvRNS0_15__upcast_resultE
                0x0000000000004aa4        0x8 /Applications/lpcxpresso_6.0.2_151/lpcxpresso/tools/bin/../lib/gcc/arm-none-eabi/4.6.2/../../../../arm-none-eabi/lib/armv6-m/libstdc++.a(class_type_info.o)
 .ARM.exidx.text._ZN10__cxxabiv117__class_type_infoD2Ev
                0x0000000000004aac        0x8 /Applications/lpcxpresso_6.0.2_151/lpcxpresso/tools/bin/../lib/gcc/arm-none-eabi/4.6.2/../../../../arm-none-eabi/lib/armv6-m/libstdc++.a(class_type_info.o)
 .ARM.exidx.text._ZN10__cxxabiv117__class_type_infoD0Ev
                0x0000000000004ab4        0x0 /Applications/lpcxpresso_6.0.2_151/lpcxpresso/tools/bin/../lib/gcc/arm-none-eabi/4.6.2/../../../../arm-none-eabi/lib/armv6-m/libstdc++.a(class_type_info.o)
                                          0x8 (size before relaxing)
 .ARM.exidx.text._ZNK10__cxxabiv117__class_type_info12__do_dyncastEiNS0_10__sub_kindEPKS0_PKvS3_S5_RNS0_16__dyncast_resultE
                0x0000000000004ab4        0x8 /Applications/lpcxpresso_6.0.2_151/lpcxpresso/tools/bin/../lib/gcc/arm-none-eabi/4.6.2/../../../../arm-none-eabi/lib/armv6-m/libstdc++.a(class_type_info.o)
 .ARM.exidx.text._ZNK10__cxxabiv117__class_type_info10__do_catchEPKSt9type_infoPPvj
                0x0000000000004abc        0x8 /Applications/lpcxpresso_6.0.2_151/lpcxpresso/tools/bin/../lib/gcc/arm-none-eabi/4.6.2/../../../../arm-none-eabi/lib/armv6-m/libstdc++.a(class_type_info.o)
 .ARM.exidx.text._ZN10__cxxabiv120__si_class_type_infoD2Ev
                0x0000000000004ac4        0x8 /Applications/lpcxpresso_6.0.2_151/lpcxpresso/tools/bin/../lib/gcc/arm-none-eabi/4.6.2/../../../../arm-none-eabi/lib/armv6-m/libstdc++.a(si_class_type_info.o)
 .ARM.exidx.text._ZN10__cxxabiv120__si_class_type_infoD0Ev
                0x0000000000004acc        0x0 /Applications/lpcxpresso_6.0.2_151/lpcxpresso/tools/bin/../lib/gcc/arm-none-eabi/4.6.2/../../../../arm-none-eabi/lib/armv6-m/libstdc++.a(si_class_type_info.o)
                                          0x8 (size before relaxing)
 .ARM.exidx.text._ZNK10__cxxabiv120__si_class_type_info11__do_upcastEPKNS_17__class_type_infoEPKvRNS1_15__upcast_resultE
                0x0000000000004acc        0x8 /Applications/lpcxpresso_6.0.2_151/lpcxpresso/tools/bin/../lib/gcc/arm-none-eabi/4.6.2/../../../../arm-none-eabi/lib/armv6-m/libstdc++.a(si_class_type_info.o)
 .ARM.exidx.text._ZNK10__cxxabiv120__si_class_type_info12__do_dyncastEiNS_17__class_type_info10__sub_kindEPKS1_PKvS4_S6_RNS1_16__dyncast_resultE
                0x0000000000004ad4        0x8 /Applications/lpcxpresso_6.0.2_151/lpcxpresso/tools/bin/../lib/gcc/arm-none-eabi/4.6.2/../../../../arm-none-eabi/lib/armv6-m/libstdc++.a(si_class_type_info.o)
 .ARM.exidx.text._ZNK10__cxxabiv120__si_class_type_info20__do_find_public_srcEiPKvPKNS_17__class_type_infoES2_
                0x0000000000004adc        0x8 /Applications/lpcxpresso_6.0.2_151/lpcxpresso/tools/bin/../lib/gcc/arm-none-eabi/4.6.2/../../../../arm-none-eabi/lib/armv6-m/libstdc++.a(si_class_type_info.o)
 .ARM.exidx.text._ZNSt9type_infoD2Ev
                0x0000000000004ae4        0x8 /Applications/lpcxpresso_6.0.2_151/lpcxpresso/tools/bin/../lib/gcc/arm-none-eabi/4.6.2/../../../../arm-none-eabi/lib/armv6-m/libstdc++.a(tinfo.o)
 .ARM.exidx.text._ZNKSt9type_info14__is_pointer_pEv
                0x0000000000004aec        0x0 /Applications/lpcxpresso_6.0.2_151/lpcxpresso/tools/bin/../lib/gcc/arm-none-eabi/4.6.2/../../../../arm-none-eabi/lib/armv6-m/libstdc++.a(tinfo.o)
                                          0x8 (size before relaxing)
 .ARM.exidx.text._ZNKSt9type_info15__is_function_pEv
                0x0000000000004aec        0x0 /Applications/lpcxpresso_6.0.2_151/lpcxpresso/tools/bin/../lib/gcc/arm-none-eabi/4.6.2/../../../../arm-none-eabi/lib/armv6-m/libstdc++.a(tinfo.o)
                                          0x8 (size before relaxing)
 .ARM.exidx.text._ZNKSt9type_info11__do_upcastEPKN10__cxxabiv117__class_type_infoEPPv
                0x0000000000004aec        0x0 /Applications/lpcxpresso_6.0.2_151/lpcxpresso/tools/bin/../lib/gcc/arm-none-eabi/4.6.2/../../../../arm-none-eabi/lib/armv6-m/libstdc++.a(tinfo.o)
                                          0x8 (size before relaxing)
 .ARM.exidx.text._ZNSt9type_infoD0Ev
                0x0000000000004aec        0x0 /Applications/lpcxpresso_6.0.2_151/lpcxpresso/tools/bin/../lib/gcc/arm-none-eabi/4.6.2/../../../../arm-none-eabi/lib/armv6-m/libstdc++.a(tinfo.o)
                                          0x8 (size before relaxing)
 .ARM.exidx.text._ZNKSt9type_infoeqERKS_
                0x0000000000004aec        0x0 /Applications/lpcxpresso_6.0.2_151/lpcxpresso/tools/bin/../lib/gcc/arm-none-eabi/4.6.2/../../../../arm-none-eabi/lib/armv6-m/libstdc++.a(tinfo.o)
                                          0x8 (size before relaxing)
 .ARM.exidx.text._ZNKSt9type_info10__do_catchEPKS_PPvj
                0x0000000000004aec        0x0 /Applications/lpcxpresso_6.0.2_151/lpcxpresso/tools/bin/../lib/gcc/arm-none-eabi/4.6.2/../../../../arm-none-eabi/lib/armv6-m/libstdc++.a(tinfo.o)
                                          0x8 (size before relaxing)
                0x0000000000004aec                __exidx_end = .
                0x0000000000004aec                _etext = .

.uninit_RESERVED
                0x0000000010000000        0x0
 *(.bss.$RESERVED*)
                0x0000000010000000                . = ALIGN (0x4)
                0x0000000010000000                _end_uninit_RESERVED = .

.data           0x0000000010000000      0x848 load address 0x0000000000004aec
 FILL mask 0xff
                0x0000000010000000                _data = .
 *(vtable)
 *(.data*)
 .data.SystemCoreClock
                0x0000000010000000        0x4 /Users/take/proj/LBED/lbed/CMSISv2p00_LPC11xx/Debug/libCMSISv2p00_LPC11xx.a(system_LPC11xx.o)
                0x0000000010000000                SystemCoreClock
 .data.__malloc_av_
                0x0000000010000004      0x408 /Applications/lpcxpresso_6.0.2_151/lpcxpresso/tools/bin/../lib/gcc/arm-none-eabi/4.6.2/../../../../arm-none-eabi/lib/armv6-m/libc.a(lib_a-mallocr.o)
                0x0000000010000004                __malloc_av_
 .data.__malloc_trim_threshold
                0x000000001000040c        0x4 /Applications/lpcxpresso_6.0.2_151/lpcxpresso/tools/bin/../lib/gcc/arm-none-eabi/4.6.2/../../../../arm-none-eabi/lib/armv6-m/libc.a(lib_a-mallocr.o)
                0x000000001000040c                __malloc_trim_threshold
 .data.__malloc_sbrk_base
                0x0000000010000410        0x4 /Applications/lpcxpresso_6.0.2_151/lpcxpresso/tools/bin/../lib/gcc/arm-none-eabi/4.6.2/../../../../arm-none-eabi/lib/armv6-m/libc.a(lib_a-mallocr.o)
                0x0000000010000410                __malloc_sbrk_base
 *fill*         0x0000000010000414        0x4 00
 .data.impure_data
                0x0000000010000418      0x428 /Applications/lpcxpresso_6.0.2_151/lpcxpresso/tools/bin/../lib/gcc/arm-none-eabi/4.6.2/../../../../arm-none-eabi/lib/armv6-m/libc.a(lib_a-impure.o)
 .data._impure_ptr
                0x0000000010000840        0x4 /Applications/lpcxpresso_6.0.2_151/lpcxpresso/tools/bin/../lib/gcc/arm-none-eabi/4.6.2/../../../../arm-none-eabi/lib/armv6-m/libc.a(lib_a-impure.o)
                0x0000000010000840                _impure_ptr
 .data          0x0000000010000844        0x4 /Applications/lpcxpresso_6.0.2_151/lpcxpresso/tools/bin/../lib/gcc/arm-none-eabi/4.6.2/armv6-m/crtbegin.o
                0x0000000010000844                __dso_handle
                0x0000000010000848                . = ALIGN (0x4)
                0x0000000010000848                _edata = .

.jcr            0x0000000010000848        0x0 load address 0x0000000000005334
 .jcr           0x0000000010000848        0x0 /Applications/lpcxpresso_6.0.2_151/lpcxpresso/tools/bin/../lib/gcc/arm-none-eabi/4.6.2/armv6-m/crtbegin.o

.bss            0x0000000010000848      0x114 load address 0x0000000000005334
                0x0000000010000848                _bss = .
 *(.bss*)
 .bss.pc        0x0000000010000848       0x10 ./src/LM73.o
                0x0000000010000848                pc
 .bss.led       0x0000000010000858       0x10 ./src/LM73.o
                0x0000000010000858                led
 .bss.lm73      0x0000000010000868        0x8 ./src/LM73.o
                0x0000000010000868                lm73
 .bss.RdIndex   0x0000000010000870        0x4 /Users/take/proj/LBED/lbed/LBED_lbeDuino/Debug/libLBED_lbeDuino.a(_i2c.o)
                0x0000000010000870                RdIndex
 .bss.I2CMasterState
                0x0000000010000874        0x4 /Users/take/proj/LBED/lbed/LBED_lbeDuino/Debug/libLBED_lbeDuino.a(_i2c.o)
                0x0000000010000874                I2CMasterState
 .bss.WrIndex   0x0000000010000878        0x4 /Users/take/proj/LBED/lbed/LBED_lbeDuino/Debug/libLBED_lbeDuino.a(_i2c.o)
                0x0000000010000878                WrIndex
 .bss.timeout   0x000000001000087c        0x4 /Users/take/proj/LBED/lbed/LBED_lbeDuino/Debug/libLBED_lbeDuino.a(_i2c.o)
                0x000000001000087c                timeout
 .bss.__malloc_top_pad
                0x0000000010000880        0x4 /Applications/lpcxpresso_6.0.2_151/lpcxpresso/tools/bin/../lib/gcc/arm-none-eabi/4.6.2/../../../../arm-none-eabi/lib/armv6-m/libc.a(lib_a-mallocr.o)
                0x0000000010000880                __malloc_top_pad
 .bss.__malloc_current_mallinfo
                0x0000000010000884       0x28 /Applications/lpcxpresso_6.0.2_151/lpcxpresso/tools/bin/../lib/gcc/arm-none-eabi/4.6.2/../../../../arm-none-eabi/lib/armv6-m/libc.a(lib_a-mallocr.o)
                0x0000000010000884                __malloc_current_mallinfo
 .bss           0x00000000100008ac       0x1c /Applications/lpcxpresso_6.0.2_151/lpcxpresso/tools/bin/../lib/gcc/arm-none-eabi/4.6.2/armv6-m/crtbegin.o
 *(COMMON)
 COMMON         0x00000000100008c8        0x4 /Users/take/proj/LBED/lbed/LBED_lbeDuino/Debug/libLBED_lbeDuino.a(wait_api.o)
                0x00000000100008c8                msTicks
 COMMON         0x00000000100008cc       0x88 /Users/take/proj/LBED/lbed/LBED_lbeDuino/Debug/libLBED_lbeDuino.a(_i2c.o)
                0x00000000100008cc                I2CReadLength
                0x00000000100008d0                I2CSlaveBuffer
                0x0000000010000910                I2CMasterBuffer
                0x0000000010000950                I2CWriteLength
 COMMON         0x0000000010000954        0x4 /Applications/lpcxpresso_6.0.2_151/lpcxpresso/tools/bin/../lib/gcc/arm-none-eabi/4.6.2/../../../../arm-none-eabi/lib/armv6-m/libc.a(lib_a-reent.o)
                0x0000000010000954                errno
 COMMON         0x0000000010000958        0x4 /Applications/lpcxpresso_6.0.2_151/lpcxpresso/tools/bin/../lib/gcc/arm-none-eabi/4.6.2/../../../../arm-none-eabi/lib/armv6-m/libcr_newlib_nohost.a(_cr_sbrk.o)
                0x0000000010000958                __end_of_heap
                0x000000001000095c                . = ALIGN (0x4)
                0x000000001000095c                _ebss = .
                0x000000001000095c                PROVIDE (end, .)

.noinit         0x000000001000095c        0x0 load address 0x0000000000005334
                0x000000001000095c                _noinit = .
 *(.noinit*)
                0x000000001000095c                . = ALIGN (0x4)
                0x000000001000095c                _end_noinit = .
                0x000000001000095c                PROVIDE (_pvHeapStart, .)
                0x0000000010001000                PROVIDE (_vStackTop, (__top_RamLoc4 - 0x0))
OUTPUT(LBED_lbeDuino_MAIN.axf elf32-littlearm)

.debug_info     0x0000000000000000     0x6456
 .debug_info    0x0000000000000000      0x210 ./src_base/Main.o
 .debug_info    0x0000000000000210      0x1b8 ./src_base/cr_cpp_config.o
 .debug_info    0x00000000000003c8      0x272 ./src_base/cr_startup_lpc11.o
 .debug_info    0x000000000000063a     0x1021 ./src/LM73.o
 .debug_info    0x000000000000165b      0x4e4 /Users/take/proj/LBED/lbed/CMSISv2p00_LPC11xx/Debug/libCMSISv2p00_LPC11xx.a(system_LPC11xx.o)
 .debug_info    0x0000000000001b3f      0x52b /Users/take/proj/LBED/lbed/LBED_lbeDuino_USERLIB/Debug/libLBED_lbeDuino_USERLIB.a(LM73.o)
 .debug_info    0x000000000000206a      0xf74 /Users/take/proj/LBED/lbed/LBED_lbeDuino/Debug/libLBED_lbeDuino.a(DigitalIn.o)
 .debug_info    0x0000000000002fde      0x4e9 /Users/take/proj/LBED/lbed/LBED_lbeDuino/Debug/libLBED_lbeDuino.a(DigitalOut.o)
 .debug_info    0x00000000000034c7      0x449 /Users/take/proj/LBED/lbed/LBED_lbeDuino/Debug/libLBED_lbeDuino.a(I2C.o)
 .debug_info    0x0000000000003910      0x784 /Users/take/proj/LBED/lbed/LBED_lbeDuino/Debug/libLBED_lbeDuino.a(Print.o)
 .debug_info    0x0000000000004094      0xeaf /Users/take/proj/LBED/lbed/LBED_lbeDuino/Debug/libLBED_lbeDuino.a(Serial.o)
 .debug_info    0x0000000000004f43       0x3a /Users/take/proj/LBED/lbed/LBED_lbeDuino/Debug/libLBED_lbeDuino.a(pure_virtual.o)
 .debug_info    0x0000000000004f7d      0x4ce /Users/take/proj/LBED/lbed/LBED_lbeDuino/Debug/libLBED_lbeDuino.a(wait_api.o)
 .debug_info    0x000000000000544b      0xc7a /Users/take/proj/LBED/lbed/LBED_lbeDuino/Debug/libLBED_lbeDuino.a(_i2c.o)
 .debug_info    0x00000000000060c5      0x108 /Applications/lpcxpresso_6.0.2_151/lpcxpresso/tools/bin/../lib/gcc/arm-none-eabi/4.6.2/../../../../arm-none-eabi/lib/armv6-m/libcr_newlib_nohost.a(_cr_sbrk.o)
 .debug_info    0x00000000000061cd       0x60 /Applications/lpcxpresso_6.0.2_151/lpcxpresso/tools/bin/../lib/gcc/arm-none-eabi/4.6.2/../../../../arm-none-eabi/lib/armv6-m/libcr_newlib_nohost.a(_exit.o)
 .debug_info    0x000000000000622d       0xa9 /Applications/lpcxpresso_6.0.2_151/lpcxpresso/tools/bin/../lib/gcc/arm-none-eabi/4.6.2/../../../../arm-none-eabi/lib/armv6-m/libcr_newlib_nohost.a(getpid.o)
 .debug_info    0x00000000000062d6       0xca /Applications/lpcxpresso_6.0.2_151/lpcxpresso/tools/bin/../lib/gcc/arm-none-eabi/4.6.2/../../../../arm-none-eabi/lib/armv6-m/libcr_newlib_nohost.a(kill.o)
 .debug_info    0x00000000000063a0       0xb6 /Applications/lpcxpresso_6.0.2_151/lpcxpresso/tools/bin/../lib/gcc/arm-none-eabi/4.6.2/../../../../arm-none-eabi/lib/armv6-m/libcr_newlib_nohost.a(_cr_check_heap.o)

.debug_abbrev   0x0000000000000000     0x1b06
 .debug_abbrev  0x0000000000000000      0x110 ./src_base/Main.o
 .debug_abbrev  0x0000000000000110       0xf9 ./src_base/cr_cpp_config.o
 .debug_abbrev  0x0000000000000209      0x118 ./src_base/cr_startup_lpc11.o
 .debug_abbrev  0x0000000000000321      0x30e ./src/LM73.o
 .debug_abbrev  0x000000000000062f       0xec /Users/take/proj/LBED/lbed/CMSISv2p00_LPC11xx/Debug/libCMSISv2p00_LPC11xx.a(system_LPC11xx.o)
 .debug_abbrev  0x000000000000071b      0x29c /Users/take/proj/LBED/lbed/LBED_lbeDuino_USERLIB/Debug/libLBED_lbeDuino_USERLIB.a(LM73.o)
 .debug_abbrev  0x00000000000009b7      0x29f /Users/take/proj/LBED/lbed/LBED_lbeDuino/Debug/libLBED_lbeDuino.a(DigitalIn.o)
 .debug_abbrev  0x0000000000000c56      0x21d /Users/take/proj/LBED/lbed/LBED_lbeDuino/Debug/libLBED_lbeDuino.a(DigitalOut.o)
 .debug_abbrev  0x0000000000000e73      0x1cb /Users/take/proj/LBED/lbed/LBED_lbeDuino/Debug/libLBED_lbeDuino.a(I2C.o)
 .debug_abbrev  0x000000000000103e      0x1e2 /Users/take/proj/LBED/lbed/LBED_lbeDuino/Debug/libLBED_lbeDuino.a(Print.o)
 .debug_abbrev  0x0000000000001220      0x2dd /Users/take/proj/LBED/lbed/LBED_lbeDuino/Debug/libLBED_lbeDuino.a(Serial.o)
 .debug_abbrev  0x00000000000014fd       0x27 /Users/take/proj/LBED/lbed/LBED_lbeDuino/Debug/libLBED_lbeDuino.a(pure_virtual.o)
 .debug_abbrev  0x0000000000001524      0x1e8 /Users/take/proj/LBED/lbed/LBED_lbeDuino/Debug/libLBED_lbeDuino.a(wait_api.o)
 .debug_abbrev  0x000000000000170c      0x1d3 /Users/take/proj/LBED/lbed/LBED_lbeDuino/Debug/libLBED_lbeDuino.a(_i2c.o)
 .debug_abbrev  0x00000000000018df       0x99 /Applications/lpcxpresso_6.0.2_151/lpcxpresso/tools/bin/../lib/gcc/arm-none-eabi/4.6.2/../../../../arm-none-eabi/lib/armv6-m/libcr_newlib_nohost.a(_cr_sbrk.o)
 .debug_abbrev  0x0000000000001978       0x54 /Applications/lpcxpresso_6.0.2_151/lpcxpresso/tools/bin/../lib/gcc/arm-none-eabi/4.6.2/../../../../arm-none-eabi/lib/armv6-m/libcr_newlib_nohost.a(_exit.o)
 .debug_abbrev  0x00000000000019cc       0x54 /Applications/lpcxpresso_6.0.2_151/lpcxpresso/tools/bin/../lib/gcc/arm-none-eabi/4.6.2/../../../../arm-none-eabi/lib/armv6-m/libcr_newlib_nohost.a(getpid.o)
 .debug_abbrev  0x0000000000001a20       0x74 /Applications/lpcxpresso_6.0.2_151/lpcxpresso/tools/bin/../lib/gcc/arm-none-eabi/4.6.2/../../../../arm-none-eabi/lib/armv6-m/libcr_newlib_nohost.a(kill.o)
 .debug_abbrev  0x0000000000001a94       0x72 /Applications/lpcxpresso_6.0.2_151/lpcxpresso/tools/bin/../lib/gcc/arm-none-eabi/4.6.2/../../../../arm-none-eabi/lib/armv6-m/libcr_newlib_nohost.a(_cr_check_heap.o)

.debug_loc      0x0000000000000000     0x1824
 .debug_loc     0x0000000000000000       0x20 ./src_base/Main.o
 .debug_loc     0x0000000000000020       0xff ./src_base/cr_cpp_config.o
 .debug_loc     0x000000000000011f      0x26f ./src_base/cr_startup_lpc11.o
 .debug_loc     0x000000000000038e       0xa4 ./src/LM73.o
 .debug_loc     0x0000000000000432       0x98 /Users/take/proj/LBED/lbed/CMSISv2p00_LPC11xx/Debug/libCMSISv2p00_LPC11xx.a(system_LPC11xx.o)
 .debug_loc     0x00000000000004ca       0xf8 /Users/take/proj/LBED/lbed/LBED_lbeDuino_USERLIB/Debug/libLBED_lbeDuino_USERLIB.a(LM73.o)
 .debug_loc     0x00000000000005c2      0x127 /Users/take/proj/LBED/lbed/LBED_lbeDuino/Debug/libLBED_lbeDuino.a(DigitalIn.o)
 .debug_loc     0x00000000000006e9      0x132 /Users/take/proj/LBED/lbed/LBED_lbeDuino/Debug/libLBED_lbeDuino.a(DigitalOut.o)
 .debug_loc     0x000000000000081b      0x300 /Users/take/proj/LBED/lbed/LBED_lbeDuino/Debug/libLBED_lbeDuino.a(I2C.o)
 .debug_loc     0x0000000000000b1b      0x841 /Users/take/proj/LBED/lbed/LBED_lbeDuino/Debug/libLBED_lbeDuino.a(Print.o)
 .debug_loc     0x000000000000135c      0x243 /Users/take/proj/LBED/lbed/LBED_lbeDuino/Debug/libLBED_lbeDuino.a(Serial.o)
 .debug_loc     0x000000000000159f       0x20 /Users/take/proj/LBED/lbed/LBED_lbeDuino/Debug/libLBED_lbeDuino.a(pure_virtual.o)
 .debug_loc     0x00000000000015bf       0x9e /Users/take/proj/LBED/lbed/LBED_lbeDuino/Debug/libLBED_lbeDuino.a(wait_api.o)
 .debug_loc     0x000000000000165d       0xf9 /Users/take/proj/LBED/lbed/LBED_lbeDuino/Debug/libLBED_lbeDuino.a(_i2c.o)
 .debug_loc     0x0000000000001756       0x68 /Applications/lpcxpresso_6.0.2_151/lpcxpresso/tools/bin/../lib/gcc/arm-none-eabi/4.6.2/../../../../arm-none-eabi/lib/armv6-m/libcr_newlib_nohost.a(_cr_sbrk.o)
 .debug_loc     0x00000000000017be       0x20 /Applications/lpcxpresso_6.0.2_151/lpcxpresso/tools/bin/../lib/gcc/arm-none-eabi/4.6.2/../../../../arm-none-eabi/lib/armv6-m/libcr_newlib_nohost.a(_exit.o)
 .debug_loc     0x00000000000017de       0x13 /Applications/lpcxpresso_6.0.2_151/lpcxpresso/tools/bin/../lib/gcc/arm-none-eabi/4.6.2/../../../../arm-none-eabi/lib/armv6-m/libcr_newlib_nohost.a(kill.o)
 .debug_loc     0x00000000000017f1       0x33 /Applications/lpcxpresso_6.0.2_151/lpcxpresso/tools/bin/../lib/gcc/arm-none-eabi/4.6.2/../../../../arm-none-eabi/lib/armv6-m/libcr_newlib_nohost.a(_cr_check_heap.o)

.debug_aranges  0x0000000000000000      0x348
 .debug_aranges
                0x0000000000000000       0x20 ./src_base/Main.o
 .debug_aranges
                0x0000000000000020       0x48 ./src_base/cr_cpp_config.o
 .debug_aranges
                0x0000000000000068       0x58 ./src_base/cr_startup_lpc11.o
 .debug_aranges
                0x00000000000000c0       0x30 ./src/LM73.o
 .debug_aranges
                0x00000000000000f0       0x28 /Users/take/proj/LBED/lbed/CMSISv2p00_LPC11xx/Debug/libCMSISv2p00_LPC11xx.a(system_LPC11xx.o)
 .debug_aranges
                0x0000000000000118       0x30 /Users/take/proj/LBED/lbed/LBED_lbeDuino_USERLIB/Debug/libLBED_lbeDuino_USERLIB.a(LM73.o)
 .debug_aranges
                0x0000000000000148       0x20 /Users/take/proj/LBED/lbed/LBED_lbeDuino/Debug/libLBED_lbeDuino.a(DigitalIn.o)
 .debug_aranges
                0x0000000000000168       0x20 /Users/take/proj/LBED/lbed/LBED_lbeDuino/Debug/libLBED_lbeDuino.a(DigitalOut.o)
 .debug_aranges
                0x0000000000000188       0x20 /Users/take/proj/LBED/lbed/LBED_lbeDuino/Debug/libLBED_lbeDuino.a(I2C.o)
 .debug_aranges
                0x00000000000001a8       0x20 /Users/take/proj/LBED/lbed/LBED_lbeDuino/Debug/libLBED_lbeDuino.a(Print.o)
 .debug_aranges
                0x00000000000001c8       0x30 /Users/take/proj/LBED/lbed/LBED_lbeDuino/Debug/libLBED_lbeDuino.a(Serial.o)
 .debug_aranges
                0x00000000000001f8       0x20 /Users/take/proj/LBED/lbed/LBED_lbeDuino/Debug/libLBED_lbeDuino.a(pure_virtual.o)
 .debug_aranges
                0x0000000000000218       0x40 /Users/take/proj/LBED/lbed/LBED_lbeDuino/Debug/libLBED_lbeDuino.a(wait_api.o)
 .debug_aranges
                0x0000000000000258       0x50 /Users/take/proj/LBED/lbed/LBED_lbeDuino/Debug/libLBED_lbeDuino.a(_i2c.o)
 .debug_aranges
                0x00000000000002a8       0x20 /Applications/lpcxpresso_6.0.2_151/lpcxpresso/tools/bin/../lib/gcc/arm-none-eabi/4.6.2/../../../../arm-none-eabi/lib/armv6-m/libcr_newlib_nohost.a(_cr_sbrk.o)
 .debug_aranges
                0x00000000000002c8       0x20 /Applications/lpcxpresso_6.0.2_151/lpcxpresso/tools/bin/../lib/gcc/arm-none-eabi/4.6.2/../../../../arm-none-eabi/lib/armv6-m/libcr_newlib_nohost.a(_exit.o)
 .debug_aranges
                0x00000000000002e8       0x20 /Applications/lpcxpresso_6.0.2_151/lpcxpresso/tools/bin/../lib/gcc/arm-none-eabi/4.6.2/../../../../arm-none-eabi/lib/armv6-m/libcr_newlib_nohost.a(getpid.o)
 .debug_aranges
                0x0000000000000308       0x20 /Applications/lpcxpresso_6.0.2_151/lpcxpresso/tools/bin/../lib/gcc/arm-none-eabi/4.6.2/../../../../arm-none-eabi/lib/armv6-m/libcr_newlib_nohost.a(kill.o)
 .debug_aranges
                0x0000000000000328       0x20 /Applications/lpcxpresso_6.0.2_151/lpcxpresso/tools/bin/../lib/gcc/arm-none-eabi/4.6.2/../../../../arm-none-eabi/lib/armv6-m/libcr_newlib_nohost.a(_cr_check_heap.o)

.debug_ranges   0x0000000000000000      0x1f8
 .debug_ranges  0x0000000000000000       0x10 ./src_base/Main.o
 .debug_ranges  0x0000000000000010       0x38 ./src_base/cr_cpp_config.o
 .debug_ranges  0x0000000000000048       0x48 ./src_base/cr_startup_lpc11.o
 .debug_ranges  0x0000000000000090       0x20 ./src/LM73.o
 .debug_ranges  0x00000000000000b0       0x18 /Users/take/proj/LBED/lbed/CMSISv2p00_LPC11xx/Debug/libCMSISv2p00_LPC11xx.a(system_LPC11xx.o)
 .debug_ranges  0x00000000000000c8       0x38 /Users/take/proj/LBED/lbed/LBED_lbeDuino_USERLIB/Debug/libLBED_lbeDuino_USERLIB.a(LM73.o)
 .debug_ranges  0x0000000000000100       0x18 /Users/take/proj/LBED/lbed/LBED_lbeDuino/Debug/libLBED_lbeDuino.a(Print.o)
 .debug_ranges  0x0000000000000118       0x20 /Users/take/proj/LBED/lbed/LBED_lbeDuino/Debug/libLBED_lbeDuino.a(Serial.o)
 .debug_ranges  0x0000000000000138       0x30 /Users/take/proj/LBED/lbed/LBED_lbeDuino/Debug/libLBED_lbeDuino.a(wait_api.o)
 .debug_ranges  0x0000000000000168       0x40 /Users/take/proj/LBED/lbed/LBED_lbeDuino/Debug/libLBED_lbeDuino.a(_i2c.o)
 .debug_ranges  0x00000000000001a8       0x10 /Applications/lpcxpresso_6.0.2_151/lpcxpresso/tools/bin/../lib/gcc/arm-none-eabi/4.6.2/../../../../arm-none-eabi/lib/armv6-m/libcr_newlib_nohost.a(_cr_sbrk.o)
 .debug_ranges  0x00000000000001b8       0x10 /Applications/lpcxpresso_6.0.2_151/lpcxpresso/tools/bin/../lib/gcc/arm-none-eabi/4.6.2/../../../../arm-none-eabi/lib/armv6-m/libcr_newlib_nohost.a(_exit.o)
 .debug_ranges  0x00000000000001c8       0x10 /Applications/lpcxpresso_6.0.2_151/lpcxpresso/tools/bin/../lib/gcc/arm-none-eabi/4.6.2/../../../../arm-none-eabi/lib/armv6-m/libcr_newlib_nohost.a(getpid.o)
 .debug_ranges  0x00000000000001d8       0x10 /Applications/lpcxpresso_6.0.2_151/lpcxpresso/tools/bin/../lib/gcc/arm-none-eabi/4.6.2/../../../../arm-none-eabi/lib/armv6-m/libcr_newlib_nohost.a(kill.o)
 .debug_ranges  0x00000000000001e8       0x10 /Applications/lpcxpresso_6.0.2_151/lpcxpresso/tools/bin/../lib/gcc/arm-none-eabi/4.6.2/../../../../arm-none-eabi/lib/armv6-m/libcr_newlib_nohost.a(_cr_check_heap.o)

.debug_line     0x0000000000000000     0x1e98
 .debug_line    0x0000000000000000      0x15c ./src_base/Main.o
 .debug_line    0x000000000000015c      0x118 ./src_base/cr_cpp_config.o
 .debug_line    0x0000000000000274       0xaa ./src_base/cr_startup_lpc11.o
 .debug_line    0x000000000000031e      0x234 ./src/LM73.o
 .debug_line    0x0000000000000552      0x3fe /Users/take/proj/LBED/lbed/CMSISv2p00_LPC11xx/Debug/libCMSISv2p00_LPC11xx.a(system_LPC11xx.o)
 .debug_line    0x0000000000000950      0x7db /Users/take/proj/LBED/lbed/LBED_lbeDuino_USERLIB/Debug/libLBED_lbeDuino_USERLIB.a(LM73.o)
 .debug_line    0x000000000000112b      0x1b4 /Users/take/proj/LBED/lbed/LBED_lbeDuino/Debug/libLBED_lbeDuino.a(DigitalIn.o)
 .debug_line    0x00000000000012df      0x181 /Users/take/proj/LBED/lbed/LBED_lbeDuino/Debug/libLBED_lbeDuino.a(DigitalOut.o)
 .debug_line    0x0000000000001460      0x15e /Users/take/proj/LBED/lbed/LBED_lbeDuino/Debug/libLBED_lbeDuino.a(I2C.o)
 .debug_line    0x00000000000015be      0x129 /Users/take/proj/LBED/lbed/LBED_lbeDuino/Debug/libLBED_lbeDuino.a(Print.o)
 .debug_line    0x00000000000016e7      0x1ea /Users/take/proj/LBED/lbed/LBED_lbeDuino/Debug/libLBED_lbeDuino.a(Serial.o)
 .debug_line    0x00000000000018d1       0x4d /Users/take/proj/LBED/lbed/LBED_lbeDuino/Debug/libLBED_lbeDuino.a(pure_virtual.o)
 .debug_line    0x000000000000191e      0x19f /Users/take/proj/LBED/lbed/LBED_lbeDuino/Debug/libLBED_lbeDuino.a(wait_api.o)
 .debug_line    0x0000000000001abd      0x1fe /Users/take/proj/LBED/lbed/LBED_lbeDuino/Debug/libLBED_lbeDuino.a(_i2c.o)
 .debug_line    0x0000000000001cbb       0xc8 /Applications/lpcxpresso_6.0.2_151/lpcxpresso/tools/bin/../lib/gcc/arm-none-eabi/4.6.2/../../../../arm-none-eabi/lib/armv6-m/libcr_newlib_nohost.a(_cr_sbrk.o)
 .debug_line    0x0000000000001d83       0x3e /Applications/lpcxpresso_6.0.2_151/lpcxpresso/tools/bin/../lib/gcc/arm-none-eabi/4.6.2/../../../../arm-none-eabi/lib/armv6-m/libcr_newlib_nohost.a(_exit.o)
 .debug_line    0x0000000000001dc1       0x44 /Applications/lpcxpresso_6.0.2_151/lpcxpresso/tools/bin/../lib/gcc/arm-none-eabi/4.6.2/../../../../arm-none-eabi/lib/armv6-m/libcr_newlib_nohost.a(getpid.o)
 .debug_line    0x0000000000001e05       0x42 /Applications/lpcxpresso_6.0.2_151/lpcxpresso/tools/bin/../lib/gcc/arm-none-eabi/4.6.2/../../../../arm-none-eabi/lib/armv6-m/libcr_newlib_nohost.a(kill.o)
 .debug_line    0x0000000000001e47       0x51 /Applications/lpcxpresso_6.0.2_151/lpcxpresso/tools/bin/../lib/gcc/arm-none-eabi/4.6.2/../../../../arm-none-eabi/lib/armv6-m/libcr_newlib_nohost.a(_cr_check_heap.o)

.debug_str      0x0000000000000000     0x1844
 .debug_str     0x0000000000000000      0x149 ./src_base/Main.o
                                        0x193 (size before relaxing)
 .debug_str     0x0000000000000149       0xf8 ./src_base/cr_cpp_config.o
                                        0x20b (size before relaxing)
 .debug_str     0x0000000000000241      0x143 ./src_base/cr_startup_lpc11.o
                                        0x24c (size before relaxing)
 .debug_str     0x0000000000000384      0x617 ./src/LM73.o
                                        0x7a7 (size before relaxing)
 .debug_str     0x000000000000099b      0x30b /Users/take/proj/LBED/lbed/CMSISv2p00_LPC11xx/Debug/libCMSISv2p00_LPC11xx.a(system_LPC11xx.o)
                                        0x3ad (size before relaxing)
 .debug_str     0x0000000000000ca6       0x52 /Users/take/proj/LBED/lbed/LBED_lbeDuino_USERLIB/Debug/libLBED_lbeDuino_USERLIB.a(LM73.o)
                                        0x266 (size before relaxing)
 .debug_str     0x0000000000000cf8      0x1f2 /Users/take/proj/LBED/lbed/LBED_lbeDuino/Debug/libLBED_lbeDuino.a(DigitalIn.o)
                                        0x780 (size before relaxing)
 .debug_str     0x0000000000000eea       0x1e /Users/take/proj/LBED/lbed/LBED_lbeDuino/Debug/libLBED_lbeDuino.a(DigitalOut.o)
                                        0x2b7 (size before relaxing)
 .debug_str     0x0000000000000f08       0x51 /Users/take/proj/LBED/lbed/LBED_lbeDuino/Debug/libLBED_lbeDuino.a(I2C.o)
                                        0x223 (size before relaxing)
 .debug_str     0x0000000000000f59      0x1af /Users/take/proj/LBED/lbed/LBED_lbeDuino/Debug/libLBED_lbeDuino.a(Print.o)
                                        0x2cf (size before relaxing)
 .debug_str     0x0000000000001108      0x193 /Users/take/proj/LBED/lbed/LBED_lbeDuino/Debug/libLBED_lbeDuino.a(Serial.o)
                                        0x6e1 (size before relaxing)
 .debug_str     0x000000000000129b       0x33 /Users/take/proj/LBED/lbed/LBED_lbeDuino/Debug/libLBED_lbeDuino.a(pure_virtual.o)
                                         0xad (size before relaxing)
 .debug_str     0x00000000000012ce      0x2b7 /Users/take/proj/LBED/lbed/LBED_lbeDuino/Debug/libLBED_lbeDuino.a(wait_api.o)
                                        0x411 (size before relaxing)
 .debug_str     0x0000000000001585      0x145 /Users/take/proj/LBED/lbed/LBED_lbeDuino/Debug/libLBED_lbeDuino.a(_i2c.o)
                                        0x861 (size before relaxing)
 .debug_str     0x00000000000016ca       0xee /Applications/lpcxpresso_6.0.2_151/lpcxpresso/tools/bin/../lib/gcc/arm-none-eabi/4.6.2/../../../../arm-none-eabi/lib/armv6-m/libcr_newlib_nohost.a(_cr_sbrk.o)
                                        0x17e (size before relaxing)
 .debug_str     0x00000000000017b8       0x15 /Applications/lpcxpresso_6.0.2_151/lpcxpresso/tools/bin/../lib/gcc/arm-none-eabi/4.6.2/../../../../arm-none-eabi/lib/armv6-m/libcr_newlib_nohost.a(_exit.o)
                                         0xab (size before relaxing)
 .debug_str     0x00000000000017cd       0x1e /Applications/lpcxpresso_6.0.2_151/lpcxpresso/tools/bin/../lib/gcc/arm-none-eabi/4.6.2/../../../../arm-none-eabi/lib/armv6-m/libcr_newlib_nohost.a(getpid.o)
                                        0x13d (size before relaxing)
 .debug_str     0x00000000000017eb       0x14 /Applications/lpcxpresso_6.0.2_151/lpcxpresso/tools/bin/../lib/gcc/arm-none-eabi/4.6.2/../../../../arm-none-eabi/lib/armv6-m/libcr_newlib_nohost.a(kill.o)
                                        0x139 (size before relaxing)
 .debug_str     0x00000000000017ff       0x45 /Applications/lpcxpresso_6.0.2_151/lpcxpresso/tools/bin/../lib/gcc/arm-none-eabi/4.6.2/../../../../arm-none-eabi/lib/armv6-m/libcr_newlib_nohost.a(_cr_check_heap.o)
                                        0x10a (size before relaxing)

.comment        0x0000000000000000       0xe0
 .comment       0x0000000000000000       0x70 ./src_base/Main.o
                                         0x71 (size before relaxing)
 .comment       0x0000000000000000       0x71 ./src_base/cr_cpp_config.o
 .comment       0x0000000000000000       0x71 ./src_base/cr_startup_lpc11.o
 .comment       0x0000000000000000       0x71 ./src/LM73.o
 .comment       0x0000000000000000       0x71 /Users/take/proj/LBED/lbed/CMSISv2p00_LPC11xx/Debug/libCMSISv2p00_LPC11xx.a(system_LPC11xx.o)
 .comment       0x0000000000000000       0x71 /Users/take/proj/LBED/lbed/LBED_lbeDuino_USERLIB/Debug/libLBED_lbeDuino_USERLIB.a(LM73.o)
 .comment       0x0000000000000000       0x71 /Users/take/proj/LBED/lbed/LBED_lbeDuino/Debug/libLBED_lbeDuino.a(DigitalIn.o)
 .comment       0x0000000000000000       0x71 /Users/take/proj/LBED/lbed/LBED_lbeDuino/Debug/libLBED_lbeDuino.a(DigitalOut.o)
 .comment       0x0000000000000000       0x71 /Users/take/proj/LBED/lbed/LBED_lbeDuino/Debug/libLBED_lbeDuino.a(I2C.o)
 .comment       0x0000000000000000       0x71 /Users/take/proj/LBED/lbed/LBED_lbeDuino/Debug/libLBED_lbeDuino.a(Print.o)
 .comment       0x0000000000000000       0x71 /Users/take/proj/LBED/lbed/LBED_lbeDuino/Debug/libLBED_lbeDuino.a(Serial.o)
 .comment       0x0000000000000000       0x71 /Users/take/proj/LBED/lbed/LBED_lbeDuino/Debug/libLBED_lbeDuino.a(pure_virtual.o)
 .comment       0x0000000000000000       0x71 /Users/take/proj/LBED/lbed/LBED_lbeDuino/Debug/libLBED_lbeDuino.a(wait_api.o)
 .comment       0x0000000000000000       0x71 /Users/take/proj/LBED/lbed/LBED_lbeDuino/Debug/libLBED_lbeDuino.a(_i2c.o)
 .comment       0x0000000000000070       0x70 /Applications/lpcxpresso_6.0.2_151/lpcxpresso/tools/bin/../lib/gcc/arm-none-eabi/4.6.2/../../../../arm-none-eabi/lib/armv6-m/libcr_newlib_nohost.a(_cr_sbrk.o)
                                         0x71 (size before relaxing)
 .comment       0x0000000000000000       0x71 /Applications/lpcxpresso_6.0.2_151/lpcxpresso/tools/bin/../lib/gcc/arm-none-eabi/4.6.2/../../../../arm-none-eabi/lib/armv6-m/libcr_newlib_nohost.a(_exit.o)
 .comment       0x0000000000000000       0x71 /Applications/lpcxpresso_6.0.2_151/lpcxpresso/tools/bin/../lib/gcc/arm-none-eabi/4.6.2/../../../../arm-none-eabi/lib/armv6-m/libcr_newlib_nohost.a(getpid.o)
 .comment       0x0000000000000000       0x71 /Applications/lpcxpresso_6.0.2_151/lpcxpresso/tools/bin/../lib/gcc/arm-none-eabi/4.6.2/../../../../arm-none-eabi/lib/armv6-m/libcr_newlib_nohost.a(kill.o)
 .comment       0x0000000000000000       0x71 /Applications/lpcxpresso_6.0.2_151/lpcxpresso/tools/bin/../lib/gcc/arm-none-eabi/4.6.2/../../../../arm-none-eabi/lib/armv6-m/libcr_newlib_nohost.a(_cr_check_heap.o)

.ARM.attributes
                0x0000000000000000       0x31
 .ARM.attributes
                0x0000000000000000       0x31 ./src_base/Main.o
 .ARM.attributes
                0x0000000000000031       0x31 ./src_base/cr_cpp_config.o
 .ARM.attributes
                0x0000000000000062       0x31 ./src_base/cr_startup_lpc11.o
 .ARM.attributes
                0x0000000000000093       0x31 ./src/LM73.o
 .ARM.attributes
                0x00000000000000c4       0x31 /Users/take/proj/LBED/lbed/CMSISv2p00_LPC11xx/Debug/libCMSISv2p00_LPC11xx.a(system_LPC11xx.o)
 .ARM.attributes
                0x00000000000000f5       0x31 /Users/take/proj/LBED/lbed/LBED_lbeDuino_USERLIB/Debug/libLBED_lbeDuino_USERLIB.a(LM73.o)
 .ARM.attributes
                0x0000000000000126       0x31 /Users/take/proj/LBED/lbed/LBED_lbeDuino/Debug/libLBED_lbeDuino.a(DigitalIn.o)
 .ARM.attributes
                0x0000000000000157       0x31 /Users/take/proj/LBED/lbed/LBED_lbeDuino/Debug/libLBED_lbeDuino.a(DigitalOut.o)
 .ARM.attributes
                0x0000000000000188       0x31 /Users/take/proj/LBED/lbed/LBED_lbeDuino/Debug/libLBED_lbeDuino.a(I2C.o)
 .ARM.attributes
                0x00000000000001b9       0x31 /Users/take/proj/LBED/lbed/LBED_lbeDuino/Debug/libLBED_lbeDuino.a(Print.o)
 .ARM.attributes
                0x00000000000001ea       0x31 /Users/take/proj/LBED/lbed/LBED_lbeDuino/Debug/libLBED_lbeDuino.a(Serial.o)
 .ARM.attributes
                0x000000000000021b       0x31 /Users/take/proj/LBED/lbed/LBED_lbeDuino/Debug/libLBED_lbeDuino.a(pure_virtual.o)
 .ARM.attributes
                0x000000000000024c       0x31 /Users/take/proj/LBED/lbed/LBED_lbeDuino/Debug/libLBED_lbeDuino.a(wait_api.o)
 .ARM.attributes
                0x000000000000027d       0x31 /Users/take/proj/LBED/lbed/LBED_lbeDuino/Debug/libLBED_lbeDuino.a(_i2c.o)
 .ARM.attributes
                0x00000000000002ae       0x1e /Applications/lpcxpresso_6.0.2_151/lpcxpresso/tools/bin/../lib/gcc/arm-none-eabi/4.6.2/armv6-m/libgcc.a(_udivsi3.o)
 .ARM.attributes
                0x00000000000002cc       0x1e /Applications/lpcxpresso_6.0.2_151/lpcxpresso/tools/bin/../lib/gcc/arm-none-eabi/4.6.2/armv6-m/libgcc.a(_dvmd_tls.o)
 .ARM.attributes
                0x00000000000002ea       0x1e /Applications/lpcxpresso_6.0.2_151/lpcxpresso/tools/bin/../lib/gcc/arm-none-eabi/4.6.2/armv6-m/libgcc.a(_arm_cmpdf2.o)
 .ARM.attributes
                0x0000000000000308       0x2c /Applications/lpcxpresso_6.0.2_151/lpcxpresso/tools/bin/../lib/gcc/arm-none-eabi/4.6.2/armv6-m/libgcc.a(_fixunsdfsi.o)
 .ARM.attributes
                0x0000000000000334       0x2c /Applications/lpcxpresso_6.0.2_151/lpcxpresso/tools/bin/../lib/gcc/arm-none-eabi/4.6.2/armv6-m/libgcc.a(adddf3.o)
 .ARM.attributes
                0x0000000000000360       0x2c /Applications/lpcxpresso_6.0.2_151/lpcxpresso/tools/bin/../lib/gcc/arm-none-eabi/4.6.2/armv6-m/libgcc.a(divdf3.o)
 .ARM.attributes
                0x000000000000038c       0x2c /Applications/lpcxpresso_6.0.2_151/lpcxpresso/tools/bin/../lib/gcc/arm-none-eabi/4.6.2/armv6-m/libgcc.a(eqdf2.o)
 .ARM.attributes
                0x00000000000003b8       0x2c /Applications/lpcxpresso_6.0.2_151/lpcxpresso/tools/bin/../lib/gcc/arm-none-eabi/4.6.2/armv6-m/libgcc.a(gedf2.o)
 .ARM.attributes
                0x00000000000003e4       0x2c /Applications/lpcxpresso_6.0.2_151/lpcxpresso/tools/bin/../lib/gcc/arm-none-eabi/4.6.2/armv6-m/libgcc.a(ledf2.o)
 .ARM.attributes
                0x0000000000000410       0x2c /Applications/lpcxpresso_6.0.2_151/lpcxpresso/tools/bin/../lib/gcc/arm-none-eabi/4.6.2/armv6-m/libgcc.a(muldf3.o)
 .ARM.attributes
                0x000000000000043c       0x2c /Applications/lpcxpresso_6.0.2_151/lpcxpresso/tools/bin/../lib/gcc/arm-none-eabi/4.6.2/armv6-m/libgcc.a(subdf3.o)
 .ARM.attributes
                0x0000000000000468       0x2c /Applications/lpcxpresso_6.0.2_151/lpcxpresso/tools/bin/../lib/gcc/arm-none-eabi/4.6.2/armv6-m/libgcc.a(fixdfsi.o)
 .ARM.attributes
                0x0000000000000494       0x2c /Applications/lpcxpresso_6.0.2_151/lpcxpresso/tools/bin/../lib/gcc/arm-none-eabi/4.6.2/armv6-m/libgcc.a(floatsidf.o)
 .ARM.attributes
                0x00000000000004c0       0x2c /Applications/lpcxpresso_6.0.2_151/lpcxpresso/tools/bin/../lib/gcc/arm-none-eabi/4.6.2/armv6-m/libgcc.a(floatunsidf.o)
 .ARM.attributes
                0x00000000000004ec       0x2c /Applications/lpcxpresso_6.0.2_151/lpcxpresso/tools/bin/../lib/gcc/arm-none-eabi/4.6.2/armv6-m/libgcc.a(extendsfdf2.o)
 .ARM.attributes
                0x0000000000000518       0x2c /Applications/lpcxpresso_6.0.2_151/lpcxpresso/tools/bin/../lib/gcc/arm-none-eabi/4.6.2/armv6-m/libgcc.a(truncdfsf2.o)
 .ARM.attributes
                0x0000000000000544       0x2c /Applications/lpcxpresso_6.0.2_151/lpcxpresso/tools/bin/../lib/gcc/arm-none-eabi/4.6.2/armv6-m/libgcc.a(unwind-arm.o)
 .ARM.attributes
                0x0000000000000570       0x1e /Applications/lpcxpresso_6.0.2_151/lpcxpresso/tools/bin/../lib/gcc/arm-none-eabi/4.6.2/armv6-m/libgcc.a(libunwind.o)
 .ARM.attributes
                0x000000000000058e       0x2c /Applications/lpcxpresso_6.0.2_151/lpcxpresso/tools/bin/../lib/gcc/arm-none-eabi/4.6.2/armv6-m/libgcc.a(pr-support.o)
 .ARM.attributes
                0x00000000000005ba       0x1e /Applications/lpcxpresso_6.0.2_151/lpcxpresso/tools/bin/../lib/gcc/arm-none-eabi/4.6.2/armv6-m/libgcc.a(_clzsi2.o)
 .ARM.attributes
                0x00000000000005d8       0x2c /Applications/lpcxpresso_6.0.2_151/lpcxpresso/tools/bin/../lib/gcc/arm-none-eabi/4.6.2/../../../../arm-none-eabi/lib/armv6-m/libc.a(lib_a-abort.o)
 .ARM.attributes
                0x0000000000000604       0x2c /Applications/lpcxpresso_6.0.2_151/lpcxpresso/tools/bin/../lib/gcc/arm-none-eabi/4.6.2/../../../../arm-none-eabi/lib/armv6-m/libc.a(lib_a-init.o)
 .ARM.attributes
                0x0000000000000630       0x2c /Applications/lpcxpresso_6.0.2_151/lpcxpresso/tools/bin/../lib/gcc/arm-none-eabi/4.6.2/../../../../arm-none-eabi/lib/armv6-m/libc.a(lib_a-malloc.o)
 .ARM.attributes
                0x000000000000065c       0x2c /Applications/lpcxpresso_6.0.2_151/lpcxpresso/tools/bin/../lib/gcc/arm-none-eabi/4.6.2/../../../../arm-none-eabi/lib/armv6-m/libc.a(lib_a-mallocr.o)
 .ARM.attributes
                0x0000000000000688       0x2c /Applications/lpcxpresso_6.0.2_151/lpcxpresso/tools/bin/../lib/gcc/arm-none-eabi/4.6.2/../../../../arm-none-eabi/lib/armv6-m/libc.a(lib_a-memcpy.o)
 .ARM.attributes
                0x00000000000006b4       0x2c /Applications/lpcxpresso_6.0.2_151/lpcxpresso/tools/bin/../lib/gcc/arm-none-eabi/4.6.2/../../../../arm-none-eabi/lib/armv6-m/libc.a(lib_a-mlock.o)
 .ARM.attributes
                0x00000000000006e0       0x2c /Applications/lpcxpresso_6.0.2_151/lpcxpresso/tools/bin/../lib/gcc/arm-none-eabi/4.6.2/../../../../arm-none-eabi/lib/armv6-m/libc.a(lib_a-sbrkr.o)
 .ARM.attributes
                0x000000000000070c       0x2c /Applications/lpcxpresso_6.0.2_151/lpcxpresso/tools/bin/../lib/gcc/arm-none-eabi/4.6.2/../../../../arm-none-eabi/lib/armv6-m/libc.a(lib_a-signal.o)
 .ARM.attributes
                0x0000000000000738       0x2c /Applications/lpcxpresso_6.0.2_151/lpcxpresso/tools/bin/../lib/gcc/arm-none-eabi/4.6.2/../../../../arm-none-eabi/lib/armv6-m/libc.a(lib_a-signalr.o)
 .ARM.attributes
                0x0000000000000764       0x2c /Applications/lpcxpresso_6.0.2_151/lpcxpresso/tools/bin/../lib/gcc/arm-none-eabi/4.6.2/../../../../arm-none-eabi/lib/armv6-m/libc.a(lib_a-strlen.o)
 .ARM.attributes
                0x0000000000000790       0x2c /Applications/lpcxpresso_6.0.2_151/lpcxpresso/tools/bin/../lib/gcc/arm-none-eabi/4.6.2/../../../../arm-none-eabi/lib/armv6-m/libc.a(lib_a-freer.o)
 .ARM.attributes
                0x00000000000007bc       0x2c /Applications/lpcxpresso_6.0.2_151/lpcxpresso/tools/bin/../lib/gcc/arm-none-eabi/4.6.2/../../../../arm-none-eabi/lib/armv6-m/libc.a(lib_a-impure.o)
 .ARM.attributes
                0x00000000000007e8       0x2c /Applications/lpcxpresso_6.0.2_151/lpcxpresso/tools/bin/../lib/gcc/arm-none-eabi/4.6.2/../../../../arm-none-eabi/lib/armv6-m/libc.a(lib_a-reent.o)
 .ARM.attributes
                0x0000000000000814       0x2c /Applications/lpcxpresso_6.0.2_151/lpcxpresso/tools/bin/../lib/gcc/arm-none-eabi/4.6.2/../../../../arm-none-eabi/lib/armv6-m/libstdc++.a(class_type_info.o)
 .ARM.attributes
                0x0000000000000840       0x2c /Applications/lpcxpresso_6.0.2_151/lpcxpresso/tools/bin/../lib/gcc/arm-none-eabi/4.6.2/../../../../arm-none-eabi/lib/armv6-m/libstdc++.a(si_class_type_info.o)
 .ARM.attributes
                0x000000000000086c       0x2c /Applications/lpcxpresso_6.0.2_151/lpcxpresso/tools/bin/../lib/gcc/arm-none-eabi/4.6.2/../../../../arm-none-eabi/lib/armv6-m/libstdc++.a(tinfo.o)
 .ARM.attributes
                0x0000000000000898       0x31 /Applications/lpcxpresso_6.0.2_151/lpcxpresso/tools/bin/../lib/gcc/arm-none-eabi/4.6.2/../../../../arm-none-eabi/lib/armv6-m/libcr_newlib_nohost.a(_cr_sbrk.o)
 .ARM.attributes
                0x00000000000008c9       0x31 /Applications/lpcxpresso_6.0.2_151/lpcxpresso/tools/bin/../lib/gcc/arm-none-eabi/4.6.2/../../../../arm-none-eabi/lib/armv6-m/libcr_newlib_nohost.a(_exit.o)
 .ARM.attributes
                0x00000000000008fa       0x31 /Applications/lpcxpresso_6.0.2_151/lpcxpresso/tools/bin/../lib/gcc/arm-none-eabi/4.6.2/../../../../arm-none-eabi/lib/armv6-m/libcr_newlib_nohost.a(getpid.o)
 .ARM.attributes
                0x000000000000092b       0x31 /Applications/lpcxpresso_6.0.2_151/lpcxpresso/tools/bin/../lib/gcc/arm-none-eabi/4.6.2/../../../../arm-none-eabi/lib/armv6-m/libcr_newlib_nohost.a(kill.o)
 .ARM.attributes
                0x000000000000095c       0x31 /Applications/lpcxpresso_6.0.2_151/lpcxpresso/tools/bin/../lib/gcc/arm-none-eabi/4.6.2/../../../../arm-none-eabi/lib/armv6-m/libcr_newlib_nohost.a(_cr_check_heap.o)
 .ARM.attributes
                0x000000000000098d       0x1e /Applications/lpcxpresso_6.0.2_151/lpcxpresso/tools/bin/../lib/gcc/arm-none-eabi/4.6.2/armv6-m/crti.o
 .ARM.attributes
                0x00000000000009ab       0x1e /Applications/lpcxpresso_6.0.2_151/lpcxpresso/tools/bin/../lib/gcc/arm-none-eabi/4.6.2/armv6-m/crtn.o
 .ARM.attributes
                0x00000000000009c9       0x2c /Applications/lpcxpresso_6.0.2_151/lpcxpresso/tools/bin/../lib/gcc/arm-none-eabi/4.6.2/armv6-m/crtbegin.o
 .ARM.attributes
                0x00000000000009f5       0x2c /Applications/lpcxpresso_6.0.2_151/lpcxpresso/tools/bin/../lib/gcc/arm-none-eabi/4.6.2/armv6-m/crtend.o
 .ARM.attributes
                0x0000000000000a21       0x2c /Applications/lpcxpresso_6.0.2_151/lpcxpresso/tools/bin/../lib/gcc/arm-none-eabi/4.6.2/../../../../arm-none-eabi/lib/armv6-m/libc.a(lib_a-errno.o)
 .ARM.attributes
                0x0000000000000a4d       0x2c /Applications/lpcxpresso_6.0.2_151/lpcxpresso/tools/bin/../lib/gcc/arm-none-eabi/4.6.2/../../../../arm-none-eabi/lib/armv6-m/libc.a(lib_a-strcmp.o)

.debug_frame    0x0000000000000000     0x1474
 .debug_frame   0x0000000000000000       0x28 ./src_base/Main.o
 .debug_frame   0x0000000000000028       0x98 ./src_base/cr_cpp_config.o
 .debug_frame   0x00000000000000c0       0xd4 ./src_base/cr_startup_lpc11.o
 .debug_frame   0x0000000000000194       0x60 ./src/LM73.o
 .debug_frame   0x00000000000001f4       0x44 /Users/take/proj/LBED/lbed/CMSISv2p00_LPC11xx/Debug/libCMSISv2p00_LPC11xx.a(system_LPC11xx.o)
 .debug_frame   0x0000000000000238       0x64 /Users/take/proj/LBED/lbed/LBED_lbeDuino_USERLIB/Debug/libLBED_lbeDuino_USERLIB.a(LM73.o)
 .debug_frame   0x000000000000029c       0x80 /Users/take/proj/LBED/lbed/LBED_lbeDuino/Debug/libLBED_lbeDuino.a(DigitalIn.o)
 .debug_frame   0x000000000000031c       0x5c /Users/take/proj/LBED/lbed/LBED_lbeDuino/Debug/libLBED_lbeDuino.a(DigitalOut.o)
 .debug_frame   0x0000000000000378       0x90 /Users/take/proj/LBED/lbed/LBED_lbeDuino/Debug/libLBED_lbeDuino.a(I2C.o)
 .debug_frame   0x0000000000000408      0x168 /Users/take/proj/LBED/lbed/LBED_lbeDuino/Debug/libLBED_lbeDuino.a(Print.o)
 .debug_frame   0x0000000000000570       0xe4 /Users/take/proj/LBED/lbed/LBED_lbeDuino/Debug/libLBED_lbeDuino.a(Serial.o)
 .debug_frame   0x0000000000000654       0x28 /Users/take/proj/LBED/lbed/LBED_lbeDuino/Debug/libLBED_lbeDuino.a(pure_virtual.o)
 .debug_frame   0x000000000000067c       0x78 /Users/take/proj/LBED/lbed/LBED_lbeDuino/Debug/libLBED_lbeDuino.a(wait_api.o)
 .debug_frame   0x00000000000006f4       0xa8 /Users/take/proj/LBED/lbed/LBED_lbeDuino/Debug/libLBED_lbeDuino.a(_i2c.o)
 .debug_frame   0x000000000000079c       0x20 /Applications/lpcxpresso_6.0.2_151/lpcxpresso/tools/bin/../lib/gcc/arm-none-eabi/4.6.2/armv6-m/libgcc.a(_udivsi3.o)
 .debug_frame   0x00000000000007bc       0x2c /Applications/lpcxpresso_6.0.2_151/lpcxpresso/tools/bin/../lib/gcc/arm-none-eabi/4.6.2/armv6-m/libgcc.a(_fixunsdfsi.o)
 .debug_frame   0x00000000000007e8       0x38 /Applications/lpcxpresso_6.0.2_151/lpcxpresso/tools/bin/../lib/gcc/arm-none-eabi/4.6.2/armv6-m/libgcc.a(adddf3.o)
 .debug_frame   0x0000000000000820       0x3c /Applications/lpcxpresso_6.0.2_151/lpcxpresso/tools/bin/../lib/gcc/arm-none-eabi/4.6.2/armv6-m/libgcc.a(divdf3.o)
 .debug_frame   0x000000000000085c       0x34 /Applications/lpcxpresso_6.0.2_151/lpcxpresso/tools/bin/../lib/gcc/arm-none-eabi/4.6.2/armv6-m/libgcc.a(eqdf2.o)
 .debug_frame   0x0000000000000890       0x34 /Applications/lpcxpresso_6.0.2_151/lpcxpresso/tools/bin/../lib/gcc/arm-none-eabi/4.6.2/armv6-m/libgcc.a(gedf2.o)
 .debug_frame   0x00000000000008c4       0x34 /Applications/lpcxpresso_6.0.2_151/lpcxpresso/tools/bin/../lib/gcc/arm-none-eabi/4.6.2/armv6-m/libgcc.a(ledf2.o)
 .debug_frame   0x00000000000008f8       0x3c /Applications/lpcxpresso_6.0.2_151/lpcxpresso/tools/bin/../lib/gcc/arm-none-eabi/4.6.2/armv6-m/libgcc.a(muldf3.o)
 .debug_frame   0x0000000000000934       0x38 /Applications/lpcxpresso_6.0.2_151/lpcxpresso/tools/bin/../lib/gcc/arm-none-eabi/4.6.2/armv6-m/libgcc.a(subdf3.o)
 .debug_frame   0x000000000000096c       0x2c /Applications/lpcxpresso_6.0.2_151/lpcxpresso/tools/bin/../lib/gcc/arm-none-eabi/4.6.2/armv6-m/libgcc.a(fixdfsi.o)
 .debug_frame   0x0000000000000998       0x30 /Applications/lpcxpresso_6.0.2_151/lpcxpresso/tools/bin/../lib/gcc/arm-none-eabi/4.6.2/armv6-m/libgcc.a(floatsidf.o)
 .debug_frame   0x00000000000009c8       0x2c /Applications/lpcxpresso_6.0.2_151/lpcxpresso/tools/bin/../lib/gcc/arm-none-eabi/4.6.2/armv6-m/libgcc.a(floatunsidf.o)
 .debug_frame   0x00000000000009f4       0x2c /Applications/lpcxpresso_6.0.2_151/lpcxpresso/tools/bin/../lib/gcc/arm-none-eabi/4.6.2/armv6-m/libgcc.a(extendsfdf2.o)
 .debug_frame   0x0000000000000a20       0x30 /Applications/lpcxpresso_6.0.2_151/lpcxpresso/tools/bin/../lib/gcc/arm-none-eabi/4.6.2/armv6-m/libgcc.a(truncdfsf2.o)
 .debug_frame   0x0000000000000a50      0x2ac /Applications/lpcxpresso_6.0.2_151/lpcxpresso/tools/bin/../lib/gcc/arm-none-eabi/4.6.2/armv6-m/libgcc.a(unwind-arm.o)
 .debug_frame   0x0000000000000cfc       0xfc /Applications/lpcxpresso_6.0.2_151/lpcxpresso/tools/bin/../lib/gcc/arm-none-eabi/4.6.2/armv6-m/libgcc.a(pr-support.o)
 .debug_frame   0x0000000000000df8       0x28 /Applications/lpcxpresso_6.0.2_151/lpcxpresso/tools/bin/../lib/gcc/arm-none-eabi/4.6.2/../../../../arm-none-eabi/lib/armv6-m/libc.a(lib_a-abort.o)
 .debug_frame   0x0000000000000e20       0x2c /Applications/lpcxpresso_6.0.2_151/lpcxpresso/tools/bin/../lib/gcc/arm-none-eabi/4.6.2/../../../../arm-none-eabi/lib/armv6-m/libc.a(lib_a-init.o)