Archive member included because of file (symbol)

/Users/take/proj/LBED/lbed/CMSISv2p00_LPC11xx/Debug/libCMSISv2p00_LPC11xx.a(system_LPC11xx.o)
                              ./src_base/cr_startup_lpc11.o (SystemInit)
/Users/take/proj/LBED/lbed/LBED_lbeDuino_USERLIB/Debug/libLBED_lbeDuino_USERLIB.a(Sd2Card.o)
                              ./src/SDCard_Info.o (_ZN7Sd2Card4initEhh)
/Users/take/proj/LBED/lbed/LBED_lbeDuino_USERLIB/Debug/libLBED_lbeDuino_USERLIB.a(SdFile.o)
                              ./src/SDCard_Info.o (_ZN6SdFile8openRootEP8SdVolume)
/Users/take/proj/LBED/lbed/LBED_lbeDuino_USERLIB/Debug/libLBED_lbeDuino_USERLIB.a(SdVolume.o)
                              /Users/take/proj/LBED/lbed/LBED_lbeDuino_USERLIB/Debug/libLBED_lbeDuino_USERLIB.a(SdFile.o) (_ZN8SdVolume11cacheDirty_E)
/Users/take/proj/LBED/lbed/LBED_lbeDuino/Debug/libLBED_lbeDuino.a(DigitalOut.o)
                              ./src/SDCard_Info.o (_ZN10DigitalOutC1EiPKc)
/Users/take/proj/LBED/lbed/LBED_lbeDuino/Debug/libLBED_lbeDuino.a(Print.o)
                              ./src/SDCard_Info.o (_ZN5Print5printEPKc)
/Users/take/proj/LBED/lbed/LBED_lbeDuino/Debug/libLBED_lbeDuino.a(SPI.o)
                              /Users/take/proj/LBED/lbed/LBED_lbeDuino_USERLIB/Debug/libLBED_lbeDuino_USERLIB.a(Sd2Card.o) (_ZN3SPI9frequencyEi)
/Users/take/proj/LBED/lbed/LBED_lbeDuino/Debug/libLBED_lbeDuino.a(Serial.o)
                              /Users/take/proj/LBED/lbed/LBED_lbeDuino_USERLIB/Debug/libLBED_lbeDuino_USERLIB.a(SdFile.o) (_ZN6Serial5writeEc)
/Users/take/proj/LBED/lbed/LBED_lbeDuino/Debug/libLBED_lbeDuino.a(pure_virtual.o)
                              /Users/take/proj/LBED/lbed/LBED_lbeDuino/Debug/libLBED_lbeDuino.a(Print.o) (__cxa_pure_virtual)
/Users/take/proj/LBED/lbed/LBED_lbeDuino/Debug/libLBED_lbeDuino.a(wait_api.o)
                              ./src_base/cr_startup_lpc11.o (wait_init)
/Users/take/proj/LBED/lbed/LBED_lbeDuino/Debug/libLBED_lbeDuino.a(_ssp.o)
                              /Users/take/proj/LBED/lbed/LBED_lbeDuino/Debug/libLBED_lbeDuino.a(SPI.o) (SSP_IOConfig)
/Users/take/proj/LBED/lbed/LBED_lbeDuino/Debug/libLBED_lbeDuino.a(DigitalIn.o)
                              /Users/take/proj/LBED/lbed/LBED_lbeDuino/Debug/libLBED_lbeDuino.a(DigitalOut.o) (_ZN9DigitalInC2Ev)
/Users/take/proj/LBED/lbed/LBED_lbeDuino/Debug/libLBED_lbeDuino.a(_gpio.o)
                              /Users/take/proj/LBED/lbed/LBED_lbeDuino/Debug/libLBED_lbeDuino.a(_ssp.o) (GPIOSetValue)
/Applications/lpcxpresso_6.0.2_151/lpcxpresso/tools/bin/../lib/gcc/arm-none-eabi/4.6.2/armv6-m/libgcc.a(_udivsi3.o)
                              /Users/take/proj/LBED/lbed/CMSISv2p00_LPC11xx/Debug/libCMSISv2p00_LPC11xx.a(system_LPC11xx.o) (__aeabi_uidiv)
/Applications/lpcxpresso_6.0.2_151/lpcxpresso/tools/bin/../lib/gcc/arm-none-eabi/4.6.2/armv6-m/libgcc.a(_dvmd_tls.o)
                              /Applications/lpcxpresso_6.0.2_151/lpcxpresso/tools/bin/../lib/gcc/arm-none-eabi/4.6.2/armv6-m/libgcc.a(_udivsi3.o) (__aeabi_idiv0)
/Applications/lpcxpresso_6.0.2_151/lpcxpresso/tools/bin/../lib/gcc/arm-none-eabi/4.6.2/armv6-m/libgcc.a(_arm_cmpdf2.o)
                              /Users/take/proj/LBED/lbed/LBED_lbeDuino/Debug/libLBED_lbeDuino.a(Print.o) (__aeabi_dcmplt)
/Applications/lpcxpresso_6.0.2_151/lpcxpresso/tools/bin/../lib/gcc/arm-none-eabi/4.6.2/armv6-m/libgcc.a(_fixunsdfsi.o)
                              /Users/take/proj/LBED/lbed/LBED_lbeDuino/Debug/libLBED_lbeDuino.a(Print.o) (__aeabi_d2uiz)
/Applications/lpcxpresso_6.0.2_151/lpcxpresso/tools/bin/../lib/gcc/arm-none-eabi/4.6.2/armv6-m/libgcc.a(divsf3.o)
                              /Users/take/proj/LBED/lbed/LBED_lbeDuino/Debug/libLBED_lbeDuino.a(SPI.o) (__aeabi_fdiv)
/Applications/lpcxpresso_6.0.2_151/lpcxpresso/tools/bin/../lib/gcc/arm-none-eabi/4.6.2/armv6-m/libgcc.a(floatsisf.o)
                              /Users/take/proj/LBED/lbed/LBED_lbeDuino/Debug/libLBED_lbeDuino.a(SPI.o) (__aeabi_i2f)
/Applications/lpcxpresso_6.0.2_151/lpcxpresso/tools/bin/../lib/gcc/arm-none-eabi/4.6.2/armv6-m/libgcc.a(adddf3.o)
                              /Users/take/proj/LBED/lbed/LBED_lbeDuino/Debug/libLBED_lbeDuino.a(Print.o) (__aeabi_dadd)
/Applications/lpcxpresso_6.0.2_151/lpcxpresso/tools/bin/../lib/gcc/arm-none-eabi/4.6.2/armv6-m/libgcc.a(divdf3.o)
                              /Users/take/proj/LBED/lbed/LBED_lbeDuino/Debug/libLBED_lbeDuino.a(Print.o) (__aeabi_ddiv)
/Applications/lpcxpresso_6.0.2_151/lpcxpresso/tools/bin/../lib/gcc/arm-none-eabi/4.6.2/armv6-m/libgcc.a(eqdf2.o)
                              /Applications/lpcxpresso_6.0.2_151/lpcxpresso/tools/bin/../lib/gcc/arm-none-eabi/4.6.2/armv6-m/libgcc.a(_arm_cmpdf2.o) (__eqdf2)
/Applications/lpcxpresso_6.0.2_151/lpcxpresso/tools/bin/../lib/gcc/arm-none-eabi/4.6.2/armv6-m/libgcc.a(gedf2.o)
                              /Applications/lpcxpresso_6.0.2_151/lpcxpresso/tools/bin/../lib/gcc/arm-none-eabi/4.6.2/armv6-m/libgcc.a(_arm_cmpdf2.o) (__gedf2)
[...]
Memory Configuration

Name             Origin             Length             Attributes
MFlash32         0x0000000000000000 0x0000000000008000 xr
RamLoc4          0x0000000010000000 0x0000000000001000 xrw
*default*        0x0000000000000000 0xffffffffffffffff

Linker script and memory map

LOAD ./src_base/Main.o
LOAD ./src_base/cr_cpp_config.o
LOAD ./src_base/cr_startup_lpc11.o
LOAD ./src/SDCard_Info.o
LOAD /Users/take/proj/LBED/lbed/CMSISv2p00_LPC11xx/Debug/libCMSISv2p00_LPC11xx.a
LOAD /Users/take/proj/LBED/lbed/LBED_lbeDuino_USERLIB/Debug/libLBED_lbeDuino_USERLIB.a
LOAD /Users/take/proj/LBED/lbed/LBED_lbeDuino/Debug/libLBED_lbeDuino.a
START GROUP
LOAD /Applications/lpcxpresso_6.0.2_151/lpcxpresso/tools/bin/../lib/gcc/arm-none-eabi/4.6.2/armv6-m/libgcc.a
LOAD /Applications/lpcxpresso_6.0.2_151/lpcxpresso/tools/bin/../lib/gcc/arm-none-eabi/4.6.2/../../../../arm-none-eabi/lib/armv6-m/libc.a
LOAD /Applications/lpcxpresso_6.0.2_151/lpcxpresso/tools/bin/../lib/gcc/arm-none-eabi/4.6.2/../../../../arm-none-eabi/lib/armv6-m/libstdc++.a
LOAD /Applications/lpcxpresso_6.0.2_151/lpcxpresso/tools/bin/../lib/gcc/arm-none-eabi/4.6.2/../../../../arm-none-eabi/lib/armv6-m/libm.a
LOAD /Applications/lpcxpresso_6.0.2_151/lpcxpresso/tools/bin/../lib/gcc/arm-none-eabi/4.6.2/../../../../arm-none-eabi/lib/armv6-m/libcr_newlib_nohost.a
LOAD /Applications/lpcxpresso_6.0.2_151/lpcxpresso/tools/bin/../lib/gcc/arm-none-eabi/4.6.2/armv6-m/crti.o
LOAD /Applications/lpcxpresso_6.0.2_151/lpcxpresso/tools/bin/../lib/gcc/arm-none-eabi/4.6.2/armv6-m/crtn.o
LOAD /Applications/lpcxpresso_6.0.2_151/lpcxpresso/tools/bin/../lib/gcc/arm-none-eabi/4.6.2/armv6-m/crtbegin.o
LOAD /Applications/lpcxpresso_6.0.2_151/lpcxpresso/tools/bin/../lib/gcc/arm-none-eabi/4.6.2/armv6-m/crtend.o
END GROUP
                0x0000000000008000                __top_MFlash32 = 0x8000
                0x0000000010001000                __top_RamLoc4 = 0x10001000

.text           0x0000000000000000     0x6428
 FILL mask 0xff
                0x0000000000000000                __vectors_start__ = ABSOLUTE (.)
 *(.isr_vector)
 .isr_vector    0x0000000000000000       0xc0 ./src_base/cr_startup_lpc11.o
                0x0000000000000000                g_pfnVectors
                0x00000000000000c0                . = ALIGN (0x4)
                0x00000000000000c0                __section_table_start = .
                0x00000000000000c0                __data_section_table = .
                0x00000000000000c0        0x4 LONG 0x6708 LOADADDR (.data)
                0x00000000000000c4        0x4 LONG 0x10000000 ADDR (.data)
                0x00000000000000c8        0x4 LONG 0x844 SIZEOF (.data)
                0x00000000000000cc                __data_section_table_end = .
                0x00000000000000cc                __bss_section_table = .
                0x00000000000000cc        0x4 LONG 0x10000844 ADDR (.bss)
                0x00000000000000d0        0x4 LONG 0x2ac SIZEOF (.bss)
                0x00000000000000d4                __bss_section_table_end = .
                0x00000000000000d4                __section_table_end = .
 *(.after_vectors*)
 .after_vectors
                0x00000000000000d4       0x84 ./src_base/cr_startup_lpc11.o
                0x00000000000000d4                NMI_Handler
                0x00000000000000d8                HardFault_Handler
                0x00000000000000dc                SVC_Handler
                0x00000000000000e0                PendSV_Handler
                0x00000000000000e4                _Z9data_initjjj
                0x00000000000000f6                _Z8bss_initjj
                0x0000000000000108                ResetISR
                0x0000000000000154                ADC_IRQHandler
                0x0000000000000154                BOD_IRQHandler
                0x0000000000000154                WAKEUP_IRQHandler
                0x0000000000000154                I2C_IRQHandler
                0x0000000000000154                WDT_IRQHandler
                0x0000000000000154                TIMER16_1_IRQHandler
                0x0000000000000154                UART_IRQHandler
                0x0000000000000154                TIMER32_0_IRQHandler
                0x0000000000000154                TIMER32_1_IRQHandler
                0x0000000000000154                IntDefaultHandler
                0x0000000000000154                CAN_IRQHandler
                0x0000000000000154                TIMER16_0_IRQHandler
 *(.text*)
 .text.startup.main
                0x0000000000000158        0xc ./src_base/Main.o
                0x0000000000000158                main
 .text._ZdlPv   0x0000000000000164        0x8 ./src_base/cr_cpp_config.o
                0x0000000000000164                _ZdlPv
 .text._ZN6SdFile5writeEPKci
                0x000000000000016c        0xa ./src/SDCard_Info.o
                0x000000000000016c                _ZN6SdFile5writeEPKci
 .text._ZN6SdFile5writeEc
                0x0000000000000176        0x8 ./src/SDCard_Info.o
                0x0000000000000176                _ZN6SdFile5writeEc
 *fill*         0x000000000000017e        0x2 00
 .text._Z5setupv
                0x0000000000000180      0x1c8 ./src/SDCard_Info.o
                0x0000000000000180                _Z5setupv
 .text._Z4loopv
                0x0000000000000348        0x2 ./src/SDCard_Info.o
                0x0000000000000348                _Z4loopv
 *fill*         0x000000000000034a        0x2 00
 .text.SystemInit
                0x000000000000034c       0x90 /Users/take/proj/LBED/lbed/CMSISv2p00_LPC11xx/Debug/libCMSISv2p00_LPC11xx.a(system_LPC11xx.o)
                0x000000000000034c                SystemInit
 .text._ZN10DigitalOutaSEi
                0x00000000000003dc       0x24 /Users/take/proj/LBED/lbed/LBED_lbeDuino_USERLIB/Debug/libLBED_lbeDuino_USERLIB.a(Sd2Card.o)
                0x00000000000003dc                _ZN10DigitalOutaSEi
 .text._ZN7Sd2Card7spiSendEh
                0x0000000000000400        0xa /Users/take/proj/LBED/lbed/LBED_lbeDuino_USERLIB/Debug/libLBED_lbeDuino_USERLIB.a(Sd2Card.o)
                0x0000000000000400                _ZN7Sd2Card7spiSendEh
 .text._ZN7Sd2Card6spiRecEv
                0x000000000000040a        0xe /Users/take/proj/LBED/lbed/LBED_lbeDuino_USERLIB/Debug/libLBED_lbeDuino_USERLIB.a(Sd2Card.o)
                0x000000000000040a                _ZN7Sd2Card6spiRecEv
 .text._ZN7Sd2Card14chipSelectHighEv
                0x0000000000000418        0xc /Users/take/proj/LBED/lbed/LBED_lbeDuino_USERLIB/Debug/libLBED_lbeDuino_USERLIB.a(Sd2Card.o)
                0x0000000000000418                _ZN7Sd2Card14chipSelectHighEv
 .text._ZN7Sd2Card13chipSelectLowEv
                0x0000000000000424        0xc /Users/take/proj/LBED/lbed/LBED_lbeDuino_USERLIB/Debug/libLBED_lbeDuino_USERLIB.a(Sd2Card.o)
                0x0000000000000424                _ZN7Sd2Card13chipSelectLowEv
 .text._ZN7Sd2Card7readEndEv
                0x0000000000000430       0x30 /Users/take/proj/LBED/lbed/LBED_lbeDuino_USERLIB/Debug/libLBED_lbeDuino_USERLIB.a(Sd2Card.o)
                0x0000000000000430                _ZN7Sd2Card7readEndEv
 .text._ZN7Sd2Card11waitNotBusyEt
                0x0000000000000460       0x2a /Users/take/proj/LBED/lbed/LBED_lbeDuino_USERLIB/Debug/libLBED_lbeDuino_USERLIB.a(Sd2Card.o)
                0x0000000000000460                _ZN7Sd2Card11waitNotBusyEt
 .text._ZN7Sd2Card11cardCommandEhm
                0x000000000000048a       0x6c /Users/take/proj/LBED/lbed/LBED_lbeDuino_USERLIB/Debug/libLBED_lbeDuino_USERLIB.a(Sd2Card.o)
                0x000000000000048a                _ZN7Sd2Card11cardCommandEhm
 *fill*         0x00000000000004f6        0x2 00
 .text._ZN7Sd2Card4initEhh
                0x00000000000004f8      0x124 /Users/take/proj/LBED/lbed/LBED_lbeDuino_USERLIB/Debug/libLBED_lbeDuino_USERLIB.a(Sd2Card.o)
                0x00000000000004f8                _ZN7Sd2Card4initEhh
 .text._ZN7Sd2Card14waitStartBlockEv
                0x000000000000061c       0x42 /Users/take/proj/LBED/lbed/LBED_lbeDuino_USERLIB/Debug/libLBED_lbeDuino_USERLIB.a(Sd2Card.o)
                0x000000000000061c                _ZN7Sd2Card14waitStartBlockEv
 *fill*         0x000000000000065e        0x2 00
 .text._ZN7Sd2Card8readDataEmttPh
                0x0000000000000660       0xb4 /Users/take/proj/LBED/lbed/LBED_lbeDuino_USERLIB/Debug/libLBED_lbeDuino_USERLIB.a(Sd2Card.o)
                0x0000000000000660                _ZN7Sd2Card8readDataEmttPh
 .text._ZN7Sd2Card9readBlockEmPh
                0x0000000000000714       0x10 /Users/take/proj/LBED/lbed/LBED_lbeDuino_USERLIB/Debug/libLBED_lbeDuino_USERLIB.a(Sd2Card.o)
                0x0000000000000714                _ZN7Sd2Card9readBlockEmPh
 .text._ZN7Sd2Card9writeDataEhPKh
                0x0000000000000724       0x4e /Users/take/proj/LBED/lbed/LBED_lbeDuino_USERLIB/Debug/libLBED_lbeDuino_USERLIB.a(Sd2Card.o)
                0x0000000000000724                _ZN7Sd2Card9writeDataEhPKh
 .text._ZN7Sd2Card10writeBlockEmPKh
                0x0000000000000772       0x76 /Users/take/proj/LBED/lbed/LBED_lbeDuino_USERLIB/Debug/libLBED_lbeDuino_USERLIB.a(Sd2Card.o)
                0x0000000000000772                _ZN7Sd2Card10writeBlockEmPKh
 .text._ZN6SdFile10addClusterEv
                0x00000000000007e8       0x2c /Users/take/proj/LBED/lbed/LBED_lbeDuino_USERLIB/Debug/libLBED_lbeDuino_USERLIB.a(SdFile.o)
                0x00000000000007e8                _ZN6SdFile10addClusterEv
 .text._ZN6SdFile13cacheDirEntryEh
                0x0000000000000814       0x1c /Users/take/proj/LBED/lbed/LBED_lbeDuino_USERLIB/Debug/libLBED_lbeDuino_USERLIB.a(SdFile.o)
                0x0000000000000814                _ZN6SdFile13cacheDirEntryEh
 .text._ZN6SdFile8openRootEP8SdVolume
                0x0000000000000830       0x50 /Users/take/proj/LBED/lbed/LBED_lbeDuino_USERLIB/Debug/libLBED_lbeDuino_USERLIB.a(SdFile.o)
                0x0000000000000830                _ZN6SdFile8openRootEP8SdVolume
 .text._ZN6SdFile12printDirNameERK14directoryEntryh
                0x0000000000000880       0x6c /Users/take/proj/LBED/lbed/LBED_lbeDuino_USERLIB/Debug/libLBED_lbeDuino_USERLIB.a(SdFile.o)
                0x0000000000000880                _ZN6SdFile12printDirNameERK14directoryEntryh
 .text._ZN6SdFile14printTwoDigitsEh
                0x00000000000008ec       0x30 /Users/take/proj/LBED/lbed/LBED_lbeDuino_USERLIB/Debug/libLBED_lbeDuino_USERLIB.a(SdFile.o)
                0x00000000000008ec                _ZN6SdFile14printTwoDigitsEh
 .text._ZN6SdFile12printFatTimeEt
                0x000000000000091c       0x34 /Users/take/proj/LBED/lbed/LBED_lbeDuino_USERLIB/Debug/libLBED_lbeDuino_USERLIB.a(SdFile.o)
                0x000000000000091c                _ZN6SdFile12printFatTimeEt
 .text._ZN6SdFile12printFatDateEt
                0x0000000000000950       0x40 /Users/take/proj/LBED/lbed/LBED_lbeDuino_USERLIB/Debug/libLBED_lbeDuino_USERLIB.a(SdFile.o)
                0x0000000000000950                _ZN6SdFile12printFatDateEt
 .text._ZN6SdFile4readEPvt
                0x0000000000000990      0x11c /Users/take/proj/LBED/lbed/LBED_lbeDuino_USERLIB/Debug/libLBED_lbeDuino_USERLIB.a(SdFile.o)
                0x0000000000000990                _ZN6SdFile4readEPvt
 .text._ZN6SdFile12readDirCacheEv
                0x0000000000000aac       0x38 /Users/take/proj/LBED/lbed/LBED_lbeDuino_USERLIB/Debug/libLBED_lbeDuino_USERLIB.a(SdFile.o)
                0x0000000000000aac                _ZN6SdFile12readDirCacheEv
 .text._ZN6SdFile7seekSetEm
                0x0000000000000ae4       0x6a /Users/take/proj/LBED/lbed/LBED_lbeDuino_USERLIB/Debug/libLBED_lbeDuino_USERLIB.a(SdFile.o)
                0x0000000000000ae4                _ZN6SdFile7seekSetEm
 *fill*         0x0000000000000b4e        0x2 00
 .text._ZN6SdFile4syncEv
                0x0000000000000b50       0x78 /Users/take/proj/LBED/lbed/LBED_lbeDuino_USERLIB/Debug/libLBED_lbeDuino_USERLIB.a(SdFile.o)
                0x0000000000000b50                _ZN6SdFile4syncEv
 .text._ZN6SdFile8truncateEm
                0x0000000000000bc8       0xb4 /Users/take/proj/LBED/lbed/LBED_lbeDuino_USERLIB/Debug/libLBED_lbeDuino_USERLIB.a(SdFile.o)
                0x0000000000000bc8                _ZN6SdFile8truncateEm
 .text._ZN6SdFile15openCachedEntryEhh
                0x0000000000000c7c       0x78 /Users/take/proj/LBED/lbed/LBED_lbeDuino_USERLIB/Debug/libLBED_lbeDuino_USERLIB.a(SdFile.o)
                0x0000000000000c7c                _ZN6SdFile15openCachedEntryEhh
 .text._ZN6SdFile4openEPS_th
                0x0000000000000cf4       0x5a /Users/take/proj/LBED/lbed/LBED_lbeDuino_USERLIB/Debug/libLBED_lbeDuino_USERLIB.a(SdFile.o)
                0x0000000000000cf4                _ZN6SdFile4openEPS_th
 *fill*         0x0000000000000d4e        0x2 00
 .text._ZN6SdFile2lsEhh
                0x0000000000000d50      0x10c /Users/take/proj/LBED/lbed/LBED_lbeDuino_USERLIB/Debug/libLBED_lbeDuino_USERLIB.a(SdFile.o)
                0x0000000000000d50                _ZN6SdFile2lsEhh
 .text._ZN6SdFile5writeEPKvt
                0x0000000000000e5c      0x1b8 /Users/take/proj/LBED/lbed/LBED_lbeDuino_USERLIB/Debug/libLBED_lbeDuino_USERLIB.a(SdFile.o)
                0x0000000000000e5c                _ZN6SdFile5writeEPKvt
 .text._ZN6SdFile5writeEh
                0x0000000000001014       0x12 /Users/take/proj/LBED/lbed/LBED_lbeDuino_USERLIB/Debug/libLBED_lbeDuino_USERLIB.a(SdFile.o)
                0x0000000000001014                _ZN6SdFile5writeEh
 *fill*         0x0000000000001026        0x2 00
 .text.startup._GLOBAL__sub_I_pc_
                0x0000000000001028       0x1c /Users/take/proj/LBED/lbed/LBED_lbeDuino_USERLIB/Debug/libLBED_lbeDuino_USERLIB.a(SdFile.o)
 .text._ZN8SdVolume13cacheSetDirtyEv
                0x0000000000001044       0x1c /Users/take/proj/LBED/lbed/LBED_lbeDuino_USERLIB/Debug/libLBED_lbeDuino_USERLIB.a(SdVolume.o)
                0x0000000000001044                _ZN8SdVolume13cacheSetDirtyEv
 .text._ZN8SdVolume9fatPutEOCEm
                0x0000000000001060       0x28 /Users/take/proj/LBED/lbed/LBED_lbeDuino_USERLIB/Debug/libLBED_lbeDuino_USERLIB.a(SdVolume.o)
                0x0000000000001060                _ZN8SdVolume9fatPutEOCEm
 .text._ZNK8SdVolume5isEOCEm
                0x0000000000001088       0x38 /Users/take/proj/LBED/lbed/LBED_lbeDuino_USERLIB/Debug/libLBED_lbeDuino_USERLIB.a(SdVolume.o)
                0x0000000000001088                _ZNK8SdVolume5isEOCEm
 .text._ZN8SdVolume15allocContiguousEmPm
                0x00000000000010c0      0x158 /Users/take/proj/LBED/lbed/LBED_lbeDuino_USERLIB/Debug/libLBED_lbeDuino_USERLIB.a(SdVolume.o)
                0x00000000000010c0                _ZN8SdVolume15allocContiguousEmPm
 .text._ZN8SdVolume10cacheFlushEv
                0x0000000000001218       0x84 /Users/take/proj/LBED/lbed/LBED_lbeDuino_USERLIB/Debug/libLBED_lbeDuino_USERLIB.a(SdVolume.o)
                0x0000000000001218                _ZN8SdVolume10cacheFlushEv
 .text._ZN8SdVolume13cacheRawBlockEmh
                0x000000000000129c       0x80 /Users/take/proj/LBED/lbed/LBED_lbeDuino_USERLIB/Debug/libLBED_lbeDuino_USERLIB.a(SdVolume.o)
                0x000000000000129c                _ZN8SdVolume13cacheRawBlockEmh
 .text._ZNK8SdVolume9chainSizeEmPm
                0x000000000000131c       0x70 /Users/take/proj/LBED/lbed/LBED_lbeDuino_USERLIB/Debug/libLBED_lbeDuino_USERLIB.a(SdVolume.o)
                0x000000000000131c                _ZNK8SdVolume9chainSizeEmPm
 .text._ZNK8SdVolume6fatGetEmPm
                0x000000000000138c       0xa4 /Users/take/proj/LBED/lbed/LBED_lbeDuino_USERLIB/Debug/libLBED_lbeDuino_USERLIB.a(SdVolume.o)
                0x000000000000138c                _ZNK8SdVolume6fatGetEmPm
 .text._ZN8SdVolume6fatPutEmm
                0x0000000000001430       0xc4 /Users/take/proj/LBED/lbed/LBED_lbeDuino_USERLIB/Debug/libLBED_lbeDuino_USERLIB.a(SdVolume.o)
                0x0000000000001430                _ZN8SdVolume6fatPutEmm
 .text._ZN8SdVolume9freeChainEm
                0x00000000000014f4       0x78 /Users/take/proj/LBED/lbed/LBED_lbeDuino_USERLIB/Debug/libLBED_lbeDuino_USERLIB.a(SdVolume.o)
                0x00000000000014f4                _ZN8SdVolume9freeChainEm
 .text._ZN8SdVolume4initEP7Sd2Cardh
                0x000000000000156c      0x2c8 /Users/take/proj/LBED/lbed/LBED_lbeDuino_USERLIB/Debug/libLBED_lbeDuino_USERLIB.a(SdVolume.o)
                0x000000000000156c                _ZN8SdVolume4initEP7Sd2Cardh
 .text          0x0000000000001834       0x44 /Users/take/proj/LBED/lbed/LBED_lbeDuino/Debug/libLBED_lbeDuino.a(DigitalOut.o)
                0x0000000000001834                _ZN10DigitalOutC1Ev
                0x0000000000001834                _ZN10DigitalOutC2Ev
                0x0000000000001840                _ZN10DigitalOut5setupEiPKc
                0x000000000000185c                _ZN10DigitalOutC2EiPKc
                0x000000000000185c                _ZN10DigitalOutC1EiPKc
 .text          0x0000000000001878      0x2e0 /Users/take/proj/LBED/lbed/LBED_lbeDuino/Debug/libLBED_lbeDuino.a(Print.o)
                0x0000000000001878                _ZN5Print5writeEPKci
                0x00000000000018a0                _ZN5Print5printEPKc
                0x00000000000018c0                _ZN5Print5printEc
                0x00000000000018cc                _ZN5Print7printlnEv
                0x00000000000018e4                _ZN5Print7printlnEPKc
                0x00000000000018f8                _ZN5Print7printlnEc
                0x000000000000190c                _ZN5Print11printNumberEmi
                0x000000000000196c                _ZN5Print5printEli
                0x00000000000019ac                _ZN5Print5printEii
                0x00000000000019b4                _ZN5Print5printEmi
                0x00000000000019cc                _ZN5Print10printFloatEdi
                0x0000000000001b48                _ZN5Print5printEdi
 .text          0x0000000000001b58      0x170 /Users/take/proj/LBED/lbed/LBED_lbeDuino/Debug/libLBED_lbeDuino.a(SPI.o)
                0x0000000000001b58                _ZN3SPI6formatEii
                0x0000000000001b80                _ZN3SPI9frequencyEi
                0x0000000000001c10                _ZN3SPIC1EiiiPKc
                0x0000000000001c10                _ZN3SPIC2EiiiPKc
                0x0000000000001c98                _ZN3SPI5writeEi
 .text          0x0000000000001cc8      0x10c /Users/take/proj/LBED/lbed/LBED_lbeDuino/Debug/libLBED_lbeDuino.a(Serial.o)
                0x0000000000001cc8                _ZN6Serial5writeEc
                0x0000000000001ce0                _ZN6Serial4readEv
                0x0000000000001cf8                _ZN6Serial9availableEv
                0x0000000000001cfc                _ZN6Serial5setupEiiPKc
                0x0000000000001d20                _ZN6SerialC1EiiPKc
                0x0000000000001d20                _ZN6SerialC2EiiPKc
                0x0000000000001d40                _ZN6SerialC1Ev
                0x0000000000001d40                _ZN6SerialC2Ev
                0x0000000000001d70                _ZN6Serial4baudEj
                0x0000000000001dcc                _ZN6Serial5beginEj
 .text._ZN6Serial4peekEv
                0x0000000000001dd4        0x4 /Users/take/proj/LBED/lbed/LBED_lbeDuino/Debug/libLBED_lbeDuino.a(Serial.o)
                0x0000000000001dd4                _ZN6Serial4peekEv
 .text._ZN6Serial5flushEv
                0x0000000000001dd8        0x4 /Users/take/proj/LBED/lbed/LBED_lbeDuino/Debug/libLBED_lbeDuino.a(Serial.o)
                0x0000000000001dd8                _ZN6Serial5flushEv
 .text          0x0000000000001ddc        0x4 /Users/take/proj/LBED/lbed/LBED_lbeDuino/Debug/libLBED_lbeDuino.a(pure_virtual.o)
                0x0000000000001ddc                __cxa_pure_virtual
 .text.SysTick_Handler
                0x0000000000001de0       0x10 /Users/take/proj/LBED/lbed/LBED_lbeDuino/Debug/libLBED_lbeDuino.a(wait_api.o)
                0x0000000000001de0                SysTick_Handler
 .text.wait_init
                0x0000000000001df0       0x40 /Users/take/proj/LBED/lbed/LBED_lbeDuino/Debug/libLBED_lbeDuino.a(wait_api.o)
                0x0000000000001df0                wait_init
 .text.millis   0x0000000000001e30        0xc /Users/take/proj/LBED/lbed/LBED_lbeDuino/Debug/libLBED_lbeDuino.a(wait_api.o)
                0x0000000000001e30                millis
 .text.SSP0_IRQHandler
                0x0000000000001e3c       0x48 /Users/take/proj/LBED/lbed/LBED_lbeDuino/Debug/libLBED_lbeDuino.a(_ssp.o)
                0x0000000000001e3c                SSP0_IRQHandler
 .text.SSP1_IRQHandler
                0x0000000000001e84       0x48 /Users/take/proj/LBED/lbed/LBED_lbeDuino/Debug/libLBED_lbeDuino.a(_ssp.o)
                0x0000000000001e84                SSP1_IRQHandler
 .text.SSP_IOConfig
                0x0000000000001ecc       0xdc /Users/take/proj/LBED/lbed/LBED_lbeDuino/Debug/libLBED_lbeDuino.a(_ssp.o)
                0x0000000000001ecc                SSP_IOConfig
 .text.SSP_Init
                0x0000000000001fa8       0x6c /Users/take/proj/LBED/lbed/LBED_lbeDuino/Debug/libLBED_lbeDuino.a(_ssp.o)
                0x0000000000001fa8                SSP_Init
 .text.SSP_Send
                0x0000000000002014       0x5c /Users/take/proj/LBED/lbed/LBED_lbeDuino/Debug/libLBED_lbeDuino.a(_ssp.o)
                0x0000000000002014                SSP_Send
 .text          0x0000000000002070      0x258 /Users/take/proj/LBED/lbed/LBED_lbeDuino/Debug/libLBED_lbeDuino.a(DigitalIn.o)
                0x0000000000002070                _ZN9DigitalInC2Ev
                0x0000000000002070                _ZN9DigitalInC1Ev
                0x0000000000002080                _ZN9DigitalIn5setupEiPKc
                0x0000000000002258                _ZN9DigitalInC1EiPKc
                0x0000000000002258                _ZN9DigitalInC2EiPKc
                0x0000000000002270                _ZN9DigitalIn4modeEi
                0x00000000000022a8                _ZN9DigitalIn4readEv
 .text.GPIOIntStatus
                0x00000000000022c8       0x74 /Users/take/proj/LBED/lbed/LBED_lbeDuino/Debug/libLBED_lbeDuino.a(_gpio.o)
                0x00000000000022c8                GPIOIntStatus
 .text.GPIOIntClear
                0x000000000000233c       0x70 /Users/take/proj/LBED/lbed/LBED_lbeDuino/Debug/libLBED_lbeDuino.a(_gpio.o)
                0x000000000000233c                GPIOIntClear
 .text.PIOINT3_IRQHandler
                0x00000000000023ac       0x30 /Users/take/proj/LBED/lbed/LBED_lbeDuino/Debug/libLBED_lbeDuino.a(_gpio.o)
                0x00000000000023ac                PIOINT3_IRQHandler
 .text.PIOINT2_IRQHandler
                0x00000000000023dc       0x30 /Users/take/proj/LBED/lbed/LBED_lbeDuino/Debug/libLBED_lbeDuino.a(_gpio.o)
                0x00000000000023dc                PIOINT2_IRQHandler
 .text.PIOINT1_IRQHandler
                0x000000000000240c       0x30 /Users/take/proj/LBED/lbed/LBED_lbeDuino/Debug/libLBED_lbeDuino.a(_gpio.o)
                0x000000000000240c                PIOINT1_IRQHandler
 .text.PIOINT0_IRQHandler
                0x000000000000243c       0x30 /Users/take/proj/LBED/lbed/LBED_lbeDuino/Debug/libLBED_lbeDuino.a(_gpio.o)
                0x000000000000243c                PIOINT0_IRQHandler
 .text.GPIOSetValue
                0x000000000000246c       0x14 /Users/take/proj/LBED/lbed/LBED_lbeDuino/Debug/libLBED_lbeDuino.a(_gpio.o)
                0x000000000000246c                GPIOSetValue
 .text.GPIOSetDir
                0x0000000000002480       0x38 /Users/take/proj/LBED/lbed/LBED_lbeDuino/Debug/libLBED_lbeDuino.a(_gpio.o)
                0x0000000000002480                GPIOSetDir
 .text          0x00000000000024b8       0x9c /Applications/lpcxpresso_6.0.2_151/lpcxpresso/tools/bin/../lib/gcc/arm-none-eabi/4.6.2/armv6-m/libgcc.a(_udivsi3.o)
                0x00000000000024b8                __udivsi3
                0x00000000000024b8                __aeabi_uidiv
                0x0000000000002540                __aeabi_uidivmod
 .text          0x0000000000002554        0x4 /Applications/lpcxpresso_6.0.2_151/lpcxpresso/tools/bin/../lib/gcc/arm-none-eabi/4.6.2/armv6-m/libgcc.a(_dvmd_tls.o)
                0x0000000000002554                __aeabi_ldiv0
                0x0000000000002554                __aeabi_idiv0
 .text          0x0000000000002558       0x7c /Applications/lpcxpresso_6.0.2_151/lpcxpresso/tools/bin/../lib/gcc/arm-none-eabi/4.6.2/armv6-m/libgcc.a(_arm_cmpdf2.o)
                0x0000000000002558                __aeabi_cdrcmple
                0x0000000000002568                __aeabi_cdcmple
                0x0000000000002568                __aeabi_cdcmpeq
                0x0000000000002578                __aeabi_dcmpeq
                0x0000000000002584                __aeabi_dcmplt
                0x0000000000002598                __aeabi_dcmple
                0x00000000000025ac                __aeabi_dcmpgt
                0x00000000000025c0                __aeabi_dcmpge
 *fill*         0x00000000000025d4        0x4 00
 .text          0x00000000000025d8       0x40 /Applications/lpcxpresso_6.0.2_151/lpcxpresso/tools/bin/../lib/gcc/arm-none-eabi/4.6.2/armv6-m/libgcc.a(_fixunsdfsi.o)
                0x00000000000025d8                __fixunsdfsi
                0x00000000000025d8                __aeabi_d2uiz
 .text          0x0000000000002618      0x28c /Applications/lpcxpresso_6.0.2_151/lpcxpresso/tools/bin/../lib/gcc/arm-none-eabi/4.6.2/armv6-m/libgcc.a(divsf3.o)
                0x0000000000002618                __aeabi_fdiv
 .text          0x00000000000028a4       0xb0 /Applications/lpcxpresso_6.0.2_151/lpcxpresso/tools/bin/../lib/gcc/arm-none-eabi/4.6.2/armv6-m/libgcc.a(floatsisf.o)
                0x00000000000028a4                __aeabi_i2f
 .text          0x0000000000002954      0x6d4 /Applications/lpcxpresso_6.0.2_151/lpcxpresso/tools/bin/../lib/gcc/arm-none-eabi/4.6.2/armv6-m/libgcc.a(adddf3.o)
                0x0000000000002954                __aeabi_dadd
 .text          0x0000000000003028      0x5e4 /Applications/lpcxpresso_6.0.2_151/lpcxpresso/tools/bin/../lib/gcc/arm-none-eabi/4.6.2/armv6-m/libgcc.a(divdf3.o)
                0x0000000000003028                __aeabi_ddiv
 .text          0x000000000000360c       0x80 /Applications/lpcxpresso_6.0.2_151/lpcxpresso/tools/bin/../lib/gcc/arm-none-eabi/4.6.2/armv6-m/libgcc.a(eqdf2.o)
                0x000000000000360c                __eqdf2
                0x000000000000360c                __nedf2
 .text          0x000000000000368c       0xec /Applications/lpcxpresso_6.0.2_151/lpcxpresso/tools/bin/../lib/gcc/arm-none-eabi/4.6.2/armv6-m/libgcc.a(gedf2.o)
                0x000000000000368c                __gtdf2
                0x000000000000368c                __gedf2
 .text          0x0000000000003778       0xc0 /Applications/lpcxpresso_6.0.2_151/lpcxpresso/tools/bin/../lib/gcc/arm-none-eabi/4.6.2/armv6-m/libgcc.a(ledf2.o)
                0x0000000000003778                __ltdf2
                0x0000000000003778                __ledf2
 .text          0x0000000000003838      0x4a4 /Applications/lpcxpresso_6.0.2_151/lpcxpresso/tools/bin/../lib/gcc/arm-none-eabi/4.6.2/armv6-m/libgcc.a(muldf3.o)
                0x0000000000003838                __aeabi_dmul
 .text          0x0000000000003cdc      0x72c /Applications/lpcxpresso_6.0.2_151/lpcxpresso/tools/bin/../lib/gcc/arm-none-eabi/4.6.2/armv6-m/libgcc.a(subdf3.o)
                0x0000000000003cdc                __aeabi_dsub
 .text          0x0000000000004408       0x68 /Applications/lpcxpresso_6.0.2_151/lpcxpresso/tools/bin/../lib/gcc/arm-none-eabi/4.6.2/armv6-m/libgcc.a(fixdfsi.o)
                0x0000000000004408                __aeabi_d2iz
 .text          0x0000000000004470       0x78 /Applications/lpcxpresso_6.0.2_151/lpcxpresso/tools/bin/../lib/gcc/arm-none-eabi/4.6.2/armv6-m/libgcc.a(floatsidf.o)
                0x0000000000004470                __aeabi_i2d
 .text          0x00000000000044e8       0x68 /Applications/lpcxpresso_6.0.2_151/lpcxpresso/tools/bin/../lib/gcc/arm-none-eabi/4.6.2/armv6-m/libgcc.a(floatunsidf.o)
                0x00000000000044e8                __aeabi_ui2d
 .text          0x0000000000004550       0xa8 /Applications/lpcxpresso_6.0.2_151/lpcxpresso/tools/bin/../lib/gcc/arm-none-eabi/4.6.2/armv6-m/libgcc.a(extendsfdf2.o)
                0x0000000000004550                __aeabi_f2d
 .text          0x00000000000045f8      0xb60 /Applications/lpcxpresso_6.0.2_151/lpcxpresso/tools/bin/../lib/gcc/arm-none-eabi/4.6.2/armv6-m/libgcc.a(unwind-arm.o)
                0x00000000000048b8                _Unwind_VRS_Get
                0x00000000000048fc                _Unwind_VRS_Set
                0x0000000000004c60                __aeabi_unwind_cpp_pr2
                0x0000000000004c6c                __aeabi_unwind_cpp_pr1
                0x0000000000004c78                __aeabi_unwind_cpp_pr0
                0x0000000000004c84                _Unwind_VRS_Pop
                0x0000000000005008                _Unwind_GetCFA
                0x000000000000500c                __gnu_Unwind_RaiseException
                0x0000000000005068                __gnu_Unwind_ForcedUnwind
                0x000000000000507c                __gnu_Unwind_Resume
                0x00000000000050bc                __gnu_Unwind_Resume_or_Rethrow
                0x00000000000050d8                _Unwind_Complete
                0x00000000000050dc                _Unwind_DeleteException
                0x00000000000050ec                __gnu_Unwind_Backtrace
 .text          0x0000000000005158      0x144 /Applications/lpcxpresso_6.0.2_151/lpcxpresso/tools/bin/../lib/gcc/arm-none-eabi/4.6.2/armv6-m/libgcc.a(libunwind.o)
                0x0000000000005158                __restore_core_regs
                0x0000000000005158                restore_core_regs
                0x0000000000005184                __gnu_Unwind_Restore_VFP
                0x0000000000005188                __gnu_Unwind_Save_VFP
                0x000000000000518c                __gnu_Unwind_Restore_VFP_D
                0x0000000000005190                __gnu_Unwind_Save_VFP_D
                0x0000000000005194                __gnu_Unwind_Restore_VFP_D_16_to_31
                0x0000000000005198                __gnu_Unwind_Save_VFP_D_16_to_31
                0x000000000000519c                __gnu_Unwind_Restore_WMMXD
                0x00000000000051a0                __gnu_Unwind_Save_WMMXD
                0x00000000000051a4                __gnu_Unwind_Restore_WMMXC
                0x00000000000051a8                __gnu_Unwind_Save_WMMXC
                0x00000000000051ac                _Unwind_RaiseException
                0x00000000000051ac                ___Unwind_RaiseException
                0x00000000000051dc                ___Unwind_Resume
                0x00000000000051dc                _Unwind_Resume
                0x000000000000520c                ___Unwind_Resume_or_Rethrow
                0x000000000000520c                _Unwind_Resume_or_Rethrow
                0x000000000000523c                _Unwind_ForcedUnwind
                0x000000000000523c                ___Unwind_ForcedUnwind
                0x000000000000526c                _Unwind_Backtrace
                0x000000000000526c                ___Unwind_Backtrace
 .text          0x000000000000529c      0x38c /Applications/lpcxpresso_6.0.2_151/lpcxpresso/tools/bin/../lib/gcc/arm-none-eabi/4.6.2/armv6-m/libgcc.a(pr-support.o)
                0x00000000000052f0                __gnu_unwind_execute
                0x00000000000055d0                __gnu_unwind_frame
                0x00000000000055f8                _Unwind_GetRegionStart
                0x0000000000005604                _Unwind_GetLanguageSpecificData
                0x0000000000005618                _Unwind_GetDataRelBase
                0x0000000000005620                _Unwind_GetTextRelBase
 .text          0x0000000000005628       0x3c /Applications/lpcxpresso_6.0.2_151/lpcxpresso/tools/bin/../lib/gcc/arm-none-eabi/4.6.2/armv6-m/libgcc.a(_clzsi2.o)
                0x0000000000005628                __clzsi2
 .text.abort    0x0000000000005664       0x10 /Applications/lpcxpresso_6.0.2_151/lpcxpresso/tools/bin/../lib/gcc/arm-none-eabi/4.6.2/../../../../arm-none-eabi/lib/armv6-m/libc.a(lib_a-abort.o)
                0x0000000000005664                abort
 .text.__libc_init_array
                0x0000000000005674       0x44 /Applications/lpcxpresso_6.0.2_151/lpcxpresso/tools/bin/../lib/gcc/arm-none-eabi/4.6.2/../../../../arm-none-eabi/lib/armv6-m/libc.a(lib_a-init.o)
                0x0000000000005674                __libc_init_array
 .text.free     0x00000000000056b8       0x14 /Applications/lpcxpresso_6.0.2_151/lpcxpresso/tools/bin/../lib/gcc/arm-none-eabi/4.6.2/../../../../arm-none-eabi/lib/armv6-m/libc.a(lib_a-malloc.o)
                0x00000000000056b8                free
 .text.memcpy   0x00000000000056cc       0x7c /Applications/lpcxpresso_6.0.2_151/lpcxpresso/tools/bin/../lib/gcc/arm-none-eabi/4.6.2/../../../../arm-none-eabi/lib/armv6-m/libc.a(lib_a-memcpy.o)
                0x00000000000056cc                memcpy
 .text.__malloc_lock
                0x0000000000005748        0x4 /Applications/lpcxpresso_6.0.2_151/lpcxpresso/tools/bin/../lib/gcc/arm-none-eabi/4.6.2/../../../../arm-none-eabi/lib/armv6-m/libc.a(lib_a-mlock.o)
                0x0000000000005748                __malloc_lock
 .text.__malloc_unlock
                0x000000000000574c        0x4 /Applications/lpcxpresso_6.0.2_151/lpcxpresso/tools/bin/../lib/gcc/arm-none-eabi/4.6.2/../../../../arm-none-eabi/lib/armv6-m/libc.a(lib_a-mlock.o)
                0x000000000000574c                __malloc_unlock
 .text._sbrk_r  0x0000000000005750       0x24 /Applications/lpcxpresso_6.0.2_151/lpcxpresso/tools/bin/../lib/gcc/arm-none-eabi/4.6.2/../../../../arm-none-eabi/lib/armv6-m/libc.a(lib_a-sbrkr.o)
                0x0000000000005750                _sbrk_r
 .text._raise_r
                0x0000000000005774       0x58 /Applications/lpcxpresso_6.0.2_151/lpcxpresso/tools/bin/../lib/gcc/arm-none-eabi/4.6.2/../../../../arm-none-eabi/lib/armv6-m/libc.a(lib_a-signal.o)
                0x0000000000005774                _raise_r
 .text.raise    0x00000000000057cc       0x14 /Applications/lpcxpresso_6.0.2_151/lpcxpresso/tools/bin/../lib/gcc/arm-none-eabi/4.6.2/../../../../arm-none-eabi/lib/armv6-m/libc.a(lib_a-signal.o)
                0x00000000000057cc                raise
 .text._kill_r  0x00000000000057e0       0x28 /Applications/lpcxpresso_6.0.2_151/lpcxpresso/tools/bin/../lib/gcc/arm-none-eabi/4.6.2/../../../../arm-none-eabi/lib/armv6-m/libc.a(lib_a-signalr.o)
                0x00000000000057e0                _kill_r
 .text._getpid_r
                0x0000000000005808        0x8 /Applications/lpcxpresso_6.0.2_151/lpcxpresso/tools/bin/../lib/gcc/arm-none-eabi/4.6.2/../../../../arm-none-eabi/lib/armv6-m/libc.a(lib_a-signalr.o)
                0x0000000000005808                _getpid_r
 .text.strlen   0x0000000000005810       0x10 /Applications/lpcxpresso_6.0.2_151/lpcxpresso/tools/bin/../lib/gcc/arm-none-eabi/4.6.2/../../../../arm-none-eabi/lib/armv6-m/libc.a(lib_a-strlen.o)
                0x0000000000005810                strlen
 .text._malloc_trim_r
                0x0000000000005820       0xa8 /Applications/lpcxpresso_6.0.2_151/lpcxpresso/tools/bin/../lib/gcc/arm-none-eabi/4.6.2/../../../../arm-none-eabi/lib/armv6-m/libc.a(lib_a-freer.o)
                0x0000000000005820                _malloc_trim_r
 .text._free_r  0x00000000000058c8      0x198 /Applications/lpcxpresso_6.0.2_151/lpcxpresso/tools/bin/../lib/gcc/arm-none-eabi/4.6.2/../../../../arm-none-eabi/lib/armv6-m/libc.a(lib_a-freer.o)
                0x00000000000058c8                _free_r
 .text._ZNK10__cxxabiv117__class_type_info11__do_upcastEPKS0_PPv
                0x0000000000005a60       0x38 /Applications/lpcxpresso_6.0.2_151/lpcxpresso/tools/bin/../lib/gcc/arm-none-eabi/4.6.2/../../../../arm-none-eabi/lib/armv6-m/libstdc++.a(class_type_info.o)
                0x0000000000005a60                _ZNK10__cxxabiv117__class_type_info11__do_upcastEPKS0_PPv
 .text._ZNK10__cxxabiv117__class_type_info20__do_find_public_srcEiPKvPKS0_S2_
                0x0000000000005a98       0x10 /Applications/lpcxpresso_6.0.2_151/lpcxpresso/tools/bin/../lib/gcc/arm-none-eabi/4.6.2/../../../../arm-none-eabi/lib/armv6-m/libstdc++.a(class_type_info.o)
                0x0000000000005a98                _ZNK10__cxxabiv117__class_type_info20__do_find_public_srcEiPKvPKS0_S2_
 .text._ZNK10__cxxabiv117__class_type_info11__do_upcastEPKS0_PKvRNS0_15__upcast_resultE
                0x0000000000005aa8       0x20 /Applications/lpcxpresso_6.0.2_151/lpcxpresso/tools/bin/../lib/gcc/arm-none-eabi/4.6.2/../../../../arm-none-eabi/lib/armv6-m/libstdc++.a(class_type_info.o)
                0x0000000000005aa8                _ZNK10__cxxabiv117__class_type_info11__do_upcastEPKS0_PKvRNS0_15__upcast_resultE
 .text._ZN10__cxxabiv117__class_type_infoD2Ev
                0x0000000000005ac8       0x18 /Applications/lpcxpresso_6.0.2_151/lpcxpresso/tools/bin/../lib/gcc/arm-none-eabi/4.6.2/../../../../arm-none-eabi/lib/armv6-m/libstdc++.a(class_type_info.o)
                0x0000000000005ac8                _ZN10__cxxabiv117__class_type_infoD1Ev
                0x0000000000005ac8                _ZN10__cxxabiv117__class_type_infoD2Ev
 .text._ZN10__cxxabiv117__class_type_infoD0Ev
                0x0000000000005ae0       0x1c /Applications/lpcxpresso_6.0.2_151/lpcxpresso/tools/bin/../lib/gcc/arm-none-eabi/4.6.2/../../../../arm-none-eabi/lib/armv6-m/libstdc++.a(class_type_info.o)
                0x0000000000005ae0                _ZN10__cxxabiv117__class_type_infoD0Ev
 .text._ZNK10__cxxabiv117__class_type_info12__do_dyncastEiNS0_10__sub_kindEPKS0_PKvS3_S5_RNS0_16__dyncast_resultE
                0x0000000000005afc       0x48 /Applications/lpcxpresso_6.0.2_151/lpcxpresso/tools/bin/../lib/gcc/arm-none-eabi/4.6.2/../../../../arm-none-eabi/lib/armv6-m/libstdc++.a(class_type_info.o)
                0x0000000000005afc                _ZNK10__cxxabiv117__class_type_info12__do_dyncastEiNS0_10__sub_kindEPKS0_PKvS3_S5_RNS0_16__dyncast_resultE
 .text._ZNK10__cxxabiv117__class_type_info10__do_catchEPKSt9type_infoPPvj
                0x0000000000005b44       0x2c /Applications/lpcxpresso_6.0.2_151/lpcxpresso/tools/bin/../lib/gcc/arm-none-eabi/4.6.2/../../../../arm-none-eabi/lib/armv6-m/libstdc++.a(class_type_info.o)
                0x0000000000005b44                _ZNK10__cxxabiv117__class_type_info10__do_catchEPKSt9type_infoPPvj
 .text._ZN10__cxxabiv120__si_class_type_infoD2Ev
                0x0000000000005b70       0x18 /Applications/lpcxpresso_6.0.2_151/lpcxpresso/tools/bin/../lib/gcc/arm-none-eabi/4.6.2/../../../../arm-none-eabi/lib/armv6-m/libstdc++.a(si_class_type_info.o)
                0x0000000000005b70                _ZN10__cxxabiv120__si_class_type_infoD2Ev
                0x0000000000005b70                _ZN10__cxxabiv120__si_class_type_infoD1Ev
 .text._ZN10__cxxabiv120__si_class_type_infoD0Ev
                0x0000000000005b88       0x1c /Applications/lpcxpresso_6.0.2_151/lpcxpresso/tools/bin/../lib/gcc/arm-none-eabi/4.6.2/../../../../arm-none-eabi/lib/armv6-m/libstdc++.a(si_class_type_info.o)
                0x0000000000005b88                _ZN10__cxxabiv120__si_class_type_infoD0Ev
 .text._ZNK10__cxxabiv120__si_class_type_info11__do_upcastEPKNS_17__class_type_infoEPKvRNS1_15__upcast_resultE
                0x0000000000005ba4       0x28 /Applications/lpcxpresso_6.0.2_151/lpcxpresso/tools/bin/../lib/gcc/arm-none-eabi/4.6.2/../../../../arm-none-eabi/lib/armv6-m/libstdc++.a(si_class_type_info.o)
                0x0000000000005ba4                _ZNK10__cxxabiv120__si_class_type_info11__do_upcastEPKNS_17__class_type_infoEPKvRNS1_15__upcast_resultE
 .text._ZNK10__cxxabiv120__si_class_type_info12__do_dyncastEiNS_17__class_type_info10__sub_kindEPKS1_PKvS4_S6_RNS1_16__dyncast_resultE
                0x0000000000005bcc       0x94 /Applications/lpcxpresso_6.0.2_151/lpcxpresso/tools/bin/../lib/gcc/arm-none-eabi/4.6.2/../../../../arm-none-eabi/lib/armv6-m/libstdc++.a(si_class_type_info.o)
                0x0000000000005bcc                _ZNK10__cxxabiv120__si_class_type_info12__do_dyncastEiNS_17__class_type_info10__sub_kindEPKS1_PKvS4_S6_RNS1_16__dyncast_resultE
 .text._ZNK10__cxxabiv120__si_class_type_info20__do_find_public_srcEiPKvPKNS_17__class_type_infoES2_
                0x0000000000005c60       0x40 /Applications/lpcxpresso_6.0.2_151/lpcxpresso/tools/bin/../lib/gcc/arm-none-eabi/4.6.2/../../../../arm-none-eabi/lib/armv6-m/libstdc++.a(si_class_type_info.o)
                0x0000000000005c60                _ZNK10__cxxabiv120__si_class_type_info20__do_find_public_srcEiPKvPKNS_17__class_type_infoES2_
 .text._ZNSt9type_infoD2Ev
                0x0000000000005ca0        0xc /Applications/lpcxpresso_6.0.2_151/lpcxpresso/tools/bin/../lib/gcc/arm-none-eabi/4.6.2/../../../../arm-none-eabi/lib/armv6-m/libstdc++.a(tinfo.o)
                0x0000000000005ca0                _ZNSt9type_infoD1Ev
                0x0000000000005ca0                _ZNSt9type_infoD2Ev
 .text._ZNKSt9type_info14__is_pointer_pEv
                0x0000000000005cac        0x4 /Applications/lpcxpresso_6.0.2_151/lpcxpresso/tools/bin/../lib/gcc/arm-none-eabi/4.6.2/../../../../arm-none-eabi/lib/armv6-m/libstdc++.a(tinfo.o)
                0x0000000000005cac                _ZNKSt9type_info14__is_pointer_pEv
 .text._ZNKSt9type_info15__is_function_pEv
                0x0000000000005cb0        0x4 /Applications/lpcxpresso_6.0.2_151/lpcxpresso/tools/bin/../lib/gcc/arm-none-eabi/4.6.2/../../../../arm-none-eabi/lib/armv6-m/libstdc++.a(tinfo.o)
                0x0000000000005cb0                _ZNKSt9type_info15__is_function_pEv
 .text._ZNKSt9type_info11__do_upcastEPKN10__cxxabiv117__class_type_infoEPPv
                0x0000000000005cb4        0x4 /Applications/lpcxpresso_6.0.2_151/lpcxpresso/tools/bin/../lib/gcc/arm-none-eabi/4.6.2/../../../../arm-none-eabi/lib/armv6-m/libstdc++.a(tinfo.o)
                0x0000000000005cb4                _ZNKSt9type_info11__do_upcastEPKN10__cxxabiv117__class_type_infoEPPv
 .text._ZNSt9type_infoD0Ev
                0x0000000000005cb8       0x18 /Applications/lpcxpresso_6.0.2_151/lpcxpresso/tools/bin/../lib/gcc/arm-none-eabi/4.6.2/../../../../arm-none-eabi/lib/armv6-m/libstdc++.a(tinfo.o)
                0x0000000000005cb8                _ZNSt9type_infoD0Ev
 .text._ZNKSt9type_infoeqERKS_
                0x0000000000005cd0       0x2c /Applications/lpcxpresso_6.0.2_151/lpcxpresso/tools/bin/../lib/gcc/arm-none-eabi/4.6.2/../../../../arm-none-eabi/lib/armv6-m/libstdc++.a(tinfo.o)
                0x0000000000005cd0                _ZNKSt9type_infoeqERKS_
 .text._ZNKSt9type_info10__do_catchEPKS_PPvj
                0x0000000000005cfc        0x8 /Applications/lpcxpresso_6.0.2_151/lpcxpresso/tools/bin/../lib/gcc/arm-none-eabi/4.6.2/../../../../arm-none-eabi/lib/armv6-m/libstdc++.a(tinfo.o)
                0x0000000000005cfc                _ZNKSt9type_info10__do_catchEPKS_PPvj
 *fill*         0x0000000000005d04        0x4 00
 .text.floor    0x0000000000005d08      0x140 /Applications/lpcxpresso_6.0.2_151/lpcxpresso/tools/bin/../lib/gcc/arm-none-eabi/4.6.2/../../../../arm-none-eabi/lib/armv6-m/libm.a(lib_a-s_floor.o)
                0x0000000000005d08                floor
 .text._sbrk    0x0000000000005e48       0x40 /Applications/lpcxpresso_6.0.2_151/lpcxpresso/tools/bin/../lib/gcc/arm-none-eabi/4.6.2/../../../../arm-none-eabi/lib/armv6-m/libcr_newlib_nohost.a(_cr_sbrk.o)
                0x0000000000005e48                _sbrk
 .text._exit    0x0000000000005e88        0x4 /Applications/lpcxpresso_6.0.2_151/lpcxpresso/tools/bin/../lib/gcc/arm-none-eabi/4.6.2/../../../../arm-none-eabi/lib/armv6-m/libcr_newlib_nohost.a(_exit.o)
                0x0000000000005e88                _exit
 .text._getpid  0x0000000000005e8c       0x10 /Applications/lpcxpresso_6.0.2_151/lpcxpresso/tools/bin/../lib/gcc/arm-none-eabi/4.6.2/../../../../arm-none-eabi/lib/armv6-m/libcr_newlib_nohost.a(getpid.o)
                0x0000000000005e8c                _getpid
 .text._kill    0x0000000000005e9c       0x10 /Applications/lpcxpresso_6.0.2_151/lpcxpresso/tools/bin/../lib/gcc/arm-none-eabi/4.6.2/../../../../arm-none-eabi/lib/armv6-m/libcr_newlib_nohost.a(kill.o)
                0x0000000000005e9c                _kill
 .text.__check_heap_overflow
                0x0000000000005eac       0x2c /Applications/lpcxpresso_6.0.2_151/lpcxpresso/tools/bin/../lib/gcc/arm-none-eabi/4.6.2/../../../../arm-none-eabi/lib/armv6-m/libcr_newlib_nohost.a(_cr_check_heap.o)
                0x0000000000005eac                __check_heap_overflow
 .text          0x0000000000005ed8       0x60 /Applications/lpcxpresso_6.0.2_151/lpcxpresso/tools/bin/../lib/gcc/arm-none-eabi/4.6.2/armv6-m/crtbegin.o
 .text.__errno  0x0000000000005f38        0xc /Applications/lpcxpresso_6.0.2_151/lpcxpresso/tools/bin/../lib/gcc/arm-none-eabi/4.6.2/../../../../arm-none-eabi/lib/armv6-m/libc.a(lib_a-errno.o)
                0x0000000000005f38                __errno
 .text.strcmp   0x0000000000005f44       0x14 /Applications/lpcxpresso_6.0.2_151/lpcxpresso/tools/bin/../lib/gcc/arm-none-eabi/4.6.2/../../../../arm-none-eabi/lib/armv6-m/libc.a(lib_a-strcmp.o)
                0x0000000000005f44                strcmp
 *(.rodata .rodata.*)
 .rodata._ZTV6SdFile
                0x0000000000005f58       0x10 ./src/SDCard_Info.o
                0x0000000000005f58                _ZTV6SdFile
 .rodata.str1.1
                0x0000000000005f68      0x1df ./src/SDCard_Info.o
 *fill*         0x0000000000006147        0x1 00
 .rodata        0x0000000000006148       0x20 /Users/take/proj/LBED/lbed/LBED_lbeDuino/Debug/libLBED_lbeDuino.a(Print.o)
                0x0000000000006148                _ZTS5Print
                0x0000000000006150                _ZTI5Print
                0x0000000000006158                _ZTV5Print
 .rodata.str1.4
                0x0000000000006168        0x6 /Users/take/proj/LBED/lbed/LBED_lbeDuino/Debug/libLBED_lbeDuino.a(Print.o)
                                          0x8 (size before relaxing)
 *fill*         0x000000000000616e        0x2 00
 .rodata._ZTI6Stream
                0x0000000000006170        0xc /Users/take/proj/LBED/lbed/LBED_lbeDuino/Debug/libLBED_lbeDuino.a(Serial.o)
                0x0000000000006170                _ZTI6Stream
 .rodata._ZTS6Stream
                0x000000000000617c        0x8 /Users/take/proj/LBED/lbed/LBED_lbeDuino/Debug/libLBED_lbeDuino.a(Serial.o)
                0x000000000000617c                _ZTS6Stream
 *fill*         0x0000000000006184        0x4 00
 .rodata        0x0000000000006188       0x38 /Users/take/proj/LBED/lbed/LBED_lbeDuino/Debug/libLBED_lbeDuino.a(Serial.o)
                0x0000000000006188                _ZTV6Serial
                0x00000000000061a8                _ZTS6Serial
                0x00000000000061b0                _ZTI6Serial
 .rodata.str1.4
                0x00000000000061c0        0x8 /Users/take/proj/LBED/lbed/LBED_lbeDuino/Debug/libLBED_lbeDuino.a(Serial.o)
 .rodata        0x00000000000061c8       0x58 /Users/take/proj/LBED/lbed/LBED_lbeDuino/Debug/libLBED_lbeDuino.a(DigitalIn.o)
 .rodata.LPC_GPIO
                0x0000000000006220       0x10 /Users/take/proj/LBED/lbed/LBED_lbeDuino/Debug/libLBED_lbeDuino.a(_gpio.o)
 .rodata        0x0000000000006230       0x40 /Applications/lpcxpresso_6.0.2_151/lpcxpresso/tools/bin/../lib/gcc/arm-none-eabi/4.6.2/armv6-m/libgcc.a(divsf3.o)
 .rodata        0x0000000000006270       0x40 /Applications/lpcxpresso_6.0.2_151/lpcxpresso/tools/bin/../lib/gcc/arm-none-eabi/4.6.2/armv6-m/libgcc.a(divdf3.o)
 .rodata        0x00000000000062b0       0x40 /Applications/lpcxpresso_6.0.2_151/lpcxpresso/tools/bin/../lib/gcc/arm-none-eabi/4.6.2/armv6-m/libgcc.a(muldf3.o)
 .rodata        0x00000000000062f0       0x14 /Applications/lpcxpresso_6.0.2_151/lpcxpresso/tools/bin/../lib/gcc/arm-none-eabi/4.6.2/armv6-m/libgcc.a(unwind-arm.o)
 .rodata.str1.4
                0x0000000000006304        0x4 /Applications/lpcxpresso_6.0.2_151/lpcxpresso/tools/bin/../lib/gcc/arm-none-eabi/4.6.2/../../../../arm-none-eabi/lib/armv6-m/libc.a(lib_a-impure.o)
 .rodata._ZTVN10__cxxabiv117__class_type_infoE
                0x0000000000006308       0x30 /Applications/lpcxpresso_6.0.2_151/lpcxpresso/tools/bin/../lib/gcc/arm-none-eabi/4.6.2/../../../../arm-none-eabi/lib/armv6-m/libstdc++.a(class_type_info.o)
                0x0000000000006308                _ZTVN10__cxxabiv117__class_type_infoE
 .rodata._ZTIN10__cxxabiv117__class_type_infoE
                0x0000000000006338        0xc /Applications/lpcxpresso_6.0.2_151/lpcxpresso/tools/bin/../lib/gcc/arm-none-eabi/4.6.2/../../../../arm-none-eabi/lib/armv6-m/libstdc++.a(class_type_info.o)
                0x0000000000006338                _ZTIN10__cxxabiv117__class_type_infoE
 .rodata._ZTSN10__cxxabiv117__class_type_infoE
                0x0000000000006344       0x24 /Applications/lpcxpresso_6.0.2_151/lpcxpresso/tools/bin/../lib/gcc/arm-none-eabi/4.6.2/../../../../arm-none-eabi/lib/armv6-m/libstdc++.a(class_type_info.o)
                0x0000000000006344                _ZTSN10__cxxabiv117__class_type_infoE
 .rodata._ZTVN10__cxxabiv120__si_class_type_infoE
                0x0000000000006368       0x30 /Applications/lpcxpresso_6.0.2_151/lpcxpresso/tools/bin/../lib/gcc/arm-none-eabi/4.6.2/../../../../arm-none-eabi/lib/armv6-m/libstdc++.a(si_class_type_info.o)
                0x0000000000006368                _ZTVN10__cxxabiv120__si_class_type_infoE
 .rodata._ZTIN10__cxxabiv120__si_class_type_infoE
                0x0000000000006398        0xc /Applications/lpcxpresso_6.0.2_151/lpcxpresso/tools/bin/../lib/gcc/arm-none-eabi/4.6.2/../../../../arm-none-eabi/lib/armv6-m/libstdc++.a(si_class_type_info.o)
                0x0000000000006398                _ZTIN10__cxxabiv120__si_class_type_infoE
 .rodata._ZTSN10__cxxabiv120__si_class_type_infoE
                0x00000000000063a4       0x28 /Applications/lpcxpresso_6.0.2_151/lpcxpresso/tools/bin/../lib/gcc/arm-none-eabi/4.6.2/../../../../arm-none-eabi/lib/armv6-m/libstdc++.a(si_class_type_info.o)
                0x00000000000063a4                _ZTSN10__cxxabiv120__si_class_type_infoE
 .rodata._ZTISt9type_info
                0x00000000000063cc        0x8 /Applications/lpcxpresso_6.0.2_151/lpcxpresso/tools/bin/../lib/gcc/arm-none-eabi/4.6.2/../../../../arm-none-eabi/lib/armv6-m/libstdc++.a(tinfo.o)
                0x00000000000063cc                _ZTISt9type_info
 .rodata._ZTSSt9type_info
                0x00000000000063d4       0x10 /Applications/lpcxpresso_6.0.2_151/lpcxpresso/tools/bin/../lib/gcc/arm-none-eabi/4.6.2/../../../../arm-none-eabi/lib/armv6-m/libstdc++.a(tinfo.o)
                0x00000000000063d4                _ZTSSt9type_info
 *fill*         0x00000000000063e4        0x4 00
 .rodata._ZTVSt9type_info
                0x00000000000063e8       0x20 /Applications/lpcxpresso_6.0.2_151/lpcxpresso/tools/bin/../lib/gcc/arm-none-eabi/4.6.2/../../../../arm-none-eabi/lib/armv6-m/libstdc++.a(tinfo.o)
                0x00000000000063e8                _ZTVSt9type_info
                0x0000000000006408                . = ALIGN (0x4)
                0x0000000000006408                . = ALIGN (0x4)
 *(.init)
 .init          0x0000000000006408        0x4 /Applications/lpcxpresso_6.0.2_151/lpcxpresso/tools/bin/../lib/gcc/arm-none-eabi/4.6.2/armv6-m/crti.o
                0x0000000000006408                _init
 .init          0x000000000000640c        0x8 /Applications/lpcxpresso_6.0.2_151/lpcxpresso/tools/bin/../lib/gcc/arm-none-eabi/4.6.2/armv6-m/crtn.o
                0x0000000000006414                . = ALIGN (0x4)
                0x0000000000006414                __preinit_array_start = .
 *(.preinit_array)
                0x0000000000006414                __preinit_array_end = .
                0x0000000000006414                . = ALIGN (0x4)
                0x0000000000006414                __init_array_start = .
 *(SORT(.init_array.*))
 *(.init_array)
 .init_array    0x0000000000006414        0x4 /Users/take/proj/LBED/lbed/LBED_lbeDuino_USERLIB/Debug/libLBED_lbeDuino_USERLIB.a(SdFile.o)
 .init_array    0x0000000000006418        0x4 /Applications/lpcxpresso_6.0.2_151/lpcxpresso/tools/bin/../lib/gcc/arm-none-eabi/4.6.2/armv6-m/crtbegin.o
                0x000000000000641c                __init_array_end = .
 *(.fini)
 .fini          0x000000000000641c        0x4 /Applications/lpcxpresso_6.0.2_151/lpcxpresso/tools/bin/../lib/gcc/arm-none-eabi/4.6.2/armv6-m/crti.o
                0x000000000000641c                _fini
 .fini          0x0000000000006420        0x8 /Applications/lpcxpresso_6.0.2_151/lpcxpresso/tools/bin/../lib/gcc/arm-none-eabi/4.6.2/armv6-m/crtn.o
                0x0000000000006428                . = ALIGN (0x4)
 *crtbegin.o(.ctors)
 *(EXCLUDE_FILE(*crtend.o) .ctors)
 *(SORT(.ctors.*))
 *crtend.o(.ctors)
                0x0000000000006428                . = ALIGN (0x4)
 *crtbegin.o(.dtors)
 *(EXCLUDE_FILE(*crtend.o) .dtors)
 *(SORT(.dtors.*))
 *crtend.o(.dtors)

.glue_7         0x0000000000006428        0x0
 .glue_7        0x0000000000000000        0x0 linker stubs

.glue_7t        0x0000000000006428        0x0
 .glue_7t       0x0000000000000000        0x0 linker stubs

.vfp11_veneer   0x0000000000006428        0x0
 .vfp11_veneer  0x0000000000000000        0x0 linker stubs

.v4_bx          0x0000000000006428        0x0
 .v4_bx         0x0000000000000000        0x0 linker stubs

.ARM.extab      0x0000000000006428       0xd8
 *(.ARM.extab* .gnu.linkonce.armextab.*)
 .ARM.extab.text._ZN10DigitalOutaSEi
                0x0000000000006428        0x0 /Users/take/proj/LBED/lbed/LBED_lbeDuino_USERLIB/Debug/libLBED_lbeDuino_USERLIB.a(Sd2Card.o)
 .ARM.extab.text._ZN7Sd2Card7spiSendEh
                0x0000000000006428        0xc /Users/take/proj/LBED/lbed/LBED_lbeDuino_USERLIB/Debug/libLBED_lbeDuino_USERLIB.a(Sd2Card.o)
 .ARM.extab.text._ZN7Sd2Card6spiRecEv
                0x0000000000006434        0xc /Users/take/proj/LBED/lbed/LBED_lbeDuino_USERLIB/Debug/libLBED_lbeDuino_USERLIB.a(Sd2Card.o)
 .ARM.extab.text._ZN7Sd2Card9readBlockEmPh
                0x0000000000006440        0xc /Users/take/proj/LBED/lbed/LBED_lbeDuino_USERLIB/Debug/libLBED_lbeDuino_USERLIB.a(Sd2Card.o)
 .ARM.extab.text._ZN6SdFile5writeEh
                0x000000000000644c        0xc /Users/take/proj/LBED/lbed/LBED_lbeDuino_USERLIB/Debug/libLBED_lbeDuino_USERLIB.a(SdFile.o)
 .ARM.extab.text._ZN8SdVolume13cacheSetDirtyEv
                0x0000000000006458        0x0 /Users/take/proj/LBED/lbed/LBED_lbeDuino_USERLIB/Debug/libLBED_lbeDuino_USERLIB.a(SdVolume.o)
 .ARM.extab.text._ZN8SdVolume9fatPutEOCEm
                0x0000000000006458        0xc /Users/take/proj/LBED/lbed/LBED_lbeDuino_USERLIB/Debug/libLBED_lbeDuino_USERLIB.a(SdVolume.o)
 .ARM.extab.text._ZNK8SdVolume5isEOCEm
                0x0000000000006464        0x0 /Users/take/proj/LBED/lbed/LBED_lbeDuino_USERLIB/Debug/libLBED_lbeDuino_USERLIB.a(SdVolume.o)
 .ARM.extab.text._ZN8SdVolume15allocContiguousEmPm
                0x0000000000006464        0xc /Users/take/proj/LBED/lbed/LBED_lbeDuino_USERLIB/Debug/libLBED_lbeDuino_USERLIB.a(SdVolume.o)
 .ARM.extab.text._ZN8SdVolume13cacheRawBlockEmh
                0x0000000000006470        0xc /Users/take/proj/LBED/lbed/LBED_lbeDuino_USERLIB/Debug/libLBED_lbeDuino_USERLIB.a(SdVolume.o)
 .ARM.extab.text._ZNK8SdVolume9chainSizeEmPm
                0x000000000000647c        0xc /Users/take/proj/LBED/lbed/LBED_lbeDuino_USERLIB/Debug/libLBED_lbeDuino_USERLIB.a(SdVolume.o)
 .ARM.extab.text._ZNK8SdVolume6fatGetEmPm
                0x0000000000006488        0xc /Users/take/proj/LBED/lbed/LBED_lbeDuino_USERLIB/Debug/libLBED_lbeDuino_USERLIB.a(SdVolume.o)
 .ARM.extab.text._ZN8SdVolume6fatPutEmm
                0x0000000000006494        0xc /Users/take/proj/LBED/lbed/LBED_lbeDuino_USERLIB/Debug/libLBED_lbeDuino_USERLIB.a(SdVolume.o)
 .ARM.extab.text._ZN8SdVolume9freeChainEm
                0x00000000000064a0        0xc /Users/take/proj/LBED/lbed/LBED_lbeDuino_USERLIB/Debug/libLBED_lbeDuino_USERLIB.a(SdVolume.o)
 .ARM.extab.text._ZN8SdVolume4initEP7Sd2Cardh
                0x00000000000064ac        0xc /Users/take/proj/LBED/lbed/LBED_lbeDuino_USERLIB/Debug/libLBED_lbeDuino_USERLIB.a(SdVolume.o)
 .ARM.extab     0x00000000000064b8       0x30 /Users/take/proj/LBED/lbed/LBED_lbeDuino/Debug/libLBED_lbeDuino.a(Print.o)
 .ARM.extab.text._ZN6Serial4peekEv
                0x00000000000064e8        0x0 /Users/take/proj/LBED/lbed/LBED_lbeDuino/Debug/libLBED_lbeDuino.a(Serial.o)
 .ARM.extab.text._ZN6Serial5flushEv
                0x00000000000064e8        0x0 /Users/take/proj/LBED/lbed/LBED_lbeDuino/Debug/libLBED_lbeDuino.a(Serial.o)
 .ARM.extab.text._ZNK10__cxxabiv120__si_class_type_info12__do_dyncastEiNS_17__class_type_info10__sub_kindEPKS1_PKvS4_S6_RNS1_16__dyncast_resultE
                0x00000000000064e8        0xc /Applications/lpcxpresso_6.0.2_151/lpcxpresso/tools/bin/../lib/gcc/arm-none-eabi/4.6.2/../../../../arm-none-eabi/lib/armv6-m/libstdc++.a(si_class_type_info.o)
 .ARM.extab.text._ZNK10__cxxabiv120__si_class_type_info20__do_find_public_srcEiPKvPKNS_17__class_type_infoES2_
                0x00000000000064f4        0xc /Applications/lpcxpresso_6.0.2_151/lpcxpresso/tools/bin/../lib/gcc/arm-none-eabi/4.6.2/../../../../arm-none-eabi/lib/armv6-m/libstdc++.a(si_class_type_info.o)
                0x0000000000006500                __exidx_start = .

.eh_frame       0x0000000000006500        0x0
 .eh_frame      0x0000000000006500        0x0 /Applications/lpcxpresso_6.0.2_151/lpcxpresso/tools/bin/../lib/gcc/arm-none-eabi/4.6.2/armv6-m/crtbegin.o

.ARM.exidx      0x0000000000006500      0x208
 *(.ARM.exidx* .gnu.linkonce.armexidx.*)
 .ARM.exidx.text._ZN10DigitalOutaSEi
                0x0000000000006500        0x8 /Users/take/proj/LBED/lbed/LBED_lbeDuino_USERLIB/Debug/libLBED_lbeDuino_USERLIB.a(Sd2Card.o)
 .ARM.exidx.text._ZN7Sd2Card7spiSendEh
                0x0000000000006508        0x8 /Users/take/proj/LBED/lbed/LBED_lbeDuino_USERLIB/Debug/libLBED_lbeDuino_USERLIB.a(Sd2Card.o)
 .ARM.exidx.text._ZN7Sd2Card6spiRecEv
                0x0000000000006510        0x8 /Users/take/proj/LBED/lbed/LBED_lbeDuino_USERLIB/Debug/libLBED_lbeDuino_USERLIB.a(Sd2Card.o)
 .ARM.exidx.text._ZN7Sd2Card14chipSelectHighEv
                0x0000000000006518        0x8 /Users/take/proj/LBED/lbed/LBED_lbeDuino_USERLIB/Debug/libLBED_lbeDuino_USERLIB.a(Sd2Card.o)
 .ARM.exidx.text._ZN7Sd2Card13chipSelectLowEv
                0x0000000000006520        0x0 /Users/take/proj/LBED/lbed/LBED_lbeDuino_USERLIB/Debug/libLBED_lbeDuino_USERLIB.a(Sd2Card.o)
                                          0x8 (size before relaxing)
 .ARM.exidx.text._ZN7Sd2Card7readEndEv
                0x0000000000006520        0x8 /Users/take/proj/LBED/lbed/LBED_lbeDuino_USERLIB/Debug/libLBED_lbeDuino_USERLIB.a(Sd2Card.o)
 .ARM.exidx.text._ZN7Sd2Card11waitNotBusyEt
                0x0000000000006528        0x8 /Users/take/proj/LBED/lbed/LBED_lbeDuino_USERLIB/Debug/libLBED_lbeDuino_USERLIB.a(Sd2Card.o)
 .ARM.exidx.text._ZN7Sd2Card11cardCommandEhm
                0x0000000000006530        0x8 /Users/take/proj/LBED/lbed/LBED_lbeDuino_USERLIB/Debug/libLBED_lbeDuino_USERLIB.a(Sd2Card.o)
 .ARM.exidx.text._ZN7Sd2Card4initEhh
                0x0000000000006538        0x0 /Users/take/proj/LBED/lbed/LBED_lbeDuino_USERLIB/Debug/libLBED_lbeDuino_USERLIB.a(Sd2Card.o)
                                          0x8 (size before relaxing)
 .ARM.exidx.text._ZN7Sd2Card14waitStartBlockEv
                0x0000000000006538        0x8 /Users/take/proj/LBED/lbed/LBED_lbeDuino_USERLIB/Debug/libLBED_lbeDuino_USERLIB.a(Sd2Card.o)
 .ARM.exidx.text._ZN7Sd2Card8readDataEmttPh
                0x0000000000006540        0x8 /Users/take/proj/LBED/lbed/LBED_lbeDuino_USERLIB/Debug/libLBED_lbeDuino_USERLIB.a(Sd2Card.o)
 .ARM.exidx.text._ZN7Sd2Card9readBlockEmPh
                0x0000000000006548        0x8 /Users/take/proj/LBED/lbed/LBED_lbeDuino_USERLIB/Debug/libLBED_lbeDuino_USERLIB.a(Sd2Card.o)
 .ARM.exidx.text._ZN7Sd2Card9writeDataEhPKh
                0x0000000000006550        0x8 /Users/take/proj/LBED/lbed/LBED_lbeDuino_USERLIB/Debug/libLBED_lbeDuino_USERLIB.a(Sd2Card.o)
 .ARM.exidx.text._ZN7Sd2Card10writeBlockEmPKh
                0x0000000000006558        0x8 /Users/take/proj/LBED/lbed/LBED_lbeDuino_USERLIB/Debug/libLBED_lbeDuino_USERLIB.a(Sd2Card.o)
 .ARM.exidx.text._ZN6SdFile10addClusterEv
                0x0000000000006560        0x8 /Users/take/proj/LBED/lbed/LBED_lbeDuino_USERLIB/Debug/libLBED_lbeDuino_USERLIB.a(SdFile.o)
 .ARM.exidx.text._ZN6SdFile13cacheDirEntryEh
                0x0000000000006568        0x0 /Users/take/proj/LBED/lbed/LBED_lbeDuino_USERLIB/Debug/libLBED_lbeDuino_USERLIB.a(SdFile.o)
                                          0x8 (size before relaxing)
 .ARM.exidx.text._ZN6SdFile8openRootEP8SdVolume
                0x0000000000006568        0x8 /Users/take/proj/LBED/lbed/LBED_lbeDuino_USERLIB/Debug/libLBED_lbeDuino_USERLIB.a(SdFile.o)
 .ARM.exidx.text._ZN6SdFile12printDirNameERK14directoryEntryh
                0x0000000000006570        0x8 /Users/take/proj/LBED/lbed/LBED_lbeDuino_USERLIB/Debug/libLBED_lbeDuino_USERLIB.a(SdFile.o)
 .ARM.exidx.text._ZN6SdFile14printTwoDigitsEh
                0x0000000000006578        0x8 /Users/take/proj/LBED/lbed/LBED_lbeDuino_USERLIB/Debug/libLBED_lbeDuino_USERLIB.a(SdFile.o)
 .ARM.exidx.text._ZN6SdFile12printFatTimeEt
                0x0000000000006580        0x8 /Users/take/proj/LBED/lbed/LBED_lbeDuino_USERLIB/Debug/libLBED_lbeDuino_USERLIB.a(SdFile.o)
 .ARM.exidx.text._ZN6SdFile12printFatDateEt
                0x0000000000006588        0x0 /Users/take/proj/LBED/lbed/LBED_lbeDuino_USERLIB/Debug/libLBED_lbeDuino_USERLIB.a(SdFile.o)
                                          0x8 (size before relaxing)
 .ARM.exidx.text._ZN6SdFile4readEPvt
                0x0000000000006588        0x8 /Users/take/proj/LBED/lbed/LBED_lbeDuino_USERLIB/Debug/libLBED_lbeDuino_USERLIB.a(SdFile.o)
 .ARM.exidx.text._ZN6SdFile12readDirCacheEv
                0x0000000000006590        0x8 /Users/take/proj/LBED/lbed/LBED_lbeDuino_USERLIB/Debug/libLBED_lbeDuino_USERLIB.a(SdFile.o)
 .ARM.exidx.text._ZN6SdFile7seekSetEm
                0x0000000000006598        0x8 /Users/take/proj/LBED/lbed/LBED_lbeDuino_USERLIB/Debug/libLBED_lbeDuino_USERLIB.a(SdFile.o)
 .ARM.exidx.text._ZN6SdFile4syncEv
                0x00000000000065a0        0x8 /Users/take/proj/LBED/lbed/LBED_lbeDuino_USERLIB/Debug/libLBED_lbeDuino_USERLIB.a(SdFile.o)
 .ARM.exidx.text._ZN6SdFile8truncateEm
                0x00000000000065a8        0x8 /Users/take/proj/LBED/lbed/LBED_lbeDuino_USERLIB/Debug/libLBED_lbeDuino_USERLIB.a(SdFile.o)
 .ARM.exidx.text._ZN6SdFile15openCachedEntryEhh
                0x00000000000065b0        0x8 /Users/take/proj/LBED/lbed/LBED_lbeDuino_USERLIB/Debug/libLBED_lbeDuino_USERLIB.a(SdFile.o)
 .ARM.exidx.text._ZN6SdFile4openEPS_th
                0x00000000000065b8        0x8 /Users/take/proj/LBED/lbed/LBED_lbeDuino_USERLIB/Debug/libLBED_lbeDuino_USERLIB.a(SdFile.o)
 .ARM.exidx.text._ZN6SdFile2lsEhh
                0x00000000000065c0        0x8 /Users/take/proj/LBED/lbed/LBED_lbeDuino_USERLIB/Debug/libLBED_lbeDuino_USERLIB.a(SdFile.o)
 .ARM.exidx.text._ZN6SdFile5writeEPKvt
                0x00000000000065c8        0x8 /Users/take/proj/LBED/lbed/LBED_lbeDuino_USERLIB/Debug/libLBED_lbeDuino_USERLIB.a(SdFile.o)
 .ARM.exidx.text._ZN6SdFile5writeEh
                0x00000000000065d0        0x8 /Users/take/proj/LBED/lbed/LBED_lbeDuino_USERLIB/Debug/libLBED_lbeDuino_USERLIB.a(SdFile.o)
 .ARM.exidx.text.startup._GLOBAL__sub_I_pc_
                0x00000000000065d8        0x8 /Users/take/proj/LBED/lbed/LBED_lbeDuino_USERLIB/Debug/libLBED_lbeDuino_USERLIB.a(SdFile.o)
 .ARM.exidx.text._ZN8SdVolume13cacheSetDirtyEv
                0x00000000000065e0        0x0 /Users/take/proj/LBED/lbed/LBED_lbeDuino_USERLIB/Debug/libLBED_lbeDuino_USERLIB.a(SdVolume.o)
                                          0x8 (size before relaxing)
 .ARM.exidx.text._ZN8SdVolume9fatPutEOCEm
                0x00000000000065e0        0x8 /Users/take/proj/LBED/lbed/LBED_lbeDuino_USERLIB/Debug/libLBED_lbeDuino_USERLIB.a(SdVolume.o)
 .ARM.exidx.text._ZNK8SdVolume5isEOCEm
                0x00000000000065e8        0x8 /Users/take/proj/LBED/lbed/LBED_lbeDuino_USERLIB/Debug/libLBED_lbeDuino_USERLIB.a(SdVolume.o)
 .ARM.exidx.text._ZN8SdVolume15allocContiguousEmPm
                0x00000000000065f0        0x8 /Users/take/proj/LBED/lbed/LBED_lbeDuino_USERLIB/Debug/libLBED_lbeDuino_USERLIB.a(SdVolume.o)
 .ARM.exidx.text._ZN8SdVolume10cacheFlushEv
                0x00000000000065f8        0x8 /Users/take/proj/LBED/lbed/LBED_lbeDuino_USERLIB/Debug/libLBED_lbeDuino_USERLIB.a(SdVolume.o)
 .ARM.exidx.text._ZN8SdVolume13cacheRawBlockEmh
                0x0000000000006600        0x8 /Users/take/proj/LBED/lbed/LBED_lbeDuino_USERLIB/Debug/libLBED_lbeDuino_USERLIB.a(SdVolume.o)
 .ARM.exidx.text._ZNK8SdVolume9chainSizeEmPm
                0x0000000000006608        0x8 /Users/take/proj/LBED/lbed/LBED_lbeDuino_USERLIB/Debug/libLBED_lbeDuino_USERLIB.a(SdVolume.o)
 .ARM.exidx.text._ZNK8SdVolume6fatGetEmPm
                0x0000000000006610        0x8 /Users/take/proj/LBED/lbed/LBED_lbeDuino_USERLIB/Debug/libLBED_lbeDuino_USERLIB.a(SdVolume.o)
 .ARM.exidx.text._ZN8SdVolume6fatPutEmm
                0x0000000000006618        0x8 /Users/take/proj/LBED/lbed/LBED_lbeDuino_USERLIB/Debug/libLBED_lbeDuino_USERLIB.a(SdVolume.o)
 .ARM.exidx.text._ZN8SdVolume9freeChainEm
                0x0000000000006620        0x8 /Users/take/proj/LBED/lbed/LBED_lbeDuino_USERLIB/Debug/libLBED_lbeDuino_USERLIB.a(SdVolume.o)
 .ARM.exidx.text._ZN8SdVolume4initEP7Sd2Cardh
                0x0000000000006628        0x8 /Users/take/proj/LBED/lbed/LBED_lbeDuino_USERLIB/Debug/libLBED_lbeDuino_USERLIB.a(SdVolume.o)
 .ARM.exidx     0x0000000000006630       0x10 /Users/take/proj/LBED/lbed/LBED_lbeDuino/Debug/libLBED_lbeDuino.a(DigitalOut.o)
                                         0x18 (size before relaxing)
 .ARM.exidx     0x0000000000006640       0x50 /Users/take/proj/LBED/lbed/LBED_lbeDuino/Debug/libLBED_lbeDuino.a(Print.o)
                                         0x60 (size before relaxing)
 .ARM.exidx     0x0000000000006690       0x18 /Users/take/proj/LBED/lbed/LBED_lbeDuino/Debug/libLBED_lbeDuino.a(SPI.o)
                                         0x20 (size before relaxing)
 .ARM.exidx.text._ZN6Serial4peekEv
                0x00000000000066b0        0x0 /Users/take/proj/LBED/lbed/LBED_lbeDuino/Debug/libLBED_lbeDuino.a(Serial.o)
                                          0x8 (size before relaxing)
 .ARM.exidx.text._ZN6Serial5flushEv
                0x00000000000066b0        0x0 /Users/take/proj/LBED/lbed/LBED_lbeDuino/Debug/libLBED_lbeDuino.a(Serial.o)
                                          0x8 (size before relaxing)
 .ARM.exidx     0x00000000000066a8        0x8 /Users/take/proj/LBED/lbed/LBED_lbeDuino/Debug/libLBED_lbeDuino.a(Serial.o)
                                         0x40 (size before relaxing)
 .ARM.exidx     0x00000000000066b0        0x0 /Users/take/proj/LBED/lbed/LBED_lbeDuino/Debug/libLBED_lbeDuino.a(pure_virtual.o)
                                          0x8 (size before relaxing)
 .ARM.exidx     0x00000000000066b0        0x0 /Users/take/proj/LBED/lbed/LBED_lbeDuino/Debug/libLBED_lbeDuino.a(DigitalIn.o)
                                         0x28 (size before relaxing)
 .ARM.exidx.text._ZNK10__cxxabiv117__class_type_info11__do_upcastEPKS0_PPv
                0x00000000000066b0        0x8 /Applications/lpcxpresso_6.0.2_151/lpcxpresso/tools/bin/../lib/gcc/arm-none-eabi/4.6.2/../../../../arm-none-eabi/lib/armv6-m/libstdc++.a(class_type_info.o)
 .ARM.exidx.text._ZNK10__cxxabiv117__class_type_info20__do_find_public_srcEiPKvPKS0_S2_
                0x00000000000066b8        0x8 /Applications/lpcxpresso_6.0.2_151/lpcxpresso/tools/bin/../lib/gcc/arm-none-eabi/4.6.2/../../../../arm-none-eabi/lib/armv6-m/libstdc++.a(class_type_info.o)
 .ARM.exidx.text._ZNK10__cxxabiv117__class_type_info11__do_upcastEPKS0_PKvRNS0_15__upcast_resultE
                0x00000000000066c0        0x8 /Applications/lpcxpresso_6.0.2_151/lpcxpresso/tools/bin/../lib/gcc/arm-none-eabi/4.6.2/../../../../arm-none-eabi/lib/armv6-m/libstdc++.a(class_type_info.o)
 .ARM.exidx.text._ZN10__cxxabiv117__class_type_infoD2Ev
                0x00000000000066c8        0x8 /Applications/lpcxpresso_6.0.2_151/lpcxpresso/tools/bin/../lib/gcc/arm-none-eabi/4.6.2/../../../../arm-none-eabi/lib/armv6-m/libstdc++.a(class_type_info.o)
 .ARM.exidx.text._ZN10__cxxabiv117__class_type_infoD0Ev
                0x00000000000066d0        0x0 /Applications/lpcxpresso_6.0.2_151/lpcxpresso/tools/bin/../lib/gcc/arm-none-eabi/4.6.2/../../../../arm-none-eabi/lib/armv6-m/libstdc++.a(class_type_info.o)
                                          0x8 (size before relaxing)
 .ARM.exidx.text._ZNK10__cxxabiv117__class_type_info12__do_dyncastEiNS0_10__sub_kindEPKS0_PKvS3_S5_RNS0_16__dyncast_resultE
                0x00000000000066d0        0x8 /Applications/lpcxpresso_6.0.2_151/lpcxpresso/tools/bin/../lib/gcc/arm-none-eabi/4.6.2/../../../../arm-none-eabi/lib/armv6-m/libstdc++.a(class_type_info.o)
 .ARM.exidx.text._ZNK10__cxxabiv117__class_type_info10__do_catchEPKSt9type_infoPPvj
                0x00000000000066d8        0x8 /Applications/lpcxpresso_6.0.2_151/lpcxpresso/tools/bin/../lib/gcc/arm-none-eabi/4.6.2/../../../../arm-none-eabi/lib/armv6-m/libstdc++.a(class_type_info.o)
 .ARM.exidx.text._ZN10__cxxabiv120__si_class_type_infoD2Ev
                0x00000000000066e0        0x8 /Applications/lpcxpresso_6.0.2_151/lpcxpresso/tools/bin/../lib/gcc/arm-none-eabi/4.6.2/../../../../arm-none-eabi/lib/armv6-m/libstdc++.a(si_class_type_info.o)
 .ARM.exidx.text._ZN10__cxxabiv120__si_class_type_infoD0Ev
                0x00000000000066e8        0x0 /Applications/lpcxpresso_6.0.2_151/lpcxpresso/tools/bin/../lib/gcc/arm-none-eabi/4.6.2/../../../../arm-none-eabi/lib/armv6-m/libstdc++.a(si_class_type_info.o)
                                          0x8 (size before relaxing)
 .ARM.exidx.text._ZNK10__cxxabiv120__si_class_type_info11__do_upcastEPKNS_17__class_type_infoEPKvRNS1_15__upcast_resultE
                0x00000000000066e8        0x8 /Applications/lpcxpresso_6.0.2_151/lpcxpresso/tools/bin/../lib/gcc/arm-none-eabi/4.6.2/../../../../arm-none-eabi/lib/armv6-m/libstdc++.a(si_class_type_info.o)
 .ARM.exidx.text._ZNK10__cxxabiv120__si_class_type_info12__do_dyncastEiNS_17__class_type_info10__sub_kindEPKS1_PKvS4_S6_RNS1_16__dyncast_resultE
                0x00000000000066f0        0x8 /Applications/lpcxpresso_6.0.2_151/lpcxpresso/tools/bin/../lib/gcc/arm-none-eabi/4.6.2/../../../../arm-none-eabi/lib/armv6-m/libstdc++.a(si_class_type_info.o)
 .ARM.exidx.text._ZNK10__cxxabiv120__si_class_type_info20__do_find_public_srcEiPKvPKNS_17__class_type_infoES2_
                0x00000000000066f8        0x8 /Applications/lpcxpresso_6.0.2_151/lpcxpresso/tools/bin/../lib/gcc/arm-none-eabi/4.6.2/../../../../arm-none-eabi/lib/armv6-m/libstdc++.a(si_class_type_info.o)
 .ARM.exidx.text._ZNSt9type_infoD2Ev
                0x0000000000006700        0x8 /Applications/lpcxpresso_6.0.2_151/lpcxpresso/tools/bin/../lib/gcc/arm-none-eabi/4.6.2/../../../../arm-none-eabi/lib/armv6-m/libstdc++.a(tinfo.o)
 .ARM.exidx.text._ZNKSt9type_info14__is_pointer_pEv
                0x0000000000006708        0x0 /Applications/lpcxpresso_6.0.2_151/lpcxpresso/tools/bin/../lib/gcc/arm-none-eabi/4.6.2/../../../../arm-none-eabi/lib/armv6-m/libstdc++.a(tinfo.o)
                                          0x8 (size before relaxing)
 .ARM.exidx.text._ZNKSt9type_info15__is_function_pEv
                0x0000000000006708        0x0 /Applications/lpcxpresso_6.0.2_151/lpcxpresso/tools/bin/../lib/gcc/arm-none-eabi/4.6.2/../../../../arm-none-eabi/lib/armv6-m/libstdc++.a(tinfo.o)
                                          0x8 (size before relaxing)
 .ARM.exidx.text._ZNKSt9type_info11__do_upcastEPKN10__cxxabiv117__class_type_infoEPPv
                0x0000000000006708        0x0 /Applications/lpcxpresso_6.0.2_151/lpcxpresso/tools/bin/../lib/gcc/arm-none-eabi/4.6.2/../../../../arm-none-eabi/lib/armv6-m/libstdc++.a(tinfo.o)
                                          0x8 (size before relaxing)
 .ARM.exidx.text._ZNSt9type_infoD0Ev
                0x0000000000006708        0x0 /Applications/lpcxpresso_6.0.2_151/lpcxpresso/tools/bin/../lib/gcc/arm-none-eabi/4.6.2/../../../../arm-none-eabi/lib/armv6-m/libstdc++.a(tinfo.o)
                                          0x8 (size before relaxing)
 .ARM.exidx.text._ZNKSt9type_infoeqERKS_
                0x0000000000006708        0x0 /Applications/lpcxpresso_6.0.2_151/lpcxpresso/tools/bin/../lib/gcc/arm-none-eabi/4.6.2/../../../../arm-none-eabi/lib/armv6-m/libstdc++.a(tinfo.o)
                                          0x8 (size before relaxing)
 .ARM.exidx.text._ZNKSt9type_info10__do_catchEPKS_PPvj
                0x0000000000006708        0x0 /Applications/lpcxpresso_6.0.2_151/lpcxpresso/tools/bin/../lib/gcc/arm-none-eabi/4.6.2/../../../../arm-none-eabi/lib/armv6-m/libstdc++.a(tinfo.o)
                                          0x8 (size before relaxing)
                0x0000000000006708                __exidx_end = .
                0x0000000000006708                _etext = .

.uninit_RESERVED
                0x0000000010000000        0x0
 *(.bss.$RESERVED*)
                0x0000000010000000                . = ALIGN (0x4)
                0x0000000010000000                _end_uninit_RESERVED = .

.data           0x0000000010000000      0x844 load address 0x0000000000006708
 FILL mask 0xff
                0x0000000010000000                _data = .
 *(vtable)
 *(.data*)
 .data.SystemCoreClock
                0x0000000010000000        0x4 /Users/take/proj/LBED/lbed/CMSISv2p00_LPC11xx/Debug/libCMSISv2p00_LPC11xx.a(system_LPC11xx.o)
                0x0000000010000000                SystemCoreClock
 .data._ZN8SdVolume17cacheBlockNumber_E
                0x0000000010000004        0x4 /Users/take/proj/LBED/lbed/LBED_lbeDuino_USERLIB/Debug/libLBED_lbeDuino_USERLIB.a(SdVolume.o)
                0x0000000010000004                _ZN8SdVolume17cacheBlockNumber_E
 .data.__malloc_av_
                0x0000000010000008      0x408 /Applications/lpcxpresso_6.0.2_151/lpcxpresso/tools/bin/../lib/gcc/arm-none-eabi/4.6.2/../../../../arm-none-eabi/lib/armv6-m/libc.a(lib_a-mallocr.o)
                0x0000000010000008                __malloc_av_
 .data.__malloc_trim_threshold
                0x0000000010000410        0x4 /Applications/lpcxpresso_6.0.2_151/lpcxpresso/tools/bin/../lib/gcc/arm-none-eabi/4.6.2/../../../../arm-none-eabi/lib/armv6-m/libc.a(lib_a-mallocr.o)
                0x0000000010000410                __malloc_trim_threshold
 .data.__malloc_sbrk_base
                0x0000000010000414        0x4 /Applications/lpcxpresso_6.0.2_151/lpcxpresso/tools/bin/../lib/gcc/arm-none-eabi/4.6.2/../../../../arm-none-eabi/lib/armv6-m/libc.a(lib_a-mallocr.o)
                0x0000000010000414                __malloc_sbrk_base
 .data.impure_data
                0x0000000010000418      0x428 /Applications/lpcxpresso_6.0.2_151/lpcxpresso/tools/bin/../lib/gcc/arm-none-eabi/4.6.2/../../../../arm-none-eabi/lib/armv6-m/libc.a(lib_a-impure.o)
 .data._impure_ptr
                0x0000000010000840        0x4 /Applications/lpcxpresso_6.0.2_151/lpcxpresso/tools/bin/../lib/gcc/arm-none-eabi/4.6.2/../../../../arm-none-eabi/lib/armv6-m/libc.a(lib_a-impure.o)
                0x0000000010000840                _impure_ptr
                0x0000000010000844                . = ALIGN (0x4)
                0x0000000010000844                _edata = .

.jcr            0x0000000010000844        0x0 load address 0x0000000000006f4c
 .jcr           0x0000000010000844        0x0 /Applications/lpcxpresso_6.0.2_151/lpcxpresso/tools/bin/../lib/gcc/arm-none-eabi/4.6.2/armv6-m/crtbegin.o

.bss            0x0000000010000844      0x2ac load address 0x0000000000006f4c
                0x0000000010000844                _bss = .
 *(.bss*)
 .bss._ZN6SdFile9dateTime_E
                0x0000000010000844        0x4 /Users/take/proj/LBED/lbed/LBED_lbeDuino_USERLIB/Debug/libLBED_lbeDuino_USERLIB.a(SdFile.o)
                0x0000000010000844                _ZN6SdFile9dateTime_E
 .bss.pc_       0x0000000010000848       0x10 /Users/take/proj/LBED/lbed/LBED_lbeDuino_USERLIB/Debug/libLBED_lbeDuino_USERLIB.a(SdFile.o)
                0x0000000010000848                pc_
 .bss._ZN8SdVolume12cacheBuffer_E
                0x0000000010000858      0x200 /Users/take/proj/LBED/lbed/LBED_lbeDuino_USERLIB/Debug/libLBED_lbeDuino_USERLIB.a(SdVolume.o)
                0x0000000010000858                _ZN8SdVolume12cacheBuffer_E
 .bss._ZN8SdVolume7sdCard_E
                0x0000000010000a58        0x4 /Users/take/proj/LBED/lbed/LBED_lbeDuino_USERLIB/Debug/libLBED_lbeDuino_USERLIB.a(SdVolume.o)
                0x0000000010000a58                _ZN8SdVolume7sdCard_E
 .bss._ZN8SdVolume11cacheDirty_E
                0x0000000010000a5c        0x1 /Users/take/proj/LBED/lbed/LBED_lbeDuino_USERLIB/Debug/libLBED_lbeDuino_USERLIB.a(SdVolume.o)
                0x0000000010000a5c                _ZN8SdVolume11cacheDirty_E
 *fill*         0x0000000010000a5d        0x3 00
 .bss._ZN8SdVolume17cacheMirrorBlock_E
                0x0000000010000a60        0x4 /Users/take/proj/LBED/lbed/LBED_lbeDuino_USERLIB/Debug/libLBED_lbeDuino_USERLIB.a(SdVolume.o)
                0x0000000010000a60                _ZN8SdVolume17cacheMirrorBlock_E
 .bss.interruptOverRunStat0
                0x0000000010000a64        0x4 /Users/take/proj/LBED/lbed/LBED_lbeDuino/Debug/libLBED_lbeDuino.a(_ssp.o)
                0x0000000010000a64                interruptOverRunStat0
 .bss.interruptOverRunStat1
                0x0000000010000a68        0x4 /Users/take/proj/LBED/lbed/LBED_lbeDuino/Debug/libLBED_lbeDuino.a(_ssp.o)
                0x0000000010000a68                interruptOverRunStat1
 .bss.interruptRxTimeoutStat0
                0x0000000010000a6c        0x4 /Users/take/proj/LBED/lbed/LBED_lbeDuino/Debug/libLBED_lbeDuino.a(_ssp.o)
                0x0000000010000a6c                interruptRxTimeoutStat0
 .bss.interruptRxStat0
                0x0000000010000a70        0x4 /Users/take/proj/LBED/lbed/LBED_lbeDuino/Debug/libLBED_lbeDuino.a(_ssp.o)
                0x0000000010000a70                interruptRxStat0
 .bss.interruptRxTimeoutStat1
                0x0000000010000a74        0x4 /Users/take/proj/LBED/lbed/LBED_lbeDuino/Debug/libLBED_lbeDuino.a(_ssp.o)
                0x0000000010000a74                interruptRxTimeoutStat1
 .bss.interruptRxStat1
                0x0000000010000a78        0x4 /Users/take/proj/LBED/lbed/LBED_lbeDuino/Debug/libLBED_lbeDuino.a(_ssp.o)
                0x0000000010000a78                interruptRxStat1
 .bss.gpio3_counter
                0x0000000010000a7c        0x4 /Users/take/proj/LBED/lbed/LBED_lbeDuino/Debug/libLBED_lbeDuino.a(_gpio.o)
                0x0000000010000a7c                gpio3_counter
 .bss.gpio1_counter
                0x0000000010000a80        0x4 /Users/take/proj/LBED/lbed/LBED_lbeDuino/Debug/libLBED_lbeDuino.a(_gpio.o)
                0x0000000010000a80                gpio1_counter
 .bss.p1_1_counter
                0x0000000010000a84        0x4 /Users/take/proj/LBED/lbed/LBED_lbeDuino/Debug/libLBED_lbeDuino.a(_gpio.o)
                0x0000000010000a84                p1_1_counter
 .bss.gpio2_counter
                0x0000000010000a88        0x4 /Users/take/proj/LBED/lbed/LBED_lbeDuino/Debug/libLBED_lbeDuino.a(_gpio.o)
                0x0000000010000a88                gpio2_counter
 .bss.p0_1_counter
                0x0000000010000a8c        0x4 /Users/take/proj/LBED/lbed/LBED_lbeDuino/Debug/libLBED_lbeDuino.a(_gpio.o)
                0x0000000010000a8c                p0_1_counter
 .bss.gpio0_counter
                0x0000000010000a90        0x4 /Users/take/proj/LBED/lbed/LBED_lbeDuino/Debug/libLBED_lbeDuino.a(_gpio.o)
                0x0000000010000a90                gpio0_counter
 .bss.p3_1_counter
                0x0000000010000a94        0x4 /Users/take/proj/LBED/lbed/LBED_lbeDuino/Debug/libLBED_lbeDuino.a(_gpio.o)
                0x0000000010000a94                p3_1_counter
 .bss.p2_1_counter
                0x0000000010000a98        0x4 /Users/take/proj/LBED/lbed/LBED_lbeDuino/Debug/libLBED_lbeDuino.a(_gpio.o)
                0x0000000010000a98                p2_1_counter
 .bss.__malloc_top_pad
                0x0000000010000a9c        0x4 /Applications/lpcxpresso_6.0.2_151/lpcxpresso/tools/bin/../lib/gcc/arm-none-eabi/4.6.2/../../../../arm-none-eabi/lib/armv6-m/libc.a(lib_a-mallocr.o)
                0x0000000010000a9c                __malloc_top_pad
 .bss.__malloc_current_mallinfo
                0x0000000010000aa0       0x28 /Applications/lpcxpresso_6.0.2_151/lpcxpresso/tools/bin/../lib/gcc/arm-none-eabi/4.6.2/../../../../arm-none-eabi/lib/armv6-m/libc.a(lib_a-mallocr.o)
                0x0000000010000aa0                __malloc_current_mallinfo
 .bss           0x0000000010000ac8       0x1c /Applications/lpcxpresso_6.0.2_151/lpcxpresso/tools/bin/../lib/gcc/arm-none-eabi/4.6.2/armv6-m/crtbegin.o
 *(COMMON)
 COMMON         0x0000000010000ae4        0x4 /Users/take/proj/LBED/lbed/LBED_lbeDuino/Debug/libLBED_lbeDuino.a(wait_api.o)
                0x0000000010000ae4                msTicks
 COMMON         0x0000000010000ae8        0x4 /Applications/lpcxpresso_6.0.2_151/lpcxpresso/tools/bin/../lib/gcc/arm-none-eabi/4.6.2/../../../../arm-none-eabi/lib/armv6-m/libc.a(lib_a-reent.o)
                0x0000000010000ae8                errno
 COMMON         0x0000000010000aec        0x4 /Applications/lpcxpresso_6.0.2_151/lpcxpresso/tools/bin/../lib/gcc/arm-none-eabi/4.6.2/../../../../arm-none-eabi/lib/armv6-m/libcr_newlib_nohost.a(_cr_sbrk.o)
                0x0000000010000aec                __end_of_heap
                0x0000000010000af0                . = ALIGN (0x4)
                0x0000000010000af0                _ebss = .
                0x0000000010000af0                PROVIDE (end, .)

.noinit         0x0000000010000af0        0x0 load address 0x0000000000006f4c
                0x0000000010000af0                _noinit = .
 *(.noinit*)
                0x0000000010000af0                . = ALIGN (0x4)
                0x0000000010000af0                _end_noinit = .
                0x0000000010000af0                PROVIDE (_pvHeapStart, .)
                0x0000000010001000                PROVIDE (_vStackTop, (__top_RamLoc4 - 0x0))
OUTPUT(LBED_lbeDuino_MAIN.axf elf32-littlearm)

.debug_info     0x0000000000000000    0x13607
 .debug_info    0x0000000000000000      0x210 ./src_base/Main.o
 .debug_info    0x0000000000000210      0x1b8 ./src_base/cr_cpp_config.o
 .debug_info    0x00000000000003c8      0x272 ./src_base/cr_startup_lpc11.o
 .debug_info    0x000000000000063a     0x3a0b ./src/SDCard_Info.o
 .debug_info    0x0000000000004045      0x4e4 /Users/take/proj/LBED/lbed/CMSISv2p00_LPC11xx/Debug/libCMSISv2p00_LPC11xx.a(system_LPC11xx.o)
 .debug_info    0x0000000000004529     0x2182 /Users/take/proj/LBED/lbed/LBED_lbeDuino_USERLIB/Debug/libLBED_lbeDuino_USERLIB.a(Sd2Card.o)
 .debug_info    0x00000000000066ab     0x5198 /Users/take/proj/LBED/lbed/LBED_lbeDuino_USERLIB/Debug/libLBED_lbeDuino_USERLIB.a(SdFile.o)
 .debug_info    0x000000000000b843     0x2864 /Users/take/proj/LBED/lbed/LBED_lbeDuino_USERLIB/Debug/libLBED_lbeDuino_USERLIB.a(SdVolume.o)
 .debug_info    0x000000000000e0a7      0x4c8 /Users/take/proj/LBED/lbed/LBED_lbeDuino/Debug/libLBED_lbeDuino.a(DigitalOut.o)
 .debug_info    0x000000000000e56f      0x784 /Users/take/proj/LBED/lbed/LBED_lbeDuino/Debug/libLBED_lbeDuino.a(Print.o)
 .debug_info    0x000000000000ecf3      0x619 /Users/take/proj/LBED/lbed/LBED_lbeDuino/Debug/libLBED_lbeDuino.a(SPI.o)
 .debug_info    0x000000000000f30c      0xeaf /Users/take/proj/LBED/lbed/LBED_lbeDuino/Debug/libLBED_lbeDuino.a(Serial.o)
 .debug_info    0x00000000000101bb       0x3a /Users/take/proj/LBED/lbed/LBED_lbeDuino/Debug/libLBED_lbeDuino.a(pure_virtual.o)
 .debug_info    0x00000000000101f5      0x4ce /Users/take/proj/LBED/lbed/LBED_lbeDuino/Debug/libLBED_lbeDuino.a(wait_api.o)
 .debug_info    0x00000000000106c3      0xd7b /Users/take/proj/LBED/lbed/LBED_lbeDuino/Debug/libLBED_lbeDuino.a(_ssp.o)
 .debug_info    0x000000000001143e      0xf74 /Users/take/proj/LBED/lbed/LBED_lbeDuino/Debug/libLBED_lbeDuino.a(DigitalIn.o)
 .debug_info    0x00000000000123b2      0xec4 /Users/take/proj/LBED/lbed/LBED_lbeDuino/Debug/libLBED_lbeDuino.a(_gpio.o)
 .debug_info    0x0000000000013276      0x108 /Applications/lpcxpresso_6.0.2_151/lpcxpresso/tools/bin/../lib/gcc/arm-none-eabi/4.6.2/../../../../arm-none-eabi/lib/armv6-m/libcr_newlib_nohost.a(_cr_sbrk.o)
 .debug_info    0x000000000001337e       0x60 /Applications/lpcxpresso_6.0.2_151/lpcxpresso/tools/bin/../lib/gcc/arm-none-eabi/4.6.2/../../../../arm-none-eabi/lib/armv6-m/libcr_newlib_nohost.a(_exit.o)
 .debug_info    0x00000000000133de       0xa9 /Applications/lpcxpresso_6.0.2_151/lpcxpresso/tools/bin/../lib/gcc/arm-none-eabi/4.6.2/../../../../arm-none-eabi/lib/armv6-m/libcr_newlib_nohost.a(getpid.o)
 .debug_info    0x0000000000013487       0xca /Applications/lpcxpresso_6.0.2_151/lpcxpresso/tools/bin/../lib/gcc/arm-none-eabi/4.6.2/../../../../arm-none-eabi/lib/armv6-m/libcr_newlib_nohost.a(kill.o)
 .debug_info    0x0000000000013551       0xb6 /Applications/lpcxpresso_6.0.2_151/lpcxpresso/tools/bin/../lib/gcc/arm-none-eabi/4.6.2/../../../../arm-none-eabi/lib/armv6-m/libcr_newlib_nohost.a(_cr_check_heap.o)

.debug_abbrev   0x0000000000000000     0x32fa
 .debug_abbrev  0x0000000000000000      0x110 ./src_base/Main.o
 .debug_abbrev  0x0000000000000110       0xf9 ./src_base/cr_cpp_config.o
 .debug_abbrev  0x0000000000000209      0x118 ./src_base/cr_startup_lpc11.o
 .debug_abbrev  0x0000000000000321      0x6f7 ./src/SDCard_Info.o
 .debug_abbrev  0x0000000000000a18       0xec /Users/take/proj/LBED/lbed/CMSISv2p00_LPC11xx/Debug/libCMSISv2p00_LPC11xx.a(system_LPC11xx.o)
 .debug_abbrev  0x0000000000000b04      0x503 /Users/take/proj/LBED/lbed/LBED_lbeDuino_USERLIB/Debug/libLBED_lbeDuino_USERLIB.a(Sd2Card.o)
 .debug_abbrev  0x0000000000001007      0x926 /Users/take/proj/LBED/lbed/LBED_lbeDuino_USERLIB/Debug/libLBED_lbeDuino_USERLIB.a(SdFile.o)
 .debug_abbrev  0x000000000000192d      0x4bd /Users/take/proj/LBED/lbed/LBED_lbeDuino_USERLIB/Debug/libLBED_lbeDuino_USERLIB.a(SdVolume.o)
 .debug_abbrev  0x0000000000001dea      0x233 /Users/take/proj/LBED/lbed/LBED_lbeDuino/Debug/libLBED_lbeDuino.a(DigitalOut.o)
 .debug_abbrev  0x000000000000201d      0x1e2 /Users/take/proj/LBED/lbed/LBED_lbeDuino/Debug/libLBED_lbeDuino.a(Print.o)
 .debug_abbrev  0x00000000000021ff      0x277 /Users/take/proj/LBED/lbed/LBED_lbeDuino/Debug/libLBED_lbeDuino.a(SPI.o)
 .debug_abbrev  0x0000000000002476      0x2dd /Users/take/proj/LBED/lbed/LBED_lbeDuino/Debug/libLBED_lbeDuino.a(Serial.o)
 .debug_abbrev  0x0000000000002753       0x27 /Users/take/proj/LBED/lbed/LBED_lbeDuino/Debug/libLBED_lbeDuino.a(pure_virtual.o)
 .debug_abbrev  0x000000000000277a      0x1e8 /Users/take/proj/LBED/lbed/LBED_lbeDuino/Debug/libLBED_lbeDuino.a(wait_api.o)
 .debug_abbrev  0x0000000000002962      0x25f /Users/take/proj/LBED/lbed/LBED_lbeDuino/Debug/libLBED_lbeDuino.a(_ssp.o)
 .debug_abbrev  0x0000000000002bc1      0x29f /Users/take/proj/LBED/lbed/LBED_lbeDuino/Debug/libLBED_lbeDuino.a(DigitalIn.o)
 .debug_abbrev  0x0000000000002e60      0x273 /Users/take/proj/LBED/lbed/LBED_lbeDuino/Debug/libLBED_lbeDuino.a(_gpio.o)
 .debug_abbrev  0x00000000000030d3       0x99 /Applications/lpcxpresso_6.0.2_151/lpcxpresso/tools/bin/../lib/gcc/arm-none-eabi/4.6.2/../../../../arm-none-eabi/lib/armv6-m/libcr_newlib_nohost.a(_cr_sbrk.o)
 .debug_abbrev  0x000000000000316c       0x54 /Applications/lpcxpresso_6.0.2_151/lpcxpresso/tools/bin/../lib/gcc/arm-none-eabi/4.6.2/../../../../arm-none-eabi/lib/armv6-m/libcr_newlib_nohost.a(_exit.o)
 .debug_abbrev  0x00000000000031c0       0x54 /Applications/lpcxpresso_6.0.2_151/lpcxpresso/tools/bin/../lib/gcc/arm-none-eabi/4.6.2/../../../../arm-none-eabi/lib/armv6-m/libcr_newlib_nohost.a(getpid.o)
 .debug_abbrev  0x0000000000003214       0x74 /Applications/lpcxpresso_6.0.2_151/lpcxpresso/tools/bin/../lib/gcc/arm-none-eabi/4.6.2/../../../../arm-none-eabi/lib/armv6-m/libcr_newlib_nohost.a(kill.o)
 .debug_abbrev  0x0000000000003288       0x72 /Applications/lpcxpresso_6.0.2_151/lpcxpresso/tools/bin/../lib/gcc/arm-none-eabi/4.6.2/../../../../arm-none-eabi/lib/armv6-m/libcr_newlib_nohost.a(_cr_check_heap.o)

.debug_loc      0x0000000000000000     0x4688
 .debug_loc     0x0000000000000000       0x20 ./src_base/Main.o
 .debug_loc     0x0000000000000020       0xff ./src_base/cr_cpp_config.o
 .debug_loc     0x000000000000011f      0x26f ./src_base/cr_startup_lpc11.o
 .debug_loc     0x000000000000038e      0x18f ./src/SDCard_Info.o
 .debug_loc     0x000000000000051d       0x98 /Users/take/proj/LBED/lbed/CMSISv2p00_LPC11xx/Debug/libCMSISv2p00_LPC11xx.a(system_LPC11xx.o)
 .debug_loc     0x00000000000005b5      0xb4e /Users/take/proj/LBED/lbed/LBED_lbeDuino_USERLIB/Debug/libLBED_lbeDuino_USERLIB.a(Sd2Card.o)
 .debug_loc     0x0000000000001103     0x1951 /Users/take/proj/LBED/lbed/LBED_lbeDuino_USERLIB/Debug/libLBED_lbeDuino_USERLIB.a(SdFile.o)
 .debug_loc     0x0000000000002a54      0x288 /Users/take/proj/LBED/lbed/LBED_lbeDuino_USERLIB/Debug/libLBED_lbeDuino_USERLIB.a(SdVolume.o)
 .debug_loc     0x0000000000002cdc      0x132 /Users/take/proj/LBED/lbed/LBED_lbeDuino/Debug/libLBED_lbeDuino.a(DigitalOut.o)
 .debug_loc     0x0000000000002e0e      0x841 /Users/take/proj/LBED/lbed/LBED_lbeDuino/Debug/libLBED_lbeDuino.a(Print.o)
 .debug_loc     0x000000000000364f      0x2b3 /Users/take/proj/LBED/lbed/LBED_lbeDuino/Debug/libLBED_lbeDuino.a(SPI.o)
 .debug_loc     0x0000000000003902      0x243 /Users/take/proj/LBED/lbed/LBED_lbeDuino/Debug/libLBED_lbeDuino.a(Serial.o)
 .debug_loc     0x0000000000003b45       0x20 /Users/take/proj/LBED/lbed/LBED_lbeDuino/Debug/libLBED_lbeDuino.a(pure_virtual.o)
 .debug_loc     0x0000000000003b65       0x9e /Users/take/proj/LBED/lbed/LBED_lbeDuino/Debug/libLBED_lbeDuino.a(wait_api.o)
 .debug_loc     0x0000000000003c03      0x2dd /Users/take/proj/LBED/lbed/LBED_lbeDuino/Debug/libLBED_lbeDuino.a(_ssp.o)
 .debug_loc     0x0000000000003ee0      0x127 /Users/take/proj/LBED/lbed/LBED_lbeDuino/Debug/libLBED_lbeDuino.a(DigitalIn.o)
 .debug_loc     0x0000000000004007      0x5b3 /Users/take/proj/LBED/lbed/LBED_lbeDuino/Debug/libLBED_lbeDuino.a(_gpio.o)
 .debug_loc     0x00000000000045ba       0x68 /Applications/lpcxpresso_6.0.2_151/lpcxpresso/tools/bin/../lib/gcc/arm-none-eabi/4.6.2/../../../../arm-none-eabi/lib/armv6-m/libcr_newlib_nohost.a(_cr_sbrk.o)
 .debug_loc     0x0000000000004622       0x20 /Applications/lpcxpresso_6.0.2_151/lpcxpresso/tools/bin/../lib/gcc/arm-none-eabi/4.6.2/../../../../arm-none-eabi/lib/armv6-m/libcr_newlib_nohost.a(_exit.o)
 .debug_loc     0x0000000000004642       0x13 /Applications/lpcxpresso_6.0.2_151/lpcxpresso/tools/bin/../lib/gcc/arm-none-eabi/4.6.2/../../../../arm-none-eabi/lib/armv6-m/libcr_newlib_nohost.a(kill.o)
 .debug_loc     0x0000000000004655       0x33 /Applications/lpcxpresso_6.0.2_151/lpcxpresso/tools/bin/../lib/gcc/arm-none-eabi/4.6.2/../../../../arm-none-eabi/lib/armv6-m/libcr_newlib_nohost.a(_cr_check_heap.o)

.debug_aranges  0x0000000000000000      0x628
 .debug_aranges
                0x0000000000000000       0x20 ./src_base/Main.o
 .debug_aranges
                0x0000000000000020       0x48 ./src_base/cr_cpp_config.o
 .debug_aranges
                0x0000000000000068       0x58 ./src_base/cr_startup_lpc11.o
 .debug_aranges
                0x00000000000000c0       0x38 ./src/SDCard_Info.o
 .debug_aranges
                0x00000000000000f8       0x28 /Users/take/proj/LBED/lbed/CMSISv2p00_LPC11xx/Debug/libCMSISv2p00_LPC11xx.a(system_LPC11xx.o)
 .debug_aranges
                0x0000000000000120       0xd0 /Users/take/proj/LBED/lbed/LBED_lbeDuino_USERLIB/Debug/libLBED_lbeDuino_USERLIB.a(Sd2Card.o)
 .debug_aranges
                0x00000000000001f0      0x148 /Users/take/proj/LBED/lbed/LBED_lbeDuino_USERLIB/Debug/libLBED_lbeDuino_USERLIB.a(SdFile.o)
 .debug_aranges
                0x0000000000000338       0x78 /Users/take/proj/LBED/lbed/LBED_lbeDuino_USERLIB/Debug/libLBED_lbeDuino_USERLIB.a(SdVolume.o)
 .debug_aranges
                0x00000000000003b0       0x20 /Users/take/proj/LBED/lbed/LBED_lbeDuino/Debug/libLBED_lbeDuino.a(DigitalOut.o)
 .debug_aranges
                0x00000000000003d0       0x20 /Users/take/proj/LBED/lbed/LBED_lbeDuino/Debug/libLBED_lbeDuino.a(Print.o)
 .debug_aranges
                0x00000000000003f0       0x20 /Users/take/proj/LBED/lbed/LBED_lbeDuino/Debug/libLBED_lbeDuino.a(SPI.o)
 .debug_aranges
                0x0000000000000410       0x30 /Users/take/proj/LBED/lbed/LBED_lbeDuino/Debug/libLBED_lbeDuino.a(Serial.o)
 .debug_aranges
                0x0000000000000440       0x20 /Users/take/proj/LBED/lbed/LBED_lbeDuino/Debug/libLBED_lbeDuino.a(pure_virtual.o)
 .debug_aranges
                0x0000000000000460       0x40 /Users/take/proj/LBED/lbed/LBED_lbeDuino/Debug/libLBED_lbeDuino.a(wait_api.o)
 .debug_aranges
                0x00000000000004a0       0x48 /Users/take/proj/LBED/lbed/LBED_lbeDuino/Debug/libLBED_lbeDuino.a(_ssp.o)
 .debug_aranges
                0x00000000000004e8       0x20 /Users/take/proj/LBED/lbed/LBED_lbeDuino/Debug/libLBED_lbeDuino.a(DigitalIn.o)
 .debug_aranges
                0x0000000000000508       0x80 /Users/take/proj/LBED/lbed/LBED_lbeDuino/Debug/libLBED_lbeDuino.a(_gpio.o)
 .debug_aranges
                0x0000000000000588       0x20 /Applications/lpcxpresso_6.0.2_151/lpcxpresso/tools/bin/../lib/gcc/arm-none-eabi/4.6.2/../../../../arm-none-eabi/lib/armv6-m/libcr_newlib_nohost.a(_cr_sbrk.o)
 .debug_aranges
                0x00000000000005a8       0x20 /Applications/lpcxpresso_6.0.2_151/lpcxpresso/tools/bin/../lib/gcc/arm-none-eabi/4.6.2/../../../../arm-none-eabi/lib/armv6-m/libcr_newlib_nohost.a(_exit.o)
 .debug_aranges
                0x00000000000005c8       0x20 /Applications/lpcxpresso_6.0.2_151/lpcxpresso/tools/bin/../lib/gcc/arm-none-eabi/4.6.2/../../../../arm-none-eabi/lib/armv6-m/libcr_newlib_nohost.a(getpid.o)
 .debug_aranges