Archive member included because of file (symbol)

/Users/take/proj/LBED/lbed/CMSISv2p00_LPC11xx/Debug/libCMSISv2p00_LPC11xx.a(system_LPC11xx.o)
                              ./src_base/cr_startup_lpc11.o (SystemInit)
/Users/take/proj/LBED/lbed/LBED_NeXtPino_USERLIB/Debug/libLBED_NeXtPino_USERLIB.a(TextLCD.o)
                              ./src/TextLCD.o (_ZN7TextLCD6locateEii)
/Users/take/proj/LBED/lbed/LBED_NeXtPino/Debug/libLBED_NeXtPino.a(BusOut.o)
                              /Users/take/proj/LBED/lbed/LBED_NeXtPino_USERLIB/Debug/libLBED_NeXtPino_USERLIB.a(TextLCD.o) (_ZN6BusOut5writeEi)
/Users/take/proj/LBED/lbed/LBED_NeXtPino/Debug/libLBED_NeXtPino.a(DigitalOut.o)
                              /Users/take/proj/LBED/lbed/LBED_NeXtPino/Debug/libLBED_NeXtPino.a(BusOut.o) (_ZN10DigitalOut5setupEiPKc)
/Users/take/proj/LBED/lbed/LBED_NeXtPino/Debug/libLBED_NeXtPino.a(Print.o)
                              /Users/take/proj/LBED/lbed/LBED_NeXtPino_USERLIB/Debug/libLBED_NeXtPino_USERLIB.a(TextLCD.o) (_ZN5Print5writeEPKci)
/Users/take/proj/LBED/lbed/LBED_NeXtPino/Debug/libLBED_NeXtPino.a(pure_virtual.o)
                              /Users/take/proj/LBED/lbed/LBED_NeXtPino/Debug/libLBED_NeXtPino.a(Print.o) (__cxa_pure_virtual)
/Users/take/proj/LBED/lbed/LBED_NeXtPino/Debug/libLBED_NeXtPino.a(wait_api.o)
                              ./src_base/cr_startup_lpc11.o (wait_init)
/Applications/lpcxpresso_6.0.2_151/lpcxpresso/tools/bin/../lib/gcc/arm-none-eabi/4.6.2/armv6-m/libgcc.a(_udivsi3.o)
                              /Users/take/proj/LBED/lbed/CMSISv2p00_LPC11xx/Debug/libCMSISv2p00_LPC11xx.a(system_LPC11xx.o) (__aeabi_uidiv)
/Applications/lpcxpresso_6.0.2_151/lpcxpresso/tools/bin/../lib/gcc/arm-none-eabi/4.6.2/armv6-m/libgcc.a(_dvmd_tls.o)
                              /Applications/lpcxpresso_6.0.2_151/lpcxpresso/tools/bin/../lib/gcc/arm-none-eabi/4.6.2/armv6-m/libgcc.a(_udivsi3.o) (__aeabi_idiv0)
/Applications/lpcxpresso_6.0.2_151/lpcxpresso/tools/bin/../lib/gcc/arm-none-eabi/4.6.2/armv6-m/libgcc.a(_arm_cmpdf2.o)
                              /Users/take/proj/LBED/lbed/LBED_NeXtPino/Debug/libLBED_NeXtPino.a(Print.o) (__aeabi_dcmplt)
/Applications/lpcxpresso_6.0.2_151/lpcxpresso/tools/bin/../lib/gcc/arm-none-eabi/4.6.2/armv6-m/libgcc.a(_fixunsdfsi.o)
                              /Users/take/proj/LBED/lbed/LBED_NeXtPino/Debug/libLBED_NeXtPino.a(Print.o) (__aeabi_d2uiz)
/Applications/lpcxpresso_6.0.2_151/lpcxpresso/tools/bin/../lib/gcc/arm-none-eabi/4.6.2/armv6-m/libgcc.a(adddf3.o)
                              /Users/take/proj/LBED/lbed/LBED_NeXtPino/Debug/libLBED_NeXtPino.a(Print.o) (__aeabi_dadd)
/Applications/lpcxpresso_6.0.2_151/lpcxpresso/tools/bin/../lib/gcc/arm-none-eabi/4.6.2/armv6-m/libgcc.a(divdf3.o)
                              /Users/take/proj/LBED/lbed/LBED_NeXtPino/Debug/libLBED_NeXtPino.a(Print.o) (__aeabi_ddiv)
/Applications/lpcxpresso_6.0.2_151/lpcxpresso/tools/bin/../lib/gcc/arm-none-eabi/4.6.2/armv6-m/libgcc.a(eqdf2.o)
                              /Applications/lpcxpresso_6.0.2_151/lpcxpresso/tools/bin/../lib/gcc/arm-none-eabi/4.6.2/armv6-m/libgcc.a(_arm_cmpdf2.o) (__eqdf2)
/Applications/lpcxpresso_6.0.2_151/lpcxpresso/tools/bin/../lib/gcc/arm-none-eabi/4.6.2/armv6-m/libgcc.a(gedf2.o)
                              /Applications/lpcxpresso_6.0.2_151/lpcxpresso/tools/bin/../lib/gcc/arm-none-eabi/4.6.2/armv6-m/libgcc.a(_arm_cmpdf2.o) (__gedf2)
/Applications/lpcxpresso_6.0.2_151/lpcxpresso/tools/bin/../lib/gcc/arm-none-eabi/4.6.2/armv6-m/libgcc.a(ledf2.o)
                              /Applications/lpcxpresso_6.0.2_151/lpcxpresso/tools/bin/../lib/gcc/arm-none-eabi/4.6.2/armv6-m/libgcc.a(_arm_cmpdf2.o) (__ledf2)
/Applications/lpcxpresso_6.0.2_151/lpcxpresso/tools/bin/../lib/gcc/arm-none-eabi/4.6.2/armv6-m/libgcc.a(muldf3.o)
                              /Users/take/proj/LBED/lbed/LBED_NeXtPino/Debug/libLBED_NeXtPino.a(Print.o) (__aeabi_dmul)
/Applications/lpcxpresso_6.0.2_151/lpcxpresso/tools/bin/../lib/gcc/arm-none-eabi/4.6.2/armv6-m/libgcc.a(subdf3.o)
                              /Users/take/proj/LBED/lbed/LBED_NeXtPino/Debug/libLBED_NeXtPino.a(Print.o) (__aeabi_dsub)
/Applications/lpcxpresso_6.0.2_151/lpcxpresso/tools/bin/../lib/gcc/arm-none-eabi/4.6.2/armv6-m/libgcc.a(fixdfsi.o)
                              /Users/take/proj/LBED/lbed/LBED_NeXtPino/Debug/libLBED_NeXtPino.a(Print.o) (__aeabi_d2iz)
/Applications/lpcxpresso_6.0.2_151/lpcxpresso/tools/bin/../lib/gcc/arm-none-eabi/4.6.2/armv6-m/libgcc.a(floatsidf.o)
                              /Users/take/proj/LBED/lbed/LBED_NeXtPino/Debug/libLBED_NeXtPino.a(Print.o) (__aeabi_i2d)
/Applications/lpcxpresso_6.0.2_151/lpcxpresso/tools/bin/../lib/gcc/arm-none-eabi/4.6.2/armv6-m/libgcc.a(floatunsidf.o)
                              /Users/take/proj/LBED/lbed/LBED_NeXtPino/Debug/libLBED_NeXtPino.a(Print.o) (__aeabi_ui2d)
/Applications/lpcxpresso_6.0.2_151/lpcxpresso/tools/bin/../lib/gcc/arm-none-eabi/4.6.2/armv6-m/libgcc.a(unwind-arm.o)
[...]
Memory Configuration

Name             Origin             Length             Attributes
MFlash32         0x0000000000000000 0x0000000000008000 xr
RamLoc4          0x0000000010000000 0x0000000000001000 xrw
*default*        0x0000000000000000 0xffffffffffffffff

Linker script and memory map

LOAD ./src_base/Main.o
LOAD ./src_base/cr_cpp_config.o
LOAD ./src_base/cr_startup_lpc11.o
LOAD ./src/TextLCD.o
LOAD /Users/take/proj/LBED/lbed/CMSISv2p00_LPC11xx/Debug/libCMSISv2p00_LPC11xx.a
LOAD /Users/take/proj/LBED/lbed/LBED_NeXtPino_USERLIB/Debug/libLBED_NeXtPino_USERLIB.a
LOAD /Users/take/proj/LBED/lbed/LBED_NeXtPino/Debug/libLBED_NeXtPino.a
START GROUP
LOAD /Applications/lpcxpresso_6.0.2_151/lpcxpresso/tools/bin/../lib/gcc/arm-none-eabi/4.6.2/armv6-m/libgcc.a
LOAD /Applications/lpcxpresso_6.0.2_151/lpcxpresso/tools/bin/../lib/gcc/arm-none-eabi/4.6.2/../../../../arm-none-eabi/lib/armv6-m/libc.a
LOAD /Applications/lpcxpresso_6.0.2_151/lpcxpresso/tools/bin/../lib/gcc/arm-none-eabi/4.6.2/../../../../arm-none-eabi/lib/armv6-m/libstdc++.a
LOAD /Applications/lpcxpresso_6.0.2_151/lpcxpresso/tools/bin/../lib/gcc/arm-none-eabi/4.6.2/../../../../arm-none-eabi/lib/armv6-m/libm.a
LOAD /Applications/lpcxpresso_6.0.2_151/lpcxpresso/tools/bin/../lib/gcc/arm-none-eabi/4.6.2/../../../../arm-none-eabi/lib/armv6-m/libcr_newlib_nohost.a
LOAD /Applications/lpcxpresso_6.0.2_151/lpcxpresso/tools/bin/../lib/gcc/arm-none-eabi/4.6.2/armv6-m/crti.o
LOAD /Applications/lpcxpresso_6.0.2_151/lpcxpresso/tools/bin/../lib/gcc/arm-none-eabi/4.6.2/armv6-m/crtn.o
LOAD /Applications/lpcxpresso_6.0.2_151/lpcxpresso/tools/bin/../lib/gcc/arm-none-eabi/4.6.2/armv6-m/crtbegin.o
LOAD /Applications/lpcxpresso_6.0.2_151/lpcxpresso/tools/bin/../lib/gcc/arm-none-eabi/4.6.2/armv6-m/crtend.o
END GROUP
                0x0000000000008000                __top_MFlash32 = 0x8000
                0x0000000010001000                __top_RamLoc4 = 0x10001000

.text           0x0000000000000000     0x4c88
 FILL mask 0xff
                0x0000000000000000                __vectors_start__ = ABSOLUTE (.)
 *(.isr_vector)
 .isr_vector    0x0000000000000000       0xc0 ./src_base/cr_startup_lpc11.o
                0x0000000000000000                g_pfnVectors
                0x00000000000000c0                . = ALIGN (0x4)
                0x00000000000000c0                __section_table_start = .
                0x00000000000000c0                __data_section_table = .
                0x00000000000000c0        0x4 LONG 0x4ee0 LOADADDR (.data)
                0x00000000000000c4        0x4 LONG 0x10000000 ADDR (.data)
                0x00000000000000c8        0x4 LONG 0x844 SIZEOF (.data)
                0x00000000000000cc                __data_section_table_end = .
                0x00000000000000cc                __bss_section_table = .
                0x00000000000000cc        0x4 LONG 0x10000844 ADDR (.bss)
                0x00000000000000d0        0x4 LONG 0x194 SIZEOF (.bss)
                0x00000000000000d4                __bss_section_table_end = .
                0x00000000000000d4                __section_table_end = .
 *(.after_vectors*)
 .after_vectors
                0x00000000000000d4      0x15c ./src_base/cr_startup_lpc11.o
                0x00000000000000d4                _Z9data_initjjj
                0x0000000000000120                _Z8bss_initjj
                0x000000000000015c                ResetISR
                0x0000000000000200                NMI_Handler
                0x0000000000000208                HardFault_Handler
                0x0000000000000210                SVC_Handler
                0x0000000000000218                PendSV_Handler
                0x0000000000000220                SysTick_Handler
                0x0000000000000228                TIMER16_1_IRQHandler
                0x0000000000000228                ADC_IRQHandler
                0x0000000000000228                SSP1_IRQHandler
                0x0000000000000228                PIOINT2_IRQHandler
                0x0000000000000228                BOD_IRQHandler
                0x0000000000000228                WAKEUP_IRQHandler
                0x0000000000000228                PIOINT0_IRQHandler
                0x0000000000000228                I2C_IRQHandler
                0x0000000000000228                WDT_IRQHandler
                0x0000000000000228                TIMER16_0_IRQHandler
                0x0000000000000228                PIOINT3_IRQHandler
                0x0000000000000228                UART_IRQHandler
                0x0000000000000228                TIMER32_0_IRQHandler
                0x0000000000000228                TIMER32_1_IRQHandler
                0x0000000000000228                IntDefaultHandler
                0x0000000000000228                PIOINT1_IRQHandler
                0x0000000000000228                CAN_IRQHandler
                0x0000000000000228                SSP0_IRQHandler
 *(.text*)
 .text.main     0x0000000000000230       0x10 ./src_base/Main.o
                0x0000000000000230                main
 .text._ZdlPv   0x0000000000000240       0x18 ./src_base/cr_cpp_config.o
                0x0000000000000240                _ZdlPv
 .text._ZN10DigitalOut5writeEi
                0x0000000000000258       0x58 ./src/TextLCD.o
                0x0000000000000258                _ZN10DigitalOut5writeEi
 .text._ZN10DigitalOut4readEv
                0x00000000000002b0       0x34 ./src/TextLCD.o
                0x00000000000002b0                _ZN10DigitalOut4readEv
 .text._ZN10DigitalOutaSEi
                0x00000000000002e4       0x20 ./src/TextLCD.o
                0x00000000000002e4                _ZN10DigitalOutaSEi
 .text._ZN10DigitalOutcviEv
                0x0000000000000304       0x1c ./src/TextLCD.o
                0x0000000000000304                _ZN10DigitalOutcviEv
 .text._Z5setupv
                0x0000000000000320       0x1c ./src/TextLCD.o
                0x0000000000000320                _Z5setupv
 .text._Z4loopv
                0x000000000000033c       0x6c ./src/TextLCD.o
                0x000000000000033c                _Z4loopv
 .text._Z41__static_initialization_and_destruction_0ii
                0x00000000000003a8       0x70 ./src/TextLCD.o
 .text._GLOBAL__sub_I_led
                0x0000000000000418       0x18 ./src/TextLCD.o
 .text.SystemInit
                0x0000000000000430       0x90 /Users/take/proj/LBED/lbed/CMSISv2p00_LPC11xx/Debug/libCMSISv2p00_LPC11xx.a(system_LPC11xx.o)
                0x0000000000000430                SystemInit
 .text._ZN7TextLCD5writeEc
                0x00000000000004c0       0x2c /Users/take/proj/LBED/lbed/LBED_NeXtPino_USERLIB/Debug/libLBED_NeXtPino_USERLIB.a(TextLCD.o)
                0x00000000000004c0                _ZN7TextLCD5writeEc
 .text._ZN5PrintC2Ev
                0x00000000000004ec       0x1c /Users/take/proj/LBED/lbed/LBED_NeXtPino_USERLIB/Debug/libLBED_NeXtPino_USERLIB.a(TextLCD.o)
                0x00000000000004ec                _ZN5PrintC1Ev
                0x00000000000004ec                _ZN5PrintC2Ev
 .text._ZN7TextLCDC2EiiiiiiNS_7LCDTypeE
                0x0000000000000508      0x148 /Users/take/proj/LBED/lbed/LBED_NeXtPino_USERLIB/Debug/libLBED_NeXtPino_USERLIB.a(TextLCD.o)
                0x0000000000000508                _ZN7TextLCDC1EiiiiiiNS_7LCDTypeE
                0x0000000000000508                _ZN7TextLCDC2EiiiiiiNS_7LCDTypeE
 .text._ZN7TextLCD9characterEiii
                0x0000000000000650       0x40 /Users/take/proj/LBED/lbed/LBED_NeXtPino_USERLIB/Debug/libLBED_NeXtPino_USERLIB.a(TextLCD.o)
                0x0000000000000650                _ZN7TextLCD9characterEiii
 .text._ZN7TextLCD3clsEv
                0x0000000000000690       0x30 /Users/take/proj/LBED/lbed/LBED_NeXtPino_USERLIB/Debug/libLBED_NeXtPino_USERLIB.a(TextLCD.o)
                0x0000000000000690                _ZN7TextLCD3clsEv
 .text._ZN7TextLCD6locateEii
                0x00000000000006c0       0x28 /Users/take/proj/LBED/lbed/LBED_NeXtPino_USERLIB/Debug/libLBED_NeXtPino_USERLIB.a(TextLCD.o)
                0x00000000000006c0                _ZN7TextLCD6locateEii
 .text._ZN7TextLCD5_putcEi
                0x00000000000006e8      0x100 /Users/take/proj/LBED/lbed/LBED_NeXtPino_USERLIB/Debug/libLBED_NeXtPino_USERLIB.a(TextLCD.o)
                0x00000000000006e8                _ZN7TextLCD5_putcEi
 .text._ZN7TextLCD5_getcEv
                0x00000000000007e8       0x14 /Users/take/proj/LBED/lbed/LBED_NeXtPino_USERLIB/Debug/libLBED_NeXtPino_USERLIB.a(TextLCD.o)
                0x00000000000007e8                _ZN7TextLCD5_getcEv
 .text._ZN7TextLCD9writeByteEi
                0x00000000000007fc       0x7c /Users/take/proj/LBED/lbed/LBED_NeXtPino_USERLIB/Debug/libLBED_NeXtPino_USERLIB.a(TextLCD.o)
                0x00000000000007fc                _ZN7TextLCD9writeByteEi
 .text._ZN7TextLCD12writeCommandEi
                0x0000000000000878       0x28 /Users/take/proj/LBED/lbed/LBED_NeXtPino_USERLIB/Debug/libLBED_NeXtPino_USERLIB.a(TextLCD.o)
                0x0000000000000878                _ZN7TextLCD12writeCommandEi
 .text._ZN7TextLCD9writeDataEi
                0x00000000000008a0       0x28 /Users/take/proj/LBED/lbed/LBED_NeXtPino_USERLIB/Debug/libLBED_NeXtPino_USERLIB.a(TextLCD.o)
                0x00000000000008a0                _ZN7TextLCD9writeDataEi
 .text._ZN7TextLCD7addressEii
                0x00000000000008c8       0x74 /Users/take/proj/LBED/lbed/LBED_NeXtPino_USERLIB/Debug/libLBED_NeXtPino_USERLIB.a(TextLCD.o)
                0x00000000000008c8                _ZN7TextLCD7addressEii
 .text._ZN7TextLCD7columnsEv
                0x000000000000093c       0x24 /Users/take/proj/LBED/lbed/LBED_NeXtPino_USERLIB/Debug/libLBED_NeXtPino_USERLIB.a(TextLCD.o)
                0x000000000000093c                _ZN7TextLCD7columnsEv
 .text._ZN7TextLCD4rowsEv
                0x0000000000000960       0x24 /Users/take/proj/LBED/lbed/LBED_NeXtPino_USERLIB/Debug/libLBED_NeXtPino_USERLIB.a(TextLCD.o)
                0x0000000000000960                _ZN7TextLCD4rowsEv
 .text          0x0000000000000984      0x204 /Users/take/proj/LBED/lbed/LBED_NeXtPino/Debug/libLBED_NeXtPino.a(BusOut.o)
                0x0000000000000984                _ZN6BusOutC2Eiiiiiiiiiiiiiiii
                0x0000000000000984                _ZN6BusOutC1Eiiiiiiiiiiiiiiii
                0x0000000000000ad8                _ZN6BusOut5writeEi
                0x0000000000000b24                _ZN6BusOut4readEv
 .text          0x0000000000000b88      0x38c /Users/take/proj/LBED/lbed/LBED_NeXtPino/Debug/libLBED_NeXtPino.a(DigitalOut.o)
                0x0000000000000b88                _ZN10DigitalOutC1Ev
                0x0000000000000b88                _ZN10DigitalOutC2Ev
                0x0000000000000bb0                _ZN10DigitalOutC2EiPKc
                0x0000000000000bb0                _ZN10DigitalOutC1EiPKc
                0x0000000000000bec                _ZN10DigitalOut5setupEiPKc
 *fill*         0x0000000000000f14        0x4 00
 .text          0x0000000000000f18      0x4f8 /Users/take/proj/LBED/lbed/LBED_NeXtPino/Debug/libLBED_NeXtPino.a(Print.o)
                0x0000000000000f18                _ZN5Print5writeEPKci
                0x0000000000000f68                _ZN5Print5printEPKc
                0x0000000000000f88                _ZN5Print5printEc
                0x0000000000000fb4                _ZN5Print5printEdi
                0x0000000000000fe0                _ZN5Print7printlnEv
                0x0000000000001014                _ZN5Print7printlnEPKc
                0x0000000000001048                _ZN5Print7printlnEc
                0x0000000000001084                _ZN5Print5printEmi
                0x00000000000010c8                _ZN5Print5printEii
                0x00000000000010f0                _ZN5Print5printEli
                0x000000000000117c                _ZN5Print11printNumberEmi
                0x0000000000001218                _ZN5Print10printFloatEdi
 .text._ZN5Print5writeEPKc
                0x0000000000001410       0x3c /Users/take/proj/LBED/lbed/LBED_NeXtPino/Debug/libLBED_NeXtPino.a(Print.o)
                0x0000000000001410                _ZN5Print5writeEPKc
 .text          0x000000000000144c        0x8 /Users/take/proj/LBED/lbed/LBED_NeXtPino/Debug/libLBED_NeXtPino.a(pure_virtual.o)
                0x000000000000144c                __cxa_pure_virtual
 .text.wait_init
                0x0000000000001454       0x24 /Users/take/proj/LBED/lbed/LBED_NeXtPino/Debug/libLBED_NeXtPino.a(wait_api.o)
                0x0000000000001454                wait_init
 .text.wait_ms  0x0000000000001478       0x30 /Users/take/proj/LBED/lbed/LBED_NeXtPino/Debug/libLBED_NeXtPino.a(wait_api.o)
                0x0000000000001478                wait_ms
 .text.wait_us  0x00000000000014a8        0x2 /Users/take/proj/LBED/lbed/LBED_NeXtPino/Debug/libLBED_NeXtPino.a(wait_api.o)
                0x00000000000014a8                wait_us
 *fill*         0x00000000000014aa        0x2 00
 .text          0x00000000000014ac       0x9c /Applications/lpcxpresso_6.0.2_151/lpcxpresso/tools/bin/../lib/gcc/arm-none-eabi/4.6.2/armv6-m/libgcc.a(_udivsi3.o)
                0x00000000000014ac                __udivsi3
                0x00000000000014ac                __aeabi_uidiv
                0x0000000000001534                __aeabi_uidivmod
 .text          0x0000000000001548        0x4 /Applications/lpcxpresso_6.0.2_151/lpcxpresso/tools/bin/../lib/gcc/arm-none-eabi/4.6.2/armv6-m/libgcc.a(_dvmd_tls.o)
                0x0000000000001548                __aeabi_ldiv0
                0x0000000000001548                __aeabi_idiv0
 .text          0x000000000000154c       0x7c /Applications/lpcxpresso_6.0.2_151/lpcxpresso/tools/bin/../lib/gcc/arm-none-eabi/4.6.2/armv6-m/libgcc.a(_arm_cmpdf2.o)
                0x000000000000154c                __aeabi_cdrcmple
                0x000000000000155c                __aeabi_cdcmple
                0x000000000000155c                __aeabi_cdcmpeq
                0x000000000000156c                __aeabi_dcmpeq
                0x0000000000001578                __aeabi_dcmplt
                0x000000000000158c                __aeabi_dcmple
                0x00000000000015a0                __aeabi_dcmpgt
                0x00000000000015b4                __aeabi_dcmpge
 .text          0x00000000000015c8       0x40 /Applications/lpcxpresso_6.0.2_151/lpcxpresso/tools/bin/../lib/gcc/arm-none-eabi/4.6.2/armv6-m/libgcc.a(_fixunsdfsi.o)
                0x00000000000015c8                __fixunsdfsi
                0x00000000000015c8                __aeabi_d2uiz
 .text          0x0000000000001608      0x6d4 /Applications/lpcxpresso_6.0.2_151/lpcxpresso/tools/bin/../lib/gcc/arm-none-eabi/4.6.2/armv6-m/libgcc.a(adddf3.o)
                0x0000000000001608                __aeabi_dadd
 .text          0x0000000000001cdc      0x5e4 /Applications/lpcxpresso_6.0.2_151/lpcxpresso/tools/bin/../lib/gcc/arm-none-eabi/4.6.2/armv6-m/libgcc.a(divdf3.o)
                0x0000000000001cdc                __aeabi_ddiv
 .text          0x00000000000022c0       0x80 /Applications/lpcxpresso_6.0.2_151/lpcxpresso/tools/bin/../lib/gcc/arm-none-eabi/4.6.2/armv6-m/libgcc.a(eqdf2.o)
                0x00000000000022c0                __eqdf2
                0x00000000000022c0                __nedf2
 .text          0x0000000000002340       0xec /Applications/lpcxpresso_6.0.2_151/lpcxpresso/tools/bin/../lib/gcc/arm-none-eabi/4.6.2/armv6-m/libgcc.a(gedf2.o)
                0x0000000000002340                __gtdf2
                0x0000000000002340                __gedf2
 .text          0x000000000000242c       0xc0 /Applications/lpcxpresso_6.0.2_151/lpcxpresso/tools/bin/../lib/gcc/arm-none-eabi/4.6.2/armv6-m/libgcc.a(ledf2.o)
                0x000000000000242c                __ltdf2
                0x000000000000242c                __ledf2
 .text          0x00000000000024ec      0x4a4 /Applications/lpcxpresso_6.0.2_151/lpcxpresso/tools/bin/../lib/gcc/arm-none-eabi/4.6.2/armv6-m/libgcc.a(muldf3.o)
                0x00000000000024ec                __aeabi_dmul
 .text          0x0000000000002990      0x72c /Applications/lpcxpresso_6.0.2_151/lpcxpresso/tools/bin/../lib/gcc/arm-none-eabi/4.6.2/armv6-m/libgcc.a(subdf3.o)
                0x0000000000002990                __aeabi_dsub
 .text          0x00000000000030bc       0x68 /Applications/lpcxpresso_6.0.2_151/lpcxpresso/tools/bin/../lib/gcc/arm-none-eabi/4.6.2/armv6-m/libgcc.a(fixdfsi.o)
                0x00000000000030bc                __aeabi_d2iz
 .text          0x0000000000003124       0x78 /Applications/lpcxpresso_6.0.2_151/lpcxpresso/tools/bin/../lib/gcc/arm-none-eabi/4.6.2/armv6-m/libgcc.a(floatsidf.o)
                0x0000000000003124                __aeabi_i2d
 .text          0x000000000000319c       0x68 /Applications/lpcxpresso_6.0.2_151/lpcxpresso/tools/bin/../lib/gcc/arm-none-eabi/4.6.2/armv6-m/libgcc.a(floatunsidf.o)
                0x000000000000319c                __aeabi_ui2d
 .text          0x0000000000003204      0xb60 /Applications/lpcxpresso_6.0.2_151/lpcxpresso/tools/bin/../lib/gcc/arm-none-eabi/4.6.2/armv6-m/libgcc.a(unwind-arm.o)
                0x00000000000034c4                _Unwind_VRS_Get
                0x0000000000003508                _Unwind_VRS_Set
                0x000000000000386c                __aeabi_unwind_cpp_pr2
                0x0000000000003878                __aeabi_unwind_cpp_pr1
                0x0000000000003884                __aeabi_unwind_cpp_pr0
                0x0000000000003890                _Unwind_VRS_Pop
                0x0000000000003c14                _Unwind_GetCFA
                0x0000000000003c18                __gnu_Unwind_RaiseException
                0x0000000000003c74                __gnu_Unwind_ForcedUnwind
                0x0000000000003c88                __gnu_Unwind_Resume
                0x0000000000003cc8                __gnu_Unwind_Resume_or_Rethrow
                0x0000000000003ce4                _Unwind_Complete
                0x0000000000003ce8                _Unwind_DeleteException
                0x0000000000003cf8                __gnu_Unwind_Backtrace
 .text          0x0000000000003d64      0x144 /Applications/lpcxpresso_6.0.2_151/lpcxpresso/tools/bin/../lib/gcc/arm-none-eabi/4.6.2/armv6-m/libgcc.a(libunwind.o)
                0x0000000000003d64                __restore_core_regs
                0x0000000000003d64                restore_core_regs
                0x0000000000003d90                __gnu_Unwind_Restore_VFP
                0x0000000000003d94                __gnu_Unwind_Save_VFP
                0x0000000000003d98                __gnu_Unwind_Restore_VFP_D
                0x0000000000003d9c                __gnu_Unwind_Save_VFP_D
                0x0000000000003da0                __gnu_Unwind_Restore_VFP_D_16_to_31
                0x0000000000003da4                __gnu_Unwind_Save_VFP_D_16_to_31
                0x0000000000003da8                __gnu_Unwind_Restore_WMMXD
                0x0000000000003dac                __gnu_Unwind_Save_WMMXD
                0x0000000000003db0                __gnu_Unwind_Restore_WMMXC
                0x0000000000003db4                __gnu_Unwind_Save_WMMXC
                0x0000000000003db8                _Unwind_RaiseException
                0x0000000000003db8                ___Unwind_RaiseException
                0x0000000000003de8                ___Unwind_Resume
                0x0000000000003de8                _Unwind_Resume
                0x0000000000003e18                ___Unwind_Resume_or_Rethrow
                0x0000000000003e18                _Unwind_Resume_or_Rethrow
                0x0000000000003e48                _Unwind_ForcedUnwind
                0x0000000000003e48                ___Unwind_ForcedUnwind
                0x0000000000003e78                _Unwind_Backtrace
                0x0000000000003e78                ___Unwind_Backtrace
 .text          0x0000000000003ea8      0x38c /Applications/lpcxpresso_6.0.2_151/lpcxpresso/tools/bin/../lib/gcc/arm-none-eabi/4.6.2/armv6-m/libgcc.a(pr-support.o)
                0x0000000000003efc                __gnu_unwind_execute
                0x00000000000041dc                __gnu_unwind_frame
                0x0000000000004204                _Unwind_GetRegionStart
                0x0000000000004210                _Unwind_GetLanguageSpecificData
                0x0000000000004224                _Unwind_GetDataRelBase
                0x000000000000422c                _Unwind_GetTextRelBase
 .text          0x0000000000004234       0x3c /Applications/lpcxpresso_6.0.2_151/lpcxpresso/tools/bin/../lib/gcc/arm-none-eabi/4.6.2/armv6-m/libgcc.a(_clzsi2.o)
                0x0000000000004234                __clzsi2
 .text.abort    0x0000000000004270       0x10 /Applications/lpcxpresso_6.0.2_151/lpcxpresso/tools/bin/../lib/gcc/arm-none-eabi/4.6.2/../../../../arm-none-eabi/lib/armv6-m/libc.a(lib_a-abort.o)
                0x0000000000004270                abort
 .text.__libc_init_array
                0x0000000000004280       0x44 /Applications/lpcxpresso_6.0.2_151/lpcxpresso/tools/bin/../lib/gcc/arm-none-eabi/4.6.2/../../../../arm-none-eabi/lib/armv6-m/libc.a(lib_a-init.o)
                0x0000000000004280                __libc_init_array
 .text.free     0x00000000000042c4       0x14 /Applications/lpcxpresso_6.0.2_151/lpcxpresso/tools/bin/../lib/gcc/arm-none-eabi/4.6.2/../../../../arm-none-eabi/lib/armv6-m/libc.a(lib_a-malloc.o)
                0x00000000000042c4                free
 .text.memcpy   0x00000000000042d8       0x7c /Applications/lpcxpresso_6.0.2_151/lpcxpresso/tools/bin/../lib/gcc/arm-none-eabi/4.6.2/../../../../arm-none-eabi/lib/armv6-m/libc.a(lib_a-memcpy.o)
                0x00000000000042d8                memcpy
 .text.__malloc_lock
                0x0000000000004354        0x4 /Applications/lpcxpresso_6.0.2_151/lpcxpresso/tools/bin/../lib/gcc/arm-none-eabi/4.6.2/../../../../arm-none-eabi/lib/armv6-m/libc.a(lib_a-mlock.o)
                0x0000000000004354                __malloc_lock
 .text.__malloc_unlock
                0x0000000000004358        0x4 /Applications/lpcxpresso_6.0.2_151/lpcxpresso/tools/bin/../lib/gcc/arm-none-eabi/4.6.2/../../../../arm-none-eabi/lib/armv6-m/libc.a(lib_a-mlock.o)
                0x0000000000004358                __malloc_unlock
 .text._sbrk_r  0x000000000000435c       0x24 /Applications/lpcxpresso_6.0.2_151/lpcxpresso/tools/bin/../lib/gcc/arm-none-eabi/4.6.2/../../../../arm-none-eabi/lib/armv6-m/libc.a(lib_a-sbrkr.o)
                0x000000000000435c                _sbrk_r
 .text._raise_r
                0x0000000000004380       0x58 /Applications/lpcxpresso_6.0.2_151/lpcxpresso/tools/bin/../lib/gcc/arm-none-eabi/4.6.2/../../../../arm-none-eabi/lib/armv6-m/libc.a(lib_a-signal.o)
                0x0000000000004380                _raise_r
 .text.raise    0x00000000000043d8       0x14 /Applications/lpcxpresso_6.0.2_151/lpcxpresso/tools/bin/../lib/gcc/arm-none-eabi/4.6.2/../../../../arm-none-eabi/lib/armv6-m/libc.a(lib_a-signal.o)
                0x00000000000043d8                raise
 .text._kill_r  0x00000000000043ec       0x28 /Applications/lpcxpresso_6.0.2_151/lpcxpresso/tools/bin/../lib/gcc/arm-none-eabi/4.6.2/../../../../arm-none-eabi/lib/armv6-m/libc.a(lib_a-signalr.o)
                0x00000000000043ec                _kill_r
 .text._getpid_r
                0x0000000000004414        0x8 /Applications/lpcxpresso_6.0.2_151/lpcxpresso/tools/bin/../lib/gcc/arm-none-eabi/4.6.2/../../../../arm-none-eabi/lib/armv6-m/libc.a(lib_a-signalr.o)
                0x0000000000004414                _getpid_r
 .text.strlen   0x000000000000441c       0x10 /Applications/lpcxpresso_6.0.2_151/lpcxpresso/tools/bin/../lib/gcc/arm-none-eabi/4.6.2/../../../../arm-none-eabi/lib/armv6-m/libc.a(lib_a-strlen.o)
                0x000000000000441c                strlen
 .text._malloc_trim_r
                0x000000000000442c       0xa8 /Applications/lpcxpresso_6.0.2_151/lpcxpresso/tools/bin/../lib/gcc/arm-none-eabi/4.6.2/../../../../arm-none-eabi/lib/armv6-m/libc.a(lib_a-freer.o)
                0x000000000000442c                _malloc_trim_r
 .text._free_r  0x00000000000044d4      0x198 /Applications/lpcxpresso_6.0.2_151/lpcxpresso/tools/bin/../lib/gcc/arm-none-eabi/4.6.2/../../../../arm-none-eabi/lib/armv6-m/libc.a(lib_a-freer.o)
                0x00000000000044d4                _free_r
 .text._ZNK10__cxxabiv117__class_type_info11__do_upcastEPKS0_PPv
                0x000000000000466c       0x38 /Applications/lpcxpresso_6.0.2_151/lpcxpresso/tools/bin/../lib/gcc/arm-none-eabi/4.6.2/../../../../arm-none-eabi/lib/armv6-m/libstdc++.a(class_type_info.o)
                0x000000000000466c                _ZNK10__cxxabiv117__class_type_info11__do_upcastEPKS0_PPv
 .text._ZNK10__cxxabiv117__class_type_info20__do_find_public_srcEiPKvPKS0_S2_
                0x00000000000046a4       0x10 /Applications/lpcxpresso_6.0.2_151/lpcxpresso/tools/bin/../lib/gcc/arm-none-eabi/4.6.2/../../../../arm-none-eabi/lib/armv6-m/libstdc++.a(class_type_info.o)
                0x00000000000046a4                _ZNK10__cxxabiv117__class_type_info20__do_find_public_srcEiPKvPKS0_S2_
 .text._ZNK10__cxxabiv117__class_type_info11__do_upcastEPKS0_PKvRNS0_15__upcast_resultE
                0x00000000000046b4       0x20 /Applications/lpcxpresso_6.0.2_151/lpcxpresso/tools/bin/../lib/gcc/arm-none-eabi/4.6.2/../../../../arm-none-eabi/lib/armv6-m/libstdc++.a(class_type_info.o)
                0x00000000000046b4                _ZNK10__cxxabiv117__class_type_info11__do_upcastEPKS0_PKvRNS0_15__upcast_resultE
 .text._ZN10__cxxabiv117__class_type_infoD2Ev
                0x00000000000046d4       0x18 /Applications/lpcxpresso_6.0.2_151/lpcxpresso/tools/bin/../lib/gcc/arm-none-eabi/4.6.2/../../../../arm-none-eabi/lib/armv6-m/libstdc++.a(class_type_info.o)
                0x00000000000046d4                _ZN10__cxxabiv117__class_type_infoD1Ev
                0x00000000000046d4                _ZN10__cxxabiv117__class_type_infoD2Ev
 .text._ZN10__cxxabiv117__class_type_infoD0Ev
                0x00000000000046ec       0x1c /Applications/lpcxpresso_6.0.2_151/lpcxpresso/tools/bin/../lib/gcc/arm-none-eabi/4.6.2/../../../../arm-none-eabi/lib/armv6-m/libstdc++.a(class_type_info.o)
                0x00000000000046ec                _ZN10__cxxabiv117__class_type_infoD0Ev
 .text._ZNK10__cxxabiv117__class_type_info12__do_dyncastEiNS0_10__sub_kindEPKS0_PKvS3_S5_RNS0_16__dyncast_resultE
                0x0000000000004708       0x48 /Applications/lpcxpresso_6.0.2_151/lpcxpresso/tools/bin/../lib/gcc/arm-none-eabi/4.6.2/../../../../arm-none-eabi/lib/armv6-m/libstdc++.a(class_type_info.o)
                0x0000000000004708                _ZNK10__cxxabiv117__class_type_info12__do_dyncastEiNS0_10__sub_kindEPKS0_PKvS3_S5_RNS0_16__dyncast_resultE
 .text._ZNK10__cxxabiv117__class_type_info10__do_catchEPKSt9type_infoPPvj
                0x0000000000004750       0x2c /Applications/lpcxpresso_6.0.2_151/lpcxpresso/tools/bin/../lib/gcc/arm-none-eabi/4.6.2/../../../../arm-none-eabi/lib/armv6-m/libstdc++.a(class_type_info.o)
                0x0000000000004750                _ZNK10__cxxabiv117__class_type_info10__do_catchEPKSt9type_infoPPvj
 .text._ZN10__cxxabiv120__si_class_type_infoD2Ev
                0x000000000000477c       0x18 /Applications/lpcxpresso_6.0.2_151/lpcxpresso/tools/bin/../lib/gcc/arm-none-eabi/4.6.2/../../../../arm-none-eabi/lib/armv6-m/libstdc++.a(si_class_type_info.o)
                0x000000000000477c                _ZN10__cxxabiv120__si_class_type_infoD2Ev
                0x000000000000477c                _ZN10__cxxabiv120__si_class_type_infoD1Ev
 .text._ZN10__cxxabiv120__si_class_type_infoD0Ev
                0x0000000000004794       0x1c /Applications/lpcxpresso_6.0.2_151/lpcxpresso/tools/bin/../lib/gcc/arm-none-eabi/4.6.2/../../../../arm-none-eabi/lib/armv6-m/libstdc++.a(si_class_type_info.o)
                0x0000000000004794                _ZN10__cxxabiv120__si_class_type_infoD0Ev
 .text._ZNK10__cxxabiv120__si_class_type_info11__do_upcastEPKNS_17__class_type_infoEPKvRNS1_15__upcast_resultE
                0x00000000000047b0       0x28 /Applications/lpcxpresso_6.0.2_151/lpcxpresso/tools/bin/../lib/gcc/arm-none-eabi/4.6.2/../../../../arm-none-eabi/lib/armv6-m/libstdc++.a(si_class_type_info.o)
                0x00000000000047b0                _ZNK10__cxxabiv120__si_class_type_info11__do_upcastEPKNS_17__class_type_infoEPKvRNS1_15__upcast_resultE
 .text._ZNK10__cxxabiv120__si_class_type_info12__do_dyncastEiNS_17__class_type_info10__sub_kindEPKS1_PKvS4_S6_RNS1_16__dyncast_resultE
                0x00000000000047d8       0x94 /Applications/lpcxpresso_6.0.2_151/lpcxpresso/tools/bin/../lib/gcc/arm-none-eabi/4.6.2/../../../../arm-none-eabi/lib/armv6-m/libstdc++.a(si_class_type_info.o)
                0x00000000000047d8                _ZNK10__cxxabiv120__si_class_type_info12__do_dyncastEiNS_17__class_type_info10__sub_kindEPKS1_PKvS4_S6_RNS1_16__dyncast_resultE
 .text._ZNK10__cxxabiv120__si_class_type_info20__do_find_public_srcEiPKvPKNS_17__class_type_infoES2_
                0x000000000000486c       0x40 /Applications/lpcxpresso_6.0.2_151/lpcxpresso/tools/bin/../lib/gcc/arm-none-eabi/4.6.2/../../../../arm-none-eabi/lib/armv6-m/libstdc++.a(si_class_type_info.o)
                0x000000000000486c                _ZNK10__cxxabiv120__si_class_type_info20__do_find_public_srcEiPKvPKNS_17__class_type_infoES2_
 .text._ZNSt9type_infoD2Ev
                0x00000000000048ac        0xc /Applications/lpcxpresso_6.0.2_151/lpcxpresso/tools/bin/../lib/gcc/arm-none-eabi/4.6.2/../../../../arm-none-eabi/lib/armv6-m/libstdc++.a(tinfo.o)
                0x00000000000048ac                _ZNSt9type_infoD1Ev
                0x00000000000048ac                _ZNSt9type_infoD2Ev
 .text._ZNKSt9type_info14__is_pointer_pEv
                0x00000000000048b8        0x4 /Applications/lpcxpresso_6.0.2_151/lpcxpresso/tools/bin/../lib/gcc/arm-none-eabi/4.6.2/../../../../arm-none-eabi/lib/armv6-m/libstdc++.a(tinfo.o)
                0x00000000000048b8                _ZNKSt9type_info14__is_pointer_pEv
 .text._ZNKSt9type_info15__is_function_pEv
                0x00000000000048bc        0x4 /Applications/lpcxpresso_6.0.2_151/lpcxpresso/tools/bin/../lib/gcc/arm-none-eabi/4.6.2/../../../../arm-none-eabi/lib/armv6-m/libstdc++.a(tinfo.o)
                0x00000000000048bc                _ZNKSt9type_info15__is_function_pEv
 .text._ZNKSt9type_info11__do_upcastEPKN10__cxxabiv117__class_type_infoEPPv
                0x00000000000048c0        0x4 /Applications/lpcxpresso_6.0.2_151/lpcxpresso/tools/bin/../lib/gcc/arm-none-eabi/4.6.2/../../../../arm-none-eabi/lib/armv6-m/libstdc++.a(tinfo.o)
                0x00000000000048c0                _ZNKSt9type_info11__do_upcastEPKN10__cxxabiv117__class_type_infoEPPv
 .text._ZNSt9type_infoD0Ev
                0x00000000000048c4       0x18 /Applications/lpcxpresso_6.0.2_151/lpcxpresso/tools/bin/../lib/gcc/arm-none-eabi/4.6.2/../../../../arm-none-eabi/lib/armv6-m/libstdc++.a(tinfo.o)
                0x00000000000048c4                _ZNSt9type_infoD0Ev
 .text._ZNKSt9type_infoeqERKS_
                0x00000000000048dc       0x2c /Applications/lpcxpresso_6.0.2_151/lpcxpresso/tools/bin/../lib/gcc/arm-none-eabi/4.6.2/../../../../arm-none-eabi/lib/armv6-m/libstdc++.a(tinfo.o)
                0x00000000000048dc                _ZNKSt9type_infoeqERKS_
 .text._ZNKSt9type_info10__do_catchEPKS_PPvj
                0x0000000000004908        0x8 /Applications/lpcxpresso_6.0.2_151/lpcxpresso/tools/bin/../lib/gcc/arm-none-eabi/4.6.2/../../../../arm-none-eabi/lib/armv6-m/libstdc++.a(tinfo.o)
                0x0000000000004908                _ZNKSt9type_info10__do_catchEPKS_PPvj
 .text._sbrk    0x0000000000004910       0x40 /Applications/lpcxpresso_6.0.2_151/lpcxpresso/tools/bin/../lib/gcc/arm-none-eabi/4.6.2/../../../../arm-none-eabi/lib/armv6-m/libcr_newlib_nohost.a(_cr_sbrk.o)
                0x0000000000004910                _sbrk
 .text._exit    0x0000000000004950        0x4 /Applications/lpcxpresso_6.0.2_151/lpcxpresso/tools/bin/../lib/gcc/arm-none-eabi/4.6.2/../../../../arm-none-eabi/lib/armv6-m/libcr_newlib_nohost.a(_exit.o)
                0x0000000000004950                _exit
 .text._getpid  0x0000000000004954       0x10 /Applications/lpcxpresso_6.0.2_151/lpcxpresso/tools/bin/../lib/gcc/arm-none-eabi/4.6.2/../../../../arm-none-eabi/lib/armv6-m/libcr_newlib_nohost.a(getpid.o)
                0x0000000000004954                _getpid
 .text._kill    0x0000000000004964       0x10 /Applications/lpcxpresso_6.0.2_151/lpcxpresso/tools/bin/../lib/gcc/arm-none-eabi/4.6.2/../../../../arm-none-eabi/lib/armv6-m/libcr_newlib_nohost.a(kill.o)
                0x0000000000004964                _kill
 .text.__check_heap_overflow
                0x0000000000004974       0x2c /Applications/lpcxpresso_6.0.2_151/lpcxpresso/tools/bin/../lib/gcc/arm-none-eabi/4.6.2/../../../../arm-none-eabi/lib/armv6-m/libcr_newlib_nohost.a(_cr_check_heap.o)
                0x0000000000004974                __check_heap_overflow
 .text          0x00000000000049a0       0x60 /Applications/lpcxpresso_6.0.2_151/lpcxpresso/tools/bin/../lib/gcc/arm-none-eabi/4.6.2/armv6-m/crtbegin.o
 .text.__errno  0x0000000000004a00        0xc /Applications/lpcxpresso_6.0.2_151/lpcxpresso/tools/bin/../lib/gcc/arm-none-eabi/4.6.2/../../../../arm-none-eabi/lib/armv6-m/libc.a(lib_a-errno.o)
                0x0000000000004a00                __errno
 .text.strcmp   0x0000000000004a0c       0x14 /Applications/lpcxpresso_6.0.2_151/lpcxpresso/tools/bin/../lib/gcc/arm-none-eabi/4.6.2/../../../../arm-none-eabi/lib/armv6-m/libc.a(lib_a-strcmp.o)
                0x0000000000004a0c                strcmp
 *(.rodata .rodata.*)
 .rodata        0x0000000000004a20       0x18 ./src/TextLCD.o
 .rodata._ZTV7TextLCD
                0x0000000000004a38       0x18 /Users/take/proj/LBED/lbed/LBED_NeXtPino_USERLIB/Debug/libLBED_NeXtPino_USERLIB.a(TextLCD.o)
                0x0000000000004a38                _ZTV7TextLCD
 .rodata        0x0000000000004a50       0x58 /Users/take/proj/LBED/lbed/LBED_NeXtPino/Debug/libLBED_NeXtPino.a(DigitalOut.o)
 .rodata        0x0000000000004aa8       0x28 /Users/take/proj/LBED/lbed/LBED_NeXtPino/Debug/libLBED_NeXtPino.a(Print.o)
                0x0000000000004ab0                _ZTV5Print
                0x0000000000004ac0                _ZTI5Print
                0x0000000000004ac8                _ZTS5Print
 .rodata        0x0000000000004ad0       0x40 /Applications/lpcxpresso_6.0.2_151/lpcxpresso/tools/bin/../lib/gcc/arm-none-eabi/4.6.2/armv6-m/libgcc.a(divdf3.o)
 .rodata        0x0000000000004b10       0x40 /Applications/lpcxpresso_6.0.2_151/lpcxpresso/tools/bin/../lib/gcc/arm-none-eabi/4.6.2/armv6-m/libgcc.a(muldf3.o)
 .rodata        0x0000000000004b50       0x14 /Applications/lpcxpresso_6.0.2_151/lpcxpresso/tools/bin/../lib/gcc/arm-none-eabi/4.6.2/armv6-m/libgcc.a(unwind-arm.o)
 .rodata.str1.4
                0x0000000000004b64        0x4 /Applications/lpcxpresso_6.0.2_151/lpcxpresso/tools/bin/../lib/gcc/arm-none-eabi/4.6.2/../../../../arm-none-eabi/lib/armv6-m/libc.a(lib_a-impure.o)
 .rodata._ZTVN10__cxxabiv117__class_type_infoE
                0x0000000000004b68       0x30 /Applications/lpcxpresso_6.0.2_151/lpcxpresso/tools/bin/../lib/gcc/arm-none-eabi/4.6.2/../../../../arm-none-eabi/lib/armv6-m/libstdc++.a(class_type_info.o)
                0x0000000000004b68                _ZTVN10__cxxabiv117__class_type_infoE
 .rodata._ZTIN10__cxxabiv117__class_type_infoE
                0x0000000000004b98        0xc /Applications/lpcxpresso_6.0.2_151/lpcxpresso/tools/bin/../lib/gcc/arm-none-eabi/4.6.2/../../../../arm-none-eabi/lib/armv6-m/libstdc++.a(class_type_info.o)
                0x0000000000004b98                _ZTIN10__cxxabiv117__class_type_infoE
 .rodata._ZTSN10__cxxabiv117__class_type_infoE
                0x0000000000004ba4       0x24 /Applications/lpcxpresso_6.0.2_151/lpcxpresso/tools/bin/../lib/gcc/arm-none-eabi/4.6.2/../../../../arm-none-eabi/lib/armv6-m/libstdc++.a(class_type_info.o)
                0x0000000000004ba4                _ZTSN10__cxxabiv117__class_type_infoE
 .rodata._ZTVN10__cxxabiv120__si_class_type_infoE
                0x0000000000004bc8       0x30 /Applications/lpcxpresso_6.0.2_151/lpcxpresso/tools/bin/../lib/gcc/arm-none-eabi/4.6.2/../../../../arm-none-eabi/lib/armv6-m/libstdc++.a(si_class_type_info.o)
                0x0000000000004bc8                _ZTVN10__cxxabiv120__si_class_type_infoE
 .rodata._ZTIN10__cxxabiv120__si_class_type_infoE
                0x0000000000004bf8        0xc /Applications/lpcxpresso_6.0.2_151/lpcxpresso/tools/bin/../lib/gcc/arm-none-eabi/4.6.2/../../../../arm-none-eabi/lib/armv6-m/libstdc++.a(si_class_type_info.o)
                0x0000000000004bf8                _ZTIN10__cxxabiv120__si_class_type_infoE
 .rodata._ZTSN10__cxxabiv120__si_class_type_infoE
                0x0000000000004c04       0x28 /Applications/lpcxpresso_6.0.2_151/lpcxpresso/tools/bin/../lib/gcc/arm-none-eabi/4.6.2/../../../../arm-none-eabi/lib/armv6-m/libstdc++.a(si_class_type_info.o)
                0x0000000000004c04                _ZTSN10__cxxabiv120__si_class_type_infoE
 .rodata._ZTISt9type_info
                0x0000000000004c2c        0x8 /Applications/lpcxpresso_6.0.2_151/lpcxpresso/tools/bin/../lib/gcc/arm-none-eabi/4.6.2/../../../../arm-none-eabi/lib/armv6-m/libstdc++.a(tinfo.o)
                0x0000000000004c2c                _ZTISt9type_info
 .rodata._ZTSSt9type_info
                0x0000000000004c34       0x10 /Applications/lpcxpresso_6.0.2_151/lpcxpresso/tools/bin/../lib/gcc/arm-none-eabi/4.6.2/../../../../arm-none-eabi/lib/armv6-m/libstdc++.a(tinfo.o)
                0x0000000000004c34                _ZTSSt9type_info
 *fill*         0x0000000000004c44        0x4 00
 .rodata._ZTVSt9type_info
                0x0000000000004c48       0x20 /Applications/lpcxpresso_6.0.2_151/lpcxpresso/tools/bin/../lib/gcc/arm-none-eabi/4.6.2/../../../../arm-none-eabi/lib/armv6-m/libstdc++.a(tinfo.o)
                0x0000000000004c48                _ZTVSt9type_info
                0x0000000000004c68                . = ALIGN (0x4)
                0x0000000000004c68                . = ALIGN (0x4)
 *(.init)
 .init          0x0000000000004c68        0x4 /Applications/lpcxpresso_6.0.2_151/lpcxpresso/tools/bin/../lib/gcc/arm-none-eabi/4.6.2/armv6-m/crti.o
                0x0000000000004c68                _init
 .init          0x0000000000004c6c        0x8 /Applications/lpcxpresso_6.0.2_151/lpcxpresso/tools/bin/../lib/gcc/arm-none-eabi/4.6.2/armv6-m/crtn.o
                0x0000000000004c74                . = ALIGN (0x4)
                0x0000000000004c74                __preinit_array_start = .
 *(.preinit_array)
                0x0000000000004c74                __preinit_array_end = .
                0x0000000000004c74                . = ALIGN (0x4)
                0x0000000000004c74                __init_array_start = .
 *(SORT(.init_array.*))
 *(.init_array)
 .init_array    0x0000000000004c74        0x4 ./src/TextLCD.o
 .init_array    0x0000000000004c78        0x4 /Applications/lpcxpresso_6.0.2_151/lpcxpresso/tools/bin/../lib/gcc/arm-none-eabi/4.6.2/armv6-m/crtbegin.o
                0x0000000000004c7c                __init_array_end = .
 *(.fini)
 .fini          0x0000000000004c7c        0x4 /Applications/lpcxpresso_6.0.2_151/lpcxpresso/tools/bin/../lib/gcc/arm-none-eabi/4.6.2/armv6-m/crti.o
                0x0000000000004c7c                _fini
 .fini          0x0000000000004c80        0x8 /Applications/lpcxpresso_6.0.2_151/lpcxpresso/tools/bin/../lib/gcc/arm-none-eabi/4.6.2/armv6-m/crtn.o
                0x0000000000004c88                . = ALIGN (0x4)
 *crtbegin.o(.ctors)
 *(EXCLUDE_FILE(*crtend.o) .ctors)
 *(SORT(.ctors.*))
 *crtend.o(.ctors)
                0x0000000000004c88                . = ALIGN (0x4)
 *crtbegin.o(.dtors)
 *(EXCLUDE_FILE(*crtend.o) .dtors)
 *(SORT(.dtors.*))
 *crtend.o(.dtors)

.glue_7         0x0000000000004c88        0x0
 .glue_7        0x0000000000000000        0x0 linker stubs

.glue_7t        0x0000000000004c88        0x0
 .glue_7t       0x0000000000000000        0x0 linker stubs

.vfp11_veneer   0x0000000000004c88        0x0
 .vfp11_veneer  0x0000000000000000        0x0 linker stubs

.v4_bx          0x0000000000004c88        0x0
 .v4_bx         0x0000000000000000        0x0 linker stubs

.ARM.extab      0x0000000000004c88      0x120
 *(.ARM.extab* .gnu.linkonce.armextab.*)
 .ARM.extab.text._ZN7TextLCD5writeEc
                0x0000000000004c88        0xc /Users/take/proj/LBED/lbed/LBED_NeXtPino_USERLIB/Debug/libLBED_NeXtPino_USERLIB.a(TextLCD.o)
 .ARM.extab.text._ZN5PrintC2Ev
                0x0000000000004c94        0x0 /Users/take/proj/LBED/lbed/LBED_NeXtPino_USERLIB/Debug/libLBED_NeXtPino_USERLIB.a(TextLCD.o)
 .ARM.extab.text._ZN7TextLCDC2EiiiiiiNS_7LCDTypeE
                0x0000000000004c94        0xc /Users/take/proj/LBED/lbed/LBED_NeXtPino_USERLIB/Debug/libLBED_NeXtPino_USERLIB.a(TextLCD.o)
 .ARM.extab.text._ZN7TextLCD9characterEiii
                0x0000000000004ca0        0xc /Users/take/proj/LBED/lbed/LBED_NeXtPino_USERLIB/Debug/libLBED_NeXtPino_USERLIB.a(TextLCD.o)
 .ARM.extab.text._ZN7TextLCD3clsEv
                0x0000000000004cac        0xc /Users/take/proj/LBED/lbed/LBED_NeXtPino_USERLIB/Debug/libLBED_NeXtPino_USERLIB.a(TextLCD.o)
 .ARM.extab.text._ZN7TextLCD5_putcEi
                0x0000000000004cb8        0xc /Users/take/proj/LBED/lbed/LBED_NeXtPino_USERLIB/Debug/libLBED_NeXtPino_USERLIB.a(TextLCD.o)
 .ARM.extab.text._ZN7TextLCD9writeByteEi
                0x0000000000004cc4        0xc /Users/take/proj/LBED/lbed/LBED_NeXtPino_USERLIB/Debug/libLBED_NeXtPino_USERLIB.a(TextLCD.o)
 .ARM.extab.text._ZN7TextLCD12writeCommandEi
                0x0000000000004cd0        0xc /Users/take/proj/LBED/lbed/LBED_NeXtPino_USERLIB/Debug/libLBED_NeXtPino_USERLIB.a(TextLCD.o)
 .ARM.extab.text._ZN7TextLCD9writeDataEi
                0x0000000000004cdc        0xc /Users/take/proj/LBED/lbed/LBED_NeXtPino_USERLIB/Debug/libLBED_NeXtPino_USERLIB.a(TextLCD.o)
 .ARM.extab     0x0000000000004ce8        0xc /Users/take/proj/LBED/lbed/LBED_NeXtPino/Debug/libLBED_NeXtPino.a(BusOut.o)
 .ARM.extab.text._ZN5Print5writeEPKc
                0x0000000000004cf4        0xc /Users/take/proj/LBED/lbed/LBED_NeXtPino/Debug/libLBED_NeXtPino.a(Print.o)
 .ARM.extab     0x0000000000004d00       0x90 /Users/take/proj/LBED/lbed/LBED_NeXtPino/Debug/libLBED_NeXtPino.a(Print.o)
 .ARM.extab.text._ZNK10__cxxabiv120__si_class_type_info12__do_dyncastEiNS_17__class_type_info10__sub_kindEPKS1_PKvS4_S6_RNS1_16__dyncast_resultE
                0x0000000000004d90        0xc /Applications/lpcxpresso_6.0.2_151/lpcxpresso/tools/bin/../lib/gcc/arm-none-eabi/4.6.2/../../../../arm-none-eabi/lib/armv6-m/libstdc++.a(si_class_type_info.o)
 .ARM.extab.text._ZNK10__cxxabiv120__si_class_type_info20__do_find_public_srcEiPKvPKNS_17__class_type_infoES2_
                0x0000000000004d9c        0xc /Applications/lpcxpresso_6.0.2_151/lpcxpresso/tools/bin/../lib/gcc/arm-none-eabi/4.6.2/../../../../arm-none-eabi/lib/armv6-m/libstdc++.a(si_class_type_info.o)
                0x0000000000004da8                __exidx_start = .

.eh_frame       0x0000000000004da8        0x0
 .eh_frame      0x0000000000004da8        0x0 /Applications/lpcxpresso_6.0.2_151/lpcxpresso/tools/bin/../lib/gcc/arm-none-eabi/4.6.2/armv6-m/crtbegin.o

.ARM.exidx      0x0000000000004da8      0x138
 *(.ARM.exidx* .gnu.linkonce.armexidx.*)
 .ARM.exidx.text._ZN7TextLCD5writeEc
                0x0000000000004da8        0x8 /Users/take/proj/LBED/lbed/LBED_NeXtPino_USERLIB/Debug/libLBED_NeXtPino_USERLIB.a(TextLCD.o)
 .ARM.exidx.text._ZN5PrintC2Ev
                0x0000000000004db0        0x8 /Users/take/proj/LBED/lbed/LBED_NeXtPino_USERLIB/Debug/libLBED_NeXtPino_USERLIB.a(TextLCD.o)
 .ARM.exidx.text._ZN7TextLCDC2EiiiiiiNS_7LCDTypeE
                0x0000000000004db8        0x8 /Users/take/proj/LBED/lbed/LBED_NeXtPino_USERLIB/Debug/libLBED_NeXtPino_USERLIB.a(TextLCD.o)
 .ARM.exidx.text._ZN7TextLCD9characterEiii
                0x0000000000004dc0        0x8 /Users/take/proj/LBED/lbed/LBED_NeXtPino_USERLIB/Debug/libLBED_NeXtPino_USERLIB.a(TextLCD.o)
 .ARM.exidx.text._ZN7TextLCD3clsEv
                0x0000000000004dc8        0x8 /Users/take/proj/LBED/lbed/LBED_NeXtPino_USERLIB/Debug/libLBED_NeXtPino_USERLIB.a(TextLCD.o)
 .ARM.exidx.text._ZN7TextLCD6locateEii
                0x0000000000004dd0        0x8 /Users/take/proj/LBED/lbed/LBED_NeXtPino_USERLIB/Debug/libLBED_NeXtPino_USERLIB.a(TextLCD.o)
 .ARM.exidx.text._ZN7TextLCD5_putcEi
                0x0000000000004dd8        0x8 /Users/take/proj/LBED/lbed/LBED_NeXtPino_USERLIB/Debug/libLBED_NeXtPino_USERLIB.a(TextLCD.o)
 .ARM.exidx.text._ZN7TextLCD5_getcEv
                0x0000000000004de0        0x8 /Users/take/proj/LBED/lbed/LBED_NeXtPino_USERLIB/Debug/libLBED_NeXtPino_USERLIB.a(TextLCD.o)
 .ARM.exidx.text._ZN7TextLCD9writeByteEi
                0x0000000000004de8        0x8 /Users/take/proj/LBED/lbed/LBED_NeXtPino_USERLIB/Debug/libLBED_NeXtPino_USERLIB.a(TextLCD.o)
 .ARM.exidx.text._ZN7TextLCD12writeCommandEi
                0x0000000000004df0        0x8 /Users/take/proj/LBED/lbed/LBED_NeXtPino_USERLIB/Debug/libLBED_NeXtPino_USERLIB.a(TextLCD.o)
 .ARM.exidx.text._ZN7TextLCD9writeDataEi
                0x0000000000004df8        0x8 /Users/take/proj/LBED/lbed/LBED_NeXtPino_USERLIB/Debug/libLBED_NeXtPino_USERLIB.a(TextLCD.o)
 .ARM.exidx.text._ZN7TextLCD7addressEii
                0x0000000000004e00        0x8 /Users/take/proj/LBED/lbed/LBED_NeXtPino_USERLIB/Debug/libLBED_NeXtPino_USERLIB.a(TextLCD.o)
 .ARM.exidx.text._ZN7TextLCD7columnsEv
                0x0000000000004e08        0x0 /Users/take/proj/LBED/lbed/LBED_NeXtPino_USERLIB/Debug/libLBED_NeXtPino_USERLIB.a(TextLCD.o)
                                          0x8 (size before relaxing)
 .ARM.exidx.text._ZN7TextLCD4rowsEv
                0x0000000000004e08        0x0 /Users/take/proj/LBED/lbed/LBED_NeXtPino_USERLIB/Debug/libLBED_NeXtPino_USERLIB.a(TextLCD.o)
                                          0x8 (size before relaxing)
 .ARM.exidx     0x0000000000004e08       0x10 /Users/take/proj/LBED/lbed/LBED_NeXtPino/Debug/libLBED_NeXtPino.a(BusOut.o)
                                         0x18 (size before relaxing)
 .ARM.exidx     0x0000000000004e18        0x0 /Users/take/proj/LBED/lbed/LBED_NeXtPino/Debug/libLBED_NeXtPino.a(DigitalOut.o)
                                         0x18 (size before relaxing)
 .ARM.exidx.text._ZN5Print5writeEPKc
                0x0000000000004e78        0x8 /Users/take/proj/LBED/lbed/LBED_NeXtPino/Debug/libLBED_NeXtPino.a(Print.o)
 .ARM.exidx     0x0000000000004e18       0x60 /Users/take/proj/LBED/lbed/LBED_NeXtPino/Debug/libLBED_NeXtPino.a(Print.o)
 .ARM.exidx     0x0000000000004e80        0x8 /Users/take/proj/LBED/lbed/LBED_NeXtPino/Debug/libLBED_NeXtPino.a(pure_virtual.o)
 .ARM.exidx.text._ZNK10__cxxabiv117__class_type_info11__do_upcastEPKS0_PPv
                0x0000000000004e88        0x8 /Applications/lpcxpresso_6.0.2_151/lpcxpresso/tools/bin/../lib/gcc/arm-none-eabi/4.6.2/../../../../arm-none-eabi/lib/armv6-m/libstdc++.a(class_type_info.o)
 .ARM.exidx.text._ZNK10__cxxabiv117__class_type_info20__do_find_public_srcEiPKvPKS0_S2_
                0x0000000000004e90        0x8 /Applications/lpcxpresso_6.0.2_151/lpcxpresso/tools/bin/../lib/gcc/arm-none-eabi/4.6.2/../../../../arm-none-eabi/lib/armv6-m/libstdc++.a(class_type_info.o)
 .ARM.exidx.text._ZNK10__cxxabiv117__class_type_info11__do_upcastEPKS0_PKvRNS0_15__upcast_resultE
                0x0000000000004e98        0x8 /Applications/lpcxpresso_6.0.2_151/lpcxpresso/tools/bin/../lib/gcc/arm-none-eabi/4.6.2/../../../../arm-none-eabi/lib/armv6-m/libstdc++.a(class_type_info.o)
 .ARM.exidx.text._ZN10__cxxabiv117__class_type_infoD2Ev
                0x0000000000004ea0        0x8 /Applications/lpcxpresso_6.0.2_151/lpcxpresso/tools/bin/../lib/gcc/arm-none-eabi/4.6.2/../../../../arm-none-eabi/lib/armv6-m/libstdc++.a(class_type_info.o)
 .ARM.exidx.text._ZN10__cxxabiv117__class_type_infoD0Ev
                0x0000000000004ea8        0x0 /Applications/lpcxpresso_6.0.2_151/lpcxpresso/tools/bin/../lib/gcc/arm-none-eabi/4.6.2/../../../../arm-none-eabi/lib/armv6-m/libstdc++.a(class_type_info.o)
                                          0x8 (size before relaxing)
 .ARM.exidx.text._ZNK10__cxxabiv117__class_type_info12__do_dyncastEiNS0_10__sub_kindEPKS0_PKvS3_S5_RNS0_16__dyncast_resultE
                0x0000000000004ea8        0x8 /Applications/lpcxpresso_6.0.2_151/lpcxpresso/tools/bin/../lib/gcc/arm-none-eabi/4.6.2/../../../../arm-none-eabi/lib/armv6-m/libstdc++.a(class_type_info.o)
 .ARM.exidx.text._ZNK10__cxxabiv117__class_type_info10__do_catchEPKSt9type_infoPPvj
                0x0000000000004eb0        0x8 /Applications/lpcxpresso_6.0.2_151/lpcxpresso/tools/bin/../lib/gcc/arm-none-eabi/4.6.2/../../../../arm-none-eabi/lib/armv6-m/libstdc++.a(class_type_info.o)
 .ARM.exidx.text._ZN10__cxxabiv120__si_class_type_infoD2Ev
                0x0000000000004eb8        0x8 /Applications/lpcxpresso_6.0.2_151/lpcxpresso/tools/bin/../lib/gcc/arm-none-eabi/4.6.2/../../../../arm-none-eabi/lib/armv6-m/libstdc++.a(si_class_type_info.o)
 .ARM.exidx.text._ZN10__cxxabiv120__si_class_type_infoD0Ev
                0x0000000000004ec0        0x0 /Applications/lpcxpresso_6.0.2_151/lpcxpresso/tools/bin/../lib/gcc/arm-none-eabi/4.6.2/../../../../arm-none-eabi/lib/armv6-m/libstdc++.a(si_class_type_info.o)
                                          0x8 (size before relaxing)
 .ARM.exidx.text._ZNK10__cxxabiv120__si_class_type_info11__do_upcastEPKNS_17__class_type_infoEPKvRNS1_15__upcast_resultE
                0x0000000000004ec0        0x8 /Applications/lpcxpresso_6.0.2_151/lpcxpresso/tools/bin/../lib/gcc/arm-none-eabi/4.6.2/../../../../arm-none-eabi/lib/armv6-m/libstdc++.a(si_class_type_info.o)
 .ARM.exidx.text._ZNK10__cxxabiv120__si_class_type_info12__do_dyncastEiNS_17__class_type_info10__sub_kindEPKS1_PKvS4_S6_RNS1_16__dyncast_resultE
                0x0000000000004ec8        0x8 /Applications/lpcxpresso_6.0.2_151/lpcxpresso/tools/bin/../lib/gcc/arm-none-eabi/4.6.2/../../../../arm-none-eabi/lib/armv6-m/libstdc++.a(si_class_type_info.o)
 .ARM.exidx.text._ZNK10__cxxabiv120__si_class_type_info20__do_find_public_srcEiPKvPKNS_17__class_type_infoES2_
                0x0000000000004ed0        0x8 /Applications/lpcxpresso_6.0.2_151/lpcxpresso/tools/bin/../lib/gcc/arm-none-eabi/4.6.2/../../../../arm-none-eabi/lib/armv6-m/libstdc++.a(si_class_type_info.o)
 .ARM.exidx.text._ZNSt9type_infoD2Ev
                0x0000000000004ed8        0x8 /Applications/lpcxpresso_6.0.2_151/lpcxpresso/tools/bin/../lib/gcc/arm-none-eabi/4.6.2/../../../../arm-none-eabi/lib/armv6-m/libstdc++.a(tinfo.o)
 .ARM.exidx.text._ZNKSt9type_info14__is_pointer_pEv
                0x0000000000004ee0        0x0 /Applications/lpcxpresso_6.0.2_151/lpcxpresso/tools/bin/../lib/gcc/arm-none-eabi/4.6.2/../../../../arm-none-eabi/lib/armv6-m/libstdc++.a(tinfo.o)
                                          0x8 (size before relaxing)
 .ARM.exidx.text._ZNKSt9type_info15__is_function_pEv
                0x0000000000004ee0        0x0 /Applications/lpcxpresso_6.0.2_151/lpcxpresso/tools/bin/../lib/gcc/arm-none-eabi/4.6.2/../../../../arm-none-eabi/lib/armv6-m/libstdc++.a(tinfo.o)
                                          0x8 (size before relaxing)
 .ARM.exidx.text._ZNKSt9type_info11__do_upcastEPKN10__cxxabiv117__class_type_infoEPPv
                0x0000000000004ee0        0x0 /Applications/lpcxpresso_6.0.2_151/lpcxpresso/tools/bin/../lib/gcc/arm-none-eabi/4.6.2/../../../../arm-none-eabi/lib/armv6-m/libstdc++.a(tinfo.o)
                                          0x8 (size before relaxing)
 .ARM.exidx.text._ZNSt9type_infoD0Ev
                0x0000000000004ee0        0x0 /Applications/lpcxpresso_6.0.2_151/lpcxpresso/tools/bin/../lib/gcc/arm-none-eabi/4.6.2/../../../../arm-none-eabi/lib/armv6-m/libstdc++.a(tinfo.o)
                                          0x8 (size before relaxing)
 .ARM.exidx.text._ZNKSt9type_infoeqERKS_
                0x0000000000004ee0        0x0 /Applications/lpcxpresso_6.0.2_151/lpcxpresso/tools/bin/../lib/gcc/arm-none-eabi/4.6.2/../../../../arm-none-eabi/lib/armv6-m/libstdc++.a(tinfo.o)
                                          0x8 (size before relaxing)
 .ARM.exidx.text._ZNKSt9type_info10__do_catchEPKS_PPvj
                0x0000000000004ee0        0x0 /Applications/lpcxpresso_6.0.2_151/lpcxpresso/tools/bin/../lib/gcc/arm-none-eabi/4.6.2/../../../../arm-none-eabi/lib/armv6-m/libstdc++.a(tinfo.o)
                                          0x8 (size before relaxing)
                0x0000000000004ee0                __exidx_end = .
                0x0000000000004ee0                _etext = .

.uninit_RESERVED
                0x0000000010000000        0x0
 *(.bss.$RESERVED*)
                0x0000000010000000                . = ALIGN (0x4)
                0x0000000010000000                _end_uninit_RESERVED = .

.data           0x0000000010000000      0x844 load address 0x0000000000004ee0
 FILL mask 0xff
                0x0000000010000000                _data = .
 *(vtable)
 *(.data*)
 .data.SystemCoreClock
                0x0000000010000000        0x4 /Users/take/proj/LBED/lbed/CMSISv2p00_LPC11xx/Debug/libCMSISv2p00_LPC11xx.a(system_LPC11xx.o)
                0x0000000010000000                SystemCoreClock
 .data.__malloc_av_
                0x0000000010000004      0x408 /Applications/lpcxpresso_6.0.2_151/lpcxpresso/tools/bin/../lib/gcc/arm-none-eabi/4.6.2/../../../../arm-none-eabi/lib/armv6-m/libc.a(lib_a-mallocr.o)
                0x0000000010000004                __malloc_av_
 .data.__malloc_trim_threshold
                0x000000001000040c        0x4 /Applications/lpcxpresso_6.0.2_151/lpcxpresso/tools/bin/../lib/gcc/arm-none-eabi/4.6.2/../../../../arm-none-eabi/lib/armv6-m/libc.a(lib_a-mallocr.o)
                0x000000001000040c                __malloc_trim_threshold
 .data.__malloc_sbrk_base
                0x0000000010000410        0x4 /Applications/lpcxpresso_6.0.2_151/lpcxpresso/tools/bin/../lib/gcc/arm-none-eabi/4.6.2/../../../../arm-none-eabi/lib/armv6-m/libc.a(lib_a-mallocr.o)
                0x0000000010000410                __malloc_sbrk_base
 *fill*         0x0000000010000414        0x4 00
 .data.impure_data
                0x0000000010000418      0x428 /Applications/lpcxpresso_6.0.2_151/lpcxpresso/tools/bin/../lib/gcc/arm-none-eabi/4.6.2/../../../../arm-none-eabi/lib/armv6-m/libc.a(lib_a-impure.o)
 .data._impure_ptr
                0x0000000010000840        0x4 /Applications/lpcxpresso_6.0.2_151/lpcxpresso/tools/bin/../lib/gcc/arm-none-eabi/4.6.2/../../../../arm-none-eabi/lib/armv6-m/libc.a(lib_a-impure.o)
                0x0000000010000840                _impure_ptr
                0x0000000010000844                . = ALIGN (0x4)
                0x0000000010000844                _edata = .

.jcr            0x0000000010000844        0x0 load address 0x0000000000005724
 .jcr           0x0000000010000844        0x0 /Applications/lpcxpresso_6.0.2_151/lpcxpresso/tools/bin/../lib/gcc/arm-none-eabi/4.6.2/armv6-m/crtbegin.o

.bss            0x0000000010000844      0x194 load address 0x0000000000005724
                0x0000000010000844                _bss = .
 *(.bss*)
 .bss.led       0x0000000010000844       0x10 ./src/TextLCD.o
                0x0000000010000844                led
 .bss.lcd       0x0000000010000854      0x130 ./src/TextLCD.o
                0x0000000010000854                lcd
 .bss.count     0x0000000010000984        0x4 ./src/TextLCD.o
                0x0000000010000984                count
 .bss.__malloc_top_pad
                0x0000000010000988        0x4 /Applications/lpcxpresso_6.0.2_151/lpcxpresso/tools/bin/../lib/gcc/arm-none-eabi/4.6.2/../../../../arm-none-eabi/lib/armv6-m/libc.a(lib_a-mallocr.o)
                0x0000000010000988                __malloc_top_pad
 .bss.__malloc_current_mallinfo
                0x000000001000098c       0x28 /Applications/lpcxpresso_6.0.2_151/lpcxpresso/tools/bin/../lib/gcc/arm-none-eabi/4.6.2/../../../../arm-none-eabi/lib/armv6-m/libc.a(lib_a-mallocr.o)
                0x000000001000098c                __malloc_current_mallinfo
 .bss           0x00000000100009b4       0x1c /Applications/lpcxpresso_6.0.2_151/lpcxpresso/tools/bin/../lib/gcc/arm-none-eabi/4.6.2/armv6-m/crtbegin.o
 *(COMMON)
 COMMON         0x00000000100009d0        0x4 /Applications/lpcxpresso_6.0.2_151/lpcxpresso/tools/bin/../lib/gcc/arm-none-eabi/4.6.2/../../../../arm-none-eabi/lib/armv6-m/libc.a(lib_a-reent.o)
                0x00000000100009d0                errno
 COMMON         0x00000000100009d4        0x4 /Applications/lpcxpresso_6.0.2_151/lpcxpresso/tools/bin/../lib/gcc/arm-none-eabi/4.6.2/../../../../arm-none-eabi/lib/armv6-m/libcr_newlib_nohost.a(_cr_sbrk.o)
                0x00000000100009d4                __end_of_heap
                0x00000000100009d8                . = ALIGN (0x4)
                0x00000000100009d8                _ebss = .
                0x00000000100009d8                PROVIDE (end, .)

.noinit         0x00000000100009d8        0x0 load address 0x0000000000005724
                0x00000000100009d8                _noinit = .
 *(.noinit*)
                0x00000000100009d8                . = ALIGN (0x4)
                0x00000000100009d8                _end_noinit = .
                0x00000000100009d8                PROVIDE (_pvHeapStart, .)
                0x0000000010001000                PROVIDE (_vStackTop, (__top_RamLoc4 - 0x0))
OUTPUT(LBED_NeXtPino_MAIN.axf elf32-littlearm)

.debug_info     0x0000000000000000     0x4652
 .debug_info    0x0000000000000000      0x216 ./src_base/Main.o
 .debug_info    0x0000000000000216      0x1b6 ./src_base/cr_cpp_config.o
 .debug_info    0x00000000000003cc      0x283 ./src_base/cr_startup_lpc11.o
 .debug_info    0x000000000000064f      0xd40 ./src/TextLCD.o
 .debug_info    0x000000000000138f      0x4e4 /Users/take/proj/LBED/lbed/CMSISv2p00_LPC11xx/Debug/libCMSISv2p00_LPC11xx.a(system_LPC11xx.o)
 .debug_info    0x0000000000001873      0xb75 /Users/take/proj/LBED/lbed/LBED_NeXtPino_USERLIB/Debug/libLBED_NeXtPino_USERLIB.a(TextLCD.o)
 .debug_info    0x00000000000023e8      0x6ca /Users/take/proj/LBED/lbed/LBED_NeXtPino/Debug/libLBED_NeXtPino.a(BusOut.o)
 .debug_info    0x0000000000002ab2      0xf32 /Users/take/proj/LBED/lbed/LBED_NeXtPino/Debug/libLBED_NeXtPino.a(DigitalOut.o)
 .debug_info    0x00000000000039e4      0x72c /Users/take/proj/LBED/lbed/LBED_NeXtPino/Debug/libLBED_NeXtPino.a(Print.o)
 .debug_info    0x0000000000004110       0x3a /Users/take/proj/LBED/lbed/LBED_NeXtPino/Debug/libLBED_NeXtPino.a(pure_virtual.o)
 .debug_info    0x000000000000414a      0x177 /Users/take/proj/LBED/lbed/LBED_NeXtPino/Debug/libLBED_NeXtPino.a(wait_api.o)
 .debug_info    0x00000000000042c1      0x108 /Applications/lpcxpresso_6.0.2_151/lpcxpresso/tools/bin/../lib/gcc/arm-none-eabi/4.6.2/../../../../arm-none-eabi/lib/armv6-m/libcr_newlib_nohost.a(_cr_sbrk.o)
 .debug_info    0x00000000000043c9       0x60 /Applications/lpcxpresso_6.0.2_151/lpcxpresso/tools/bin/../lib/gcc/arm-none-eabi/4.6.2/../../../../arm-none-eabi/lib/armv6-m/libcr_newlib_nohost.a(_exit.o)
 .debug_info    0x0000000000004429       0xa9 /Applications/lpcxpresso_6.0.2_151/lpcxpresso/tools/bin/../lib/gcc/arm-none-eabi/4.6.2/../../../../arm-none-eabi/lib/armv6-m/libcr_newlib_nohost.a(getpid.o)
 .debug_info    0x00000000000044d2       0xca /Applications/lpcxpresso_6.0.2_151/lpcxpresso/tools/bin/../lib/gcc/arm-none-eabi/4.6.2/../../../../arm-none-eabi/lib/armv6-m/libcr_newlib_nohost.a(kill.o)
 .debug_info    0x000000000000459c       0xb6 /Applications/lpcxpresso_6.0.2_151/lpcxpresso/tools/bin/../lib/gcc/arm-none-eabi/4.6.2/../../../../arm-none-eabi/lib/armv6-m/libcr_newlib_nohost.a(_cr_check_heap.o)

.debug_abbrev   0x0000000000000000     0x12dc
 .debug_abbrev  0x0000000000000000      0x112 ./src_base/Main.o
 .debug_abbrev  0x0000000000000112       0xea ./src_base/cr_cpp_config.o
 .debug_abbrev  0x00000000000001fc       0xfa ./src_base/cr_startup_lpc11.o
 .debug_abbrev  0x00000000000002f6      0x24d ./src/TextLCD.o
 .debug_abbrev  0x0000000000000543       0xec /Users/take/proj/LBED/lbed/CMSISv2p00_LPC11xx/Debug/libCMSISv2p00_LPC11xx.a(system_LPC11xx.o)
 .debug_abbrev  0x000000000000062f      0x34d /Users/take/proj/LBED/lbed/LBED_NeXtPino_USERLIB/Debug/libLBED_NeXtPino_USERLIB.a(TextLCD.o)
 .debug_abbrev  0x000000000000097c      0x24e /Users/take/proj/LBED/lbed/LBED_NeXtPino/Debug/libLBED_NeXtPino.a(BusOut.o)
 .debug_abbrev  0x0000000000000bca      0x24c /Users/take/proj/LBED/lbed/LBED_NeXtPino/Debug/libLBED_NeXtPino.a(DigitalOut.o)
 .debug_abbrev  0x0000000000000e16      0x182 /Users/take/proj/LBED/lbed/LBED_NeXtPino/Debug/libLBED_NeXtPino.a(Print.o)
 .debug_abbrev  0x0000000000000f98       0x27 /Users/take/proj/LBED/lbed/LBED_NeXtPino/Debug/libLBED_NeXtPino.a(pure_virtual.o)
 .debug_abbrev  0x0000000000000fbf       0xf6 /Users/take/proj/LBED/lbed/LBED_NeXtPino/Debug/libLBED_NeXtPino.a(wait_api.o)
 .debug_abbrev  0x00000000000010b5       0x99 /Applications/lpcxpresso_6.0.2_151/lpcxpresso/tools/bin/../lib/gcc/arm-none-eabi/4.6.2/../../../../arm-none-eabi/lib/armv6-m/libcr_newlib_nohost.a(_cr_sbrk.o)
 .debug_abbrev  0x000000000000114e       0x54 /Applications/lpcxpresso_6.0.2_151/lpcxpresso/tools/bin/../lib/gcc/arm-none-eabi/4.6.2/../../../../arm-none-eabi/lib/armv6-m/libcr_newlib_nohost.a(_exit.o)
 .debug_abbrev  0x00000000000011a2       0x54 /Applications/lpcxpresso_6.0.2_151/lpcxpresso/tools/bin/../lib/gcc/arm-none-eabi/4.6.2/../../../../arm-none-eabi/lib/armv6-m/libcr_newlib_nohost.a(getpid.o)
 .debug_abbrev  0x00000000000011f6       0x74 /Applications/lpcxpresso_6.0.2_151/lpcxpresso/tools/bin/../lib/gcc/arm-none-eabi/4.6.2/../../../../arm-none-eabi/lib/armv6-m/libcr_newlib_nohost.a(kill.o)
 .debug_abbrev  0x000000000000126a       0x72 /Applications/lpcxpresso_6.0.2_151/lpcxpresso/tools/bin/../lib/gcc/arm-none-eabi/4.6.2/../../../../arm-none-eabi/lib/armv6-m/libcr_newlib_nohost.a(_cr_check_heap.o)

.debug_loc      0x0000000000000000      0xf3a
 .debug_loc     0x0000000000000000       0x2c ./src_base/Main.o
 .debug_loc     0x000000000000002c      0x144 ./src_base/cr_cpp_config.o
 .debug_loc     0x0000000000000170      0x1b0 ./src_base/cr_startup_lpc11.o
 .debug_loc     0x0000000000000320      0x19c ./src/TextLCD.o
 .debug_loc     0x00000000000004bc       0x98 /Users/take/proj/LBED/lbed/CMSISv2p00_LPC11xx/Debug/libCMSISv2p00_LPC11xx.a(system_LPC11xx.o)
 .debug_loc     0x0000000000000554      0x381 /Users/take/proj/LBED/lbed/LBED_NeXtPino_USERLIB/Debug/libLBED_NeXtPino_USERLIB.a(TextLCD.o)
 .debug_loc     0x00000000000008d5      0x188 /Users/take/proj/LBED/lbed/LBED_NeXtPino/Debug/libLBED_NeXtPino.a(BusOut.o)
 .debug_loc     0x0000000000000a5d       0xa8 /Users/take/proj/LBED/lbed/LBED_NeXtPino/Debug/libLBED_NeXtPino.a(DigitalOut.o)
 .debug_loc     0x0000000000000b05      0x2dc /Users/take/proj/LBED/lbed/LBED_NeXtPino/Debug/libLBED_NeXtPino.a(Print.o)
 .debug_loc     0x0000000000000de1       0x2c /Users/take/proj/LBED/lbed/LBED_NeXtPino/Debug/libLBED_NeXtPino.a(pure_virtual.o)
 .debug_loc     0x0000000000000e0d       0x5f /Users/take/proj/LBED/lbed/LBED_NeXtPino/Debug/libLBED_NeXtPino.a(wait_api.o)
 .debug_loc     0x0000000000000e6c       0x68 /Applications/lpcxpresso_6.0.2_151/lpcxpresso/tools/bin/../lib/gcc/arm-none-eabi/4.6.2/../../../../arm-none-eabi/lib/armv6-m/libcr_newlib_nohost.a(_cr_sbrk.o)
 .debug_loc     0x0000000000000ed4       0x20 /Applications/lpcxpresso_6.0.2_151/lpcxpresso/tools/bin/../lib/gcc/arm-none-eabi/4.6.2/../../../../arm-none-eabi/lib/armv6-m/libcr_newlib_nohost.a(_exit.o)
 .debug_loc     0x0000000000000ef4       0x13 /Applications/lpcxpresso_6.0.2_151/lpcxpresso/tools/bin/../lib/gcc/arm-none-eabi/4.6.2/../../../../arm-none-eabi/lib/armv6-m/libcr_newlib_nohost.a(kill.o)
 .debug_loc     0x0000000000000f07       0x33 /Applications/lpcxpresso_6.0.2_151/lpcxpresso/tools/bin/../lib/gcc/arm-none-eabi/4.6.2/../../../../arm-none-eabi/lib/armv6-m/libcr_newlib_nohost.a(_cr_check_heap.o)

.debug_aranges  0x0000000000000000      0x358
 .debug_aranges
                0x0000000000000000       0x20 ./src_base/Main.o
 .debug_aranges
                0x0000000000000020       0x48 ./src_base/cr_cpp_config.o
 .debug_aranges
                0x0000000000000068       0x60 ./src_base/cr_startup_lpc11.o
 .debug_aranges
                0x00000000000000c8       0x58 ./src/TextLCD.o
 .debug_aranges
                0x0000000000000120       0x28 /Users/take/proj/LBED/lbed/CMSISv2p00_LPC11xx/Debug/libCMSISv2p00_LPC11xx.a(system_LPC11xx.o)
 .debug_aranges
                0x0000000000000148       0x98 /Users/take/proj/LBED/lbed/LBED_NeXtPino_USERLIB/Debug/libLBED_NeXtPino_USERLIB.a(TextLCD.o)
 .debug_aranges
                0x00000000000001e0       0x40 /Users/take/proj/LBED/lbed/LBED_NeXtPino/Debug/libLBED_NeXtPino.a(BusOut.o)
 .debug_aranges
                0x0000000000000220       0x20 /Users/take/proj/LBED/lbed/LBED_NeXtPino/Debug/libLBED_NeXtPino.a(DigitalOut.o)
 .debug_aranges
                0x0000000000000240       0x28 /Users/take/proj/LBED/lbed/LBED_NeXtPino/Debug/libLBED_NeXtPino.a(Print.o)
 .debug_aranges
                0x0000000000000268       0x20 /Users/take/proj/LBED/lbed/LBED_NeXtPino/Debug/libLBED_NeXtPino.a(pure_virtual.o)
 .debug_aranges
                0x0000000000000288       0x30 /Users/take/proj/LBED/lbed/LBED_NeXtPino/Debug/libLBED_NeXtPino.a(wait_api.o)
 .debug_aranges
                0x00000000000002b8       0x20 /Applications/lpcxpresso_6.0.2_151/lpcxpresso/tools/bin/../lib/gcc/arm-none-eabi/4.6.2/../../../../arm-none-eabi/lib/armv6-m/libcr_newlib_nohost.a(_cr_sbrk.o)
 .debug_aranges
                0x00000000000002d8       0x20 /Applications/lpcxpresso_6.0.2_151/lpcxpresso/tools/bin/../lib/gcc/arm-none-eabi/4.6.2/../../../../arm-none-eabi/lib/armv6-m/libcr_newlib_nohost.a(_exit.o)
 .debug_aranges
                0x00000000000002f8       0x20 /Applications/lpcxpresso_6.0.2_151/lpcxpresso/tools/bin/../lib/gcc/arm-none-eabi/4.6.2/../../../../arm-none-eabi/lib/armv6-m/libcr_newlib_nohost.a(getpid.o)
 .debug_aranges
                0x0000000000000318       0x20 /Applications/lpcxpresso_6.0.2_151/lpcxpresso/tools/bin/../lib/gcc/arm-none-eabi/4.6.2/../../../../arm-none-eabi/lib/armv6-m/libcr_newlib_nohost.a(kill.o)
 .debug_aranges
                0x0000000000000338       0x20 /Applications/lpcxpresso_6.0.2_151/lpcxpresso/tools/bin/../lib/gcc/arm-none-eabi/4.6.2/../../../../arm-none-eabi/lib/armv6-m/libcr_newlib_nohost.a(_cr_check_heap.o)

.debug_ranges   0x0000000000000000      0x238
 .debug_ranges  0x0000000000000000       0x10 ./src_base/Main.o
 .debug_ranges  0x0000000000000010       0x38 ./src_base/cr_cpp_config.o
 .debug_ranges  0x0000000000000048       0x50 ./src_base/cr_startup_lpc11.o
 .debug_ranges  0x0000000000000098       0x48 ./src/TextLCD.o
 .debug_ranges  0x00000000000000e0       0x18 /Users/take/proj/LBED/lbed/CMSISv2p00_LPC11xx/Debug/libCMSISv2p00_LPC11xx.a(system_LPC11xx.o)
 .debug_ranges  0x00000000000000f8       0x88 /Users/take/proj/LBED/lbed/LBED_NeXtPino_USERLIB/Debug/libLBED_NeXtPino_USERLIB.a(TextLCD.o)
 .debug_ranges  0x0000000000000180       0x30 /Users/take/proj/LBED/lbed/LBED_NeXtPino/Debug/libLBED_NeXtPino.a(BusOut.o)
 .debug_ranges  0x00000000000001b0       0x18 /Users/take/proj/LBED/lbed/LBED_NeXtPino/Debug/libLBED_NeXtPino.a(Print.o)
 .debug_ranges  0x00000000000001c8       0x20 /Users/take/proj/LBED/lbed/LBED_NeXtPino/Debug/libLBED_NeXtPino.a(wait_api.o)
 .debug_ranges  0x00000000000001e8       0x10 /Applications/lpcxpresso_6.0.2_151/lpcxpresso/tools/bin/../lib/gcc/arm-none-eabi/4.6.2/../../../../arm-none-eabi/lib/armv6-m/libcr_newlib_nohost.a(_cr_sbrk.o)
 .debug_ranges  0x00000000000001f8       0x10 /Applications/lpcxpresso_6.0.2_151/lpcxpresso/tools/bin/../lib/gcc/arm-none-eabi/4.6.2/../../../../arm-none-eabi/lib/armv6-m/libcr_newlib_nohost.a(_exit.o)
 .debug_ranges  0x0000000000000208       0x10 /Applications/lpcxpresso_6.0.2_151/lpcxpresso/tools/bin/../lib/gcc/arm-none-eabi/4.6.2/../../../../arm-none-eabi/lib/armv6-m/libcr_newlib_nohost.a(getpid.o)
 .debug_ranges  0x0000000000000218       0x10 /Applications/lpcxpresso_6.0.2_151/lpcxpresso/tools/bin/../lib/gcc/arm-none-eabi/4.6.2/../../../../arm-none-eabi/lib/armv6-m/libcr_newlib_nohost.a(kill.o)
 .debug_ranges  0x0000000000000228       0x10 /Applications/lpcxpresso_6.0.2_151/lpcxpresso/tools/bin/../lib/gcc/arm-none-eabi/4.6.2/../../../../arm-none-eabi/lib/armv6-m/libcr_newlib_nohost.a(_cr_check_heap.o)

.debug_line     0x0000000000000000     0x1bc1
 .debug_line    0x0000000000000000      0x161 ./src_base/Main.o
 .debug_line    0x0000000000000161      0x11e ./src_base/cr_cpp_config.o
 .debug_line    0x000000000000027f       0xc7 ./src_base/cr_startup_lpc11.o
 .debug_line    0x0000000000000346      0x28c ./src/TextLCD.o
 .debug_line    0x00000000000005d2      0x3fe /Users/take/proj/LBED/lbed/CMSISv2p00_LPC11xx/Debug/libCMSISv2p00_LPC11xx.a(system_LPC11xx.o)
 .debug_line    0x00000000000009d0      0x90b /Users/take/proj/LBED/lbed/LBED_NeXtPino_USERLIB/Debug/libLBED_NeXtPino_USERLIB.a(TextLCD.o)
 .debug_line    0x00000000000012db      0x256 /Users/take/proj/LBED/lbed/LBED_NeXtPino/Debug/libLBED_NeXtPino.a(BusOut.o)
 .debug_line    0x0000000000001531      0x1c4 /Users/take/proj/LBED/lbed/LBED_NeXtPino/Debug/libLBED_NeXtPino.a(DigitalOut.o)
 .debug_line    0x00000000000016f5      0x138 /Users/take/proj/LBED/lbed/LBED_NeXtPino/Debug/libLBED_NeXtPino.a(Print.o)
 .debug_line    0x000000000000182d       0x52 /Users/take/proj/LBED/lbed/LBED_NeXtPino/Debug/libLBED_NeXtPino.a(pure_virtual.o)
 .debug_line    0x000000000000187f      0x165 /Users/take/proj/LBED/lbed/LBED_NeXtPino/Debug/libLBED_NeXtPino.a(wait_api.o)
 .debug_line    0x00000000000019e4       0xc8 /Applications/lpcxpresso_6.0.2_151/lpcxpresso/tools/bin/../lib/gcc/arm-none-eabi/4.6.2/../../../../arm-none-eabi/lib/armv6-m/libcr_newlib_nohost.a(_cr_sbrk.o)
 .debug_line    0x0000000000001aac       0x3e /Applications/lpcxpresso_6.0.2_151/lpcxpresso/tools/bin/../lib/gcc/arm-none-eabi/4.6.2/../../../../arm-none-eabi/lib/armv6-m/libcr_newlib_nohost.a(_exit.o)
 .debug_line    0x0000000000001aea       0x44 /Applications/lpcxpresso_6.0.2_151/lpcxpresso/tools/bin/../lib/gcc/arm-none-eabi/4.6.2/../../../../arm-none-eabi/lib/armv6-m/libcr_newlib_nohost.a(getpid.o)
 .debug_line    0x0000000000001b2e       0x42 /Applications/lpcxpresso_6.0.2_151/lpcxpresso/tools/bin/../lib/gcc/arm-none-eabi/4.6.2/../../../../arm-none-eabi/lib/armv6-m/libcr_newlib_nohost.a(kill.o)
 .debug_line    0x0000000000001b70       0x51 /Applications/lpcxpresso_6.0.2_151/lpcxpresso/tools/bin/../lib/gcc/arm-none-eabi/4.6.2/../../../../arm-none-eabi/lib/armv6-m/libcr_newlib_nohost.a(_cr_check_heap.o)

.debug_str      0x0000000000000000     0x1381
 .debug_str     0x0000000000000000      0x149 ./src_base/Main.o
                                        0x193 (size before relaxing)
 .debug_str     0x0000000000000149      0x103 ./src_base/cr_cpp_config.o
                                        0x20b (size before relaxing)
 .debug_str     0x000000000000024c      0x153 ./src_base/cr_startup_lpc11.o
                                        0x25c (size before relaxing)
 .debug_str     0x000000000000039f      0x538 ./src/TextLCD.o
                                        0x6b5 (size before relaxing)
 .debug_str     0x00000000000008d7      0x31e /Users/take/proj/LBED/lbed/CMSISv2p00_LPC11xx/Debug/libCMSISv2p00_LPC11xx.a(system_LPC11xx.o)
                                        0x3ad (size before relaxing)
 .debug_str     0x0000000000000bf5      0x1f2 /Users/take/proj/LBED/lbed/LBED_NeXtPino_USERLIB/Debug/libLBED_NeXtPino_USERLIB.a(TextLCD.o)
                                        0x46f (size before relaxing)
 .debug_str     0x0000000000000de7       0x49 /Users/take/proj/LBED/lbed/LBED_NeXtPino/Debug/libLBED_NeXtPino.a(BusOut.o)
                                        0x282 (size before relaxing)
 .debug_str     0x0000000000000e30      0x19c /Users/take/proj/LBED/lbed/LBED_NeXtPino/Debug/libLBED_NeXtPino.a(DigitalOut.o)
                                        0x78b (size before relaxing)
 .debug_str     0x0000000000000fcc      0x1af /Users/take/proj/LBED/lbed/LBED_NeXtPino/Debug/libLBED_NeXtPino.a(Print.o)
                                        0x2cf (size before relaxing)
 .debug_str     0x000000000000117b       0x33 /Users/take/proj/LBED/lbed/LBED_NeXtPino/Debug/libLBED_NeXtPino.a(pure_virtual.o)
                                         0xad (size before relaxing)
 .debug_str     0x00000000000011ae       0x59 /Users/take/proj/LBED/lbed/LBED_NeXtPino/Debug/libLBED_NeXtPino.a(wait_api.o)
                                        0x173 (size before relaxing)
 .debug_str     0x0000000000001207       0xee /Applications/lpcxpresso_6.0.2_151/lpcxpresso/tools/bin/../lib/gcc/arm-none-eabi/4.6.2/../../../../arm-none-eabi/lib/armv6-m/libcr_newlib_nohost.a(_cr_sbrk.o)
                                        0x17e (size before relaxing)
 .debug_str     0x00000000000012f5       0x15 /Applications/lpcxpresso_6.0.2_151/lpcxpresso/tools/bin/../lib/gcc/arm-none-eabi/4.6.2/../../../../arm-none-eabi/lib/armv6-m/libcr_newlib_nohost.a(_exit.o)
                                         0xab (size before relaxing)
 .debug_str     0x000000000000130a       0x1e /Applications/lpcxpresso_6.0.2_151/lpcxpresso/tools/bin/../lib/gcc/arm-none-eabi/4.6.2/../../../../arm-none-eabi/lib/armv6-m/libcr_newlib_nohost.a(getpid.o)
                                        0x13d (size before relaxing)
 .debug_str     0x0000000000001328       0x14 /Applications/lpcxpresso_6.0.2_151/lpcxpresso/tools/bin/../lib/gcc/arm-none-eabi/4.6.2/../../../../arm-none-eabi/lib/armv6-m/libcr_newlib_nohost.a(kill.o)
                                        0x139 (size before relaxing)
 .debug_str     0x000000000000133c       0x45 /Applications/lpcxpresso_6.0.2_151/lpcxpresso/tools/bin/../lib/gcc/arm-none-eabi/4.6.2/../../../../arm-none-eabi/lib/armv6-m/libcr_newlib_nohost.a(_cr_check_heap.o)
                                        0x10a (size before relaxing)

.comment        0x0000000000000000       0xe0
 .comment       0x0000000000000000       0x70 ./src_base/Main.o
                                         0x71 (size before relaxing)
 .comment       0x0000000000000000       0x71 ./src_base/cr_cpp_config.o
 .comment       0x0000000000000000       0x71 ./src_base/cr_startup_lpc11.o
 .comment       0x0000000000000000       0x71 ./src/TextLCD.o
 .comment       0x0000000000000000       0x71 /Users/take/proj/LBED/lbed/CMSISv2p00_LPC11xx/Debug/libCMSISv2p00_LPC11xx.a(system_LPC11xx.o)
 .comment       0x0000000000000000       0x71 /Users/take/proj/LBED/lbed/LBED_NeXtPino_USERLIB/Debug/libLBED_NeXtPino_USERLIB.a(TextLCD.o)
 .comment       0x0000000000000000       0x71 /Users/take/proj/LBED/lbed/LBED_NeXtPino/Debug/libLBED_NeXtPino.a(BusOut.o)
 .comment       0x0000000000000000       0x71 /Users/take/proj/LBED/lbed/LBED_NeXtPino/Debug/libLBED_NeXtPino.a(DigitalOut.o)
 .comment       0x0000000000000000       0x71 /Users/take/proj/LBED/lbed/LBED_NeXtPino/Debug/libLBED_NeXtPino.a(Print.o)
 .comment       0x0000000000000000       0x71 /Users/take/proj/LBED/lbed/LBED_NeXtPino/Debug/libLBED_NeXtPino.a(pure_virtual.o)
 .comment       0x0000000000000000       0x71 /Users/take/proj/LBED/lbed/LBED_NeXtPino/Debug/libLBED_NeXtPino.a(wait_api.o)
 .comment       0x0000000000000070       0x70 /Applications/lpcxpresso_6.0.2_151/lpcxpresso/tools/bin/../lib/gcc/arm-none-eabi/4.6.2/../../../../arm-none-eabi/lib/armv6-m/libcr_newlib_nohost.a(_cr_sbrk.o)
                                         0x71 (size before relaxing)
 .comment       0x0000000000000000       0x71 /Applications/lpcxpresso_6.0.2_151/lpcxpresso/tools/bin/../lib/gcc/arm-none-eabi/4.6.2/../../../../arm-none-eabi/lib/armv6-m/libcr_newlib_nohost.a(_exit.o)
 .comment       0x0000000000000000       0x71 /Applications/lpcxpresso_6.0.2_151/lpcxpresso/tools/bin/../lib/gcc/arm-none-eabi/4.6.2/../../../../arm-none-eabi/lib/armv6-m/libcr_newlib_nohost.a(getpid.o)
 .comment       0x0000000000000000       0x71 /Applications/lpcxpresso_6.0.2_151/lpcxpresso/tools/bin/../lib/gcc/arm-none-eabi/4.6.2/../../../../arm-none-eabi/lib/armv6-m/libcr_newlib_nohost.a(kill.o)
 .comment       0x0000000000000000       0x71 /Applications/lpcxpresso_6.0.2_151/lpcxpresso/tools/bin/../lib/gcc/arm-none-eabi/4.6.2/../../../../arm-none-eabi/lib/armv6-m/libcr_newlib_nohost.a(_cr_check_heap.o)

.ARM.attributes
                0x0000000000000000       0x31
 .ARM.attributes
                0x0000000000000000       0x31 ./src_base/Main.o
 .ARM.attributes
                0x0000000000000031       0x31 ./src_base/cr_cpp_config.o
 .ARM.attributes
                0x0000000000000062       0x31 ./src_base/cr_startup_lpc11.o
 .ARM.attributes
                0x0000000000000093       0x31 ./src/TextLCD.o
 .ARM.attributes
                0x00000000000000c4       0x31 /Users/take/proj/LBED/lbed/CMSISv2p00_LPC11xx/Debug/libCMSISv2p00_LPC11xx.a(system_LPC11xx.o)
 .ARM.attributes
                0x00000000000000f5       0x31 /Users/take/proj/LBED/lbed/LBED_NeXtPino_USERLIB/Debug/libLBED_NeXtPino_USERLIB.a(TextLCD.o)
 .ARM.attributes
                0x0000000000000126       0x31 /Users/take/proj/LBED/lbed/LBED_NeXtPino/Debug/libLBED_NeXtPino.a(BusOut.o)
 .ARM.attributes
                0x0000000000000157       0x31 /Users/take/proj/LBED/lbed/LBED_NeXtPino/Debug/libLBED_NeXtPino.a(DigitalOut.o)
 .ARM.attributes
                0x0000000000000188       0x31 /Users/take/proj/LBED/lbed/LBED_NeXtPino/Debug/libLBED_NeXtPino.a(Print.o)
 .ARM.attributes
                0x00000000000001b9       0x31 /Users/take/proj/LBED/lbed/LBED_NeXtPino/Debug/libLBED_NeXtPino.a(pure_virtual.o)
 .ARM.attributes
                0x00000000000001ea       0x31 /Users/take/proj/LBED/lbed/LBED_NeXtPino/Debug/libLBED_NeXtPino.a(wait_api.o)
 .ARM.attributes
                0x000000000000021b       0x1e /Applications/lpcxpresso_6.0.2_151/lpcxpresso/tools/bin/../lib/gcc/arm-none-eabi/4.6.2/armv6-m/libgcc.a(_udivsi3.o)
 .ARM.attributes
                0x0000000000000239       0x1e /Applications/lpcxpresso_6.0.2_151/lpcxpresso/tools/bin/../lib/gcc/arm-none-eabi/4.6.2/armv6-m/libgcc.a(_dvmd_tls.o)
 .ARM.attributes
                0x0000000000000257       0x1e /Applications/lpcxpresso_6.0.2_151/lpcxpresso/tools/bin/../lib/gcc/arm-none-eabi/4.6.2/armv6-m/libgcc.a(_arm_cmpdf2.o)
 .ARM.attributes
                0x0000000000000275       0x2c /Applications/lpcxpresso_6.0.2_151/lpcxpresso/tools/bin/../lib/gcc/arm-none-eabi/4.6.2/armv6-m/libgcc.a(_fixunsdfsi.o)
 .ARM.attributes
                0x00000000000002a1       0x2c /Applications/lpcxpresso_6.0.2_151/lpcxpresso/tools/bin/../lib/gcc/arm-none-eabi/4.6.2/armv6-m/libgcc.a(adddf3.o)
 .ARM.attributes
                0x00000000000002cd       0x2c /Applications/lpcxpresso_6.0.2_151/lpcxpresso/tools/bin/../lib/gcc/arm-none-eabi/4.6.2/armv6-m/libgcc.a(divdf3.o)
 .ARM.attributes
                0x00000000000002f9       0x2c /Applications/lpcxpresso_6.0.2_151/lpcxpresso/tools/bin/../lib/gcc/arm-none-eabi/4.6.2/armv6-m/libgcc.a(eqdf2.o)
 .ARM.attributes
                0x0000000000000325       0x2c /Applications/lpcxpresso_6.0.2_151/lpcxpresso/tools/bin/../lib/gcc/arm-none-eabi/4.6.2/armv6-m/libgcc.a(gedf2.o)
 .ARM.attributes
                0x0000000000000351       0x2c /Applications/lpcxpresso_6.0.2_151/lpcxpresso/tools/bin/../lib/gcc/arm-none-eabi/4.6.2/armv6-m/libgcc.a(ledf2.o)
 .ARM.attributes
                0x000000000000037d       0x2c /Applications/lpcxpresso_6.0.2_151/lpcxpresso/tools/bin/../lib/gcc/arm-none-eabi/4.6.2/armv6-m/libgcc.a(muldf3.o)
 .ARM.attributes
                0x00000000000003a9       0x2c /Applications/lpcxpresso_6.0.2_151/lpcxpresso/tools/bin/../lib/gcc/arm-none-eabi/4.6.2/armv6-m/libgcc.a(subdf3.o)
 .ARM.attributes
                0x00000000000003d5       0x2c /Applications/lpcxpresso_6.0.2_151/lpcxpresso/tools/bin/../lib/gcc/arm-none-eabi/4.6.2/armv6-m/libgcc.a(fixdfsi.o)
 .ARM.attributes
                0x0000000000000401       0x2c /Applications/lpcxpresso_6.0.2_151/lpcxpresso/tools/bin/../lib/gcc/arm-none-eabi/4.6.2/armv6-m/libgcc.a(floatsidf.o)
 .ARM.attributes
                0x000000000000042d       0x2c /Applications/lpcxpresso_6.0.2_151/lpcxpresso/tools/bin/../lib/gcc/arm-none-eabi/4.6.2/armv6-m/libgcc.a(floatunsidf.o)
 .ARM.attributes
                0x0000000000000459       0x2c /Applications/lpcxpresso_6.0.2_151/lpcxpresso/tools/bin/../lib/gcc/arm-none-eabi/4.6.2/armv6-m/libgcc.a(unwind-arm.o)
 .ARM.attributes
                0x0000000000000485       0x1e /Applications/lpcxpresso_6.0.2_151/lpcxpresso/tools/bin/../lib/gcc/arm-none-eabi/4.6.2/armv6-m/libgcc.a(libunwind.o)
 .ARM.attributes
                0x00000000000004a3       0x2c /Applications/lpcxpresso_6.0.2_151/lpcxpresso/tools/bin/../lib/gcc/arm-none-eabi/4.6.2/armv6-m/libgcc.a(pr-support.o)
 .ARM.attributes
                0x00000000000004cf       0x1e /Applications/lpcxpresso_6.0.2_151/lpcxpresso/tools/bin/../lib/gcc/arm-none-eabi/4.6.2/armv6-m/libgcc.a(_clzsi2.o)
 .ARM.attributes
                0x00000000000004ed       0x2c /Applications/lpcxpresso_6.0.2_151/lpcxpresso/tools/bin/../lib/gcc/arm-none-eabi/4.6.2/../../../../arm-none-eabi/lib/armv6-m/libc.a(lib_a-abort.o)
 .ARM.attributes
                0x0000000000000519       0x2c /Applications/lpcxpresso_6.0.2_151/lpcxpresso/tools/bin/../lib/gcc/arm-none-eabi/4.6.2/../../../../arm-none-eabi/lib/armv6-m/libc.a(lib_a-init.o)
 .ARM.attributes
                0x0000000000000545       0x2c /Applications/lpcxpresso_6.0.2_151/lpcxpresso/tools/bin/../lib/gcc/arm-none-eabi/4.6.2/../../../../arm-none-eabi/lib/armv6-m/libc.a(lib_a-malloc.o)
 .ARM.attributes
                0x0000000000000571       0x2c /Applications/lpcxpresso_6.0.2_151/lpcxpresso/tools/bin/../lib/gcc/arm-none-eabi/4.6.2/../../../../arm-none-eabi/lib/armv6-m/libc.a(lib_a-mallocr.o)
 .ARM.attributes
                0x000000000000059d       0x2c /Applications/lpcxpresso_6.0.2_151/lpcxpresso/tools/bin/../lib/gcc/arm-none-eabi/4.6.2/../../../../arm-none-eabi/lib/armv6-m/libc.a(lib_a-memcpy.o)
 .ARM.attributes
                0x00000000000005c9       0x2c /Applications/lpcxpresso_6.0.2_151/lpcxpresso/tools/bin/../lib/gcc/arm-none-eabi/4.6.2/../../../../arm-none-eabi/lib/armv6-m/libc.a(lib_a-mlock.o)
 .ARM.attributes
                0x00000000000005f5       0x2c /Applications/lpcxpresso_6.0.2_151/lpcxpresso/tools/bin/../lib/gcc/arm-none-eabi/4.6.2/../../../../arm-none-eabi/lib/armv6-m/libc.a(lib_a-sbrkr.o)
 .ARM.attributes
                0x0000000000000621       0x2c /Applications/lpcxpresso_6.0.2_151/lpcxpresso/tools/bin/../lib/gcc/arm-none-eabi/4.6.2/../../../../arm-none-eabi/lib/armv6-m/libc.a(lib_a-signal.o)
 .ARM.attributes
                0x000000000000064d       0x2c /Applications/lpcxpresso_6.0.2_151/lpcxpresso/tools/bin/../lib/gcc/arm-none-eabi/4.6.2/../../../../arm-none-eabi/lib/armv6-m/libc.a(lib_a-signalr.o)
 .ARM.attributes
                0x0000000000000679       0x2c /Applications/lpcxpresso_6.0.2_151/lpcxpresso/tools/bin/../lib/gcc/arm-none-eabi/4.6.2/../../../../arm-none-eabi/lib/armv6-m/libc.a(lib_a-strlen.o)
 .ARM.attributes
                0x00000000000006a5       0x2c /Applications/lpcxpresso_6.0.2_151/lpcxpresso/tools/bin/../lib/gcc/arm-none-eabi/4.6.2/../../../../arm-none-eabi/lib/armv6-m/libc.a(lib_a-freer.o)
 .ARM.attributes
                0x00000000000006d1       0x2c /Applications/lpcxpresso_6.0.2_151/lpcxpresso/tools/bin/../lib/gcc/arm-none-eabi/4.6.2/../../../../arm-none-eabi/lib/armv6-m/libc.a(lib_a-impure.o)
 .ARM.attributes
                0x00000000000006fd       0x2c /Applications/lpcxpresso_6.0.2_151/lpcxpresso/tools/bin/../lib/gcc/arm-none-eabi/4.6.2/../../../../arm-none-eabi/lib/armv6-m/libc.a(lib_a-reent.o)
 .ARM.attributes
                0x0000000000000729       0x2c /Applications/lpcxpresso_6.0.2_151/lpcxpresso/tools/bin/../lib/gcc/arm-none-eabi/4.6.2/../../../../arm-none-eabi/lib/armv6-m/libstdc++.a(class_type_info.o)
 .ARM.attributes
                0x0000000000000755       0x2c /Applications/lpcxpresso_6.0.2_151/lpcxpresso/tools/bin/../lib/gcc/arm-none-eabi/4.6.2/../../../../arm-none-eabi/lib/armv6-m/libstdc++.a(si_class_type_info.o)
 .ARM.attributes
                0x0000000000000781       0x2c /Applications/lpcxpresso_6.0.2_151/lpcxpresso/tools/bin/../lib/gcc/arm-none-eabi/4.6.2/../../../../arm-none-eabi/lib/armv6-m/libstdc++.a(tinfo.o)
 .ARM.attributes
                0x00000000000007ad       0x31 /Applications/lpcxpresso_6.0.2_151/lpcxpresso/tools/bin/../lib/gcc/arm-none-eabi/4.6.2/../../../../arm-none-eabi/lib/armv6-m/libcr_newlib_nohost.a(_cr_sbrk.o)
 .ARM.attributes
                0x00000000000007de       0x31 /Applications/lpcxpresso_6.0.2_151/lpcxpresso/tools/bin/../lib/gcc/arm-none-eabi/4.6.2/../../../../arm-none-eabi/lib/armv6-m/libcr_newlib_nohost.a(_exit.o)
 .ARM.attributes
                0x000000000000080f       0x31 /Applications/lpcxpresso_6.0.2_151/lpcxpresso/tools/bin/../lib/gcc/arm-none-eabi/4.6.2/../../../../arm-none-eabi/lib/armv6-m/libcr_newlib_nohost.a(getpid.o)
 .ARM.attributes
                0x0000000000000840       0x31 /Applications/lpcxpresso_6.0.2_151/lpcxpresso/tools/bin/../lib/gcc/arm-none-eabi/4.6.2/../../../../arm-none-eabi/lib/armv6-m/libcr_newlib_nohost.a(kill.o)
 .ARM.attributes
                0x0000000000000871       0x31 /Applications/lpcxpresso_6.0.2_151/lpcxpresso/tools/bin/../lib/gcc/arm-none-eabi/4.6.2/../../../../arm-none-eabi/lib/armv6-m/libcr_newlib_nohost.a(_cr_check_heap.o)
 .ARM.attributes
                0x00000000000008a2       0x1e /Applications/lpcxpresso_6.0.2_151/lpcxpresso/tools/bin/../lib/gcc/arm-none-eabi/4.6.2/armv6-m/crti.o
 .ARM.attributes
                0x00000000000008c0       0x1e /Applications/lpcxpresso_6.0.2_151/lpcxpresso/tools/bin/../lib/gcc/arm-none-eabi/4.6.2/armv6-m/crtn.o
 .ARM.attributes
                0x00000000000008de       0x2c /Applications/lpcxpresso_6.0.2_151/lpcxpresso/tools/bin/../lib/gcc/arm-none-eabi/4.6.2/armv6-m/crtbegin.o
 .ARM.attributes
                0x000000000000090a       0x2c /Applications/lpcxpresso_6.0.2_151/lpcxpresso/tools/bin/../lib/gcc/arm-none-eabi/4.6.2/armv6-m/crtend.o
 .ARM.attributes
                0x0000000000000936       0x2c /Applications/lpcxpresso_6.0.2_151/lpcxpresso/tools/bin/../lib/gcc/arm-none-eabi/4.6.2/../../../../arm-none-eabi/lib/armv6-m/libc.a(lib_a-errno.o)
 .ARM.attributes
                0x0000000000000962       0x2c /Applications/lpcxpresso_6.0.2_151/lpcxpresso/tools/bin/../lib/gcc/arm-none-eabi/4.6.2/../../../../arm-none-eabi/lib/armv6-m/libc.a(lib_a-strcmp.o)

.debug_frame    0x0000000000000000     0x1574
 .debug_frame   0x0000000000000000       0x2c ./src_base/Main.o
 .debug_frame   0x000000000000002c       0xcc ./src_base/cr_cpp_config.o
 .debug_frame   0x00000000000000f8      0x118 ./src_base/cr_startup_lpc11.o
 .debug_frame   0x0000000000000210      0x104 ./src/TextLCD.o
 .debug_frame   0x0000000000000314       0x44 /Users/take/proj/LBED/lbed/CMSISv2p00_LPC11xx/Debug/libCMSISv2p00_LPC11xx.a(system_LPC11xx.o)
 .debug_frame   0x0000000000000358      0x210 /Users/take/proj/LBED/lbed/LBED_NeXtPino_USERLIB/Debug/libLBED_NeXtPino_USERLIB.a(TextLCD.o)
 .debug_frame   0x0000000000000568       0xf4 /Users/take/proj/LBED/lbed/LBED_NeXtPino/Debug/libLBED_NeXtPino.a(BusOut.o)
 .debug_frame   0x000000000000065c       0x70 /Users/take/proj/LBED/lbed/LBED_NeXtPino/Debug/libLBED_NeXtPino.a(DigitalOut.o)
 .debug_frame   0x00000000000006cc      0x1b0 /Users/take/proj/LBED/lbed/LBED_NeXtPino/Debug/libLBED_NeXtPino.a(Print.o)
 .debug_frame   0x000000000000087c       0x2c /Users/take/proj/LBED/lbed/LBED_NeXtPino/Debug/libLBED_NeXtPino.a(pure_virtual.o)
 .debug_frame   0x00000000000008a8       0x50 /Users/take/proj/LBED/lbed/LBED_NeXtPino/Debug/libLBED_NeXtPino.a(wait_api.o)
 .debug_frame   0x00000000000008f8       0x20 /Applications/lpcxpresso_6.0.2_151/lpcxpresso/tools/bin/../lib/gcc/arm-none-eabi/4.6.2/armv6-m/libgcc.a(_udivsi3.o)
 .debug_frame   0x0000000000000918       0x2c /Applications/lpcxpresso_6.0.2_151/lpcxpresso/tools/bin/../lib/gcc/arm-none-eabi/4.6.2/armv6-m/libgcc.a(_fixunsdfsi.o)
 .debug_frame   0x0000000000000944       0x38 /Applications/lpcxpresso_6.0.2_151/lpcxpresso/tools/bin/../lib/gcc/arm-none-eabi/4.6.2/armv6-m/libgcc.a(adddf3.o)
 .debug_frame   0x000000000000097c       0x3c /Applications/lpcxpresso_6.0.2_151/lpcxpresso/tools/bin/../lib/gcc/arm-none-eabi/4.6.2/armv6-m/libgcc.a(divdf3.o)
 .debug_frame   0x00000000000009b8       0x34 /Applications/lpcxpresso_6.0.2_151/lpcxpresso/tools/bin/../lib/gcc/arm-none-eabi/4.6.2/armv6-m/libgcc.a(eqdf2.o)
 .debug_frame   0x00000000000009ec       0x34 /Applications/lpcxpresso_6.0.2_151/lpcxpresso/tools/bin/../lib/gcc/arm-none-eabi/4.6.2/armv6-m/libgcc.a(gedf2.o)
 .debug_frame   0x0000000000000a20       0x34 /Applications/lpcxpresso_6.0.2_151/lpcxpresso/tools/bin/../lib/gcc/arm-none-eabi/4.6.2/armv6-m/libgcc.a(ledf2.o)
 .debug_frame   0x0000000000000a54       0x3c /Applications/lpcxpresso_6.0.2_151/lpcxpresso/tools/bin/../lib/gcc/arm-none-eabi/4.6.2/armv6-m/libgcc.a(muldf3.o)
 .debug_frame   0x0000000000000a90       0x38 /Applications/lpcxpresso_6.0.2_151/lpcxpresso/tools/bin/../lib/gcc/arm-none-eabi/4.6.2/armv6-m/libgcc.a(subdf3.o)
 .debug_frame   0x0000000000000ac8       0x2c /Applications/lpcxpresso_6.0.2_151/lpcxpresso/tools/bin/../lib/gcc/arm-none-eabi/4.6.2/armv6-m/libgcc.a(fixdfsi.o)
 .debug_frame   0x0000000000000af4       0x30 /Applications/lpcxpresso_6.0.2_151/lpcxpresso/tools/bin/../lib/gcc/arm-none-eabi/4.6.2/armv6-m/libgcc.a(floatsidf.o)
 .debug_frame   0x0000000000000b24       0x2c /Applications/lpcxpresso_6.0.2_151/lpcxpresso/tools/bin/../lib/gcc/arm-none-eabi/4.6.2/armv6-m/libgcc.a(floatunsidf.o)
 .debug_frame   0x0000000000000b50      0x2ac /Applications/lpcxpresso_6.0.2_151/lpcxpresso/tools/bin/../lib/gcc/arm-none-eabi/4.6.2/armv6-m/libgcc.a(unwind-arm.o)
 .debug_frame   0x0000000000000dfc       0xfc /Applications/lpcxpresso_6.0.2_151/lpcxpresso/tools/bin/../lib/gcc/arm-none-eabi/4.6.2/armv6-m/libgcc.a(pr-support.o)
 .debug_frame   0x0000000000000ef8       0x28 /Applications/lpcxpresso_6.0.2_151/lpcxpresso/tools/bin/../lib/gcc/arm-none-eabi/4.6.2/../../../../arm-none-eabi/lib/armv6-m/libc.a(lib_a-abort.o)
 .debug_frame   0x0000000000000f20       0x2c /Applications/lpcxpresso_6.0.2_151/lpcxpresso/tools/bin/../lib/gcc/arm-none-eabi/4.6.2/../../../../arm-none-eabi/lib/armv6-m/libc.a(lib_a-init.o)
 .debug_frame   0x0000000000000f4c       0x40 /Applications/lpcxpresso_6.0.2_151/lpcxpresso/tools/bin/../lib/gcc/arm-none-eabi/4.6.2/../../../../arm-none-eabi/lib/armv6-m/libc.a(lib_a-malloc.o)
 .debug_frame   0x0000000000000f8c       0x3c /Applications/lpcxpresso_6.0.2_151/lpcxpresso/tools/bin/../lib/gcc/arm-none-eabi/4.6.2/../../../../arm-none-eabi/lib/armv6-m/libc.a(lib_a-mallocr.o)
 .debug_frame   0x0000000000000fc8       0x30 /Applications/lpcxpresso_6.0.2_151/lpcxpresso/tools/bin/../lib/gcc/arm-none-eabi/4.6.2/../../../../arm-none-eabi/lib/armv6-m/libc.a(lib_a-memcpy.o)
 .debug_frame   0x0000000000000ff8       0x30 /Applications/lpcxpresso_6.0.2_151/lpcxpresso/tools/bin/../lib/gcc/arm-none-eabi/4.6.2/../../../../arm-none-eabi/lib/armv6-m/libc.a(lib_a-mlock.o)
 .debug_frame   0x0000000000001028       0x2c /Applications/lpcxpresso_6.0.2_151/lpcxpresso/tools/bin/../lib/gcc/arm-none-eabi/4.6.2/../../../../arm-none-eabi/lib/armv6-m/libc.a(lib_a-sbrkr.o)
 .debug_frame   0x0000000000001054       0xe4 /Applications/lpcxpresso_6.0.2_151/lpcxpresso/tools/bin/../lib/gcc/arm-none-eabi/4.6.2/../../../../arm-none-eabi/lib/armv6-m/libc.a(lib_a-signal.o)
 .debug_frame   0x0000000000001138       0x44 /Applications/lpcxpresso_6.0.2_151/lpcxpresso/tools/bin/../lib/gcc/arm-none-eabi/4.6.2/../../../../arm-none-eabi/lib/armv6-m/libc.a(lib_a-signalr.o)
 .debug_frame   0x000000000000117c       0x20 /Applications/lpcxpresso_6.0.2_151/lpcxpresso/tools/bin/../lib/gcc/arm-none-eabi/4.6.2/../../../../arm-none-eabi/lib/armv6-m/libc.a(lib_a-strlen.o)
 .debug_frame   0x000000000000119c       0x54 /Applications/lpcxpresso_6.0.2_151/lpcxpresso/tools/bin/../lib/gcc/arm-none-eabi/4.6.2/../../../../arm-none-eabi/lib/armv6-m/libc.a(lib_a-freer.o)
 .debug_frame   0x00000000000011f0       0x68 /Applications/lpcxpresso_6.0.2_151/lpcxpresso/tools/bin/../lib/gcc/arm-none-eabi/4.6.2/../../../../arm-none-eabi/lib/armv6-m/libc.a(lib_a-reent.o)
 .debug_frame   0x0000000000001258       0xd4 /Applications/lpcxpresso_6.0.2_151/lpcxpresso/tools/bin/../lib/gcc/arm-none-eabi/4.6.2/../../../../arm-none-eabi/lib/armv6-m/libstdc++.a(class_type_info.o)
 .debug_frame   0x000000000000132c       0xb4 /Applications/lpcxpresso_6.0.2_151/lpcxpresso/tools/bin/../lib/gcc/arm-none-eabi/4.6.2/../../../../arm-none-eabi/lib/armv6-m/libstdc++.a(si_class_type_info.o)
 .debug_frame   0x00000000000013e0       0x98 /Applications/lpcxpresso_6.0.2_151/lpcxpresso/tools/bin/../lib/gcc/arm-none-eabi/4.6.2/../../../../arm-none-eabi/lib/armv6-m/libstdc++.a(tinfo.o)
 .debug_frame   0x0000000000001478       0x2c /Applications/lpcxpresso_6.0.2_151/lpcxpresso/tools/bin/../lib/gcc/arm-none-eabi/4.6.2/../../../../arm-none-eabi/lib/armv6-m/libcr_newlib_nohost.a(_cr_sbrk.o)
 .debug_frame   0x00000000000014a4       0x28 /Applications/lpcxpresso_6.0.2_151/lpcxpresso/tools/bin/../lib/gcc/arm-none-eabi/4.6.2/../../../../arm-none-eabi/lib/armv6-m/libcr_newlib_nohost.a(_exit.o)
 .debug_frame   0x00000000000014cc       0x20 /Applications/lpcxpresso_6.0.2_151/lpcxpresso/tools/bin/../lib/gcc/arm-none-eabi/4.6.2/../../../../arm-none-eabi/lib/armv6-m/libcr_newlib_nohost.a(getpid.o)
 .debug_frame   0x00000000000014ec       0x20 /Applications/lpcxpresso_6.0.2_151/lpcxpresso/tools/bin/../lib/gcc/arm-none-eabi/4.6.2/../../../../arm-none-eabi/lib/armv6-m/libcr_newlib_nohost.a(kill.o)
 .debug_frame   0x000000000000150c       0x28 /Applications/lpcxpresso_6.0.2_151/lpcxpresso/tools/bin/../lib/gcc/arm-none-eabi/4.6.2/../../../../arm-none-eabi/lib/armv6-m/libcr_newlib_nohost.a(_cr_check_heap.o)
 .debug_frame   0x0000000000001534       0x20 /Applications/lpcxpresso_6.0.2_151/lpcxpresso/tools/bin/../lib/gcc/arm-none-eabi/4.6.2/../../../../arm-none-eabi/lib/armv6-m/libc.a(lib_a-errno.o)
 .debug_frame   0x0000000000001554       0x20 /Applications/lpcxpresso_6.0.2_151/lpcxpresso/tools/bin/../lib/gcc/arm-none-eabi/4.6.2/../../../../arm-none-eabi/lib/armv6-m/libc.a(lib_a-strcmp.o)

.debug_macinfo  0x0000000000000000     0xbd9c
 .debug_macinfo