Archive member included because of file (symbol)

/Users/take/proj/LBED/lbed/CMSISv2p00_LPC11xx/Debug/libCMSISv2p00_LPC11xx.a(system_LPC11xx.o)
                              ./src_base/cr_startup_lpc11.o (SystemInit)
/Users/take/proj/LBED/lbed/LBED_lbeDuino_USERLIB/Debug/libLBED_lbeDuino_USERLIB.a(Keypad.o)
                              ./src/Calculator.o (_ZN6Keypad6getKeyEv)
/Users/take/proj/LBED/lbed/LBED_lbeDuino_USERLIB/Debug/libLBED_lbeDuino_USERLIB.a(AQCM0802.o)
                              ./src/Calculator.o (_ZN8AQCM08026locateEii)
/Users/take/proj/LBED/lbed/LBED_lbeDuino_USERLIB/Debug/libLBED_lbeDuino_USERLIB.a(Tone.o)
                              ./src/Calculator.o (_ZN4Tone4toneEjm)
/Users/take/proj/LBED/lbed/LBED_lbeDuino_USERLIB/Debug/libLBED_lbeDuino_USERLIB.a(Key.o)
                              /Users/take/proj/LBED/lbed/LBED_lbeDuino_USERLIB/Debug/libLBED_lbeDuino_USERLIB.a(Keypad.o) (_ZN3KeyC2Ev)
/Users/take/proj/LBED/lbed/LBED_lbeDuino/Debug/libLBED_lbeDuino.a(DigitalIn.o)
                              /Users/take/proj/LBED/lbed/LBED_lbeDuino_USERLIB/Debug/libLBED_lbeDuino_USERLIB.a(Keypad.o) (_ZN9DigitalIn4modeEi)
/Users/take/proj/LBED/lbed/LBED_lbeDuino/Debug/libLBED_lbeDuino.a(DigitalOut.o)
                              /Users/take/proj/LBED/lbed/LBED_lbeDuino_USERLIB/Debug/libLBED_lbeDuino_USERLIB.a(Keypad.o) (_ZN10DigitalOut5setupEiPKc)
/Users/take/proj/LBED/lbed/LBED_lbeDuino/Debug/libLBED_lbeDuino.a(I2C.o)
                              /Users/take/proj/LBED/lbed/LBED_lbeDuino_USERLIB/Debug/libLBED_lbeDuino_USERLIB.a(AQCM0802.o) (_ZN3I2C5writeEiPKcib)
/Users/take/proj/LBED/lbed/LBED_lbeDuino/Debug/libLBED_lbeDuino.a(Print.o)
                              /Users/take/proj/LBED/lbed/LBED_lbeDuino_USERLIB/Debug/libLBED_lbeDuino_USERLIB.a(AQCM0802.o) (_ZN5Print5writeEPKci)
/Users/take/proj/LBED/lbed/LBED_lbeDuino/Debug/libLBED_lbeDuino.a(PwmOut.o)
                              /Users/take/proj/LBED/lbed/LBED_lbeDuino_USERLIB/Debug/libLBED_lbeDuino_USERLIB.a(Tone.o) (_ZN6PwmOut6periodEf)
/Users/take/proj/LBED/lbed/LBED_lbeDuino/Debug/libLBED_lbeDuino.a(pure_virtual.o)
                              /Users/take/proj/LBED/lbed/LBED_lbeDuino/Debug/libLBED_lbeDuino.a(Print.o) (__cxa_pure_virtual)
/Users/take/proj/LBED/lbed/LBED_lbeDuino/Debug/libLBED_lbeDuino.a(wait_api.o)
                              ./src_base/cr_startup_lpc11.o (wait_init)
/Users/take/proj/LBED/lbed/LBED_lbeDuino/Debug/libLBED_lbeDuino.a(_i2c.o)
                              /Users/take/proj/LBED/lbed/LBED_lbeDuino/Debug/libLBED_lbeDuino.a(I2C.o) (getI2CMasterBuffer)
/Users/take/proj/LBED/lbed/LBED_lbeDuino/Debug/libLBED_lbeDuino.a(_timer16.o)
                              /Users/take/proj/LBED/lbed/LBED_lbeDuino/Debug/libLBED_lbeDuino.a(PwmOut.o) (enable_timer16)
/Users/take/proj/LBED/lbed/LBED_lbeDuino/Debug/libLBED_lbeDuino.a(_timer32.o)
                              /Users/take/proj/LBED/lbed/LBED_lbeDuino/Debug/libLBED_lbeDuino.a(PwmOut.o) (enable_timer32)
/Applications/lpcxpresso_6.0.2_151/lpcxpresso/tools/bin/../lib/gcc/arm-none-eabi/4.6.2/armv6-m/libgcc.a(_thumb1_case_uqi.o)
                              /Users/take/proj/LBED/lbed/LBED_lbeDuino_USERLIB/Debug/libLBED_lbeDuino_USERLIB.a(Keypad.o) (__gnu_thumb1_case_uqi)
/Applications/lpcxpresso_6.0.2_151/lpcxpresso/tools/bin/../lib/gcc/arm-none-eabi/4.6.2/armv6-m/libgcc.a(_udivsi3.o)
                              /Users/take/proj/LBED/lbed/CMSISv2p00_LPC11xx/Debug/libCMSISv2p00_LPC11xx.a(system_LPC11xx.o) (__aeabi_uidiv)
/Applications/lpcxpresso_6.0.2_151/lpcxpresso/tools/bin/../lib/gcc/arm-none-eabi/4.6.2/armv6-m/libgcc.a(_dvmd_tls.o)
                              /Applications/lpcxpresso_6.0.2_151/lpcxpresso/tools/bin/../lib/gcc/arm-none-eabi/4.6.2/armv6-m/libgcc.a(_udivsi3.o) (__aeabi_idiv0)
/Applications/lpcxpresso_6.0.2_151/lpcxpresso/tools/bin/../lib/gcc/arm-none-eabi/4.6.2/armv6-m/libgcc.a(_arm_cmpdf2.o)
                              /Users/take/proj/LBED/lbed/LBED_lbeDuino/Debug/libLBED_lbeDuino.a(Print.o) (__aeabi_dcmplt)
/Applications/lpcxpresso_6.0.2_151/lpcxpresso/tools/bin/../lib/gcc/arm-none-eabi/4.6.2/armv6-m/libgcc.a(_fixunssfsi.o)
                              /Users/take/proj/LBED/lbed/LBED_lbeDuino/Debug/libLBED_lbeDuino.a(PwmOut.o) (__aeabi_f2uiz)
/Applications/lpcxpresso_6.0.2_151/lpcxpresso/tools/bin/../lib/gcc/arm-none-eabi/4.6.2/armv6-m/libgcc.a(_fixunsdfsi.o)
                              /Users/take/proj/LBED/lbed/LBED_lbeDuino/Debug/libLBED_lbeDuino.a(Print.o) (__aeabi_d2uiz)
/Applications/lpcxpresso_6.0.2_151/lpcxpresso/tools/bin/../lib/gcc/arm-none-eabi/4.6.2/armv6-m/libgcc.a(divsf3.o)
                              /Users/take/proj/LBED/lbed/LBED_lbeDuino/Debug/libLBED_lbeDuino.a(PwmOut.o) (__aeabi_fdiv)
/Applications/lpcxpresso_6.0.2_151/lpcxpresso/tools/bin/../lib/gcc/arm-none-eabi/4.6.2/armv6-m/libgcc.a(mulsf3.o)
[...]
Memory Configuration

Name             Origin             Length             Attributes
MFlash32         0x0000000000000000 0x0000000000008000 xr
RamLoc4          0x0000000010000000 0x0000000000001000 xrw
*default*        0x0000000000000000 0xffffffffffffffff

Linker script and memory map

LOAD ./src_base/Main.o
LOAD ./src_base/cr_cpp_config.o
LOAD ./src_base/cr_startup_lpc11.o
LOAD ./src/Calculator.o
LOAD /Users/take/proj/LBED/lbed/CMSISv2p00_LPC11xx/Debug/libCMSISv2p00_LPC11xx.a
LOAD /Users/take/proj/LBED/lbed/LBED_lbeDuino_USERLIB/Debug/libLBED_lbeDuino_USERLIB.a
LOAD /Users/take/proj/LBED/lbed/LBED_lbeDuino/Debug/libLBED_lbeDuino.a
START GROUP
LOAD /Applications/lpcxpresso_6.0.2_151/lpcxpresso/tools/bin/../lib/gcc/arm-none-eabi/4.6.2/armv6-m/libgcc.a
LOAD /Applications/lpcxpresso_6.0.2_151/lpcxpresso/tools/bin/../lib/gcc/arm-none-eabi/4.6.2/../../../../arm-none-eabi/lib/armv6-m/libc.a
LOAD /Applications/lpcxpresso_6.0.2_151/lpcxpresso/tools/bin/../lib/gcc/arm-none-eabi/4.6.2/../../../../arm-none-eabi/lib/armv6-m/libstdc++.a
LOAD /Applications/lpcxpresso_6.0.2_151/lpcxpresso/tools/bin/../lib/gcc/arm-none-eabi/4.6.2/../../../../arm-none-eabi/lib/armv6-m/libm.a
LOAD /Applications/lpcxpresso_6.0.2_151/lpcxpresso/tools/bin/../lib/gcc/arm-none-eabi/4.6.2/../../../../arm-none-eabi/lib/armv6-m/libcr_newlib_nohost.a
LOAD /Applications/lpcxpresso_6.0.2_151/lpcxpresso/tools/bin/../lib/gcc/arm-none-eabi/4.6.2/armv6-m/crti.o
LOAD /Applications/lpcxpresso_6.0.2_151/lpcxpresso/tools/bin/../lib/gcc/arm-none-eabi/4.6.2/armv6-m/crtn.o
LOAD /Applications/lpcxpresso_6.0.2_151/lpcxpresso/tools/bin/../lib/gcc/arm-none-eabi/4.6.2/armv6-m/crtbegin.o
LOAD /Applications/lpcxpresso_6.0.2_151/lpcxpresso/tools/bin/../lib/gcc/arm-none-eabi/4.6.2/armv6-m/crtend.o
END GROUP
                0x0000000000008000                __top_MFlash32 = 0x8000
                0x0000000010001000                __top_RamLoc4 = 0x10001000

.text           0x0000000000000000     0x58c4
 FILL mask 0xff
                0x0000000000000000                __vectors_start__ = ABSOLUTE (.)
 *(.isr_vector)
 .isr_vector    0x0000000000000000       0xc0 ./src_base/cr_startup_lpc11.o
                0x0000000000000000                g_pfnVectors
                0x00000000000000c0                . = ALIGN (0x4)
                0x00000000000000c0                __section_table_start = .
                0x00000000000000c0                __data_section_table = .
                0x00000000000000c0        0x4 LONG 0x5aac LOADADDR (.data)
                0x00000000000000c4        0x4 LONG 0x10000000 ADDR (.data)
                0x00000000000000c8        0x4 LONG 0x470 SIZEOF (.data)
                0x00000000000000cc                __data_section_table_end = .
                0x00000000000000cc                __bss_section_table = .
                0x00000000000000cc        0x4 LONG 0x10000470 ADDR (.bss)
                0x00000000000000d0        0x4 LONG 0x274 SIZEOF (.bss)
                0x00000000000000d4                __bss_section_table_end = .
                0x00000000000000d4                __section_table_end = .
 *(.after_vectors*)
 .after_vectors
                0x00000000000000d4       0x84 ./src_base/cr_startup_lpc11.o
                0x00000000000000d4                NMI_Handler
                0x00000000000000d8                HardFault_Handler
                0x00000000000000dc                SVC_Handler
                0x00000000000000e0                PendSV_Handler
                0x00000000000000e4                _Z9data_initjjj
                0x00000000000000f6                _Z8bss_initjj
                0x0000000000000108                ResetISR
                0x0000000000000154                SSP1_IRQHandler
                0x0000000000000154                PIOINT2_IRQHandler
                0x0000000000000154                BOD_IRQHandler
                0x0000000000000154                WAKEUP_IRQHandler
                0x0000000000000154                PIOINT0_IRQHandler
                0x0000000000000154                WDT_IRQHandler
                0x0000000000000154                PIOINT3_IRQHandler
                0x0000000000000154                UART_IRQHandler
                0x0000000000000154                IntDefaultHandler
                0x0000000000000154                PIOINT1_IRQHandler
                0x0000000000000154                CAN_IRQHandler
                0x0000000000000154                SSP0_IRQHandler
                0x0000000000000154                ADC_IRQHandler
 *(.text*)
 .text.startup.main
                0x0000000000000158        0xc ./src_base/Main.o
                0x0000000000000158                main
 .text.__aeabi_atexit
                0x0000000000000164        0x4 ./src_base/cr_cpp_config.o
                0x0000000000000164                __aeabi_atexit
 .text._ZN4ToneD2Ev
                0x0000000000000168        0xc ./src/Calculator.o
                0x0000000000000168                _ZN4ToneD2Ev
                0x0000000000000168                _ZN4ToneD1Ev
 .text._Z5setupv
                0x0000000000000174       0x30 ./src/Calculator.o
                0x0000000000000174                _Z5setupv
 .text._Z4loopv
                0x00000000000001a4       0x40 ./src/Calculator.o
                0x00000000000001a4                _Z4loopv
 .text.startup._GLOBAL__sub_I_lcd
                0x00000000000001e4       0x64 ./src/Calculator.o
 .text.SystemInit
                0x0000000000000248       0x90 /Users/take/proj/LBED/lbed/CMSISv2p00_LPC11xx/Debug/libCMSISv2p00_LPC11xx.a(system_LPC11xx.o)
                0x0000000000000248                SystemInit
 .text._ZN10DigitalOutaSEi
                0x00000000000002d8       0x24 /Users/take/proj/LBED/lbed/LBED_lbeDuino_USERLIB/Debug/libLBED_lbeDuino_USERLIB.a(Keypad.o)
                0x00000000000002d8                _ZN10DigitalOutaSEi
 .text._ZN10DigitalOut7pinModeEi
                0x00000000000002fc       0x52 /Users/take/proj/LBED/lbed/LBED_lbeDuino_USERLIB/Debug/libLBED_lbeDuino_USERLIB.a(Keypad.o)
                0x00000000000002fc                _ZN10DigitalOut7pinModeEi
 *fill*         0x000000000000034e        0x2 00
 .text._ZN6KeypadC2EPcPiS1_hh
                0x0000000000000350       0xc8 /Users/take/proj/LBED/lbed/LBED_lbeDuino_USERLIB/Debug/libLBED_lbeDuino_USERLIB.a(Keypad.o)
                0x0000000000000350                _ZN6KeypadC2EPcPiS1_hh
                0x0000000000000350                _ZN6KeypadC1EPcPiS1_hh
 .text._ZN6Keypad8scanKeysEv
                0x0000000000000418       0xa4 /Users/take/proj/LBED/lbed/LBED_lbeDuino_USERLIB/Debug/libLBED_lbeDuino_USERLIB.a(Keypad.o)
                0x0000000000000418                _ZN6Keypad8scanKeysEv
 .text._ZN6Keypad10findInListEi
                0x00000000000004bc       0x1a /Users/take/proj/LBED/lbed/LBED_lbeDuino_USERLIB/Debug/libLBED_lbeDuino_USERLIB.a(Keypad.o)
                0x00000000000004bc                _ZN6Keypad10findInListEi
 .text._ZN6Keypad12transitionToEh8KeyState
                0x00000000000004d6       0x22 /Users/take/proj/LBED/lbed/LBED_lbeDuino_USERLIB/Debug/libLBED_lbeDuino_USERLIB.a(Keypad.o)
                0x00000000000004d6                _ZN6Keypad12transitionToEh8KeyState
 .text._ZN6Keypad12nextKeyStateEhb
                0x00000000000004f8       0x6c /Users/take/proj/LBED/lbed/LBED_lbeDuino_USERLIB/Debug/libLBED_lbeDuino_USERLIB.a(Keypad.o)
                0x00000000000004f8                _ZN6Keypad12nextKeyStateEhb
 .text._ZN6Keypad10updateListEv
                0x0000000000000564       0xf0 /Users/take/proj/LBED/lbed/LBED_lbeDuino_USERLIB/Debug/libLBED_lbeDuino_USERLIB.a(Keypad.o)
                0x0000000000000564                _ZN6Keypad10updateListEv
 .text._ZN6Keypad7getKeysEv
                0x0000000000000654       0x34 /Users/take/proj/LBED/lbed/LBED_lbeDuino_USERLIB/Debug/libLBED_lbeDuino_USERLIB.a(Keypad.o)
                0x0000000000000654                _ZN6Keypad7getKeysEv
 .text._ZN6Keypad6getKeyEv
                0x0000000000000688       0x26 /Users/take/proj/LBED/lbed/LBED_lbeDuino_USERLIB/Debug/libLBED_lbeDuino_USERLIB.a(Keypad.o)
                0x0000000000000688                _ZN6Keypad6getKeyEv
 .text._ZN8AQCM08025writeEc
                0x00000000000006ae        0xc /Users/take/proj/LBED/lbed/LBED_lbeDuino_USERLIB/Debug/libLBED_lbeDuino_USERLIB.a(AQCM0802.o)
                0x00000000000006ae                _ZN8AQCM08025writeEc
 .text._ZN8AQCM08025_getcEv
                0x00000000000006ba        0x6 /Users/take/proj/LBED/lbed/LBED_lbeDuino_USERLIB/Debug/libLBED_lbeDuino_USERLIB.a(AQCM0802.o)
                0x00000000000006ba                _ZN8AQCM08025_getcEv
 .text._ZN8AQCM0802C2Eii
                0x00000000000006c0       0x18 /Users/take/proj/LBED/lbed/LBED_lbeDuino_USERLIB/Debug/libLBED_lbeDuino_USERLIB.a(AQCM0802.o)
                0x00000000000006c0                _ZN8AQCM0802C2Eii
                0x00000000000006c0                _ZN8AQCM0802C1Eii
 .text._ZN8AQCM08026locateEii
                0x00000000000006d8        0x6 /Users/take/proj/LBED/lbed/LBED_lbeDuino_USERLIB/Debug/libLBED_lbeDuino_USERLIB.a(AQCM0802.o)
                0x00000000000006d8                _ZN8AQCM08026locateEii
 .text._ZN8AQCM080212writeCommandEi
                0x00000000000006de       0x1a /Users/take/proj/LBED/lbed/LBED_lbeDuino_USERLIB/Debug/libLBED_lbeDuino_USERLIB.a(AQCM0802.o)
                0x00000000000006de                _ZN8AQCM080212writeCommandEi
 .text._ZN8AQCM08023clsEv
                0x00000000000006f8       0x20 /Users/take/proj/LBED/lbed/LBED_lbeDuino_USERLIB/Debug/libLBED_lbeDuino_USERLIB.a(AQCM0802.o)
                0x00000000000006f8                _ZN8AQCM08023clsEv
 .text._ZN8AQCM08025setupEv
                0x0000000000000718       0x6e /Users/take/proj/LBED/lbed/LBED_lbeDuino_USERLIB/Debug/libLBED_lbeDuino_USERLIB.a(AQCM0802.o)
                0x0000000000000718                _ZN8AQCM08025setupEv
 .text._ZN8AQCM08029writeDataEi
                0x0000000000000786       0x1c /Users/take/proj/LBED/lbed/LBED_lbeDuino_USERLIB/Debug/libLBED_lbeDuino_USERLIB.a(AQCM0802.o)
                0x0000000000000786                _ZN8AQCM08029writeDataEi
 .text._ZN8AQCM08029characterEiii
                0x00000000000007a2       0x1a /Users/take/proj/LBED/lbed/LBED_lbeDuino_USERLIB/Debug/libLBED_lbeDuino_USERLIB.a(AQCM0802.o)
                0x00000000000007a2                _ZN8AQCM08029characterEiii
 .text._ZN8AQCM08025_putcEi
                0x00000000000007bc       0x38 /Users/take/proj/LBED/lbed/LBED_lbeDuino_USERLIB/Debug/libLBED_lbeDuino_USERLIB.a(AQCM0802.o)
                0x00000000000007bc                _ZN8AQCM08025_putcEi
 .text._ZN4ToneC2Ei
                0x00000000000007f4        0xc /Users/take/proj/LBED/lbed/LBED_lbeDuino_USERLIB/Debug/libLBED_lbeDuino_USERLIB.a(Tone.o)
                0x00000000000007f4                _ZN4ToneC2Ei
                0x00000000000007f4                _ZN4ToneC1Ei
 .text._ZN4Tone4toneEj
                0x0000000000000800       0x48 /Users/take/proj/LBED/lbed/LBED_lbeDuino_USERLIB/Debug/libLBED_lbeDuino_USERLIB.a(Tone.o)
                0x0000000000000800                _ZN4Tone4toneEj
 .text._ZN4Tone4toneEjm
                0x0000000000000848       0x22 /Users/take/proj/LBED/lbed/LBED_lbeDuino_USERLIB/Debug/libLBED_lbeDuino_USERLIB.a(Tone.o)
                0x0000000000000848                _ZN4Tone4toneEjm
 .text._ZN4Tone6noToneEv
                0x000000000000086a        0x8 /Users/take/proj/LBED/lbed/LBED_lbeDuino_USERLIB/Debug/libLBED_lbeDuino_USERLIB.a(Tone.o)
                0x000000000000086a                _ZN4Tone6noToneEv
 .text._ZN3KeyC2Ev
                0x0000000000000872        0xa /Users/take/proj/LBED/lbed/LBED_lbeDuino_USERLIB/Debug/libLBED_lbeDuino_USERLIB.a(Key.o)
                0x0000000000000872                _ZN3KeyC1Ev
                0x0000000000000872                _ZN3KeyC2Ev
 .text          0x000000000000087c      0x258 /Users/take/proj/LBED/lbed/LBED_lbeDuino/Debug/libLBED_lbeDuino.a(DigitalIn.o)
                0x000000000000087c                _ZN9DigitalInC2Ev
                0x000000000000087c                _ZN9DigitalInC1Ev
                0x000000000000088c                _ZN9DigitalIn5setupEiPKc
                0x0000000000000a64                _ZN9DigitalInC1EiPKc
                0x0000000000000a64                _ZN9DigitalInC2EiPKc
                0x0000000000000a7c                _ZN9DigitalIn4modeEi
                0x0000000000000ab4                _ZN9DigitalIn4readEv
 .text          0x0000000000000ad4       0x44 /Users/take/proj/LBED/lbed/LBED_lbeDuino/Debug/libLBED_lbeDuino.a(DigitalOut.o)
                0x0000000000000ad4                _ZN10DigitalOutC1Ev
                0x0000000000000ad4                _ZN10DigitalOutC2Ev
                0x0000000000000ae0                _ZN10DigitalOut5setupEiPKc
                0x0000000000000afc                _ZN10DigitalOutC2EiPKc
                0x0000000000000afc                _ZN10DigitalOutC1EiPKc
 .text          0x0000000000000b18      0x120 /Users/take/proj/LBED/lbed/LBED_lbeDuino/Debug/libLBED_lbeDuino.a(I2C.o)
                0x0000000000000b18                _ZN3I2CC2EiiPKc
                0x0000000000000b18                _ZN3I2CC1EiiPKc
                0x0000000000000b30                _ZN3I2C4readEiPcib
                0x0000000000000bb8                _ZN3I2C4readEi
                0x0000000000000bd0                _ZN3I2C5writeEiPKcib
                0x0000000000000c10                _ZN3I2C5writeEi
 .text          0x0000000000000c38      0x2e0 /Users/take/proj/LBED/lbed/LBED_lbeDuino/Debug/libLBED_lbeDuino.a(Print.o)
                0x0000000000000c38                _ZN5Print5writeEPKci
                0x0000000000000c60                _ZN5Print5printEPKc
                0x0000000000000c80                _ZN5Print5printEc
                0x0000000000000c8c                _ZN5Print7printlnEv
                0x0000000000000ca4                _ZN5Print7printlnEPKc
                0x0000000000000cb8                _ZN5Print7printlnEc
                0x0000000000000ccc                _ZN5Print11printNumberEmi
                0x0000000000000d2c                _ZN5Print5printEli
                0x0000000000000d6c                _ZN5Print5printEii
                0x0000000000000d74                _ZN5Print5printEmi
                0x0000000000000d8c                _ZN5Print10printFloatEdi
                0x0000000000000f08                _ZN5Print5printEdi
 .text          0x0000000000000f18      0x20c /Users/take/proj/LBED/lbed/LBED_lbeDuino/Debug/libLBED_lbeDuino.a(PwmOut.o)
                0x0000000000000f18                _ZN6PwmOut5setupEf
                0x0000000000001030                _ZN6PwmOutC1Ei
                0x0000000000001030                _ZN6PwmOutC2Ei
                0x0000000000001068                _ZN6PwmOut6periodEf
                0x0000000000001070                _ZN6PwmOut10pulsewidthEf
                0x00000000000010e8                _ZN6PwmOut7disableEv
 .text.SysTick_Handler
                0x0000000000001124       0x10 /Users/take/proj/LBED/lbed/LBED_lbeDuino/Debug/libLBED_lbeDuino.a(wait_api.o)
                0x0000000000001124                SysTick_Handler
 .text.wait_init
                0x0000000000001134       0x40 /Users/take/proj/LBED/lbed/LBED_lbeDuino/Debug/libLBED_lbeDuino.a(wait_api.o)
                0x0000000000001134                wait_init
 .text.wait_ms  0x0000000000001174       0x18 /Users/take/proj/LBED/lbed/LBED_lbeDuino/Debug/libLBED_lbeDuino.a(wait_api.o)
                0x0000000000001174                wait_ms
 .text.wait_us  0x000000000000118c       0x1c /Users/take/proj/LBED/lbed/LBED_lbeDuino/Debug/libLBED_lbeDuino.a(wait_api.o)
                0x000000000000118c                wait_us
 .text.millis   0x00000000000011a8        0xc /Users/take/proj/LBED/lbed/LBED_lbeDuino/Debug/libLBED_lbeDuino.a(wait_api.o)
                0x00000000000011a8                millis
 .text.getI2CMasterBuffer
                0x00000000000011b4        0x8 /Users/take/proj/LBED/lbed/LBED_lbeDuino/Debug/libLBED_lbeDuino.a(_i2c.o)
                0x00000000000011b4                getI2CMasterBuffer
 .text.getI2CSlaveBuffer
                0x00000000000011bc        0x8 /Users/take/proj/LBED/lbed/LBED_lbeDuino/Debug/libLBED_lbeDuino.a(_i2c.o)
                0x00000000000011bc                getI2CSlaveBuffer
 .text.I2C_IRQHandler
                0x00000000000011c4      0x1bc /Users/take/proj/LBED/lbed/LBED_lbeDuino/Debug/libLBED_lbeDuino.a(_i2c.o)
                0x00000000000011c4                I2C_IRQHandler
 .text.I2CInit  0x0000000000001380       0x70 /Users/take/proj/LBED/lbed/LBED_lbeDuino/Debug/libLBED_lbeDuino.a(_i2c.o)
                0x0000000000001380                I2CInit
 .text.I2CEngine
                0x00000000000013f0       0x70 /Users/take/proj/LBED/lbed/LBED_lbeDuino/Debug/libLBED_lbeDuino.a(_i2c.o)
                0x00000000000013f0                I2CEngine
 .text.TIMER16_0_IRQHandler
                0x0000000000001460       0x3c /Users/take/proj/LBED/lbed/LBED_lbeDuino/Debug/libLBED_lbeDuino.a(_timer16.o)
                0x0000000000001460                TIMER16_0_IRQHandler
 .text.TIMER16_1_IRQHandler
                0x000000000000149c       0x3c /Users/take/proj/LBED/lbed/LBED_lbeDuino/Debug/libLBED_lbeDuino.a(_timer16.o)
                0x000000000000149c                TIMER16_1_IRQHandler
 .text.enable_timer16
                0x00000000000014d8       0x20 /Users/take/proj/LBED/lbed/LBED_lbeDuino/Debug/libLBED_lbeDuino.a(_timer16.o)
                0x00000000000014d8                enable_timer16
 .text.disable_timer16
                0x00000000000014f8       0x20 /Users/take/proj/LBED/lbed/LBED_lbeDuino/Debug/libLBED_lbeDuino.a(_timer16.o)
                0x00000000000014f8                disable_timer16
 .text.init_timer16PWM
                0x0000000000001518      0x160 /Users/take/proj/LBED/lbed/LBED_lbeDuino/Debug/libLBED_lbeDuino.a(_timer16.o)
                0x0000000000001518                init_timer16PWM
 .text.setMatch_timer16PWM
                0x0000000000001678       0x64 /Users/take/proj/LBED/lbed/LBED_lbeDuino/Debug/libLBED_lbeDuino.a(_timer16.o)
                0x0000000000001678                setMatch_timer16PWM
 .text.TIMER32_0_IRQHandler
                0x00000000000016dc       0x3c /Users/take/proj/LBED/lbed/LBED_lbeDuino/Debug/libLBED_lbeDuino.a(_timer32.o)
                0x00000000000016dc                TIMER32_0_IRQHandler
 .text.TIMER32_1_IRQHandler
                0x0000000000001718       0x3c /Users/take/proj/LBED/lbed/LBED_lbeDuino/Debug/libLBED_lbeDuino.a(_timer32.o)
                0x0000000000001718                TIMER32_1_IRQHandler
 .text.enable_timer32
                0x0000000000001754       0x20 /Users/take/proj/LBED/lbed/LBED_lbeDuino/Debug/libLBED_lbeDuino.a(_timer32.o)
                0x0000000000001754                enable_timer32
 .text.disable_timer32
                0x0000000000001774       0x20 /Users/take/proj/LBED/lbed/LBED_lbeDuino/Debug/libLBED_lbeDuino.a(_timer32.o)
                0x0000000000001774                disable_timer32
 .text.init_timer32PWM
                0x0000000000001794      0x14c /Users/take/proj/LBED/lbed/LBED_lbeDuino/Debug/libLBED_lbeDuino.a(_timer32.o)
                0x0000000000001794                init_timer32PWM
 .text.setMatch_timer32PWM
                0x00000000000018e0       0x64 /Users/take/proj/LBED/lbed/LBED_lbeDuino/Debug/libLBED_lbeDuino.a(_timer32.o)
                0x00000000000018e0                setMatch_timer32PWM
 .text          0x0000000000001944       0x14 /Applications/lpcxpresso_6.0.2_151/lpcxpresso/tools/bin/../lib/gcc/arm-none-eabi/4.6.2/armv6-m/libgcc.a(_thumb1_case_uqi.o)
                0x0000000000001944                __gnu_thumb1_case_uqi
 .text          0x0000000000001958       0x9c /Applications/lpcxpresso_6.0.2_151/lpcxpresso/tools/bin/../lib/gcc/arm-none-eabi/4.6.2/armv6-m/libgcc.a(_udivsi3.o)
                0x0000000000001958                __udivsi3
                0x0000000000001958                __aeabi_uidiv
                0x00000000000019e0                __aeabi_uidivmod
 .text          0x00000000000019f4        0x4 /Applications/lpcxpresso_6.0.2_151/lpcxpresso/tools/bin/../lib/gcc/arm-none-eabi/4.6.2/armv6-m/libgcc.a(_dvmd_tls.o)
                0x00000000000019f4                __aeabi_ldiv0
                0x00000000000019f4                __aeabi_idiv0
 .text          0x00000000000019f8       0x7c /Applications/lpcxpresso_6.0.2_151/lpcxpresso/tools/bin/../lib/gcc/arm-none-eabi/4.6.2/armv6-m/libgcc.a(_arm_cmpdf2.o)
                0x00000000000019f8                __aeabi_cdrcmple
                0x0000000000001a08                __aeabi_cdcmple
                0x0000000000001a08                __aeabi_cdcmpeq
                0x0000000000001a18                __aeabi_dcmpeq
                0x0000000000001a24                __aeabi_dcmplt
                0x0000000000001a38                __aeabi_dcmple
                0x0000000000001a4c                __aeabi_dcmpgt
                0x0000000000001a60                __aeabi_dcmpge
 .text          0x0000000000001a74       0x30 /Applications/lpcxpresso_6.0.2_151/lpcxpresso/tools/bin/../lib/gcc/arm-none-eabi/4.6.2/armv6-m/libgcc.a(_fixunssfsi.o)
                0x0000000000001a74                __aeabi_f2uiz
                0x0000000000001a74                __fixunssfsi
 *fill*         0x0000000000001aa4        0x4 00
 .text          0x0000000000001aa8       0x40 /Applications/lpcxpresso_6.0.2_151/lpcxpresso/tools/bin/../lib/gcc/arm-none-eabi/4.6.2/armv6-m/libgcc.a(_fixunsdfsi.o)
                0x0000000000001aa8                __fixunsdfsi
                0x0000000000001aa8                __aeabi_d2uiz
 .text          0x0000000000001ae8      0x28c /Applications/lpcxpresso_6.0.2_151/lpcxpresso/tools/bin/../lib/gcc/arm-none-eabi/4.6.2/armv6-m/libgcc.a(divsf3.o)
                0x0000000000001ae8                __aeabi_fdiv
 .text          0x0000000000001d74      0x228 /Applications/lpcxpresso_6.0.2_151/lpcxpresso/tools/bin/../lib/gcc/arm-none-eabi/4.6.2/armv6-m/libgcc.a(mulsf3.o)
                0x0000000000001d74                __aeabi_fmul
 .text          0x0000000000001f9c      0x394 /Applications/lpcxpresso_6.0.2_151/lpcxpresso/tools/bin/../lib/gcc/arm-none-eabi/4.6.2/armv6-m/libgcc.a(subsf3.o)
                0x0000000000001f9c                __aeabi_fsub
 .text          0x0000000000002330       0x40 /Applications/lpcxpresso_6.0.2_151/lpcxpresso/tools/bin/../lib/gcc/arm-none-eabi/4.6.2/armv6-m/libgcc.a(fixsfsi.o)
                0x0000000000002330                __aeabi_f2iz
 .text          0x0000000000002370       0xa8 /Applications/lpcxpresso_6.0.2_151/lpcxpresso/tools/bin/../lib/gcc/arm-none-eabi/4.6.2/armv6-m/libgcc.a(floatunsisf.o)
                0x0000000000002370                __aeabi_ui2f
 .text          0x0000000000002418      0x6d4 /Applications/lpcxpresso_6.0.2_151/lpcxpresso/tools/bin/../lib/gcc/arm-none-eabi/4.6.2/armv6-m/libgcc.a(adddf3.o)
                0x0000000000002418                __aeabi_dadd
 .text          0x0000000000002aec      0x5e4 /Applications/lpcxpresso_6.0.2_151/lpcxpresso/tools/bin/../lib/gcc/arm-none-eabi/4.6.2/armv6-m/libgcc.a(divdf3.o)
                0x0000000000002aec                __aeabi_ddiv
 .text          0x00000000000030d0       0x80 /Applications/lpcxpresso_6.0.2_151/lpcxpresso/tools/bin/../lib/gcc/arm-none-eabi/4.6.2/armv6-m/libgcc.a(eqdf2.o)
                0x00000000000030d0                __eqdf2
                0x00000000000030d0                __nedf2
 .text          0x0000000000003150       0xec /Applications/lpcxpresso_6.0.2_151/lpcxpresso/tools/bin/../lib/gcc/arm-none-eabi/4.6.2/armv6-m/libgcc.a(gedf2.o)
                0x0000000000003150                __gtdf2
                0x0000000000003150                __gedf2
 .text          0x000000000000323c       0xc0 /Applications/lpcxpresso_6.0.2_151/lpcxpresso/tools/bin/../lib/gcc/arm-none-eabi/4.6.2/armv6-m/libgcc.a(ledf2.o)
                0x000000000000323c                __ltdf2
                0x000000000000323c                __ledf2
 .text          0x00000000000032fc      0x4a4 /Applications/lpcxpresso_6.0.2_151/lpcxpresso/tools/bin/../lib/gcc/arm-none-eabi/4.6.2/armv6-m/libgcc.a(muldf3.o)
                0x00000000000032fc                __aeabi_dmul
 .text          0x00000000000037a0      0x72c /Applications/lpcxpresso_6.0.2_151/lpcxpresso/tools/bin/../lib/gcc/arm-none-eabi/4.6.2/armv6-m/libgcc.a(subdf3.o)
                0x00000000000037a0                __aeabi_dsub
 .text          0x0000000000003ecc       0x68 /Applications/lpcxpresso_6.0.2_151/lpcxpresso/tools/bin/../lib/gcc/arm-none-eabi/4.6.2/armv6-m/libgcc.a(fixdfsi.o)
                0x0000000000003ecc                __aeabi_d2iz
 .text          0x0000000000003f34       0x78 /Applications/lpcxpresso_6.0.2_151/lpcxpresso/tools/bin/../lib/gcc/arm-none-eabi/4.6.2/armv6-m/libgcc.a(floatsidf.o)
                0x0000000000003f34                __aeabi_i2d
 .text          0x0000000000003fac       0x68 /Applications/lpcxpresso_6.0.2_151/lpcxpresso/tools/bin/../lib/gcc/arm-none-eabi/4.6.2/armv6-m/libgcc.a(floatunsidf.o)
                0x0000000000003fac                __aeabi_ui2d
 .text          0x0000000000004014      0x148 /Applications/lpcxpresso_6.0.2_151/lpcxpresso/tools/bin/../lib/gcc/arm-none-eabi/4.6.2/armv6-m/libgcc.a(truncdfsf2.o)
                0x0000000000004014                __aeabi_d2f
 .text          0x000000000000415c      0xb60 /Applications/lpcxpresso_6.0.2_151/lpcxpresso/tools/bin/../lib/gcc/arm-none-eabi/4.6.2/armv6-m/libgcc.a(unwind-arm.o)
                0x000000000000441c                _Unwind_VRS_Get
                0x0000000000004460                _Unwind_VRS_Set
                0x00000000000047c4                __aeabi_unwind_cpp_pr2
                0x00000000000047d0                __aeabi_unwind_cpp_pr1
                0x00000000000047dc                __aeabi_unwind_cpp_pr0
                0x00000000000047e8                _Unwind_VRS_Pop
                0x0000000000004b6c                _Unwind_GetCFA
                0x0000000000004b70                __gnu_Unwind_RaiseException
                0x0000000000004bcc                __gnu_Unwind_ForcedUnwind
                0x0000000000004be0                __gnu_Unwind_Resume
                0x0000000000004c20                __gnu_Unwind_Resume_or_Rethrow
                0x0000000000004c3c                _Unwind_Complete
                0x0000000000004c40                _Unwind_DeleteException
                0x0000000000004c50                __gnu_Unwind_Backtrace
 .text          0x0000000000004cbc      0x144 /Applications/lpcxpresso_6.0.2_151/lpcxpresso/tools/bin/../lib/gcc/arm-none-eabi/4.6.2/armv6-m/libgcc.a(libunwind.o)
                0x0000000000004cbc                __restore_core_regs
                0x0000000000004cbc                restore_core_regs
                0x0000000000004ce8                __gnu_Unwind_Restore_VFP
                0x0000000000004cec                __gnu_Unwind_Save_VFP
                0x0000000000004cf0                __gnu_Unwind_Restore_VFP_D
                0x0000000000004cf4                __gnu_Unwind_Save_VFP_D
                0x0000000000004cf8                __gnu_Unwind_Restore_VFP_D_16_to_31
                0x0000000000004cfc                __gnu_Unwind_Save_VFP_D_16_to_31
                0x0000000000004d00                __gnu_Unwind_Restore_WMMXD
                0x0000000000004d04                __gnu_Unwind_Save_WMMXD
                0x0000000000004d08                __gnu_Unwind_Restore_WMMXC
                0x0000000000004d0c                __gnu_Unwind_Save_WMMXC
                0x0000000000004d10                _Unwind_RaiseException
                0x0000000000004d10                ___Unwind_RaiseException
                0x0000000000004d40                ___Unwind_Resume
                0x0000000000004d40                _Unwind_Resume
                0x0000000000004d70                ___Unwind_Resume_or_Rethrow
                0x0000000000004d70                _Unwind_Resume_or_Rethrow
                0x0000000000004da0                _Unwind_ForcedUnwind
                0x0000000000004da0                ___Unwind_ForcedUnwind
                0x0000000000004dd0                _Unwind_Backtrace
                0x0000000000004dd0                ___Unwind_Backtrace
 .text          0x0000000000004e00      0x38c /Applications/lpcxpresso_6.0.2_151/lpcxpresso/tools/bin/../lib/gcc/arm-none-eabi/4.6.2/armv6-m/libgcc.a(pr-support.o)
                0x0000000000004e54                __gnu_unwind_execute
                0x0000000000005134                __gnu_unwind_frame
                0x000000000000515c                _Unwind_GetRegionStart
                0x0000000000005168                _Unwind_GetLanguageSpecificData
                0x000000000000517c                _Unwind_GetDataRelBase
                0x0000000000005184                _Unwind_GetTextRelBase
 .text          0x000000000000518c       0x74 /Applications/lpcxpresso_6.0.2_151/lpcxpresso/tools/bin/../lib/gcc/arm-none-eabi/4.6.2/armv6-m/libgcc.a(_arm_cmpsf2.o)
                0x000000000000518c                __aeabi_cfrcmple
                0x0000000000005194                __aeabi_cfcmple
                0x0000000000005194                __aeabi_cfcmpeq
                0x00000000000051a4                __aeabi_fcmpeq
                0x00000000000051b0                __aeabi_fcmplt
                0x00000000000051c4                __aeabi_fcmple
                0x00000000000051d8                __aeabi_fcmpgt
                0x00000000000051ec                __aeabi_fcmpge
 .text          0x0000000000005200       0x3c /Applications/lpcxpresso_6.0.2_151/lpcxpresso/tools/bin/../lib/gcc/arm-none-eabi/4.6.2/armv6-m/libgcc.a(_clzsi2.o)
                0x0000000000005200                __clzsi2
 .text          0x000000000000523c       0x54 /Applications/lpcxpresso_6.0.2_151/lpcxpresso/tools/bin/../lib/gcc/arm-none-eabi/4.6.2/armv6-m/libgcc.a(eqsf2.o)
                0x000000000000523c                __nesf2
                0x000000000000523c                __eqsf2
 .text          0x0000000000005290       0xa0 /Applications/lpcxpresso_6.0.2_151/lpcxpresso/tools/bin/../lib/gcc/arm-none-eabi/4.6.2/armv6-m/libgcc.a(gesf2.o)
                0x0000000000005290                __gtsf2
                0x0000000000005290                __gesf2
 .text          0x0000000000005330       0x98 /Applications/lpcxpresso_6.0.2_151/lpcxpresso/tools/bin/../lib/gcc/arm-none-eabi/4.6.2/armv6-m/libgcc.a(lesf2.o)
                0x0000000000005330                __lesf2
                0x0000000000005330                __ltsf2
 .text.abort    0x00000000000053c8       0x10 /Applications/lpcxpresso_6.0.2_151/lpcxpresso/tools/bin/../lib/gcc/arm-none-eabi/4.6.2/../../../../arm-none-eabi/lib/armv6-m/libc.a(lib_a-abort.o)
                0x00000000000053c8                abort
 .text.__libc_init_array
                0x00000000000053d8       0x44 /Applications/lpcxpresso_6.0.2_151/lpcxpresso/tools/bin/../lib/gcc/arm-none-eabi/4.6.2/../../../../arm-none-eabi/lib/armv6-m/libc.a(lib_a-init.o)
                0x00000000000053d8                __libc_init_array
 .text.memcpy   0x000000000000541c       0x7c /Applications/lpcxpresso_6.0.2_151/lpcxpresso/tools/bin/../lib/gcc/arm-none-eabi/4.6.2/../../../../arm-none-eabi/lib/armv6-m/libc.a(lib_a-memcpy.o)
                0x000000000000541c                memcpy
 .text._raise_r
                0x0000000000005498       0x58 /Applications/lpcxpresso_6.0.2_151/lpcxpresso/tools/bin/../lib/gcc/arm-none-eabi/4.6.2/../../../../arm-none-eabi/lib/armv6-m/libc.a(lib_a-signal.o)
                0x0000000000005498                _raise_r
 .text.raise    0x00000000000054f0       0x14 /Applications/lpcxpresso_6.0.2_151/lpcxpresso/tools/bin/../lib/gcc/arm-none-eabi/4.6.2/../../../../arm-none-eabi/lib/armv6-m/libc.a(lib_a-signal.o)
                0x00000000000054f0                raise
 .text._kill_r  0x0000000000005504       0x28 /Applications/lpcxpresso_6.0.2_151/lpcxpresso/tools/bin/../lib/gcc/arm-none-eabi/4.6.2/../../../../arm-none-eabi/lib/armv6-m/libc.a(lib_a-signalr.o)
                0x0000000000005504                _kill_r
 .text._getpid_r
                0x000000000000552c        0x8 /Applications/lpcxpresso_6.0.2_151/lpcxpresso/tools/bin/../lib/gcc/arm-none-eabi/4.6.2/../../../../arm-none-eabi/lib/armv6-m/libc.a(lib_a-signalr.o)
                0x000000000000552c                _getpid_r
 .text.strlen   0x0000000000005534       0x10 /Applications/lpcxpresso_6.0.2_151/lpcxpresso/tools/bin/../lib/gcc/arm-none-eabi/4.6.2/../../../../arm-none-eabi/lib/armv6-m/libc.a(lib_a-strlen.o)
                0x0000000000005534                strlen
 .text._exit    0x0000000000005544        0x4 /Applications/lpcxpresso_6.0.2_151/lpcxpresso/tools/bin/../lib/gcc/arm-none-eabi/4.6.2/../../../../arm-none-eabi/lib/armv6-m/libcr_newlib_nohost.a(_exit.o)
                0x0000000000005544                _exit
 .text._getpid  0x0000000000005548       0x10 /Applications/lpcxpresso_6.0.2_151/lpcxpresso/tools/bin/../lib/gcc/arm-none-eabi/4.6.2/../../../../arm-none-eabi/lib/armv6-m/libcr_newlib_nohost.a(getpid.o)
                0x0000000000005548                _getpid
 .text._kill    0x0000000000005558       0x10 /Applications/lpcxpresso_6.0.2_151/lpcxpresso/tools/bin/../lib/gcc/arm-none-eabi/4.6.2/../../../../arm-none-eabi/lib/armv6-m/libcr_newlib_nohost.a(kill.o)
                0x0000000000005558                _kill
 .text          0x0000000000005568       0x60 /Applications/lpcxpresso_6.0.2_151/lpcxpresso/tools/bin/../lib/gcc/arm-none-eabi/4.6.2/armv6-m/crtbegin.o
 *(.rodata .rodata.*)
 .rodata.str1.1
                0x00000000000055c8        0x8 ./src/Calculator.o
 .rodata._ZTV8AQCM0802
                0x00000000000055d0       0x18 /Users/take/proj/LBED/lbed/LBED_lbeDuino_USERLIB/Debug/libLBED_lbeDuino_USERLIB.a(AQCM0802.o)
                0x00000000000055d0                _ZTV8AQCM0802
 .rodata        0x00000000000055e8       0x58 /Users/take/proj/LBED/lbed/LBED_lbeDuino/Debug/libLBED_lbeDuino.a(DigitalIn.o)
 .rodata.str1.4
                0x0000000000005640        0x6 /Users/take/proj/LBED/lbed/LBED_lbeDuino/Debug/libLBED_lbeDuino.a(Print.o)
                                          0x8 (size before relaxing)
 *fill*         0x0000000000005646        0x2 00
 .rodata.I2C_IRQHandler
                0x0000000000005648      0x144 /Users/take/proj/LBED/lbed/LBED_lbeDuino/Debug/libLBED_lbeDuino.a(_i2c.o)
 .rodata        0x000000000000578c       0x40 /Applications/lpcxpresso_6.0.2_151/lpcxpresso/tools/bin/../lib/gcc/arm-none-eabi/4.6.2/armv6-m/libgcc.a(divsf3.o)
 .rodata        0x00000000000057cc       0x40 /Applications/lpcxpresso_6.0.2_151/lpcxpresso/tools/bin/../lib/gcc/arm-none-eabi/4.6.2/armv6-m/libgcc.a(mulsf3.o)
 .rodata        0x000000000000580c       0x40 /Applications/lpcxpresso_6.0.2_151/lpcxpresso/tools/bin/../lib/gcc/arm-none-eabi/4.6.2/armv6-m/libgcc.a(divdf3.o)
 .rodata        0x000000000000584c       0x40 /Applications/lpcxpresso_6.0.2_151/lpcxpresso/tools/bin/../lib/gcc/arm-none-eabi/4.6.2/armv6-m/libgcc.a(muldf3.o)
 .rodata        0x000000000000588c       0x14 /Applications/lpcxpresso_6.0.2_151/lpcxpresso/tools/bin/../lib/gcc/arm-none-eabi/4.6.2/armv6-m/libgcc.a(unwind-arm.o)
 .rodata.str1.4
                0x00000000000058a0        0x4 /Applications/lpcxpresso_6.0.2_151/lpcxpresso/tools/bin/../lib/gcc/arm-none-eabi/4.6.2/../../../../arm-none-eabi/lib/armv6-m/libc.a(lib_a-impure.o)
                0x00000000000058a4                . = ALIGN (0x4)
                0x00000000000058a4                . = ALIGN (0x4)
 *(.init)
 .init          0x00000000000058a4        0x4 /Applications/lpcxpresso_6.0.2_151/lpcxpresso/tools/bin/../lib/gcc/arm-none-eabi/4.6.2/armv6-m/crti.o
                0x00000000000058a4                _init
 .init          0x00000000000058a8        0x8 /Applications/lpcxpresso_6.0.2_151/lpcxpresso/tools/bin/../lib/gcc/arm-none-eabi/4.6.2/armv6-m/crtn.o
                0x00000000000058b0                . = ALIGN (0x4)
                0x00000000000058b0                __preinit_array_start = .
 *(.preinit_array)
                0x00000000000058b0                __preinit_array_end = .
                0x00000000000058b0                . = ALIGN (0x4)
                0x00000000000058b0                __init_array_start = .
 *(SORT(.init_array.*))
 *(.init_array)
 .init_array    0x00000000000058b0        0x4 ./src/Calculator.o
 .init_array    0x00000000000058b4        0x4 /Applications/lpcxpresso_6.0.2_151/lpcxpresso/tools/bin/../lib/gcc/arm-none-eabi/4.6.2/armv6-m/crtbegin.o
                0x00000000000058b8                __init_array_end = .
 *(.fini)
 .fini          0x00000000000058b8        0x4 /Applications/lpcxpresso_6.0.2_151/lpcxpresso/tools/bin/../lib/gcc/arm-none-eabi/4.6.2/armv6-m/crti.o
                0x00000000000058b8                _fini
 .fini          0x00000000000058bc        0x8 /Applications/lpcxpresso_6.0.2_151/lpcxpresso/tools/bin/../lib/gcc/arm-none-eabi/4.6.2/armv6-m/crtn.o
                0x00000000000058c4                . = ALIGN (0x4)
 *crtbegin.o(.ctors)
 *(EXCLUDE_FILE(*crtend.o) .ctors)
 *(SORT(.ctors.*))
 *crtend.o(.ctors)
                0x00000000000058c4                . = ALIGN (0x4)
 *crtbegin.o(.dtors)
 *(EXCLUDE_FILE(*crtend.o) .dtors)
 *(SORT(.dtors.*))
 *crtend.o(.dtors)

.glue_7         0x00000000000058c4        0x0
 .glue_7        0x0000000000000000        0x0 linker stubs

.glue_7t        0x00000000000058c4        0x0
 .glue_7t       0x0000000000000000        0x0 linker stubs

.vfp11_veneer   0x00000000000058c4        0x0
 .vfp11_veneer  0x0000000000000000        0x0 linker stubs

.v4_bx          0x00000000000058c4        0x0
 .v4_bx         0x0000000000000000        0x0 linker stubs

.ARM.extab      0x00000000000058c4       0x78
 *(.ARM.extab* .gnu.linkonce.armextab.*)
 .ARM.extab.text._ZN10DigitalOutaSEi
                0x00000000000058c4        0x0 /Users/take/proj/LBED/lbed/LBED_lbeDuino_USERLIB/Debug/libLBED_lbeDuino_USERLIB.a(Keypad.o)
 .ARM.extab.text._ZN10DigitalOut7pinModeEi
                0x00000000000058c4        0x0 /Users/take/proj/LBED/lbed/LBED_lbeDuino_USERLIB/Debug/libLBED_lbeDuino_USERLIB.a(Keypad.o)
 .ARM.extab.text._ZN6Keypad12transitionToEh8KeyState
                0x00000000000058c4        0xc /Users/take/proj/LBED/lbed/LBED_lbeDuino_USERLIB/Debug/libLBED_lbeDuino_USERLIB.a(Keypad.o)
 .ARM.extab.text._ZN8AQCM08025writeEc
                0x00000000000058d0        0xc /Users/take/proj/LBED/lbed/LBED_lbeDuino_USERLIB/Debug/libLBED_lbeDuino_USERLIB.a(AQCM0802.o)
 .ARM.extab.text._ZN4Tone6noToneEv
                0x00000000000058dc        0xc /Users/take/proj/LBED/lbed/LBED_lbeDuino_USERLIB/Debug/libLBED_lbeDuino_USERLIB.a(Tone.o)
 .ARM.extab     0x00000000000058e8        0xc /Users/take/proj/LBED/lbed/LBED_lbeDuino/Debug/libLBED_lbeDuino.a(I2C.o)
 .ARM.extab     0x00000000000058f4       0x30 /Users/take/proj/LBED/lbed/LBED_lbeDuino/Debug/libLBED_lbeDuino.a(Print.o)
 .ARM.extab     0x0000000000005924       0x18 /Users/take/proj/LBED/lbed/LBED_lbeDuino/Debug/libLBED_lbeDuino.a(PwmOut.o)
                0x000000000000593c                __exidx_start = .

.eh_frame       0x000000000000593c        0x0
 .eh_frame      0x000000000000593c        0x0 /Applications/lpcxpresso_6.0.2_151/lpcxpresso/tools/bin/../lib/gcc/arm-none-eabi/4.6.2/armv6-m/crtbegin.o

.ARM.exidx      0x000000000000593c      0x170
 *(.ARM.exidx* .gnu.linkonce.armexidx.*)
 .ARM.exidx.text._ZN10DigitalOutaSEi
                0x000000000000593c        0x8 /Users/take/proj/LBED/lbed/LBED_lbeDuino_USERLIB/Debug/libLBED_lbeDuino_USERLIB.a(Keypad.o)
 .ARM.exidx.text._ZN10DigitalOut7pinModeEi
                0x0000000000005944        0x8 /Users/take/proj/LBED/lbed/LBED_lbeDuino_USERLIB/Debug/libLBED_lbeDuino_USERLIB.a(Keypad.o)
 .ARM.exidx.text._ZN6KeypadC2EPcPiS1_hh
                0x000000000000594c        0x8 /Users/take/proj/LBED/lbed/LBED_lbeDuino_USERLIB/Debug/libLBED_lbeDuino_USERLIB.a(Keypad.o)
 .ARM.exidx.text._ZN6Keypad8scanKeysEv
                0x0000000000005954        0x8 /Users/take/proj/LBED/lbed/LBED_lbeDuino_USERLIB/Debug/libLBED_lbeDuino_USERLIB.a(Keypad.o)
 .ARM.exidx.text._ZN6Keypad10findInListEi
                0x000000000000595c        0x8 /Users/take/proj/LBED/lbed/LBED_lbeDuino_USERLIB/Debug/libLBED_lbeDuino_USERLIB.a(Keypad.o)
 .ARM.exidx.text._ZN6Keypad12transitionToEh8KeyState
                0x0000000000005964        0x8 /Users/take/proj/LBED/lbed/LBED_lbeDuino_USERLIB/Debug/libLBED_lbeDuino_USERLIB.a(Keypad.o)
 .ARM.exidx.text._ZN6Keypad12nextKeyStateEhb
                0x000000000000596c        0x8 /Users/take/proj/LBED/lbed/LBED_lbeDuino_USERLIB/Debug/libLBED_lbeDuino_USERLIB.a(Keypad.o)
 .ARM.exidx.text._ZN6Keypad10updateListEv
                0x0000000000005974        0x8 /Users/take/proj/LBED/lbed/LBED_lbeDuino_USERLIB/Debug/libLBED_lbeDuino_USERLIB.a(Keypad.o)
 .ARM.exidx.text._ZN6Keypad7getKeysEv
                0x000000000000597c        0x8 /Users/take/proj/LBED/lbed/LBED_lbeDuino_USERLIB/Debug/libLBED_lbeDuino_USERLIB.a(Keypad.o)
 .ARM.exidx.text._ZN6Keypad6getKeyEv
                0x0000000000005984        0x8 /Users/take/proj/LBED/lbed/LBED_lbeDuino_USERLIB/Debug/libLBED_lbeDuino_USERLIB.a(Keypad.o)
 .ARM.exidx.text._ZN8AQCM08025writeEc
                0x000000000000598c        0x8 /Users/take/proj/LBED/lbed/LBED_lbeDuino_USERLIB/Debug/libLBED_lbeDuino_USERLIB.a(AQCM0802.o)
 .ARM.exidx.text._ZN8AQCM08025_getcEv
                0x0000000000005994        0x8 /Users/take/proj/LBED/lbed/LBED_lbeDuino_USERLIB/Debug/libLBED_lbeDuino_USERLIB.a(AQCM0802.o)
 .ARM.exidx.text._ZN8AQCM0802C2Eii
                0x000000000000599c        0x8 /Users/take/proj/LBED/lbed/LBED_lbeDuino_USERLIB/Debug/libLBED_lbeDuino_USERLIB.a(AQCM0802.o)
 .ARM.exidx.text._ZN8AQCM08026locateEii
                0x00000000000059a4        0x8 /Users/take/proj/LBED/lbed/LBED_lbeDuino_USERLIB/Debug/libLBED_lbeDuino_USERLIB.a(AQCM0802.o)
 .ARM.exidx.text._ZN8AQCM080212writeCommandEi
                0x00000000000059ac        0x8 /Users/take/proj/LBED/lbed/LBED_lbeDuino_USERLIB/Debug/libLBED_lbeDuino_USERLIB.a(AQCM0802.o)
 .ARM.exidx.text._ZN8AQCM08023clsEv
                0x00000000000059b4        0x8 /Users/take/proj/LBED/lbed/LBED_lbeDuino_USERLIB/Debug/libLBED_lbeDuino_USERLIB.a(AQCM0802.o)
 .ARM.exidx.text._ZN8AQCM08025setupEv
                0x00000000000059bc        0x0 /Users/take/proj/LBED/lbed/LBED_lbeDuino_USERLIB/Debug/libLBED_lbeDuino_USERLIB.a(AQCM0802.o)
                                          0x8 (size before relaxing)
 .ARM.exidx.text._ZN8AQCM08029writeDataEi
                0x00000000000059bc        0x8 /Users/take/proj/LBED/lbed/LBED_lbeDuino_USERLIB/Debug/libLBED_lbeDuino_USERLIB.a(AQCM0802.o)
 .ARM.exidx.text._ZN8AQCM08029characterEiii
                0x00000000000059c4        0x8 /Users/take/proj/LBED/lbed/LBED_lbeDuino_USERLIB/Debug/libLBED_lbeDuino_USERLIB.a(AQCM0802.o)
 .ARM.exidx.text._ZN8AQCM08025_putcEi
                0x00000000000059cc        0x0 /Users/take/proj/LBED/lbed/LBED_lbeDuino_USERLIB/Debug/libLBED_lbeDuino_USERLIB.a(AQCM0802.o)
                                          0x8 (size before relaxing)
 .ARM.exidx.text._ZN4ToneC2Ei
                0x00000000000059cc        0x8 /Users/take/proj/LBED/lbed/LBED_lbeDuino_USERLIB/Debug/libLBED_lbeDuino_USERLIB.a(Tone.o)
 .ARM.exidx.text._ZN4Tone4toneEj
                0x00000000000059d4        0x8 /Users/take/proj/LBED/lbed/LBED_lbeDuino_USERLIB/Debug/libLBED_lbeDuino_USERLIB.a(Tone.o)
 .ARM.exidx.text._ZN4Tone4toneEjm
                0x00000000000059dc        0x8 /Users/take/proj/LBED/lbed/LBED_lbeDuino_USERLIB/Debug/libLBED_lbeDuino_USERLIB.a(Tone.o)
 .ARM.exidx.text._ZN4Tone6noToneEv
                0x00000000000059e4        0x8 /Users/take/proj/LBED/lbed/LBED_lbeDuino_USERLIB/Debug/libLBED_lbeDuino_USERLIB.a(Tone.o)
 .ARM.exidx.text._ZN3KeyC2Ev
                0x00000000000059ec        0x8 /Users/take/proj/LBED/lbed/LBED_lbeDuino_USERLIB/Debug/libLBED_lbeDuino_USERLIB.a(Key.o)
 .ARM.exidx     0x00000000000059f4        0x0 /Users/take/proj/LBED/lbed/LBED_lbeDuino/Debug/libLBED_lbeDuino.a(DigitalIn.o)
                                         0x28 (size before relaxing)
 .ARM.exidx     0x00000000000059f4       0x10 /Users/take/proj/LBED/lbed/LBED_lbeDuino/Debug/libLBED_lbeDuino.a(DigitalOut.o)
                                         0x18 (size before relaxing)
 .ARM.exidx     0x0000000000005a04       0x28 /Users/take/proj/LBED/lbed/LBED_lbeDuino/Debug/libLBED_lbeDuino.a(I2C.o)
 .ARM.exidx     0x0000000000005a2c       0x50 /Users/take/proj/LBED/lbed/LBED_lbeDuino/Debug/libLBED_lbeDuino.a(Print.o)
                                         0x60 (size before relaxing)
 .ARM.exidx     0x0000000000005a7c       0x30 /Users/take/proj/LBED/lbed/LBED_lbeDuino/Debug/libLBED_lbeDuino.a(PwmOut.o)
                                         0x28 (size before relaxing)
                0x0000000000005aac                __exidx_end = .
                0x0000000000005aac                _etext = .

.uninit_RESERVED
                0x0000000010000000        0x0
 *(.bss.$RESERVED*)
                0x0000000010000000                . = ALIGN (0x4)
                0x0000000010000000                _end_uninit_RESERVED = .

.data           0x0000000010000000      0x470 load address 0x0000000000005aac
 FILL mask 0xff
                0x0000000010000000                _data = .
 *(vtable)
 *(.data*)
 .data.keys     0x0000000010000000       0x14 ./src/Calculator.o
                0x0000000010000000                keys
 .data.colPins  0x0000000010000014       0x10 ./src/Calculator.o
                0x0000000010000014                colPins
 .data.rowPins  0x0000000010000024       0x14 ./src/Calculator.o
                0x0000000010000024                rowPins
 .data.SystemCoreClock
                0x0000000010000038        0x4 /Users/take/proj/LBED/lbed/CMSISv2p00_LPC11xx/Debug/libCMSISv2p00_LPC11xx.a(system_LPC11xx.o)
                0x0000000010000038                SystemCoreClock
 *fill*         0x000000001000003c        0x4 00
 .data.impure_data
                0x0000000010000040      0x428 /Applications/lpcxpresso_6.0.2_151/lpcxpresso/tools/bin/../lib/gcc/arm-none-eabi/4.6.2/../../../../arm-none-eabi/lib/armv6-m/libc.a(lib_a-impure.o)
 .data._impure_ptr
                0x0000000010000468        0x4 /Applications/lpcxpresso_6.0.2_151/lpcxpresso/tools/bin/../lib/gcc/arm-none-eabi/4.6.2/../../../../arm-none-eabi/lib/armv6-m/libc.a(lib_a-impure.o)
                0x0000000010000468                _impure_ptr
 .data          0x000000001000046c        0x4 /Applications/lpcxpresso_6.0.2_151/lpcxpresso/tools/bin/../lib/gcc/arm-none-eabi/4.6.2/armv6-m/crtbegin.o
                0x000000001000046c                __dso_handle
                0x0000000010000470                . = ALIGN (0x4)
                0x0000000010000470                _edata = .

.jcr            0x0000000010000470        0x0 load address 0x0000000000005f1c
 .jcr           0x0000000010000470        0x0 /Applications/lpcxpresso_6.0.2_151/lpcxpresso/tools/bin/../lib/gcc/arm-none-eabi/4.6.2/armv6-m/crtbegin.o

.bss            0x0000000010000470      0x274 load address 0x0000000000005f1c
                0x0000000010000470                _bss = .
 *(.bss*)
 .bss.buzzer    0x0000000010000470       0x18 ./src/Calculator.o
                0x0000000010000470                buzzer
 .bss.keypad    0x0000000010000488      0x158 ./src/Calculator.o
                0x0000000010000488                keypad
 .bss.lcd       0x00000000100005e0       0x18 ./src/Calculator.o
                0x00000000100005e0                lcd
 .bss.RdIndex   0x00000000100005f8        0x4 /Users/take/proj/LBED/lbed/LBED_lbeDuino/Debug/libLBED_lbeDuino.a(_i2c.o)
                0x00000000100005f8                RdIndex
 .bss.I2CMasterState
                0x00000000100005fc        0x4 /Users/take/proj/LBED/lbed/LBED_lbeDuino/Debug/libLBED_lbeDuino.a(_i2c.o)
                0x00000000100005fc                I2CMasterState
 .bss.WrIndex   0x0000000010000600        0x4 /Users/take/proj/LBED/lbed/LBED_lbeDuino/Debug/libLBED_lbeDuino.a(_i2c.o)
                0x0000000010000600                WrIndex
 .bss.timeout   0x0000000010000604        0x4 /Users/take/proj/LBED/lbed/LBED_lbeDuino/Debug/libLBED_lbeDuino.a(_i2c.o)
                0x0000000010000604                timeout
 .bss.timer16_1_period
                0x0000000010000608        0x4 /Users/take/proj/LBED/lbed/LBED_lbeDuino/Debug/libLBED_lbeDuino.a(_timer16.o)
                0x0000000010000608                timer16_1_period
 .bss.timer16_0_counter
                0x000000001000060c        0x4 /Users/take/proj/LBED/lbed/LBED_lbeDuino/Debug/libLBED_lbeDuino.a(_timer16.o)
                0x000000001000060c                timer16_0_counter
 .bss.timer16_0_capture
                0x0000000010000610        0x4 /Users/take/proj/LBED/lbed/LBED_lbeDuino/Debug/libLBED_lbeDuino.a(_timer16.o)
                0x0000000010000610                timer16_0_capture
 .bss.timer16_1_counter
                0x0000000010000614        0x4 /Users/take/proj/LBED/lbed/LBED_lbeDuino/Debug/libLBED_lbeDuino.a(_timer16.o)
                0x0000000010000614                timer16_1_counter
 .bss.timer16_1_capture
                0x0000000010000618        0x4 /Users/take/proj/LBED/lbed/LBED_lbeDuino/Debug/libLBED_lbeDuino.a(_timer16.o)
                0x0000000010000618                timer16_1_capture
 .bss.timer16_0_period
                0x000000001000061c        0x4 /Users/take/proj/LBED/lbed/LBED_lbeDuino/Debug/libLBED_lbeDuino.a(_timer16.o)
                0x000000001000061c                timer16_0_period
 .bss.timer32_1_period
                0x0000000010000620        0x4 /Users/take/proj/LBED/lbed/LBED_lbeDuino/Debug/libLBED_lbeDuino.a(_timer32.o)
                0x0000000010000620                timer32_1_period
 .bss.timer32_0_counter
                0x0000000010000624        0x4 /Users/take/proj/LBED/lbed/LBED_lbeDuino/Debug/libLBED_lbeDuino.a(_timer32.o)
                0x0000000010000624                timer32_0_counter
 .bss.timer32_0_capture
                0x0000000010000628        0x4 /Users/take/proj/LBED/lbed/LBED_lbeDuino/Debug/libLBED_lbeDuino.a(_timer32.o)
                0x0000000010000628                timer32_0_capture
 .bss.timer32_1_counter
                0x000000001000062c        0x4 /Users/take/proj/LBED/lbed/LBED_lbeDuino/Debug/libLBED_lbeDuino.a(_timer32.o)
                0x000000001000062c                timer32_1_counter
 .bss.timer32_1_capture
                0x0000000010000630        0x4 /Users/take/proj/LBED/lbed/LBED_lbeDuino/Debug/libLBED_lbeDuino.a(_timer32.o)
                0x0000000010000630                timer32_1_capture
 .bss.timer32_0_period
                0x0000000010000634        0x4 /Users/take/proj/LBED/lbed/LBED_lbeDuino/Debug/libLBED_lbeDuino.a(_timer32.o)
                0x0000000010000634                timer32_0_period
 .bss           0x0000000010000638       0x1c /Applications/lpcxpresso_6.0.2_151/lpcxpresso/tools/bin/../lib/gcc/arm-none-eabi/4.6.2/armv6-m/crtbegin.o
 *(COMMON)
 COMMON         0x0000000010000654        0x4 /Users/take/proj/LBED/lbed/LBED_lbeDuino/Debug/libLBED_lbeDuino.a(wait_api.o)
                0x0000000010000654                msTicks
 COMMON         0x0000000010000658       0x88 /Users/take/proj/LBED/lbed/LBED_lbeDuino/Debug/libLBED_lbeDuino.a(_i2c.o)
                0x0000000010000658                I2CReadLength
                0x000000001000065c                I2CSlaveBuffer
                0x000000001000069c                I2CMasterBuffer
                0x00000000100006dc                I2CWriteLength
 COMMON         0x00000000100006e0        0x4 /Applications/lpcxpresso_6.0.2_151/lpcxpresso/tools/bin/../lib/gcc/arm-none-eabi/4.6.2/../../../../arm-none-eabi/lib/armv6-m/libc.a(lib_a-reent.o)
                0x00000000100006e0                errno
                0x00000000100006e4                . = ALIGN (0x4)
                0x00000000100006e4                _ebss = .
                0x00000000100006e4                PROVIDE (end, .)

.noinit         0x00000000100006e4        0x0 load address 0x0000000000005f1c
                0x00000000100006e4                _noinit = .
 *(.noinit*)
                0x00000000100006e4                . = ALIGN (0x4)
                0x00000000100006e4                _end_noinit = .
                0x00000000100006e4                PROVIDE (_pvHeapStart, .)
                0x0000000010001000                PROVIDE (_vStackTop, (__top_RamLoc4 - 0x0))
OUTPUT(LBED_lbeDuino_MAIN.axf elf32-littlearm)

.debug_info     0x0000000000000000     0xa3bd
 .debug_info    0x0000000000000000      0x210 ./src_base/Main.o
 .debug_info    0x0000000000000210      0x1b8 ./src_base/cr_cpp_config.o
 .debug_info    0x00000000000003c8      0x272 ./src_base/cr_startup_lpc11.o
 .debug_info    0x000000000000063a     0x1563 ./src/Calculator.o
 .debug_info    0x0000000000001b9d      0x4e4 /Users/take/proj/LBED/lbed/CMSISv2p00_LPC11xx/Debug/libCMSISv2p00_LPC11xx.a(system_LPC11xx.o)
 .debug_info    0x0000000000002081     0x1187 /Users/take/proj/LBED/lbed/LBED_lbeDuino_USERLIB/Debug/libLBED_lbeDuino_USERLIB.a(Keypad.o)
 .debug_info    0x0000000000003208      0xa32 /Users/take/proj/LBED/lbed/LBED_lbeDuino_USERLIB/Debug/libLBED_lbeDuino_USERLIB.a(AQCM0802.o)
 .debug_info    0x0000000000003c3a      0x621 /Users/take/proj/LBED/lbed/LBED_lbeDuino_USERLIB/Debug/libLBED_lbeDuino_USERLIB.a(Tone.o)
 .debug_info    0x000000000000425b      0x220 /Users/take/proj/LBED/lbed/LBED_lbeDuino_USERLIB/Debug/libLBED_lbeDuino_USERLIB.a(Key.o)
 .debug_info    0x000000000000447b      0xf74 /Users/take/proj/LBED/lbed/LBED_lbeDuino/Debug/libLBED_lbeDuino.a(DigitalIn.o)
 .debug_info    0x00000000000053ef      0x4e9 /Users/take/proj/LBED/lbed/LBED_lbeDuino/Debug/libLBED_lbeDuino.a(DigitalOut.o)
 .debug_info    0x00000000000058d8      0x449 /Users/take/proj/LBED/lbed/LBED_lbeDuino/Debug/libLBED_lbeDuino.a(I2C.o)
 .debug_info    0x0000000000005d21      0x784 /Users/take/proj/LBED/lbed/LBED_lbeDuino/Debug/libLBED_lbeDuino.a(Print.o)
 .debug_info    0x00000000000064a5      0xe83 /Users/take/proj/LBED/lbed/LBED_lbeDuino/Debug/libLBED_lbeDuino.a(PwmOut.o)
 .debug_info    0x0000000000007328       0x3a /Users/take/proj/LBED/lbed/LBED_lbeDuino/Debug/libLBED_lbeDuino.a(pure_virtual.o)
 .debug_info    0x0000000000007362      0x4ce /Users/take/proj/LBED/lbed/LBED_lbeDuino/Debug/libLBED_lbeDuino.a(wait_api.o)
 .debug_info    0x0000000000007830      0xc7a /Users/take/proj/LBED/lbed/LBED_lbeDuino/Debug/libLBED_lbeDuino.a(_i2c.o)
 .debug_info    0x00000000000084aa      0xe75 /Users/take/proj/LBED/lbed/LBED_lbeDuino/Debug/libLBED_lbeDuino.a(_timer16.o)
 .debug_info    0x000000000000931f      0xd0d /Users/take/proj/LBED/lbed/LBED_lbeDuino/Debug/libLBED_lbeDuino.a(_timer32.o)
 .debug_info    0x000000000000a02c      0x108 /Applications/lpcxpresso_6.0.2_151/lpcxpresso/tools/bin/../lib/gcc/arm-none-eabi/4.6.2/../../../../arm-none-eabi/lib/armv6-m/libcr_newlib_nohost.a(_cr_sbrk.o)
 .debug_info    0x000000000000a134       0x60 /Applications/lpcxpresso_6.0.2_151/lpcxpresso/tools/bin/../lib/gcc/arm-none-eabi/4.6.2/../../../../arm-none-eabi/lib/armv6-m/libcr_newlib_nohost.a(_exit.o)
 .debug_info    0x000000000000a194       0xa9 /Applications/lpcxpresso_6.0.2_151/lpcxpresso/tools/bin/../lib/gcc/arm-none-eabi/4.6.2/../../../../arm-none-eabi/lib/armv6-m/libcr_newlib_nohost.a(getpid.o)
 .debug_info    0x000000000000a23d       0xca /Applications/lpcxpresso_6.0.2_151/lpcxpresso/tools/bin/../lib/gcc/arm-none-eabi/4.6.2/../../../../arm-none-eabi/lib/armv6-m/libcr_newlib_nohost.a(kill.o)
 .debug_info    0x000000000000a307       0xb6 /Applications/lpcxpresso_6.0.2_151/lpcxpresso/tools/bin/../lib/gcc/arm-none-eabi/4.6.2/../../../../arm-none-eabi/lib/armv6-m/libcr_newlib_nohost.a(_cr_check_heap.o)

.debug_abbrev   0x0000000000000000     0x2797
 .debug_abbrev  0x0000000000000000      0x110 ./src_base/Main.o
 .debug_abbrev  0x0000000000000110       0xf9 ./src_base/cr_cpp_config.o
 .debug_abbrev  0x0000000000000209      0x118 ./src_base/cr_startup_lpc11.o
 .debug_abbrev  0x0000000000000321      0x389 ./src/Calculator.o
 .debug_abbrev  0x00000000000006aa       0xec /Users/take/proj/LBED/lbed/CMSISv2p00_LPC11xx/Debug/libCMSISv2p00_LPC11xx.a(system_LPC11xx.o)
 .debug_abbrev  0x0000000000000796      0x408 /Users/take/proj/LBED/lbed/LBED_lbeDuino_USERLIB/Debug/libLBED_lbeDuino_USERLIB.a(Keypad.o)
 .debug_abbrev  0x0000000000000b9e      0x398 /Users/take/proj/LBED/lbed/LBED_lbeDuino_USERLIB/Debug/libLBED_lbeDuino_USERLIB.a(AQCM0802.o)
 .debug_abbrev  0x0000000000000f36      0x259 /Users/take/proj/LBED/lbed/LBED_lbeDuino_USERLIB/Debug/libLBED_lbeDuino_USERLIB.a(Tone.o)
 .debug_abbrev  0x000000000000118f      0x13e /Users/take/proj/LBED/lbed/LBED_lbeDuino_USERLIB/Debug/libLBED_lbeDuino_USERLIB.a(Key.o)
 .debug_abbrev  0x00000000000012cd      0x29f /Users/take/proj/LBED/lbed/LBED_lbeDuino/Debug/libLBED_lbeDuino.a(DigitalIn.o)
 .debug_abbrev  0x000000000000156c      0x21d /Users/take/proj/LBED/lbed/LBED_lbeDuino/Debug/libLBED_lbeDuino.a(DigitalOut.o)
 .debug_abbrev  0x0000000000001789      0x1cb /Users/take/proj/LBED/lbed/LBED_lbeDuino/Debug/libLBED_lbeDuino.a(I2C.o)
 .debug_abbrev  0x0000000000001954      0x1e2 /Users/take/proj/LBED/lbed/LBED_lbeDuino/Debug/libLBED_lbeDuino.a(Print.o)
 .debug_abbrev  0x0000000000001b36      0x257 /Users/take/proj/LBED/lbed/LBED_lbeDuino/Debug/libLBED_lbeDuino.a(PwmOut.o)
 .debug_abbrev  0x0000000000001d8d       0x27 /Users/take/proj/LBED/lbed/LBED_lbeDuino/Debug/libLBED_lbeDuino.a(pure_virtual.o)
 .debug_abbrev  0x0000000000001db4      0x1e8 /Users/take/proj/LBED/lbed/LBED_lbeDuino/Debug/libLBED_lbeDuino.a(wait_api.o)
 .debug_abbrev  0x0000000000001f9c      0x1d3 /Users/take/proj/LBED/lbed/LBED_lbeDuino/Debug/libLBED_lbeDuino.a(_i2c.o)
 .debug_abbrev  0x000000000000216f      0x229 /Users/take/proj/LBED/lbed/LBED_lbeDuino/Debug/libLBED_lbeDuino.a(_timer16.o)
 .debug_abbrev  0x0000000000002398      0x1d8 /Users/take/proj/LBED/lbed/LBED_lbeDuino/Debug/libLBED_lbeDuino.a(_timer32.o)
 .debug_abbrev  0x0000000000002570       0x99 /Applications/lpcxpresso_6.0.2_151/lpcxpresso/tools/bin/../lib/gcc/arm-none-eabi/4.6.2/../../../../arm-none-eabi/lib/armv6-m/libcr_newlib_nohost.a(_cr_sbrk.o)
 .debug_abbrev  0x0000000000002609       0x54 /Applications/lpcxpresso_6.0.2_151/lpcxpresso/tools/bin/../lib/gcc/arm-none-eabi/4.6.2/../../../../arm-none-eabi/lib/armv6-m/libcr_newlib_nohost.a(_exit.o)
 .debug_abbrev  0x000000000000265d       0x54 /Applications/lpcxpresso_6.0.2_151/lpcxpresso/tools/bin/../lib/gcc/arm-none-eabi/4.6.2/../../../../arm-none-eabi/lib/armv6-m/libcr_newlib_nohost.a(getpid.o)
 .debug_abbrev  0x00000000000026b1       0x74 /Applications/lpcxpresso_6.0.2_151/lpcxpresso/tools/bin/../lib/gcc/arm-none-eabi/4.6.2/../../../../arm-none-eabi/lib/armv6-m/libcr_newlib_nohost.a(kill.o)
 .debug_abbrev  0x0000000000002725       0x72 /Applications/lpcxpresso_6.0.2_151/lpcxpresso/tools/bin/../lib/gcc/arm-none-eabi/4.6.2/../../../../arm-none-eabi/lib/armv6-m/libcr_newlib_nohost.a(_cr_check_heap.o)

.debug_loc      0x0000000000000000     0x28cf
 .debug_loc     0x0000000000000000       0x20 ./src_base/Main.o
 .debug_loc     0x0000000000000020       0xff ./src_base/cr_cpp_config.o
 .debug_loc     0x000000000000011f      0x26f ./src_base/cr_startup_lpc11.o
 .debug_loc     0x000000000000038e       0xa9 ./src/Calculator.o
 .debug_loc     0x0000000000000437       0x98 /Users/take/proj/LBED/lbed/CMSISv2p00_LPC11xx/Debug/libCMSISv2p00_LPC11xx.a(system_LPC11xx.o)
 .debug_loc     0x00000000000004cf      0x826 /Users/take/proj/LBED/lbed/LBED_lbeDuino_USERLIB/Debug/libLBED_lbeDuino_USERLIB.a(Keypad.o)
 .debug_loc     0x0000000000000cf5      0x33f /Users/take/proj/LBED/lbed/LBED_lbeDuino_USERLIB/Debug/libLBED_lbeDuino_USERLIB.a(AQCM0802.o)
 .debug_loc     0x0000000000001034      0x19e /Users/take/proj/LBED/lbed/LBED_lbeDuino_USERLIB/Debug/libLBED_lbeDuino_USERLIB.a(Tone.o)
 .debug_loc     0x00000000000011d2      0x127 /Users/take/proj/LBED/lbed/LBED_lbeDuino/Debug/libLBED_lbeDuino.a(DigitalIn.o)
 .debug_loc     0x00000000000012f9      0x132 /Users/take/proj/LBED/lbed/LBED_lbeDuino/Debug/libLBED_lbeDuino.a(DigitalOut.o)
 .debug_loc     0x000000000000142b      0x300 /Users/take/proj/LBED/lbed/LBED_lbeDuino/Debug/libLBED_lbeDuino.a(I2C.o)
 .debug_loc     0x000000000000172b      0x841 /Users/take/proj/LBED/lbed/LBED_lbeDuino/Debug/libLBED_lbeDuino.a(Print.o)
 .debug_loc     0x0000000000001f6c      0x20a /Users/take/proj/LBED/lbed/LBED_lbeDuino/Debug/libLBED_lbeDuino.a(PwmOut.o)
 .debug_loc     0x0000000000002176       0x20 /Users/take/proj/LBED/lbed/LBED_lbeDuino/Debug/libLBED_lbeDuino.a(pure_virtual.o)
 .debug_loc     0x0000000000002196       0x9e /Users/take/proj/LBED/lbed/LBED_lbeDuino/Debug/libLBED_lbeDuino.a(wait_api.o)
 .debug_loc     0x0000000000002234       0xf9 /Users/take/proj/LBED/lbed/LBED_lbeDuino/Debug/libLBED_lbeDuino.a(_i2c.o)
 .debug_loc     0x000000000000232d      0x26b /Users/take/proj/LBED/lbed/LBED_lbeDuino/Debug/libLBED_lbeDuino.a(_timer16.o)
 .debug_loc     0x0000000000002598      0x269 /Users/take/proj/LBED/lbed/LBED_lbeDuino/Debug/libLBED_lbeDuino.a(_timer32.o)
 .debug_loc     0x0000000000002801       0x68 /Applications/lpcxpresso_6.0.2_151/lpcxpresso/tools/bin/../lib/gcc/arm-none-eabi/4.6.2/../../../../arm-none-eabi/lib/armv6-m/libcr_newlib_nohost.a(_cr_sbrk.o)
 .debug_loc     0x0000000000002869       0x20 /Applications/lpcxpresso_6.0.2_151/lpcxpresso/tools/bin/../lib/gcc/arm-none-eabi/4.6.2/../../../../arm-none-eabi/lib/armv6-m/libcr_newlib_nohost.a(_exit.o)
 .debug_loc     0x0000000000002889       0x13 /Applications/lpcxpresso_6.0.2_151/lpcxpresso/tools/bin/../lib/gcc/arm-none-eabi/4.6.2/../../../../arm-none-eabi/lib/armv6-m/libcr_newlib_nohost.a(kill.o)
 .debug_loc     0x000000000000289c       0x33 /Applications/lpcxpresso_6.0.2_151/lpcxpresso/tools/bin/../lib/gcc/arm-none-eabi/4.6.2/../../../../arm-none-eabi/lib/armv6-m/libcr_newlib_nohost.a(_cr_check_heap.o)

.debug_aranges  0x0000000000000000      0x570
 .debug_aranges
                0x0000000000000000       0x20 ./src_base/Main.o
 .debug_aranges
                0x0000000000000020       0x48 ./src_base/cr_cpp_config.o
 .debug_aranges
                0x0000000000000068       0x58 ./src_base/cr_startup_lpc11.o
 .debug_aranges
                0x00000000000000c0       0x38 ./src/Calculator.o
 .debug_aranges
                0x00000000000000f8       0x28 /Users/take/proj/LBED/lbed/CMSISv2p00_LPC11xx/Debug/libCMSISv2p00_LPC11xx.a(system_LPC11xx.o)
 .debug_aranges
                0x0000000000000120       0xb8 /Users/take/proj/LBED/lbed/LBED_lbeDuino_USERLIB/Debug/libLBED_lbeDuino_USERLIB.a(Keypad.o)
 .debug_aranges
                0x00000000000001d8       0x80 /Users/take/proj/LBED/lbed/LBED_lbeDuino_USERLIB/Debug/libLBED_lbeDuino_USERLIB.a(AQCM0802.o)
 .debug_aranges
                0x0000000000000258       0x38 /Users/take/proj/LBED/lbed/LBED_lbeDuino_USERLIB/Debug/libLBED_lbeDuino_USERLIB.a(Tone.o)
 .debug_aranges
                0x0000000000000290       0x30 /Users/take/proj/LBED/lbed/LBED_lbeDuino_USERLIB/Debug/libLBED_lbeDuino_USERLIB.a(Key.o)
 .debug_aranges
                0x00000000000002c0       0x20 /Users/take/proj/LBED/lbed/LBED_lbeDuino/Debug/libLBED_lbeDuino.a(DigitalIn.o)
 .debug_aranges
                0x00000000000002e0       0x20 /Users/take/proj/LBED/lbed/LBED_lbeDuino/Debug/libLBED_lbeDuino.a(DigitalOut.o)
 .debug_aranges
                0x0000000000000300       0x20 /Users/take/proj/LBED/lbed/LBED_lbeDuino/Debug/libLBED_lbeDuino.a(I2C.o)
 .debug_aranges
                0x0000000000000320       0x20 /Users/take/proj/LBED/lbed/LBED_lbeDuino/Debug/libLBED_lbeDuino.a(Print.o)
 .debug_aranges
                0x0000000000000340       0x20 /Users/take/proj/LBED/lbed/LBED_lbeDuino/Debug/libLBED_lbeDuino.a(PwmOut.o)
 .debug_aranges
                0x0000000000000360       0x20 /Users/take/proj/LBED/lbed/LBED_lbeDuino/Debug/libLBED_lbeDuino.a(pure_virtual.o)
 .debug_aranges
                0x0000000000000380       0x40 /Users/take/proj/LBED/lbed/LBED_lbeDuino/Debug/libLBED_lbeDuino.a(wait_api.o)
 .debug_aranges
                0x00000000000003c0       0x50 /Users/take/proj/LBED/lbed/LBED_lbeDuino/Debug/libLBED_lbeDuino.a(_i2c.o)
 .debug_aranges
                0x0000000000000410       0x60 /Users/take/proj/LBED/lbed/LBED_lbeDuino/Debug/libLBED_lbeDuino.a(_timer16.o)
 .debug_aranges
                0x0000000000000470       0x60 /Users/take/proj/LBED/lbed/LBED_lbeDuino/Debug/libLBED_lbeDuino.a(_timer32.o)
 .debug_aranges
                0x00000000000004d0       0x20 /Applications/lpcxpresso_6.0.2_151/lpcxpresso/tools/bin/../lib/gcc/arm-none-eabi/4.6.2/../../../../arm-none-eabi/lib/armv6-m/libcr_newlib_nohost.a(_cr_sbrk.o)
 .debug_aranges
                0x00000000000004f0       0x20 /Applications/lpcxpresso_6.0.2_151/lpcxpresso/tools/bin/../lib/gcc/arm-none-eabi/4.6.2/../../../../arm-none-eabi/lib/armv6-m/libcr_newlib_nohost.a(_exit.o)
 .debug_aranges
                0x0000000000000510       0x20 /Applications/lpcxpresso_6.0.2_151/lpcxpresso/tools/bin/../lib/gcc/arm-none-eabi/4.6.2/../../../../arm-none-eabi/lib/armv6-m/libcr_newlib_nohost.a(getpid.o)
 .debug_aranges
                0x0000000000000530       0x20 /Applications/lpcxpresso_6.0.2_151/lpcxpresso/tools/bin/../lib/gcc/arm-none-eabi/4.6.2/../../../../arm-none-eabi/lib/armv6-m/libcr_newlib_nohost.a(kill.o)
 .debug_aranges
                0x0000000000000550       0x20 /Applications/lpcxpresso_6.0.2_151/lpcxpresso/tools/bin/../lib/gcc/arm-none-eabi/4.6.2/../../../../arm-none-eabi/lib/armv6-m/libcr_newlib_nohost.a(_cr_check_heap.o)

.debug_ranges   0x0000000000000000      0x4e8
 .debug_ranges  0x0000000000000000       0x10 ./src_base/Main.o
 .debug_ranges  0x0000000000000010       0x38 ./src_base/cr_cpp_config.o
 .debug_ranges  0x0000000000000048       0x48 ./src_base/cr_startup_lpc11.o
 .debug_ranges  0x0000000000000090       0x28 ./src/Calculator.o
 .debug_ranges  0x00000000000000b8       0x18 /Users/take/proj/LBED/lbed/CMSISv2p00_LPC11xx/Debug/libCMSISv2p00_LPC11xx.a(system_LPC11xx.o)
 .debug_ranges  0x00000000000000d0      0x1b0 /Users/take/proj/LBED/lbed/LBED_lbeDuino_USERLIB/Debug/libLBED_lbeDuino_USERLIB.a(Keypad.o)
 .debug_ranges  0x0000000000000280       0xa8 /Users/take/proj/LBED/lbed/LBED_lbeDuino_USERLIB/Debug/libLBED_lbeDuino_USERLIB.a(AQCM0802.o)
 .debug_ranges  0x0000000000000328       0x28 /Users/take/proj/LBED/lbed/LBED_lbeDuino_USERLIB/Debug/libLBED_lbeDuino_USERLIB.a(Tone.o)
 .debug_ranges  0x0000000000000350       0x20 /Users/take/proj/LBED/lbed/LBED_lbeDuino_USERLIB/Debug/libLBED_lbeDuino_USERLIB.a(Key.o)
 .debug_ranges  0x0000000000000370       0x18 /Users/take/proj/LBED/lbed/LBED_lbeDuino/Debug/libLBED_lbeDuino.a(Print.o)
 .debug_ranges  0x0000000000000388       0x30 /Users/take/proj/LBED/lbed/LBED_lbeDuino/Debug/libLBED_lbeDuino.a(wait_api.o)
 .debug_ranges  0x00000000000003b8       0x40 /Users/take/proj/LBED/lbed/LBED_lbeDuino/Debug/libLBED_lbeDuino.a(_i2c.o)
 .debug_ranges  0x00000000000003f8       0x50 /Users/take/proj/LBED/lbed/LBED_lbeDuino/Debug/libLBED_lbeDuino.a(_timer16.o)
 .debug_ranges  0x0000000000000448       0x50 /Users/take/proj/LBED/lbed/LBED_lbeDuino/Debug/libLBED_lbeDuino.a(_timer32.o)
 .debug_ranges  0x0000000000000498       0x10 /Applications/lpcxpresso_6.0.2_151/lpcxpresso/tools/bin/../lib/gcc/arm-none-eabi/4.6.2/../../../../arm-none-eabi/lib/armv6-m/libcr_newlib_nohost.a(_cr_sbrk.o)
 .debug_ranges  0x00000000000004a8       0x10 /Applications/lpcxpresso_6.0.2_151/lpcxpresso/tools/bin/../lib/gcc/arm-none-eabi/4.6.2/../../../../arm-none-eabi/lib/armv6-m/libcr_newlib_nohost.a(_exit.o)
 .debug_ranges  0x00000000000004b8       0x10 /Applications/lpcxpresso_6.0.2_151/lpcxpresso/tools/bin/../lib/gcc/arm-none-eabi/4.6.2/../../../../arm-none-eabi/lib/armv6-m/libcr_newlib_nohost.a(getpid.o)
 .debug_ranges  0x00000000000004c8       0x10 /Applications/lpcxpresso_6.0.2_151/lpcxpresso/tools/bin/../lib/gcc/arm-none-eabi/4.6.2/../../../../arm-none-eabi/lib/armv6-m/libcr_newlib_nohost.a(kill.o)
 .debug_ranges  0x00000000000004d8       0x10 /Applications/lpcxpresso_6.0.2_151/lpcxpresso/tools/bin/../lib/gcc/arm-none-eabi/4.6.2/../../../../arm-none-eabi/lib/armv6-m/libcr_newlib_nohost.a(_cr_check_heap.o)

.debug_line     0x0000000000000000     0x3888
 .debug_line    0x0000000000000000      0x15c ./src_base/Main.o
 .debug_line    0x000000000000015c      0x118 ./src_base/cr_cpp_config.o
 .debug_line    0x0000000000000274       0xaa ./src_base/cr_startup_lpc11.o
 .debug_line    0x000000000000031e      0x29c ./src/Calculator.o
 .debug_line    0x00000000000005ba      0x3fe /Users/take/proj/LBED/lbed/CMSISv2p00_LPC11xx/Debug/libCMSISv2p00_LPC11xx.a(system_LPC11xx.o)
 .debug_line    0x00000000000009b8      0xade /Users/take/proj/LBED/lbed/LBED_lbeDuino_USERLIB/Debug/libLBED_lbeDuino_USERLIB.a(Keypad.o)
 .debug_line    0x0000000000001496      0x8d1 /Users/take/proj/LBED/lbed/LBED_lbeDuino_USERLIB/Debug/libLBED_lbeDuino_USERLIB.a(AQCM0802.o)
 .debug_line    0x0000000000001d67      0x7fc /Users/take/proj/LBED/lbed/LBED_lbeDuino_USERLIB/Debug/libLBED_lbeDuino_USERLIB.a(Tone.o)
 .debug_line    0x0000000000002563       0xbf /Users/take/proj/LBED/lbed/LBED_lbeDuino_USERLIB/Debug/libLBED_lbeDuino_USERLIB.a(Key.o)
 .debug_line    0x0000000000002622      0x1b4 /Users/take/proj/LBED/lbed/LBED_lbeDuino/Debug/libLBED_lbeDuino.a(DigitalIn.o)
 .debug_line    0x00000000000027d6      0x181 /Users/take/proj/LBED/lbed/LBED_lbeDuino/Debug/libLBED_lbeDuino.a(DigitalOut.o)
 .debug_line    0x0000000000002957      0x162 /Users/take/proj/LBED/lbed/LBED_lbeDuino/Debug/libLBED_lbeDuino.a(I2C.o)
 .debug_line    0x0000000000002ab9      0x129 /Users/take/proj/LBED/lbed/LBED_lbeDuino/Debug/libLBED_lbeDuino.a(Print.o)
 .debug_line    0x0000000000002be2      0x1f0 /Users/take/proj/LBED/lbed/LBED_lbeDuino/Debug/libLBED_lbeDuino.a(PwmOut.o)
 .debug_line    0x0000000000002dd2       0x4d /Users/take/proj/LBED/lbed/LBED_lbeDuino/Debug/libLBED_lbeDuino.a(pure_virtual.o)
 .debug_line    0x0000000000002e1f      0x19f /Users/take/proj/LBED/lbed/LBED_lbeDuino/Debug/libLBED_lbeDuino.a(wait_api.o)
 .debug_line    0x0000000000002fbe      0x1fe /Users/take/proj/LBED/lbed/LBED_lbeDuino/Debug/libLBED_lbeDuino.a(_i2c.o)
 .debug_line    0x00000000000031bc      0x27d /Users/take/proj/LBED/lbed/LBED_lbeDuino/Debug/libLBED_lbeDuino.a(_timer16.o)
 .debug_line    0x0000000000003439      0x272 /Users/take/proj/LBED/lbed/LBED_lbeDuino/Debug/libLBED_lbeDuino.a(_timer32.o)
 .debug_line    0x00000000000036ab       0xc8 /Applications/lpcxpresso_6.0.2_151/lpcxpresso/tools/bin/../lib/gcc/arm-none-eabi/4.6.2/../../../../arm-none-eabi/lib/armv6-m/libcr_newlib_nohost.a(_cr_sbrk.o)
 .debug_line    0x0000000000003773       0x3e /Applications/lpcxpresso_6.0.2_151/lpcxpresso/tools/bin/../lib/gcc/arm-none-eabi/4.6.2/../../../../arm-none-eabi/lib/armv6-m/libcr_newlib_nohost.a(_exit.o)
 .debug_line    0x00000000000037b1       0x44 /Applications/lpcxpresso_6.0.2_151/lpcxpresso/tools/bin/../lib/gcc/arm-none-eabi/4.6.2/../../../../arm-none-eabi/lib/armv6-m/libcr_newlib_nohost.a(getpid.o)
 .debug_line    0x00000000000037f5       0x42 /Applications/lpcxpresso_6.0.2_151/lpcxpresso/tools/bin/../lib/gcc/arm-none-eabi/4.6.2/../../../../arm-none-eabi/lib/armv6-m/libcr_newlib_nohost.a(kill.o)
 .debug_line    0x0000000000003837       0x51 /Applications/lpcxpresso_6.0.2_151/lpcxpresso/tools/bin/../lib/gcc/arm-none-eabi/4.6.2/../../../../arm-none-eabi/lib/armv6-m/libcr_newlib_nohost.a(_cr_check_heap.o)

.debug_str      0x0000000000000000     0x209d
 .debug_str     0x0000000000000000      0x143 ./src_base/Main.o
                                        0x193 (size before relaxing)
 .debug_str     0x0000000000000143       0xf8 ./src_base/cr_cpp_config.o
                                        0x20b (size before relaxing)
 .debug_str     0x000000000000023b      0x143 ./src_base/cr_startup_lpc11.o
                                        0x24c (size before relaxing)
 .debug_str     0x000000000000037e      0xa24 ./src/Calculator.o
                                        0xbe6 (size before relaxing)
 .debug_str     0x0000000000000da2      0x31e /Users/take/proj/LBED/lbed/CMSISv2p00_LPC11xx/Debug/libCMSISv2p00_LPC11xx.a(system_LPC11xx.o)
                                        0x3ad (size before relaxing)
 .debug_str     0x00000000000010c0      0x133 /Users/take/proj/LBED/lbed/LBED_lbeDuino_USERLIB/Debug/libLBED_lbeDuino_USERLIB.a(Keypad.o)
                                        0x73a (size before relaxing)
 .debug_str     0x00000000000011f3      0x210 /Users/take/proj/LBED/lbed/LBED_lbeDuino_USERLIB/Debug/libLBED_lbeDuino_USERLIB.a(AQCM0802.o)
                                        0x3d6 (size before relaxing)
 .debug_str     0x0000000000001403       0x19 /Users/take/proj/LBED/lbed/LBED_lbeDuino_USERLIB/Debug/libLBED_lbeDuino_USERLIB.a(Tone.o)
                                        0x309 (size before relaxing)
 .debug_str     0x000000000000141c       0x3f /Users/take/proj/LBED/lbed/LBED_lbeDuino_USERLIB/Debug/libLBED_lbeDuino_USERLIB.a(Key.o)
                                        0x165 (size before relaxing)
 .debug_str     0x000000000000145b      0x1c5 /Users/take/proj/LBED/lbed/LBED_lbeDuino/Debug/libLBED_lbeDuino.a(DigitalIn.o)
                                        0x780 (size before relaxing)
 .debug_str     0x0000000000001620       0x1e /Users/take/proj/LBED/lbed/LBED_lbeDuino/Debug/libLBED_lbeDuino.a(DigitalOut.o)
                                        0x2b7 (size before relaxing)
 .debug_str     0x000000000000163e       0x44 /Users/take/proj/LBED/lbed/LBED_lbeDuino/Debug/libLBED_lbeDuino.a(I2C.o)
                                        0x223 (size before relaxing)
 .debug_str     0x0000000000001682      0x1af /Users/take/proj/LBED/lbed/LBED_lbeDuino/Debug/libLBED_lbeDuino.a(Print.o)
                                        0x2cf (size before relaxing)
 .debug_str     0x0000000000001831       0x48 /Users/take/proj/LBED/lbed/LBED_lbeDuino/Debug/libLBED_lbeDuino.a(PwmOut.o)
                                        0x6a2 (size before relaxing)
 .debug_str     0x0000000000001879       0x33 /Users/take/proj/LBED/lbed/LBED_lbeDuino/Debug/libLBED_lbeDuino.a(pure_virtual.o)
                                         0xad (size before relaxing)
 .debug_str     0x00000000000018ac      0x2b7 /Users/take/proj/LBED/lbed/LBED_lbeDuino/Debug/libLBED_lbeDuino.a(wait_api.o)
                                        0x411 (size before relaxing)
 .debug_str     0x0000000000001b63      0x145 /Users/take/proj/LBED/lbed/LBED_lbeDuino/Debug/libLBED_lbeDuino.a(_i2c.o)
                                        0x861 (size before relaxing)
 .debug_str     0x0000000000001ca8      0x162 /Users/take/proj/LBED/lbed/LBED_lbeDuino/Debug/libLBED_lbeDuino.a(_timer16.o)
                                        0x8af (size before relaxing)
 .debug_str     0x0000000000001e0a      0x119 /Users/take/proj/LBED/lbed/LBED_lbeDuino/Debug/libLBED_lbeDuino.a(_timer32.o)
                                        0x881 (size before relaxing)
 .debug_str     0x0000000000001f23       0xee /Applications/lpcxpresso_6.0.2_151/lpcxpresso/tools/bin/../lib/gcc/arm-none-eabi/4.6.2/../../../../arm-none-eabi/lib/armv6-m/libcr_newlib_nohost.a(_cr_sbrk.o)
                                        0x17e (size before relaxing)
 .debug_str     0x0000000000002011       0x15 /Applications/lpcxpresso_6.0.2_151/lpcxpresso/tools/bin/../lib/gcc/arm-none-eabi/4.6.2/../../../../arm-none-eabi/lib/armv6-m/libcr_newlib_nohost.a(_exit.o)
                                         0xab (size before relaxing)
 .debug_str     0x0000000000002026       0x1e /Applications/lpcxpresso_6.0.2_151/lpcxpresso/tools/bin/../lib/gcc/arm-none-eabi/4.6.2/../../../../arm-none-eabi/lib/armv6-m/libcr_newlib_nohost.a(getpid.o)
                                        0x13d (size before relaxing)
 .debug_str     0x0000000000002044       0x14 /Applications/lpcxpresso_6.0.2_151/lpcxpresso/tools/bin/../lib/gcc/arm-none-eabi/4.6.2/../../../../arm-none-eabi/lib/armv6-m/libcr_newlib_nohost.a(kill.o)
                                        0x139 (size before relaxing)
 .debug_str     0x0000000000002058       0x45 /Applications/lpcxpresso_6.0.2_151/lpcxpresso/tools/bin/../lib/gcc/arm-none-eabi/4.6.2/../../../../arm-none-eabi/lib/armv6-m/libcr_newlib_nohost.a(_cr_check_heap.o)
                                        0x10a (size before relaxing)

.comment        0x0000000000000000       0xe0
 .comment       0x0000000000000000       0x70 ./src_base/Main.o
                                         0x71 (size before relaxing)
 .comment       0x0000000000000000       0x71 ./src_base/cr_cpp_config.o
 .comment       0x0000000000000000       0x71 ./src_base/cr_startup_lpc11.o
 .comment       0x0000000000000000       0x71 ./src/Calculator.o
 .comment       0x0000000000000000       0x71 /Users/take/proj/LBED/lbed/CMSISv2p00_LPC11xx/Debug/libCMSISv2p00_LPC11xx.a(system_LPC11xx.o)
 .comment       0x0000000000000000       0x71 /Users/take/proj/LBED/lbed/LBED_lbeDuino_USERLIB/Debug/libLBED_lbeDuino_USERLIB.a(Keypad.o)
 .comment       0x0000000000000000       0x71 /Users/take/proj/LBED/lbed/LBED_lbeDuino_USERLIB/Debug/libLBED_lbeDuino_USERLIB.a(AQCM0802.o)
 .comment       0x0000000000000000       0x71 /Users/take/proj/LBED/lbed/LBED_lbeDuino_USERLIB/Debug/libLBED_lbeDuino_USERLIB.a(Tone.o)
 .comment       0x0000000000000000       0x71 /Users/take/proj/LBED/lbed/LBED_lbeDuino_USERLIB/Debug/libLBED_lbeDuino_USERLIB.a(Key.o)
 .comment       0x0000000000000000       0x71 /Users/take/proj/LBED/lbed/LBED_lbeDuino/Debug/libLBED_lbeDuino.a(DigitalIn.o)
 .comment       0x0000000000000000       0x71 /Users/take/proj/LBED/lbed/LBED_lbeDuino/Debug/libLBED_lbeDuino.a(DigitalOut.o)
 .comment       0x0000000000000000       0x71 /Users/take/proj/LBED/lbed/LBED_lbeDuino/Debug/libLBED_lbeDuino.a(I2C.o)
 .comment       0x0000000000000000       0x71 /Users/take/proj/LBED/lbed/LBED_lbeDuino/Debug/libLBED_lbeDuino.a(Print.o)
 .comment       0x0000000000000000       0x71 /Users/take/proj/LBED/lbed/LBED_lbeDuino/Debug/libLBED_lbeDuino.a(PwmOut.o)
 .comment       0x0000000000000000       0x71 /Users/take/proj/LBED/lbed/LBED_lbeDuino/Debug/libLBED_lbeDuino.a(pure_virtual.o)
 .comment       0x0000000000000000       0x71 /Users/take/proj/LBED/lbed/LBED_lbeDuino/Debug/libLBED_lbeDuino.a(wait_api.o)
 .comment       0x0000000000000000       0x71 /Users/take/proj/LBED/lbed/LBED_lbeDuino/Debug/libLBED_lbeDuino.a(_i2c.o)
 .comment       0x0000000000000000       0x71 /Users/take/proj/LBED/lbed/LBED_lbeDuino/Debug/libLBED_lbeDuino.a(_timer16.o)
 .comment       0x0000000000000000       0x71 /Users/take/proj/LBED/lbed/LBED_lbeDuino/Debug/libLBED_lbeDuino.a(_timer32.o)
 .comment       0x0000000000000070       0x70 /Applications/lpcxpresso_6.0.2_151/lpcxpresso/tools/bin/../lib/gcc/arm-none-eabi/4.6.2/../../../../arm-none-eabi/lib/armv6-m/libcr_newlib_nohost.a(_cr_sbrk.o)
                                         0x71 (size before relaxing)
 .comment       0x0000000000000000       0x71 /Applications/lpcxpresso_6.0.2_151/lpcxpresso/tools/bin/../lib/gcc/arm-none-eabi/4.6.2/../../../../arm-none-eabi/lib/armv6-m/libcr_newlib_nohost.a(_exit.o)
 .comment       0x0000000000000000       0x71 /Applications/lpcxpresso_6.0.2_151/lpcxpresso/tools/bin/../lib/gcc/arm-none-eabi/4.6.2/../../../../arm-none-eabi/lib/armv6-m/libcr_newlib_nohost.a(getpid.o)
 .comment       0x0000000000000000       0x71 /Applications/lpcxpresso_6.0.2_151/lpcxpresso/tools/bin/../lib/gcc/arm-none-eabi/4.6.2/../../../../arm-none-eabi/lib/armv6-m/libcr_newlib_nohost.a(kill.o)
 .comment       0x0000000000000000       0x71 /Applications/lpcxpresso_6.0.2_151/lpcxpresso/tools/bin/../lib/gcc/arm-none-eabi/4.6.2/../../../../arm-none-eabi/lib/armv6-m/libcr_newlib_nohost.a(_cr_check_heap.o)

.ARM.attributes
                0x0000000000000000       0x31
 .ARM.attributes
                0x0000000000000000       0x31 ./src_base/Main.o
 .ARM.attributes
                0x0000000000000031       0x31 ./src_base/cr_cpp_config.o
 .ARM.attributes
                0x0000000000000062       0x31 ./src_base/cr_startup_lpc11.o
 .ARM.attributes
                0x0000000000000093       0x31 ./src/Calculator.o
 .ARM.attributes
                0x00000000000000c4       0x31 /Users/take/proj/LBED/lbed/CMSISv2p00_LPC11xx/Debug/libCMSISv2p00_LPC11xx.a(system_LPC11xx.o)
 .ARM.attributes
                0x00000000000000f5       0x31 /Users/take/proj/LBED/lbed/LBED_lbeDuino_USERLIB/Debug/libLBED_lbeDuino_USERLIB.a(Keypad.o)
 .ARM.attributes
                0x0000000000000126       0x31 /Users/take/proj/LBED/lbed/LBED_lbeDuino_USERLIB/Debug/libLBED_lbeDuino_USERLIB.a(AQCM0802.o)
 .ARM.attributes
                0x0000000000000157       0x31 /Users/take/proj/LBED/lbed/LBED_lbeDuino_USERLIB/Debug/libLBED_lbeDuino_USERLIB.a(Tone.o)
 .ARM.attributes
                0x0000000000000188       0x31 /Users/take/proj/LBED/lbed/LBED_lbeDuino_USERLIB/Debug/libLBED_lbeDuino_USERLIB.a(Key.o)
 .ARM.attributes
                0x00000000000001b9       0x31 /Users/take/proj/LBED/lbed/LBED_lbeDuino/Debug/libLBED_lbeDuino.a(DigitalIn.o)
 .ARM.attributes
                0x00000000000001ea       0x31 /Users/take/proj/LBED/lbed/LBED_lbeDuino/Debug/libLBED_lbeDuino.a(DigitalOut.o)
 .ARM.attributes
                0x000000000000021b       0x31 /Users/take/proj/LBED/lbed/LBED_lbeDuino/Debug/libLBED_lbeDuino.a(I2C.o)
 .ARM.attributes
                0x000000000000024c       0x31 /Users/take/proj/LBED/lbed/LBED_lbeDuino/Debug/libLBED_lbeDuino.a(Print.o)
 .ARM.attributes
                0x000000000000027d       0x31 /Users/take/proj/LBED/lbed/LBED_lbeDuino/Debug/libLBED_lbeDuino.a(PwmOut.o)
 .ARM.attributes
                0x00000000000002ae       0x31 /Users/take/proj/LBED/lbed/LBED_lbeDuino/Debug/libLBED_lbeDuino.a(pure_virtual.o)
 .ARM.attributes
                0x00000000000002df       0x31 /Users/take/proj/LBED/lbed/LBED_lbeDuino/Debug/libLBED_lbeDuino.a(wait_api.o)
 .ARM.attributes
                0x0000000000000310       0x31 /Users/take/proj/LBED/lbed/LBED_lbeDuino/Debug/libLBED_lbeDuino.a(_i2c.o)
 .ARM.attributes
                0x0000000000000341       0x31 /Users/take/proj/LBED/lbed/LBED_lbeDuino/Debug/libLBED_lbeDuino.a(_timer16.o)
 .ARM.attributes
                0x0000000000000372       0x31 /Users/take/proj/LBED/lbed/LBED_lbeDuino/Debug/libLBED_lbeDuino.a(_timer32.o)
 .ARM.attributes
                0x00000000000003a3       0x1e /Applications/lpcxpresso_6.0.2_151/lpcxpresso/tools/bin/../lib/gcc/arm-none-eabi/4.6.2/armv6-m/libgcc.a(_thumb1_case_uqi.o)
 .ARM.attributes
                0x00000000000003c1       0x1e /Applications/lpcxpresso_6.0.2_151/lpcxpresso/tools/bin/../lib/gcc/arm-none-eabi/4.6.2/armv6-m/libgcc.a(_udivsi3.o)
 .ARM.attributes
                0x00000000000003df       0x1e /Applications/lpcxpresso_6.0.2_151/lpcxpresso/tools/bin/../lib/gcc/arm-none-eabi/4.6.2/armv6-m/libgcc.a(_dvmd_tls.o)
 .ARM.attributes
                0x00000000000003fd       0x1e /Applications/lpcxpresso_6.0.2_151/lpcxpresso/tools/bin/../lib/gcc/arm-none-eabi/4.6.2/armv6-m/libgcc.a(_arm_cmpdf2.o)
 .ARM.attributes
                0x000000000000041b       0x2c /Applications/lpcxpresso_6.0.2_151/lpcxpresso/tools/bin/../lib/gcc/arm-none-eabi/4.6.2/armv6-m/libgcc.a(_fixunssfsi.o)
 .ARM.attributes
                0x0000000000000447       0x2c /Applications/lpcxpresso_6.0.2_151/lpcxpresso/tools/bin/../lib/gcc/arm-none-eabi/4.6.2/armv6-m/libgcc.a(_fixunsdfsi.o)
 .ARM.attributes
                0x0000000000000473       0x2c /Applications/lpcxpresso_6.0.2_151/lpcxpresso/tools/bin/../lib/gcc/arm-none-eabi/4.6.2/armv6-m/libgcc.a(divsf3.o)
 .ARM.attributes
                0x000000000000049f       0x2c /Applications/lpcxpresso_6.0.2_151/lpcxpresso/tools/bin/../lib/gcc/arm-none-eabi/4.6.2/armv6-m/libgcc.a(mulsf3.o)
 .ARM.attributes
                0x00000000000004cb       0x2c /Applications/lpcxpresso_6.0.2_151/lpcxpresso/tools/bin/../lib/gcc/arm-none-eabi/4.6.2/armv6-m/libgcc.a(subsf3.o)
 .ARM.attributes
                0x00000000000004f7       0x2c /Applications/lpcxpresso_6.0.2_151/lpcxpresso/tools/bin/../lib/gcc/arm-none-eabi/4.6.2/armv6-m/libgcc.a(fixsfsi.o)
 .ARM.attributes
                0x0000000000000523       0x2c /Applications/lpcxpresso_6.0.2_151/lpcxpresso/tools/bin/../lib/gcc/arm-none-eabi/4.6.2/armv6-m/libgcc.a(floatunsisf.o)
 .ARM.attributes
                0x000000000000054f       0x2c /Applications/lpcxpresso_6.0.2_151/lpcxpresso/tools/bin/../lib/gcc/arm-none-eabi/4.6.2/armv6-m/libgcc.a(adddf3.o)
 .ARM.attributes
                0x000000000000057b       0x2c /Applications/lpcxpresso_6.0.2_151/lpcxpresso/tools/bin/../lib/gcc/arm-none-eabi/4.6.2/armv6-m/libgcc.a(divdf3.o)
 .ARM.attributes
                0x00000000000005a7       0x2c /Applications/lpcxpresso_6.0.2_151/lpcxpresso/tools/bin/../lib/gcc/arm-none-eabi/4.6.2/armv6-m/libgcc.a(eqdf2.o)
 .ARM.attributes
                0x00000000000005d3       0x2c /Applications/lpcxpresso_6.0.2_151/lpcxpresso/tools/bin/../lib/gcc/arm-none-eabi/4.6.2/armv6-m/libgcc.a(gedf2.o)
 .ARM.attributes
                0x00000000000005ff       0x2c /Applications/lpcxpresso_6.0.2_151/lpcxpresso/tools/bin/../lib/gcc/arm-none-eabi/4.6.2/armv6-m/libgcc.a(ledf2.o)
 .ARM.attributes
                0x000000000000062b       0x2c /Applications/lpcxpresso_6.0.2_151/lpcxpresso/tools/bin/../lib/gcc/arm-none-eabi/4.6.2/armv6-m/libgcc.a(muldf3.o)
 .ARM.attributes
                0x0000000000000657       0x2c /Applications/lpcxpresso_6.0.2_151/lpcxpresso/tools/bin/../lib/gcc/arm-none-eabi/4.6.2/armv6-m/libgcc.a(subdf3.o)
 .ARM.attributes
                0x0000000000000683       0x2c /Applications/lpcxpresso_6.0.2_151/lpcxpresso/tools/bin/../lib/gcc/arm-none-eabi/4.6.2/armv6-m/libgcc.a(fixdfsi.o)
 .ARM.attributes
                0x00000000000006af       0x2c /Applications/lpcxpresso_6.0.2_151/lpcxpresso/tools/bin/../lib/gcc/arm-none-eabi/4.6.2/armv6-m/libgcc.a(floatsidf.o)
 .ARM.attributes
                0x00000000000006db       0x2c /Applications/lpcxpresso_6.0.2_151/lpcxpresso/tools/bin/../lib/gcc/arm-none-eabi/4.6.2/armv6-m/libgcc.a(floatunsidf.o)
 .ARM.attributes
                0x0000000000000707       0x2c /Applications/lpcxpresso_6.0.2_151/lpcxpresso/tools/bin/../lib/gcc/arm-none-eabi/4.6.2/armv6-m/libgcc.a(truncdfsf2.o)
 .ARM.attributes
                0x0000000000000733       0x2c /Applications/lpcxpresso_6.0.2_151/lpcxpresso/tools/bin/../lib/gcc/arm-none-eabi/4.6.2/armv6-m/libgcc.a(unwind-arm.o)
 .ARM.attributes
                0x000000000000075f       0x1e /Applications/lpcxpresso_6.0.2_151/lpcxpresso/tools/bin/../lib/gcc/arm-none-eabi/4.6.2/armv6-m/libgcc.a(libunwind.o)
 .ARM.attributes
                0x000000000000077d       0x2c /Applications/lpcxpresso_6.0.2_151/lpcxpresso/tools/bin/../lib/gcc/arm-none-eabi/4.6.2/armv6-m/libgcc.a(pr-support.o)
 .ARM.attributes
                0x00000000000007a9       0x1e /Applications/lpcxpresso_6.0.2_151/lpcxpresso/tools/bin/../lib/gcc/arm-none-eabi/4.6.2/armv6-m/libgcc.a(_arm_cmpsf2.o)
 .ARM.attributes
                0x00000000000007c7       0x1e /Applications/lpcxpresso_6.0.2_151/lpcxpresso/tools/bin/../lib/gcc/arm-none-eabi/4.6.2/armv6-m/libgcc.a(_clzsi2.o)
 .ARM.attributes
                0x00000000000007e5       0x2c /Applications/lpcxpresso_6.0.2_151/lpcxpresso/tools/bin/../lib/gcc/arm-none-eabi/4.6.2/armv6-m/libgcc.a(eqsf2.o)
 .ARM.attributes
                0x0000000000000811       0x2c /Applications/lpcxpresso_6.0.2_151/lpcxpresso/tools/bin/../lib/gcc/arm-none-eabi/4.6.2/armv6-m/libgcc.a(gesf2.o)
 .ARM.attributes
                0x000000000000083d       0x2c /Applications/lpcxpresso_6.0.2_151/lpcxpresso/tools/bin/../lib/gcc/arm-none-eabi/4.6.2/armv6-m/libgcc.a(lesf2.o)
 .ARM.attributes
                0x0000000000000869       0x2c /Applications/lpcxpresso_6.0.2_151/lpcxpresso/tools/bin/../lib/gcc/arm-none-eabi/4.6.2/../../../../arm-none-eabi/lib/armv6-m/libc.a(lib_a-abort.o)
 .ARM.attributes
                0x0000000000000895       0x2c /Applications/lpcxpresso_6.0.2_151/lpcxpresso/tools/bin/../lib/gcc/arm-none-eabi/4.6.2/../../../../arm-none-eabi/lib/armv6-m/libc.a(lib_a-init.o)
 .ARM.attributes
                0x00000000000008c1       0x2c /Applications/lpcxpresso_6.0.2_151/lpcxpresso/tools/bin/../lib/gcc/arm-none-eabi/4.6.2/../../../../arm-none-eabi/lib/armv6-m/libc.a(lib_a-malloc.o)
 .ARM.attributes
                0x00000000000008ed       0x2c /Applications/lpcxpresso_6.0.2_151/lpcxpresso/tools/bin/../lib/gcc/arm-none-eabi/4.6.2/../../../../arm-none-eabi/lib/armv6-m/libc.a(lib_a-mallocr.o)
 .ARM.attributes
                0x0000000000000919       0x2c /Applications/lpcxpresso_6.0.2_151/lpcxpresso/tools/bin/../lib/gcc/arm-none-eabi/4.6.2/../../../../arm-none-eabi/lib/armv6-m/libc.a(lib_a-memcpy.o)
 .ARM.attributes
                0x0000000000000945       0x2c /Applications/lpcxpresso_6.0.2_151/lpcxpresso/tools/bin/../lib/gcc/arm-none-eabi/4.6.2/../../../../arm-none-eabi/lib/armv6-m/libc.a(lib_a-mlock.o)
 .ARM.attributes
                0x0000000000000971       0x2c /Applications/lpcxpresso_6.0.2_151/lpcxpresso/tools/bin/../lib/gcc/arm-none-eabi/4.6.2/../../../../arm-none-eabi/lib/armv6-m/libc.a(lib_a-sbrkr.o)
 .ARM.attributes
                0x000000000000099d       0x2c /Applications/lpcxpresso_6.0.2_151/lpcxpresso/tools/bin/../lib/gcc/arm-none-eabi/4.6.2/../../../../arm-none-eabi/lib/armv6-m/libc.a(lib_a-signal.o)
 .ARM.attributes
                0x00000000000009c9       0x2c /Applications/lpcxpresso_6.0.2_151/lpcxpresso/tools/bin/../lib/gcc/arm-none-eabi/4.6.2/../../../../arm-none-eabi/lib/armv6-m/libc.a(lib_a-signalr.o)
 .ARM.attributes
                0x00000000000009f5       0x2c /Applications/lpcxpresso_6.0.2_151/lpcxpresso/tools/bin/../lib/gcc/arm-none-eabi/4.6.2/../../../../arm-none-eabi/lib/armv6-m/libc.a(lib_a-strlen.o)
 .ARM.attributes
                0x0000000000000a21       0x2c /Applications/lpcxpresso_6.0.2_151/lpcxpresso/tools/bin/../lib/gcc/arm-none-eabi/4.6.2/../../../../arm-none-eabi/lib/armv6-m/libc.a(lib_a-freer.o)
 .ARM.attributes
                0x0000000000000a4d       0x2c /Applications/lpcxpresso_6.0.2_151/lpcxpresso/tools/bin/../lib/gcc/arm-none-eabi/4.6.2/../../../../arm-none-eabi/lib/armv6-m/libc.a(lib_a-impure.o)
 .ARM.attributes
                0x0000000000000a79       0x2c /Applications/lpcxpresso_6.0.2_151/lpcxpresso/tools/bin/../lib/gcc/arm-none-eabi/4.6.2/../../../../arm-none-eabi/lib/armv6-m/libc.a(lib_a-reent.o)
 .ARM.attributes
                0x0000000000000aa5       0x2c /Applications/lpcxpresso_6.0.2_151/lpcxpresso/tools/bin/../lib/gcc/arm-none-eabi/4.6.2/../../../../arm-none-eabi/lib/armv6-m/libstdc++.a(class_type_info.o)
 .ARM.attributes
                0x0000000000000ad1       0x2c /Applications/lpcxpresso_6.0.2_151/lpcxpresso/tools/bin/../lib/gcc/arm-none-eabi/4.6.2/../../../../arm-none-eabi/lib/armv6-m/libstdc++.a(si_class_type_info.o)
 .ARM.attributes
                0x0000000000000afd       0x2c /Applications/lpcxpresso_6.0.2_151/lpcxpresso/tools/bin/../lib/gcc/arm-none-eabi/4.6.2/../../../../arm-none-eabi/lib/armv6-m/libstdc++.a(tinfo.o)
 .ARM.attributes
                0x0000000000000b29       0x31 /Applications/lpcxpresso_6.0.2_151/lpcxpresso/tools/bin/../lib/gcc/arm-none-eabi/4.6.2/../../../../arm-none-eabi/lib/armv6-m/libcr_newlib_nohost.a(_cr_sbrk.o)
 .ARM.attributes
                0x0000000000000b5a       0x31 /Applications/lpcxpresso_6.0.2_151/lpcxpresso/tools/bin/../lib/gcc/arm-none-eabi/4.6.2/../../../../arm-none-eabi/lib/armv6-m/libcr_newlib_nohost.a(_exit.o)
 .ARM.attributes
                0x0000000000000b8b       0x31 /Applications/lpcxpresso_6.0.2_151/lpcxpresso/tools/bin/../lib/gcc/arm-none-eabi/4.6.2/../../../../arm-none-eabi/lib/armv6-m/libcr_newlib_nohost.a(getpid.o)
 .ARM.attributes
                0x0000000000000bbc       0x31 /Applications/lpcxpresso_6.0.2_151/lpcxpresso/tools/bin/../lib/gcc/arm-none-eabi/4.6.2/../../../../arm-none-eabi/lib/armv6-m/libcr_newlib_nohost.a(kill.o)
 .ARM.attributes
                0x0000000000000bed       0x31 /Applications/lpcxpresso_6.0.2_151/lpcxpresso/tools/bin/../lib/gcc/arm-none-eabi/4.6.2/../../../../arm-none-eabi/lib/armv6-m/libcr_newlib_nohost.a(_cr_check_heap.o)
 .ARM.attributes
                0x0000000000000c1e       0x1e /Applications/lpcxpresso_6.0.2_151/lpcxpresso/tools/bin/../lib/gcc/arm-none-eabi/4.6.2/armv6-m/crti.o
 .ARM.attributes
                0x0000000000000c3c       0x1e /Applications/lpcxpresso_6.0.2_151/lpcxpresso/tools/bin/../lib/gcc/arm-none-eabi/4.6.2/armv6-m/crtn.o
 .ARM.attributes
                0x0000000000000c5a       0x2c /Applications/lpcxpresso_6.0.2_151/lpcxpresso/tools/bin/../lib/gcc/arm-none-eabi/4.6.2/armv6-m/crtbegin.o
 .ARM.attributes
                0x0000000000000c86       0x2c /Applications/lpcxpresso_6.0.2_151/lpcxpresso/tools/bin/../lib/gcc/arm-none-eabi/4.6.2/armv6-m/crtend.o
 .ARM.attributes
                0x0000000000000cb2       0x2c /Applications/lpcxpresso_6.0.2_151/lpcxpresso/tools/bin/../lib/gcc/arm-none-eabi/4.6.2/../../../../arm-none-eabi/lib/armv6-m/libc.a(lib_a-errno.o)
 .ARM.attributes
                0x0000000000000cde       0x2c /Applications/lpcxpresso_6.0.2_151/lpcxpresso/tools/bin/../lib/gcc/arm-none-eabi/4.6.2/../../../../arm-none-eabi/lib/armv6-m/libc.a(lib_a-strcmp.o)

.debug_frame    0x0000000000000000     0x1b28
 .debug_frame   0x0000000000000000       0x28 ./src_base/Main.o
 .debug_frame   0x0000000000000028       0x98 ./src_base/cr_cpp_config.o
 .debug_frame   0x00000000000000c0       0xd4 ./src_base/cr_startup_lpc11.o
 .debug_frame   0x0000000000000194       0x78 ./src/Calculator.o
 .debug_frame   0x000000000000020c       0x44 /Users/take/proj/LBED/lbed/CMSISv2p00_LPC11xx/Debug/libCMSISv2p00_LPC11xx.a(system_LPC11xx.o)
 .debug_frame   0x0000000000000250      0x1e4 /Users/take/proj/LBED/lbed/LBED_lbeDuino_USERLIB/Debug/libLBED_lbeDuino_USERLIB.a(Keypad.o)
 .debug_frame   0x0000000000000434      0x138 /Users/take/proj/LBED/lbed/LBED_lbeDuino_USERLIB/Debug/libLBED_lbeDuino_USERLIB.a(AQCM0802.o)
 .debug_frame   0x000000000000056c       0x78 /Users/take/proj/LBED/lbed/LBED_lbeDuino_USERLIB/Debug/libLBED_lbeDuino_USERLIB.a(Tone.o)
 .debug_frame   0x00000000000005e4       0x40 /Users/take/proj/LBED/lbed/LBED_lbeDuino_USERLIB/Debug/libLBED_lbeDuino_USERLIB.a(Key.o)