******************************************************************************
                  TMS470 Linker PC v4.9.5                      
******************************************************************************
>> Linked Mon Nov 04 14:51:48 2013

OUTPUT FILE NAME:   <CCS_LBED_MAIN.out>
ENTRY POINT SYMBOL: "_c_int00"  address: 000008b1


MEMORY CONFIGURATION

         name            origin    length      used     unused   attr    fill
----------------------  --------  ---------  --------  --------  ----  --------
  FLASH                 00000000   00040000  00000a64  0003f59c  R  X
  SRAM                  20000000   00008000  0000011c  00007ee4  RW X


SEGMENT ALLOCATION MAP

run origin  load origin   length   init length attrs members
----------  ----------- ---------- ----------- ----- -------
00000000    00000000    00000a68   00000a68    r-x
  00000000    00000000    0000026c   0000026c    r-- .intvecs
  0000026c    0000026c    000007c0   000007c0    r-x .text
  00000a30    00000a30    00000038   00000038    r-- .cinit
20000000    20000000    00000100   00000000    rw-
  20000000    20000000    00000100   00000000    rw- .stack
20000100    20000100    0000001c   00000018    rw-
  20000100    20000100    00000018   00000018    rw- .data
  20000118    20000118    00000004   00000000    rw- .bss


SECTION ALLOCATION MAP

 output                                  attributes/
section   page    origin      length       input sections
--------  ----  ----------  ----------   ----------------
.intvecs   0    00000000    0000026c     
                  00000000    0000026c     startup_ccs.obj (.intvecs)

.text      0    0000026c    000007c0     
                  0000026c    000002c0     CCS_LBED.lib : DigitalIn.obj (.text)
                  0000052c    000000f4                  : wait_api.obj (.text)
                  00000620    0000009c     rtsv7M4_T_le_v4SPD16_eabi.lib : memcpy_t2.obj (.text)
                  000006bc    00000094                                   : auto_init.obj (.text)
                  00000750    00000060     system_LM4F.obj (.text)
                  000007b0    0000005e     rtsv7M4_T_le_v4SPD16_eabi.lib : copy_decompress_rle.obj (.text)
                  0000080e    00000056     CCS_LBED.lib : DigitalOut.obj (.text)
                  00000864    0000004c     rtsv7M4_T_le_v4SPD16_eabi.lib : cpy_tbl.obj (.text)
                  000008b0    00000048                                   : boot.obj (.text)
                  000008f8    00000044                                   : exit.obj (.text)
                  0000093c    0000003c     TestLED.obj (.text:_ZN10DigitalOut5writeEi)
                  00000978    00000034     TestLED.obj (.text)
                  000009ac    00000018     rtsv7M4_T_le_v4SPD16_eabi.lib : _lock.obj (.text)
                  000009c4    00000018                                   : args_main.obj (.text)
                  000009dc    00000012     TestLED.obj (.text:_ZN10DigitalOutaSEi)
                  000009ee    00000012     rtsv7M4_T_le_v4SPD16_eabi.lib : copy_zero_init.obj (.text:decompress:ZI)
                  00000a00    0000000e                                   : copy_decompress_none.obj (.text:decompress:none)
                  00000a0e    0000000c     TestLED.obj (.text:_ZN9DigitalIncviEv)
                  00000a1a    0000000c     startup_ccs.obj (.text)
                  00000a26    00000006     rtsv7M4_T_le_v4SPD16_eabi.lib : copy_decompress_rle.obj (.text:decompress:rle24)

.cinit     0    00000a30    00000038     
                  00000a30    00000012     (.cinit..data.load) [load image, compression = rle]
                  00000a42    00000002     --HOLE-- [fill = 0]
                  00000a44    0000000c     (__TI_handler_table)
                  00000a50    00000008     (.cinit..bss.load) [load image, compression = zero_init]
                  00000a58    00000010     (__TI_cinit_table)

.stack     0    20000000    00000100     UNINITIALIZED
                  20000000    00000100     --HOLE--

.data      0    20000100    00000018     
                  20000100    00000008     rtsv7M4_T_le_v4SPD16_eabi.lib : _lock.obj (.data)
                  20000108    00000008                                   : exit.obj (.data)
                  20000110    00000004                                   : stkdepth_vars.obj (.data)
                  20000114    00000004     system_LM4F.obj (.data)

.bss       0    20000118    00000004     UNINITIALIZED
                  20000118    00000004     CCS_LBED.lib : wait_api.obj (.bss)


LINKER GENERATED COPY TABLES

__TI_cinit_table @ 00000a58 records: 2, size/record: 8, table size: 16
	.data: load addr=00000a30, load size=00000012 bytes, run addr=20000100, run size=00000018 bytes, compression=rle
	.bss: load addr=00000a50, load size=00000008 bytes, run addr=20000118, run size=00000004 bytes, compression=zero_init


LINKER GENERATED HANDLER TABLE

__TI_handler_table @ 00000a44 records: 3, size/record: 4, table size: 12
	index: 0, handler: __TI_decompress_rle24
	index: 1, handler: __TI_decompress_none
	index: 2, handler: __TI_zero_init


GLOBAL SYMBOLS: SORTED ALPHABETICALLY BY Name 

address    name
--------   ----
000008f9   C$$EXIT
00000a1b   ResetISR
UNDEFED    SHT$$INIT_ARRAY$$Base
UNDEFED    SHT$$INIT_ARRAY$$Limit
000005a1   SysTick_Handler
20000114   SystemCoreClock
00000751   SystemCoreClockUpdate
00000761   SystemInit
00000839   _ZN10DigitalOut5setupEiPKc
0000093d   _ZN10DigitalOut5writeEi
0000081d   _ZN10DigitalOutC1EiPKc
0000080f   _ZN10DigitalOutC1Ev
0000081d   _ZN10DigitalOutC2EiPKc
0000080f   _ZN10DigitalOutC2Ev
000009dd   _ZN10DigitalOutaSEi
00000445   _ZN9DigitalIn4modeEi
0000041f   _ZN9DigitalIn4readEv
000002b7   _ZN9DigitalIn5setupEiPKc
0000028d   _ZN9DigitalInC1EiPKc
0000026d   _ZN9DigitalInC1Ev
0000028d   _ZN9DigitalInC2EiPKc
0000026d   _ZN9DigitalInC2Ev
00000a0f   _ZN9DigitalIncviEv
20000100   __STACK_END
00000100   __STACK_SIZE
20000100   __STACK_TOP
00000a58   __TI_CINIT_Base
00000a68   __TI_CINIT_Limit
00000a44   __TI_Handler_Table_Base
00000a50   __TI_Handler_Table_Limit
00000001   __TI_args_main
000006bd   __TI_auto_init
00000a01   __TI_decompress_none
00000a27   __TI_decompress_rle24
00000000   __TI_static_base__
000009ef   __TI_zero_init
00000621   __aeabi_memcpy
00000621   __aeabi_memcpy4
00000621   __aeabi_memcpy8
ffffffff   __binit__
ffffffff   __c_args__
20000000   __stack
000009c5   _args_main
000008b1   _c_int00
20000108   _cleanup_ptr
2000010c   _dtors_ptr
20000100   _lock
000009b9   _nop
000009b3   _register_lock
000009ad   _register_unlock
20000104   _unlock
000008fd   abort
ffffffff   binit
00000865   copy_in
00000905   exit
00000000   g_pfnVectors
0000077f   lbed_setup
00000979   main
20000110   main_func_sp
00000621   memcpy
20000118   msTicks
000005ab   wait_init
000005c3   wait_ms
000005e1   wait_us


GLOBAL SYMBOLS: SORTED BY Symbol Address 

address    name
--------   ----
00000000   __TI_static_base__
00000000   g_pfnVectors
00000001   __TI_args_main
00000100   __STACK_SIZE
0000026d   _ZN9DigitalInC1Ev
0000026d   _ZN9DigitalInC2Ev
0000028d   _ZN9DigitalInC1EiPKc
0000028d   _ZN9DigitalInC2EiPKc
000002b7   _ZN9DigitalIn5setupEiPKc
0000041f   _ZN9DigitalIn4readEv
00000445   _ZN9DigitalIn4modeEi
000005a1   SysTick_Handler
000005ab   wait_init
000005c3   wait_ms
000005e1   wait_us
00000621   __aeabi_memcpy
00000621   __aeabi_memcpy4
00000621   __aeabi_memcpy8
00000621   memcpy
000006bd   __TI_auto_init
00000751   SystemCoreClockUpdate
00000761   SystemInit
0000077f   lbed_setup
0000080f   _ZN10DigitalOutC1Ev
0000080f   _ZN10DigitalOutC2Ev
0000081d   _ZN10DigitalOutC1EiPKc
0000081d   _ZN10DigitalOutC2EiPKc
00000839   _ZN10DigitalOut5setupEiPKc
00000865   copy_in
000008b1   _c_int00
000008f9   C$$EXIT
000008fd   abort
00000905   exit
0000093d   _ZN10DigitalOut5writeEi
00000979   main
000009ad   _register_unlock
000009b3   _register_lock
000009b9   _nop
000009c5   _args_main
000009dd   _ZN10DigitalOutaSEi
000009ef   __TI_zero_init
00000a01   __TI_decompress_none
00000a0f   _ZN9DigitalIncviEv
00000a1b   ResetISR
00000a27   __TI_decompress_rle24
00000a44   __TI_Handler_Table_Base
00000a50   __TI_Handler_Table_Limit
00000a58   __TI_CINIT_Base
00000a68   __TI_CINIT_Limit
20000000   __stack
20000100   __STACK_END
20000100   __STACK_TOP
20000100   _lock
20000104   _unlock
20000108   _cleanup_ptr
2000010c   _dtors_ptr
20000110   main_func_sp
20000114   SystemCoreClock
20000118   msTicks
ffffffff   __binit__
ffffffff   __c_args__
ffffffff   binit
UNDEFED    SHT$$INIT_ARRAY$$Base
UNDEFED    SHT$$INIT_ARRAY$$Limit

[64 symbols]
