Archive member included because of file (symbol)

/Users/take/proj/LBED/lbed/CMSISv2p00_LPC11xx/Debug/libCMSISv2p00_LPC11xx.a(system_LPC11xx.o)
                              ./src/cr_startup_lpc11.o (SystemInit)
/Users/take/proj/LBED/lbed/LBED_USERLIB/Debug/libLBED_USERLIB.a(Tone.o)
                              ./src/TestTone.o (_ZN4Tone6noToneEv)
/Users/take/proj/LBED/lbed/LBED_LPC11xx/Debug/libLBED_LPC11xx.a(DigitalOut.o)
                              ./src/TestTone.o (_ZN10DigitalOutC1EiPKc)
/Users/take/proj/LBED/lbed/LBED_LPC11xx/Debug/libLBED_LPC11xx.a(Print.o)
                              ./src/TestTone.o (_ZN5Print7printlnEPKc)
/Users/take/proj/LBED/lbed/LBED_LPC11xx/Debug/libLBED_LPC11xx.a(PwmOut.o)
                              /Users/take/proj/LBED/lbed/LBED_USERLIB/Debug/libLBED_USERLIB.a(Tone.o) (_ZN6PwmOut6periodEf)
/Users/take/proj/LBED/lbed/LBED_LPC11xx/Debug/libLBED_LPC11xx.a(Serial.o)
                              ./src/TestTone.o (_ZN6Serial4baudEj)
/Users/take/proj/LBED/lbed/LBED_LPC11xx/Debug/libLBED_LPC11xx.a(pure_virtual.o)
                              /Users/take/proj/LBED/lbed/LBED_LPC11xx/Debug/libLBED_LPC11xx.a(Print.o) (__cxa_pure_virtual)
/Users/take/proj/LBED/lbed/LBED_LPC11xx/Debug/libLBED_LPC11xx.a(wait_api.o)
                              ./src/TestTone.o (wait_init)
/Users/take/proj/LBED/lbed/LBED_LPC11xx/Debug/libLBED_LPC11xx.a(_timer16.o)
                              /Users/take/proj/LBED/lbed/LBED_LPC11xx/Debug/libLBED_LPC11xx.a(PwmOut.o) (enable_timer16)
/Users/take/proj/LBED/lbed/LBED_LPC11xx/Debug/libLBED_LPC11xx.a(_timer32.o)
                              /Users/take/proj/LBED/lbed/LBED_LPC11xx/Debug/libLBED_LPC11xx.a(PwmOut.o) (enable_timer32)
/Applications/lpcxpresso_4.2.4_267/lpcxpresso/Tools/bin/../lib/gcc/arm-none-eabi/4.6.2/armv6-m/libgcc.a(_thumb1_case_uqi.o)
                              /Users/take/proj/LBED/lbed/LBED_LPC11xx/Debug/libLBED_LPC11xx.a(_timer16.o) (__gnu_thumb1_case_uqi)
/Applications/lpcxpresso_4.2.4_267/lpcxpresso/Tools/bin/../lib/gcc/arm-none-eabi/4.6.2/armv6-m/libgcc.a(_udivsi3.o)
                              /Users/take/proj/LBED/lbed/CMSISv2p00_LPC11xx/Debug/libCMSISv2p00_LPC11xx.a(system_LPC11xx.o) (__aeabi_uidiv)
/Applications/lpcxpresso_4.2.4_267/lpcxpresso/Tools/bin/../lib/gcc/arm-none-eabi/4.6.2/armv6-m/libgcc.a(_dvmd_tls.o)
                              /Applications/lpcxpresso_4.2.4_267/lpcxpresso/Tools/bin/../lib/gcc/arm-none-eabi/4.6.2/armv6-m/libgcc.a(_udivsi3.o) (__aeabi_idiv0)
/Applications/lpcxpresso_4.2.4_267/lpcxpresso/Tools/bin/../lib/gcc/arm-none-eabi/4.6.2/armv6-m/libgcc.a(_arm_cmpdf2.o)
                              /Users/take/proj/LBED/lbed/LBED_LPC11xx/Debug/libLBED_LPC11xx.a(Print.o) (__aeabi_dcmplt)
/Applications/lpcxpresso_4.2.4_267/lpcxpresso/Tools/bin/../lib/gcc/arm-none-eabi/4.6.2/armv6-m/libgcc.a(_fixunssfsi.o)
                              /Users/take/proj/LBED/lbed/LBED_LPC11xx/Debug/libLBED_LPC11xx.a(PwmOut.o) (__aeabi_f2uiz)
/Applications/lpcxpresso_4.2.4_267/lpcxpresso/Tools/bin/../lib/gcc/arm-none-eabi/4.6.2/armv6-m/libgcc.a(_fixunsdfsi.o)
                              /Users/take/proj/LBED/lbed/LBED_LPC11xx/Debug/libLBED_LPC11xx.a(Print.o) (__aeabi_d2uiz)
/Applications/lpcxpresso_4.2.4_267/lpcxpresso/Tools/bin/../lib/gcc/arm-none-eabi/4.6.2/armv6-m/libgcc.a(divsf3.o)
                              /Users/take/proj/LBED/lbed/LBED_LPC11xx/Debug/libLBED_LPC11xx.a(PwmOut.o) (__aeabi_fdiv)
/Applications/lpcxpresso_4.2.4_267/lpcxpresso/Tools/bin/../lib/gcc/arm-none-eabi/4.6.2/armv6-m/libgcc.a(mulsf3.o)
                              /Users/take/proj/LBED/lbed/LBED_USERLIB/Debug/libLBED_USERLIB.a(Tone.o) (__aeabi_fmul)
/Applications/lpcxpresso_4.2.4_267/lpcxpresso/Tools/bin/../lib/gcc/arm-none-eabi/4.6.2/armv6-m/libgcc.a(subsf3.o)
                              /Users/take/proj/LBED/lbed/LBED_LPC11xx/Debug/libLBED_LPC11xx.a(PwmOut.o) (__aeabi_fsub)
/Applications/lpcxpresso_4.2.4_267/lpcxpresso/Tools/bin/../lib/gcc/arm-none-eabi/4.6.2/armv6-m/libgcc.a(fixsfsi.o)
                              /Applications/lpcxpresso_4.2.4_267/lpcxpresso/Tools/bin/../lib/gcc/arm-none-eabi/4.6.2/armv6-m/libgcc.a(_fixunssfsi.o) (__aeabi_f2iz)
/Applications/lpcxpresso_4.2.4_267/lpcxpresso/Tools/bin/../lib/gcc/arm-none-eabi/4.6.2/armv6-m/libgcc.a(floatunsisf.o)
                              /Users/take/proj/LBED/lbed/LBED_LPC11xx/Debug/libLBED_LPC11xx.a(PwmOut.o) (__aeabi_ui2f)
/Applications/lpcxpresso_4.2.4_267/lpcxpresso/Tools/bin/../lib/gcc/arm-none-eabi/4.6.2/armv6-m/libgcc.a(adddf3.o)
                              /Users/take/proj/LBED/lbed/LBED_LPC11xx/Debug/libLBED_LPC11xx.a(Print.o) (__aeabi_dadd)
/Applications/lpcxpresso_4.2.4_267/lpcxpresso/Tools/bin/../lib/gcc/arm-none-eabi/4.6.2/armv6-m/libgcc.a(divdf3.o)
                              /Users/take/proj/LBED/lbed/LBED_USERLIB/Debug/libLBED_USERLIB.a(Tone.o) (__aeabi_ddiv)
[...]
Memory Configuration

Name             Origin             Length             Attributes
MFlash32         0x0000000000000000 0x0000000000008000 xr
RamLoc4          0x0000000010000000 0x0000000000001000 xrw
*default*        0x0000000000000000 0xffffffffffffffff

Linker script and memory map

LOAD ./src/TestTone.o
LOAD ./src/cr_cpp_config.o
LOAD ./src/cr_startup_lpc11.o
LOAD /Users/take/proj/LBED/lbed/CMSISv2p00_LPC11xx/Debug/libCMSISv2p00_LPC11xx.a
LOAD /Users/take/proj/LBED/lbed/LBED_USERLIB/Debug/libLBED_USERLIB.a
LOAD /Users/take/proj/LBED/lbed/LBED_LPC11xx/Debug/libLBED_LPC11xx.a
START GROUP
LOAD /Applications/lpcxpresso_4.2.4_267/lpcxpresso/Tools/bin/../lib/gcc/arm-none-eabi/4.6.2/armv6-m/libgcc.a
LOAD /Applications/lpcxpresso_4.2.4_267/lpcxpresso/Tools/bin/../lib/gcc/arm-none-eabi/4.6.2/../../../../arm-none-eabi/lib/armv6-m/libc.a
LOAD /Applications/lpcxpresso_4.2.4_267/lpcxpresso/Tools/bin/../lib/gcc/arm-none-eabi/4.6.2/../../../../arm-none-eabi/lib/armv6-m/libstdc++.a
LOAD /Applications/lpcxpresso_4.2.4_267/lpcxpresso/Tools/bin/../lib/gcc/arm-none-eabi/4.6.2/../../../../arm-none-eabi/lib/armv6-m/libm.a
LOAD /Applications/lpcxpresso_4.2.4_267/lpcxpresso/Tools/bin/../lib/gcc/arm-none-eabi/4.6.2/../../../../arm-none-eabi/lib/armv6-m/libcr_newlib_nohost.a
LOAD /Applications/lpcxpresso_4.2.4_267/lpcxpresso/Tools/bin/../lib/gcc/arm-none-eabi/4.6.2/armv6-m/crti.o
LOAD /Applications/lpcxpresso_4.2.4_267/lpcxpresso/Tools/bin/../lib/gcc/arm-none-eabi/4.6.2/armv6-m/crtn.o
LOAD /Applications/lpcxpresso_4.2.4_267/lpcxpresso/Tools/bin/../lib/gcc/arm-none-eabi/4.6.2/armv6-m/crtbegin.o
LOAD /Applications/lpcxpresso_4.2.4_267/lpcxpresso/Tools/bin/../lib/gcc/arm-none-eabi/4.6.2/armv6-m/crtend.o
END GROUP
                0x0000000000008000                __top_MFlash32 = 0x8000
                0x0000000010001000                __top_RamLoc4 = 0x10001000

.text           0x0000000000000000     0x6650
 FILL mask 0xff
 *(.isr_vector)
 .isr_vector    0x0000000000000000       0xc0 ./src/cr_startup_lpc11.o
                0x0000000000000000                g_pfnVectors
                0x00000000000000c0                . = ALIGN (0x4)
                0x00000000000000c0                __section_table_start = .
                0x00000000000000c0                __data_section_table = .
                0x00000000000000c0        0x4 LONG 0x6a08 LOADADDR (.data)
                0x00000000000000c4        0x4 LONG 0x10000000 ADDR (.data)
                0x00000000000000c8        0x4 LONG 0x860 SIZEOF (.data)
                0x00000000000000cc                __data_section_table_end = .
                0x00000000000000cc                __bss_section_table = .
                0x00000000000000cc        0x4 LONG 0x10000860 ADDR (.bss)
                0x00000000000000d0        0x4 LONG 0x98 SIZEOF (.bss)
                0x00000000000000d4                __bss_section_table_end = .
                0x00000000000000d4                __section_table_end = .
 *(.after_vectors*)
 .after_vectors
                0x00000000000000d4      0x158 ./src/cr_startup_lpc11.o
                0x00000000000000d4                _Z9data_initjjj
                0x0000000000000120                _Z8bss_initjj
                0x000000000000015c                ResetISR
                0x00000000000001fc                NMI_Handler
                0x0000000000000204                HardFault_Handler
                0x000000000000020c                SVC_Handler
                0x0000000000000214                PendSV_Handler
                0x000000000000021c                SysTick_Handler
                0x0000000000000224                PIOINT2_IRQHandler
                0x0000000000000224                BOD_IRQHandler
                0x0000000000000224                WAKEUP_IRQHandler
                0x0000000000000224                PIOINT0_IRQHandler
                0x0000000000000224                I2C_IRQHandler
                0x0000000000000224                WDT_IRQHandler
                0x0000000000000224                PIOINT3_IRQHandler
                0x0000000000000224                UART_IRQHandler
                0x0000000000000224                IntDefaultHandler
                0x0000000000000224                PIOINT1_IRQHandler
                0x0000000000000224                CAN_IRQHandler
                0x0000000000000224                SSP0_IRQHandler
                0x0000000000000224                ADC_IRQHandler
                0x0000000000000224                SSP1_IRQHandler
 *(.text*)
 .text._ZN10DigitalOut5writeEi
                0x000000000000022c       0x58 ./src/TestTone.o
                0x000000000000022c                _ZN10DigitalOut5writeEi
 .text._ZN10DigitalOut4readEv
                0x0000000000000284       0x34 ./src/TestTone.o
                0x0000000000000284                _ZN10DigitalOut4readEv
 .text._ZN10DigitalOutaSEi
                0x00000000000002b8       0x20 ./src/TestTone.o
                0x00000000000002b8                _ZN10DigitalOutaSEi
 .text._ZN10DigitalOutcviEv
                0x00000000000002d8       0x1c ./src/TestTone.o
                0x00000000000002d8                _ZN10DigitalOutcviEv
 .text.main     0x00000000000002f4       0xd4 ./src/TestTone.o
                0x00000000000002f4                main
 .text._Z41__static_initialization_and_destruction_0ii
                0x00000000000003c8       0x38 ./src/TestTone.o
 .text._GLOBAL__sub_I_CRP_WORD
                0x0000000000000400       0x18 ./src/TestTone.o
 .text._ZdlPv   0x0000000000000418       0x18 ./src/cr_cpp_config.o
                0x0000000000000418                _ZdlPv
 .text.SystemInit
                0x0000000000000430       0x90 /Users/take/proj/LBED/lbed/CMSISv2p00_LPC11xx/Debug/libCMSISv2p00_LPC11xx.a(system_LPC11xx.o)
                0x0000000000000430                SystemInit
 .text._ZN6PwmOut5writeEf
                0x00000000000004c0       0x3c /Users/take/proj/LBED/lbed/LBED_USERLIB/Debug/libLBED_USERLIB.a(Tone.o)
                0x00000000000004c0                _ZN6PwmOut5writeEf
 .text._ZN4ToneC2Ei
                0x00000000000004fc       0x20 /Users/take/proj/LBED/lbed/LBED_USERLIB/Debug/libLBED_USERLIB.a(Tone.o)
                0x00000000000004fc                _ZN4ToneC2Ei
                0x00000000000004fc                _ZN4ToneC1Ei
 *fill*         0x000000000000051c        0x4 00
 .text._ZN4Tone4toneEj
                0x0000000000000520       0x68 /Users/take/proj/LBED/lbed/LBED_USERLIB/Debug/libLBED_USERLIB.a(Tone.o)
                0x0000000000000520                _ZN4Tone4toneEj
 .text._ZN4Tone4toneEjm
                0x0000000000000588       0x38 /Users/take/proj/LBED/lbed/LBED_USERLIB/Debug/libLBED_USERLIB.a(Tone.o)
                0x0000000000000588                _ZN4Tone4toneEjm
 .text._ZN4Tone6noToneEv
                0x00000000000005c0       0x18 /Users/take/proj/LBED/lbed/LBED_USERLIB/Debug/libLBED_USERLIB.a(Tone.o)
                0x00000000000005c0                _ZN4Tone6noToneEv
 .text          0x00000000000005d8      0x38c /Users/take/proj/LBED/lbed/LBED_LPC11xx/Debug/libLBED_LPC11xx.a(DigitalOut.o)
                0x00000000000005d8                _ZN10DigitalOutC1Ev
                0x00000000000005d8                _ZN10DigitalOutC2Ev
                0x0000000000000600                _ZN10DigitalOutC2EiPKc
                0x0000000000000600                _ZN10DigitalOutC1EiPKc
                0x000000000000063c                _ZN10DigitalOut5setupEiPKc
 *fill*         0x0000000000000964        0x4 00
 .text          0x0000000000000968      0x4f8 /Users/take/proj/LBED/lbed/LBED_LPC11xx/Debug/libLBED_LPC11xx.a(Print.o)
                0x0000000000000968                _ZN5Print5writeEPKci
                0x00000000000009b8                _ZN5Print5printEPKc
                0x00000000000009d8                _ZN5Print5printEc
                0x0000000000000a04                _ZN5Print5printEdi
                0x0000000000000a30                _ZN5Print7printlnEv
                0x0000000000000a64                _ZN5Print7printlnEPKc
                0x0000000000000a98                _ZN5Print7printlnEc
                0x0000000000000ad4                _ZN5Print5printEmi
                0x0000000000000b18                _ZN5Print5printEii
                0x0000000000000b40                _ZN5Print5printEli
                0x0000000000000bcc                _ZN5Print11printNumberEmi
                0x0000000000000c68                _ZN5Print10printFloatEdi
 .text._ZN5Print5writeEPKc
                0x0000000000000e60       0x3c /Users/take/proj/LBED/lbed/LBED_LPC11xx/Debug/libLBED_LPC11xx.a(Print.o)
                0x0000000000000e60                _ZN5Print5writeEPKc
 .text          0x0000000000000e9c      0x2f8 /Users/take/proj/LBED/lbed/LBED_LPC11xx/Debug/libLBED_LPC11xx.a(PwmOut.o)
                0x0000000000000e9c                _ZN6PwmOutC1Ei
                0x0000000000000e9c                _ZN6PwmOutC2Ei
                0x0000000000000f00                _ZN6PwmOut5setupEf
                0x0000000000001084                _ZN6PwmOut6periodEf
                0x00000000000010a0                _ZN6PwmOut10pulsewidthEf
                0x0000000000001150                _ZN6PwmOut7disableEv
 .text          0x0000000000001194      0x228 /Users/take/proj/LBED/lbed/LBED_LPC11xx/Debug/libLBED_LPC11xx.a(Serial.o)
                0x0000000000001194                _ZN6SerialC1Ev
                0x0000000000001194                _ZN6SerialC2Ev
                0x00000000000011e0                _ZN6SerialC1EiiPKc
                0x00000000000011e0                _ZN6SerialC2EiiPKc
                0x0000000000001228                _ZN6Serial5setupEiiPKc
                0x0000000000001274                _ZN6Serial4baudEj
                0x000000000000130c                _ZN6Serial5beginEj
                0x0000000000001328                _ZN6Serial5writeEc
                0x0000000000001368                _ZN6Serial4readEv
                0x000000000000139c                _ZN6Serial9availableEv
 .text._ZN6Serial4peekEv
                0x00000000000013bc       0x14 /Users/take/proj/LBED/lbed/LBED_LPC11xx/Debug/libLBED_LPC11xx.a(Serial.o)
                0x00000000000013bc                _ZN6Serial4peekEv
 .text._ZN6Serial5flushEv
                0x00000000000013d0       0x10 /Users/take/proj/LBED/lbed/LBED_LPC11xx/Debug/libLBED_LPC11xx.a(Serial.o)
                0x00000000000013d0                _ZN6Serial5flushEv
 .text._ZN5PrintC2Ev
                0x00000000000013e0       0x1c /Users/take/proj/LBED/lbed/LBED_LPC11xx/Debug/libLBED_LPC11xx.a(Serial.o)
                0x00000000000013e0                _ZN5PrintC1Ev
                0x00000000000013e0                _ZN5PrintC2Ev
 .text._ZN6StreamC2Ev
                0x00000000000013fc       0x24 /Users/take/proj/LBED/lbed/LBED_LPC11xx/Debug/libLBED_LPC11xx.a(Serial.o)
                0x00000000000013fc                _ZN6StreamC2Ev
                0x00000000000013fc                _ZN6StreamC1Ev
 .text          0x0000000000001420        0x8 /Users/take/proj/LBED/lbed/LBED_LPC11xx/Debug/libLBED_LPC11xx.a(pure_virtual.o)
                0x0000000000001420                __cxa_pure_virtual
 .text.wait_init
                0x0000000000001428       0x24 /Users/take/proj/LBED/lbed/LBED_LPC11xx/Debug/libLBED_LPC11xx.a(wait_api.o)
                0x0000000000001428                wait_init
 .text.wait_ms  0x000000000000144c       0x30 /Users/take/proj/LBED/lbed/LBED_LPC11xx/Debug/libLBED_LPC11xx.a(wait_api.o)
                0x000000000000144c                wait_ms
 .text.TIMER16_0_IRQHandler
                0x000000000000147c       0x38 /Users/take/proj/LBED/lbed/LBED_LPC11xx/Debug/libLBED_LPC11xx.a(_timer16.o)
                0x000000000000147c                TIMER16_0_IRQHandler
 .text.TIMER16_1_IRQHandler
                0x00000000000014b4       0x38 /Users/take/proj/LBED/lbed/LBED_LPC11xx/Debug/libLBED_LPC11xx.a(_timer16.o)
                0x00000000000014b4                TIMER16_1_IRQHandler
 .text.enable_timer16
                0x00000000000014ec       0x1c /Users/take/proj/LBED/lbed/LBED_LPC11xx/Debug/libLBED_LPC11xx.a(_timer16.o)
                0x00000000000014ec                enable_timer16
 .text.disable_timer16
                0x0000000000001508       0x1c /Users/take/proj/LBED/lbed/LBED_LPC11xx/Debug/libLBED_LPC11xx.a(_timer16.o)
                0x0000000000001508                disable_timer16
 .text.init_timer16PWM
                0x0000000000001524      0x154 /Users/take/proj/LBED/lbed/LBED_LPC11xx/Debug/libLBED_LPC11xx.a(_timer16.o)
                0x0000000000001524                init_timer16PWM
 .text.setMatch_timer16PWM
                0x0000000000001678       0x38 /Users/take/proj/LBED/lbed/LBED_LPC11xx/Debug/libLBED_LPC11xx.a(_timer16.o)
                0x0000000000001678                setMatch_timer16PWM
 .text.TIMER32_0_IRQHandler
                0x00000000000016b0       0x38 /Users/take/proj/LBED/lbed/LBED_LPC11xx/Debug/libLBED_LPC11xx.a(_timer32.o)
                0x00000000000016b0                TIMER32_0_IRQHandler
 .text.TIMER32_1_IRQHandler
                0x00000000000016e8       0x38 /Users/take/proj/LBED/lbed/LBED_LPC11xx/Debug/libLBED_LPC11xx.a(_timer32.o)
                0x00000000000016e8                TIMER32_1_IRQHandler
 .text.enable_timer32
                0x0000000000001720       0x1c /Users/take/proj/LBED/lbed/LBED_LPC11xx/Debug/libLBED_LPC11xx.a(_timer32.o)
                0x0000000000001720                enable_timer32
 .text.disable_timer32
                0x000000000000173c       0x1c /Users/take/proj/LBED/lbed/LBED_LPC11xx/Debug/libLBED_LPC11xx.a(_timer32.o)
                0x000000000000173c                disable_timer32
 .text.init_timer32PWM
                0x0000000000001758      0x134 /Users/take/proj/LBED/lbed/LBED_LPC11xx/Debug/libLBED_LPC11xx.a(_timer32.o)
                0x0000000000001758                init_timer32PWM
 .text.setMatch_timer32PWM
                0x000000000000188c       0x38 /Users/take/proj/LBED/lbed/LBED_LPC11xx/Debug/libLBED_LPC11xx.a(_timer32.o)
                0x000000000000188c                setMatch_timer32PWM
 .text          0x00000000000018c4       0x14 /Applications/lpcxpresso_4.2.4_267/lpcxpresso/Tools/bin/../lib/gcc/arm-none-eabi/4.6.2/armv6-m/libgcc.a(_thumb1_case_uqi.o)
                0x00000000000018c4                __gnu_thumb1_case_uqi
 .text          0x00000000000018d8       0x9c /Applications/lpcxpresso_4.2.4_267/lpcxpresso/Tools/bin/../lib/gcc/arm-none-eabi/4.6.2/armv6-m/libgcc.a(_udivsi3.o)
                0x00000000000018d8                __udivsi3
                0x00000000000018d8                __aeabi_uidiv
                0x0000000000001960                __aeabi_uidivmod
 .text          0x0000000000001974        0x4 /Applications/lpcxpresso_4.2.4_267/lpcxpresso/Tools/bin/../lib/gcc/arm-none-eabi/4.6.2/armv6-m/libgcc.a(_dvmd_tls.o)
                0x0000000000001974                __aeabi_ldiv0
                0x0000000000001974                __aeabi_idiv0
 .text          0x0000000000001978       0x7c /Applications/lpcxpresso_4.2.4_267/lpcxpresso/Tools/bin/../lib/gcc/arm-none-eabi/4.6.2/armv6-m/libgcc.a(_arm_cmpdf2.o)
                0x0000000000001978                __aeabi_cdrcmple
                0x0000000000001988                __aeabi_cdcmple
                0x0000000000001988                __aeabi_cdcmpeq
                0x0000000000001998                __aeabi_dcmpeq
                0x00000000000019a4                __aeabi_dcmplt
                0x00000000000019b8                __aeabi_dcmple
                0x00000000000019cc                __aeabi_dcmpgt
                0x00000000000019e0                __aeabi_dcmpge
 .text          0x00000000000019f4       0x30 /Applications/lpcxpresso_4.2.4_267/lpcxpresso/Tools/bin/../lib/gcc/arm-none-eabi/4.6.2/armv6-m/libgcc.a(_fixunssfsi.o)
                0x00000000000019f4                __aeabi_f2uiz
                0x00000000000019f4                __fixunssfsi
 *fill*         0x0000000000001a24        0x4 00
 .text          0x0000000000001a28       0x40 /Applications/lpcxpresso_4.2.4_267/lpcxpresso/Tools/bin/../lib/gcc/arm-none-eabi/4.6.2/armv6-m/libgcc.a(_fixunsdfsi.o)
                0x0000000000001a28                __fixunsdfsi
                0x0000000000001a28                __aeabi_d2uiz
 .text          0x0000000000001a68      0x28c /Applications/lpcxpresso_4.2.4_267/lpcxpresso/Tools/bin/../lib/gcc/arm-none-eabi/4.6.2/armv6-m/libgcc.a(divsf3.o)
                0x0000000000001a68                __aeabi_fdiv
 .text          0x0000000000001cf4      0x228 /Applications/lpcxpresso_4.2.4_267/lpcxpresso/Tools/bin/../lib/gcc/arm-none-eabi/4.6.2/armv6-m/libgcc.a(mulsf3.o)
                0x0000000000001cf4                __aeabi_fmul
 .text          0x0000000000001f1c      0x394 /Applications/lpcxpresso_4.2.4_267/lpcxpresso/Tools/bin/../lib/gcc/arm-none-eabi/4.6.2/armv6-m/libgcc.a(subsf3.o)
                0x0000000000001f1c                __aeabi_fsub
 .text          0x00000000000022b0       0x40 /Applications/lpcxpresso_4.2.4_267/lpcxpresso/Tools/bin/../lib/gcc/arm-none-eabi/4.6.2/armv6-m/libgcc.a(fixsfsi.o)
                0x00000000000022b0                __aeabi_f2iz
 .text          0x00000000000022f0       0xa8 /Applications/lpcxpresso_4.2.4_267/lpcxpresso/Tools/bin/../lib/gcc/arm-none-eabi/4.6.2/armv6-m/libgcc.a(floatunsisf.o)
                0x00000000000022f0                __aeabi_ui2f
 .text          0x0000000000002398      0x6d4 /Applications/lpcxpresso_4.2.4_267/lpcxpresso/Tools/bin/../lib/gcc/arm-none-eabi/4.6.2/armv6-m/libgcc.a(adddf3.o)
                0x0000000000002398                __aeabi_dadd
 .text          0x0000000000002a6c      0x5e4 /Applications/lpcxpresso_4.2.4_267/lpcxpresso/Tools/bin/../lib/gcc/arm-none-eabi/4.6.2/armv6-m/libgcc.a(divdf3.o)
                0x0000000000002a6c                __aeabi_ddiv
 .text          0x0000000000003050       0x80 /Applications/lpcxpresso_4.2.4_267/lpcxpresso/Tools/bin/../lib/gcc/arm-none-eabi/4.6.2/armv6-m/libgcc.a(eqdf2.o)
                0x0000000000003050                __eqdf2
                0x0000000000003050                __nedf2
 .text          0x00000000000030d0       0xec /Applications/lpcxpresso_4.2.4_267/lpcxpresso/Tools/bin/../lib/gcc/arm-none-eabi/4.6.2/armv6-m/libgcc.a(gedf2.o)
                0x00000000000030d0                __gtdf2
                0x00000000000030d0                __gedf2
 .text          0x00000000000031bc       0xc0 /Applications/lpcxpresso_4.2.4_267/lpcxpresso/Tools/bin/../lib/gcc/arm-none-eabi/4.6.2/armv6-m/libgcc.a(ledf2.o)
                0x00000000000031bc                __ltdf2
                0x00000000000031bc                __ledf2
 .text          0x000000000000327c      0x4a4 /Applications/lpcxpresso_4.2.4_267/lpcxpresso/Tools/bin/../lib/gcc/arm-none-eabi/4.6.2/armv6-m/libgcc.a(muldf3.o)
                0x000000000000327c                __aeabi_dmul
 .text          0x0000000000003720      0x72c /Applications/lpcxpresso_4.2.4_267/lpcxpresso/Tools/bin/../lib/gcc/arm-none-eabi/4.6.2/armv6-m/libgcc.a(subdf3.o)
                0x0000000000003720                __aeabi_dsub
 .text          0x0000000000003e4c       0x68 /Applications/lpcxpresso_4.2.4_267/lpcxpresso/Tools/bin/../lib/gcc/arm-none-eabi/4.6.2/armv6-m/libgcc.a(fixdfsi.o)
                0x0000000000003e4c                __aeabi_d2iz
 .text          0x0000000000003eb4       0x78 /Applications/lpcxpresso_4.2.4_267/lpcxpresso/Tools/bin/../lib/gcc/arm-none-eabi/4.6.2/armv6-m/libgcc.a(floatsidf.o)
                0x0000000000003eb4                __aeabi_i2d
 .text          0x0000000000003f2c       0x68 /Applications/lpcxpresso_4.2.4_267/lpcxpresso/Tools/bin/../lib/gcc/arm-none-eabi/4.6.2/armv6-m/libgcc.a(floatunsidf.o)
                0x0000000000003f2c                __aeabi_ui2d
 .text          0x0000000000003f94      0x148 /Applications/lpcxpresso_4.2.4_267/lpcxpresso/Tools/bin/../lib/gcc/arm-none-eabi/4.6.2/armv6-m/libgcc.a(truncdfsf2.o)
                0x0000000000003f94                __aeabi_d2f
 .text          0x00000000000040dc      0xb5c /Applications/lpcxpresso_4.2.4_267/lpcxpresso/Tools/bin/../lib/gcc/arm-none-eabi/4.6.2/armv6-m/libgcc.a(unwind-arm.o)
                0x000000000000439c                _Unwind_VRS_Get
                0x00000000000043e0                _Unwind_VRS_Set
                0x0000000000004744                __aeabi_unwind_cpp_pr2
                0x0000000000004750                __aeabi_unwind_cpp_pr1
                0x000000000000475c                __aeabi_unwind_cpp_pr0
                0x0000000000004768                _Unwind_VRS_Pop
                0x0000000000004aec                _Unwind_GetCFA
                0x0000000000004af0                __gnu_Unwind_RaiseException
                0x0000000000004b48                __gnu_Unwind_ForcedUnwind
                0x0000000000004b5c                __gnu_Unwind_Resume
                0x0000000000004b9c                __gnu_Unwind_Resume_or_Rethrow
                0x0000000000004bb8                _Unwind_Complete
                0x0000000000004bbc                _Unwind_DeleteException
                0x0000000000004bcc                __gnu_Unwind_Backtrace
 .text          0x0000000000004c38      0x144 /Applications/lpcxpresso_4.2.4_267/lpcxpresso/Tools/bin/../lib/gcc/arm-none-eabi/4.6.2/armv6-m/libgcc.a(libunwind.o)
                0x0000000000004c38                __restore_core_regs
                0x0000000000004c38                restore_core_regs
                0x0000000000004c64                __gnu_Unwind_Restore_VFP
                0x0000000000004c68                __gnu_Unwind_Save_VFP
                0x0000000000004c6c                __gnu_Unwind_Restore_VFP_D
                0x0000000000004c70                __gnu_Unwind_Save_VFP_D
                0x0000000000004c74                __gnu_Unwind_Restore_VFP_D_16_to_31
                0x0000000000004c78                __gnu_Unwind_Save_VFP_D_16_to_31
                0x0000000000004c7c                __gnu_Unwind_Restore_WMMXD
                0x0000000000004c80                __gnu_Unwind_Save_WMMXD
                0x0000000000004c84                __gnu_Unwind_Restore_WMMXC
                0x0000000000004c88                __gnu_Unwind_Save_WMMXC
                0x0000000000004c8c                _Unwind_RaiseException
                0x0000000000004c8c                ___Unwind_RaiseException
                0x0000000000004cbc                ___Unwind_Resume
                0x0000000000004cbc                _Unwind_Resume
                0x0000000000004cec                ___Unwind_Resume_or_Rethrow
                0x0000000000004cec                _Unwind_Resume_or_Rethrow
                0x0000000000004d1c                _Unwind_ForcedUnwind
                0x0000000000004d1c                ___Unwind_ForcedUnwind
                0x0000000000004d4c                _Unwind_Backtrace
                0x0000000000004d4c                ___Unwind_Backtrace
 .text          0x0000000000004d7c      0x38c /Applications/lpcxpresso_4.2.4_267/lpcxpresso/Tools/bin/../lib/gcc/arm-none-eabi/4.6.2/armv6-m/libgcc.a(pr-support.o)
                0x0000000000004dd0                __gnu_unwind_execute
                0x00000000000050b0                __gnu_unwind_frame
                0x00000000000050d8                _Unwind_GetRegionStart
                0x00000000000050e4                _Unwind_GetLanguageSpecificData
                0x00000000000050f8                _Unwind_GetDataRelBase
                0x0000000000005100                _Unwind_GetTextRelBase
 .text          0x0000000000005108       0x74 /Applications/lpcxpresso_4.2.4_267/lpcxpresso/Tools/bin/../lib/gcc/arm-none-eabi/4.6.2/armv6-m/libgcc.a(_arm_cmpsf2.o)
                0x0000000000005108                __aeabi_cfrcmple
                0x0000000000005110                __aeabi_cfcmple
                0x0000000000005110                __aeabi_cfcmpeq
                0x0000000000005120                __aeabi_fcmpeq
                0x000000000000512c                __aeabi_fcmplt
                0x0000000000005140                __aeabi_fcmple
                0x0000000000005154                __aeabi_fcmpgt
                0x0000000000005168                __aeabi_fcmpge
 .text          0x000000000000517c       0x3c /Applications/lpcxpresso_4.2.4_267/lpcxpresso/Tools/bin/../lib/gcc/arm-none-eabi/4.6.2/armv6-m/libgcc.a(_clzsi2.o)
                0x000000000000517c                __clzsi2
 .text          0x00000000000051b8       0x54 /Applications/lpcxpresso_4.2.4_267/lpcxpresso/Tools/bin/../lib/gcc/arm-none-eabi/4.6.2/armv6-m/libgcc.a(eqsf2.o)
                0x00000000000051b8                __nesf2
                0x00000000000051b8                __eqsf2
 .text          0x000000000000520c       0xa0 /Applications/lpcxpresso_4.2.4_267/lpcxpresso/Tools/bin/../lib/gcc/arm-none-eabi/4.6.2/armv6-m/libgcc.a(gesf2.o)
                0x000000000000520c                __gtsf2
                0x000000000000520c                __gesf2
 .text          0x00000000000052ac       0x98 /Applications/lpcxpresso_4.2.4_267/lpcxpresso/Tools/bin/../lib/gcc/arm-none-eabi/4.6.2/armv6-m/libgcc.a(lesf2.o)
                0x00000000000052ac                __lesf2
                0x00000000000052ac                __ltsf2
 .text          0x0000000000005344       0x10 /Applications/lpcxpresso_4.2.4_267/lpcxpresso/Tools/bin/../lib/gcc/arm-none-eabi/4.6.2/../../../../arm-none-eabi/lib/armv6-m/libc.a(lib_a-abort.o)
                0x0000000000005344                abort
 .text          0x0000000000005354       0x44 /Applications/lpcxpresso_4.2.4_267/lpcxpresso/Tools/bin/../lib/gcc/arm-none-eabi/4.6.2/../../../../arm-none-eabi/lib/armv6-m/libc.a(lib_a-init.o)
                0x0000000000005354                __libc_init_array
 .text          0x0000000000005398       0x28 /Applications/lpcxpresso_4.2.4_267/lpcxpresso/Tools/bin/../lib/gcc/arm-none-eabi/4.6.2/../../../../arm-none-eabi/lib/armv6-m/libc.a(lib_a-malloc.o)
                0x0000000000005398                malloc
                0x00000000000053ac                free
 .text          0x00000000000053c0      0x514 /Applications/lpcxpresso_4.2.4_267/lpcxpresso/Tools/bin/../lib/gcc/arm-none-eabi/4.6.2/../../../../arm-none-eabi/lib/armv6-m/libc.a(lib_a-mallocr.o)
                0x00000000000053c0                _malloc_r
 .text          0x00000000000058d4       0x7c /Applications/lpcxpresso_4.2.4_267/lpcxpresso/Tools/bin/../lib/gcc/arm-none-eabi/4.6.2/../../../../arm-none-eabi/lib/armv6-m/libc.a(lib_a-memcpy.o)
                0x00000000000058d4                memcpy
 .text          0x0000000000005950        0x8 /Applications/lpcxpresso_4.2.4_267/lpcxpresso/Tools/bin/../lib/gcc/arm-none-eabi/4.6.2/../../../../arm-none-eabi/lib/armv6-m/libc.a(lib_a-mlock.o)
                0x0000000000005950                __malloc_lock
                0x0000000000005954                __malloc_unlock
 .text          0x0000000000005958       0x24 /Applications/lpcxpresso_4.2.4_267/lpcxpresso/Tools/bin/../lib/gcc/arm-none-eabi/4.6.2/../../../../arm-none-eabi/lib/armv6-m/libc.a(lib_a-sbrkr.o)
                0x0000000000005958                _sbrk_r
 .text          0x000000000000597c      0x16c /Applications/lpcxpresso_4.2.4_267/lpcxpresso/Tools/bin/../lib/gcc/arm-none-eabi/4.6.2/../../../../arm-none-eabi/lib/armv6-m/libc.a(lib_a-signal.o)
                0x000000000000597c                _init_signal_r
                0x00000000000059b8                _signal_r
                0x00000000000059f4                _raise_r
                0x0000000000005a4c                __sigtramp_r
                0x0000000000005a98                raise
                0x0000000000005aac                signal
                0x0000000000005ac4                _init_signal
                0x0000000000005ad4                __sigtramp
 .text          0x0000000000005ae8       0x30 /Applications/lpcxpresso_4.2.4_267/lpcxpresso/Tools/bin/../lib/gcc/arm-none-eabi/4.6.2/../../../../arm-none-eabi/lib/armv6-m/libc.a(lib_a-signalr.o)
                0x0000000000005ae8                _kill_r
                0x0000000000005b10                _getpid_r
 .text          0x0000000000005b18       0x10 /Applications/lpcxpresso_4.2.4_267/lpcxpresso/Tools/bin/../lib/gcc/arm-none-eabi/4.6.2/../../../../arm-none-eabi/lib/armv6-m/libc.a(lib_a-strlen.o)
                0x0000000000005b18                strlen
 .text          0x0000000000005b28      0x240 /Applications/lpcxpresso_4.2.4_267/lpcxpresso/Tools/bin/../lib/gcc/arm-none-eabi/4.6.2/../../../../arm-none-eabi/lib/armv6-m/libc.a(lib_a-freer.o)
                0x0000000000005b28                _malloc_trim_r
                0x0000000000005bd0                _free_r
 .text._ZNK10__cxxabiv117__class_type_info11__do_upcastEPKS0_PPv
                0x0000000000005d68       0x38 /Applications/lpcxpresso_4.2.4_267/lpcxpresso/Tools/bin/../lib/gcc/arm-none-eabi/4.6.2/../../../../arm-none-eabi/lib/armv6-m/libstdc++.a(class_type_info.o)
                0x0000000000005d68                _ZNK10__cxxabiv117__class_type_info11__do_upcastEPKS0_PPv
 .text._ZNK10__cxxabiv117__class_type_info20__do_find_public_srcEiPKvPKS0_S2_
                0x0000000000005da0       0x10 /Applications/lpcxpresso_4.2.4_267/lpcxpresso/Tools/bin/../lib/gcc/arm-none-eabi/4.6.2/../../../../arm-none-eabi/lib/armv6-m/libstdc++.a(class_type_info.o)
                0x0000000000005da0                _ZNK10__cxxabiv117__class_type_info20__do_find_public_srcEiPKvPKS0_S2_
 .text._ZNK10__cxxabiv117__class_type_info11__do_upcastEPKS0_PKvRNS0_15__upcast_resultE
                0x0000000000005db0       0x20 /Applications/lpcxpresso_4.2.4_267/lpcxpresso/Tools/bin/../lib/gcc/arm-none-eabi/4.6.2/../../../../arm-none-eabi/lib/armv6-m/libstdc++.a(class_type_info.o)
                0x0000000000005db0                _ZNK10__cxxabiv117__class_type_info11__do_upcastEPKS0_PKvRNS0_15__upcast_resultE
 .text._ZN10__cxxabiv117__class_type_infoD2Ev
                0x0000000000005dd0       0x18 /Applications/lpcxpresso_4.2.4_267/lpcxpresso/Tools/bin/../lib/gcc/arm-none-eabi/4.6.2/../../../../arm-none-eabi/lib/armv6-m/libstdc++.a(class_type_info.o)
                0x0000000000005dd0                _ZN10__cxxabiv117__class_type_infoD1Ev
                0x0000000000005dd0                _ZN10__cxxabiv117__class_type_infoD2Ev
 .text._ZN10__cxxabiv117__class_type_infoD0Ev
                0x0000000000005de8       0x1c /Applications/lpcxpresso_4.2.4_267/lpcxpresso/Tools/bin/../lib/gcc/arm-none-eabi/4.6.2/../../../../arm-none-eabi/lib/armv6-m/libstdc++.a(class_type_info.o)
                0x0000000000005de8                _ZN10__cxxabiv117__class_type_infoD0Ev
 .text._ZNK10__cxxabiv117__class_type_info12__do_dyncastEiNS0_10__sub_kindEPKS0_PKvS3_S5_RNS0_16__dyncast_resultE
                0x0000000000005e04       0x48 /Applications/lpcxpresso_4.2.4_267/lpcxpresso/Tools/bin/../lib/gcc/arm-none-eabi/4.6.2/../../../../arm-none-eabi/lib/armv6-m/libstdc++.a(class_type_info.o)
                0x0000000000005e04                _ZNK10__cxxabiv117__class_type_info12__do_dyncastEiNS0_10__sub_kindEPKS0_PKvS3_S5_RNS0_16__dyncast_resultE
 .text._ZNK10__cxxabiv117__class_type_info10__do_catchEPKSt9type_infoPPvj
                0x0000000000005e4c       0x2c /Applications/lpcxpresso_4.2.4_267/lpcxpresso/Tools/bin/../lib/gcc/arm-none-eabi/4.6.2/../../../../arm-none-eabi/lib/armv6-m/libstdc++.a(class_type_info.o)
                0x0000000000005e4c                _ZNK10__cxxabiv117__class_type_info10__do_catchEPKSt9type_infoPPvj
 .text._ZN10__cxxabiv120__si_class_type_infoD2Ev
                0x0000000000005e78       0x18 /Applications/lpcxpresso_4.2.4_267/lpcxpresso/Tools/bin/../lib/gcc/arm-none-eabi/4.6.2/../../../../arm-none-eabi/lib/armv6-m/libstdc++.a(si_class_type_info.o)
                0x0000000000005e78                _ZN10__cxxabiv120__si_class_type_infoD2Ev
                0x0000000000005e78                _ZN10__cxxabiv120__si_class_type_infoD1Ev
 .text._ZN10__cxxabiv120__si_class_type_infoD0Ev
                0x0000000000005e90       0x1c /Applications/lpcxpresso_4.2.4_267/lpcxpresso/Tools/bin/../lib/gcc/arm-none-eabi/4.6.2/../../../../arm-none-eabi/lib/armv6-m/libstdc++.a(si_class_type_info.o)
                0x0000000000005e90                _ZN10__cxxabiv120__si_class_type_infoD0Ev
 .text._ZNK10__cxxabiv120__si_class_type_info11__do_upcastEPKNS_17__class_type_infoEPKvRNS1_15__upcast_resultE
                0x0000000000005eac       0x28 /Applications/lpcxpresso_4.2.4_267/lpcxpresso/Tools/bin/../lib/gcc/arm-none-eabi/4.6.2/../../../../arm-none-eabi/lib/armv6-m/libstdc++.a(si_class_type_info.o)
                0x0000000000005eac                _ZNK10__cxxabiv120__si_class_type_info11__do_upcastEPKNS_17__class_type_infoEPKvRNS1_15__upcast_resultE
 .text._ZNK10__cxxabiv120__si_class_type_info12__do_dyncastEiNS_17__class_type_info10__sub_kindEPKS1_PKvS4_S6_RNS1_16__dyncast_resultE
                0x0000000000005ed4       0x94 /Applications/lpcxpresso_4.2.4_267/lpcxpresso/Tools/bin/../lib/gcc/arm-none-eabi/4.6.2/../../../../arm-none-eabi/lib/armv6-m/libstdc++.a(si_class_type_info.o)
                0x0000000000005ed4                _ZNK10__cxxabiv120__si_class_type_info12__do_dyncastEiNS_17__class_type_info10__sub_kindEPKS1_PKvS4_S6_RNS1_16__dyncast_resultE
 .text._ZNK10__cxxabiv120__si_class_type_info20__do_find_public_srcEiPKvPKNS_17__class_type_infoES2_
                0x0000000000005f68       0x40 /Applications/lpcxpresso_4.2.4_267/lpcxpresso/Tools/bin/../lib/gcc/arm-none-eabi/4.6.2/../../../../arm-none-eabi/lib/armv6-m/libstdc++.a(si_class_type_info.o)
                0x0000000000005f68                _ZNK10__cxxabiv120__si_class_type_info20__do_find_public_srcEiPKvPKNS_17__class_type_infoES2_
 .text._ZNSt9type_infoD2Ev
                0x0000000000005fa8        0xc /Applications/lpcxpresso_4.2.4_267/lpcxpresso/Tools/bin/../lib/gcc/arm-none-eabi/4.6.2/../../../../arm-none-eabi/lib/armv6-m/libstdc++.a(tinfo.o)
                0x0000000000005fa8                _ZNSt9type_infoD1Ev
                0x0000000000005fa8                _ZNSt9type_infoD2Ev
 .text._ZNKSt9type_info14__is_pointer_pEv
                0x0000000000005fb4        0x4 /Applications/lpcxpresso_4.2.4_267/lpcxpresso/Tools/bin/../lib/gcc/arm-none-eabi/4.6.2/../../../../arm-none-eabi/lib/armv6-m/libstdc++.a(tinfo.o)
                0x0000000000005fb4                _ZNKSt9type_info14__is_pointer_pEv
 .text._ZNKSt9type_info15__is_function_pEv
                0x0000000000005fb8        0x4 /Applications/lpcxpresso_4.2.4_267/lpcxpresso/Tools/bin/../lib/gcc/arm-none-eabi/4.6.2/../../../../arm-none-eabi/lib/armv6-m/libstdc++.a(tinfo.o)
                0x0000000000005fb8                _ZNKSt9type_info15__is_function_pEv
 .text._ZNKSt9type_info11__do_upcastEPKN10__cxxabiv117__class_type_infoEPPv
                0x0000000000005fbc        0x4 /Applications/lpcxpresso_4.2.4_267/lpcxpresso/Tools/bin/../lib/gcc/arm-none-eabi/4.6.2/../../../../arm-none-eabi/lib/armv6-m/libstdc++.a(tinfo.o)
                0x0000000000005fbc                _ZNKSt9type_info11__do_upcastEPKN10__cxxabiv117__class_type_infoEPPv
 .text._ZNSt9type_infoD0Ev
                0x0000000000005fc0       0x18 /Applications/lpcxpresso_4.2.4_267/lpcxpresso/Tools/bin/../lib/gcc/arm-none-eabi/4.6.2/../../../../arm-none-eabi/lib/armv6-m/libstdc++.a(tinfo.o)
                0x0000000000005fc0                _ZNSt9type_infoD0Ev
 .text._ZNKSt9type_infoeqERKS_
                0x0000000000005fd8       0x2c /Applications/lpcxpresso_4.2.4_267/lpcxpresso/Tools/bin/../lib/gcc/arm-none-eabi/4.6.2/../../../../arm-none-eabi/lib/armv6-m/libstdc++.a(tinfo.o)
                0x0000000000005fd8                _ZNKSt9type_infoeqERKS_
 .text._ZNKSt9type_info10__do_catchEPKS_PPvj
                0x0000000000006004        0x8 /Applications/lpcxpresso_4.2.4_267/lpcxpresso/Tools/bin/../lib/gcc/arm-none-eabi/4.6.2/../../../../arm-none-eabi/lib/armv6-m/libstdc++.a(tinfo.o)
                0x0000000000006004                _ZNKSt9type_info10__do_catchEPKS_PPvj
 .text          0x000000000000600c       0x40 /Applications/lpcxpresso_4.2.4_267/lpcxpresso/Tools/bin/../lib/gcc/arm-none-eabi/4.6.2/../../../../arm-none-eabi/lib/armv6-m/libcr_newlib_nohost.a(_cr_sbrk.o)
                0x000000000000600c                _sbrk
 .text          0x000000000000604c        0x4 /Applications/lpcxpresso_4.2.4_267/lpcxpresso/Tools/bin/../lib/gcc/arm-none-eabi/4.6.2/../../../../arm-none-eabi/lib/armv6-m/libcr_newlib_nohost.a(_exit.o)
                0x000000000000604c                _exit
 .text          0x0000000000006050       0x10 /Applications/lpcxpresso_4.2.4_267/lpcxpresso/Tools/bin/../lib/gcc/arm-none-eabi/4.6.2/../../../../arm-none-eabi/lib/armv6-m/libcr_newlib_nohost.a(getpid.o)
                0x0000000000006050                _getpid
 .text          0x0000000000006060       0x10 /Applications/lpcxpresso_4.2.4_267/lpcxpresso/Tools/bin/../lib/gcc/arm-none-eabi/4.6.2/../../../../arm-none-eabi/lib/armv6-m/libcr_newlib_nohost.a(kill.o)
                0x0000000000006060                _kill
 .text          0x0000000000006070       0x2c /Applications/lpcxpresso_4.2.4_267/lpcxpresso/Tools/bin/../lib/gcc/arm-none-eabi/4.6.2/../../../../arm-none-eabi/lib/armv6-m/libcr_newlib_nohost.a(_cr_check_heap.o)
                0x0000000000006070                __check_heap_overflow
 .text          0x000000000000609c       0x60 /Applications/lpcxpresso_4.2.4_267/lpcxpresso/Tools/bin/../lib/gcc/arm-none-eabi/4.6.2/armv6-m/crtbegin.o
 .text          0x00000000000060fc        0xc /Applications/lpcxpresso_4.2.4_267/lpcxpresso/Tools/bin/../lib/gcc/arm-none-eabi/4.6.2/../../../../arm-none-eabi/lib/armv6-m/libc.a(lib_a-errno.o)
                0x00000000000060fc                __errno
 .text          0x0000000000006108       0x14 /Applications/lpcxpresso_4.2.4_267/lpcxpresso/Tools/bin/../lib/gcc/arm-none-eabi/4.6.2/../../../../arm-none-eabi/lib/armv6-m/libc.a(lib_a-strcmp.o)
                0x0000000000006108                strcmp
 *(.rodata .rodata.*)
 .rodata        0x000000000000611c       0x10 ./src/TestTone.o
 .rodata        0x000000000000612c       0x58 /Users/take/proj/LBED/lbed/LBED_LPC11xx/Debug/libLBED_LPC11xx.a(DigitalOut.o)
 *fill*         0x0000000000006184        0x4 00
 .rodata        0x0000000000006188       0x28 /Users/take/proj/LBED/lbed/LBED_LPC11xx/Debug/libLBED_LPC11xx.a(Print.o)
                0x0000000000006190                _ZTV5Print
                0x00000000000061a0                _ZTI5Print
                0x00000000000061a8                _ZTS5Print
 .rodata        0x00000000000061b0      0x1f0 /Users/take/proj/LBED/lbed/LBED_LPC11xx/Debug/libLBED_LPC11xx.a(PwmOut.o)
 .rodata        0x00000000000063a0       0x40 /Users/take/proj/LBED/lbed/LBED_LPC11xx/Debug/libLBED_LPC11xx.a(Serial.o)
                0x00000000000063a8                _ZTV6Serial
                0x00000000000063c8                _ZTI6Serial
                0x00000000000063d4                _ZTS6Serial
 .rodata._ZTV6Stream
                0x00000000000063e0       0x20 /Users/take/proj/LBED/lbed/LBED_LPC11xx/Debug/libLBED_LPC11xx.a(Serial.o)
                0x00000000000063e0                _ZTV6Stream
 .rodata._ZTS6Stream
                0x0000000000006400        0x8 /Users/take/proj/LBED/lbed/LBED_LPC11xx/Debug/libLBED_LPC11xx.a(Serial.o)
                0x0000000000006400                _ZTS6Stream
 .rodata._ZTI6Stream
                0x0000000000006408        0xc /Users/take/proj/LBED/lbed/LBED_LPC11xx/Debug/libLBED_LPC11xx.a(Serial.o)
                0x0000000000006408                _ZTI6Stream
 .rodata        0x0000000000006414       0x40 /Applications/lpcxpresso_4.2.4_267/lpcxpresso/Tools/bin/../lib/gcc/arm-none-eabi/4.6.2/armv6-m/libgcc.a(divsf3.o)
 .rodata        0x0000000000006454       0x40 /Applications/lpcxpresso_4.2.4_267/lpcxpresso/Tools/bin/../lib/gcc/arm-none-eabi/4.6.2/armv6-m/libgcc.a(mulsf3.o)
 .rodata        0x0000000000006494       0x40 /Applications/lpcxpresso_4.2.4_267/lpcxpresso/Tools/bin/../lib/gcc/arm-none-eabi/4.6.2/armv6-m/libgcc.a(divdf3.o)
 .rodata        0x00000000000064d4       0x40 /Applications/lpcxpresso_4.2.4_267/lpcxpresso/Tools/bin/../lib/gcc/arm-none-eabi/4.6.2/armv6-m/libgcc.a(muldf3.o)
 .rodata        0x0000000000006514       0x14 /Applications/lpcxpresso_4.2.4_267/lpcxpresso/Tools/bin/../lib/gcc/arm-none-eabi/4.6.2/armv6-m/libgcc.a(unwind-arm.o)
 .rodata.str1.4
                0x0000000000006528        0x4 /Applications/lpcxpresso_4.2.4_267/lpcxpresso/Tools/bin/../lib/gcc/arm-none-eabi/4.6.2/../../../../arm-none-eabi/lib/armv6-m/libc.a(lib_a-impure.o)
 *fill*         0x000000000000652c        0x4 00
 .rodata._ZTVN10__cxxabiv117__class_type_infoE
                0x0000000000006530       0x30 /Applications/lpcxpresso_4.2.4_267/lpcxpresso/Tools/bin/../lib/gcc/arm-none-eabi/4.6.2/../../../../arm-none-eabi/lib/armv6-m/libstdc++.a(class_type_info.o)
                0x0000000000006530                _ZTVN10__cxxabiv117__class_type_infoE
 .rodata._ZTIN10__cxxabiv117__class_type_infoE
                0x0000000000006560        0xc /Applications/lpcxpresso_4.2.4_267/lpcxpresso/Tools/bin/../lib/gcc/arm-none-eabi/4.6.2/../../../../arm-none-eabi/lib/armv6-m/libstdc++.a(class_type_info.o)
                0x0000000000006560                _ZTIN10__cxxabiv117__class_type_infoE
 .rodata._ZTSN10__cxxabiv117__class_type_infoE
                0x000000000000656c       0x24 /Applications/lpcxpresso_4.2.4_267/lpcxpresso/Tools/bin/../lib/gcc/arm-none-eabi/4.6.2/../../../../arm-none-eabi/lib/armv6-m/libstdc++.a(class_type_info.o)
                0x000000000000656c                _ZTSN10__cxxabiv117__class_type_infoE
 .rodata._ZTVN10__cxxabiv120__si_class_type_infoE
                0x0000000000006590       0x30 /Applications/lpcxpresso_4.2.4_267/lpcxpresso/Tools/bin/../lib/gcc/arm-none-eabi/4.6.2/../../../../arm-none-eabi/lib/armv6-m/libstdc++.a(si_class_type_info.o)
                0x0000000000006590                _ZTVN10__cxxabiv120__si_class_type_infoE
 .rodata._ZTIN10__cxxabiv120__si_class_type_infoE
                0x00000000000065c0        0xc /Applications/lpcxpresso_4.2.4_267/lpcxpresso/Tools/bin/../lib/gcc/arm-none-eabi/4.6.2/../../../../arm-none-eabi/lib/armv6-m/libstdc++.a(si_class_type_info.o)
                0x00000000000065c0                _ZTIN10__cxxabiv120__si_class_type_infoE
 .rodata._ZTSN10__cxxabiv120__si_class_type_infoE
                0x00000000000065cc       0x28 /Applications/lpcxpresso_4.2.4_267/lpcxpresso/Tools/bin/../lib/gcc/arm-none-eabi/4.6.2/../../../../arm-none-eabi/lib/armv6-m/libstdc++.a(si_class_type_info.o)
                0x00000000000065cc                _ZTSN10__cxxabiv120__si_class_type_infoE
 .rodata._ZTISt9type_info
                0x00000000000065f4        0x8 /Applications/lpcxpresso_4.2.4_267/lpcxpresso/Tools/bin/../lib/gcc/arm-none-eabi/4.6.2/../../../../arm-none-eabi/lib/armv6-m/libstdc++.a(tinfo.o)
                0x00000000000065f4                _ZTISt9type_info
 .rodata._ZTSSt9type_info
                0x00000000000065fc       0x10 /Applications/lpcxpresso_4.2.4_267/lpcxpresso/Tools/bin/../lib/gcc/arm-none-eabi/4.6.2/../../../../arm-none-eabi/lib/armv6-m/libstdc++.a(tinfo.o)
                0x00000000000065fc                _ZTSSt9type_info
 *fill*         0x000000000000660c        0x4 00
 .rodata._ZTVSt9type_info
                0x0000000000006610       0x20 /Applications/lpcxpresso_4.2.4_267/lpcxpresso/Tools/bin/../lib/gcc/arm-none-eabi/4.6.2/../../../../arm-none-eabi/lib/armv6-m/libstdc++.a(tinfo.o)
                0x0000000000006610                _ZTVSt9type_info
                0x0000000000006630                . = ALIGN (0x4)
                0x0000000000006630                . = ALIGN (0x4)
 *(.init)
 .init          0x0000000000006630        0x4 /Applications/lpcxpresso_4.2.4_267/lpcxpresso/Tools/bin/../lib/gcc/arm-none-eabi/4.6.2/armv6-m/crti.o
                0x0000000000006630                _init
 .init          0x0000000000006634        0x8 /Applications/lpcxpresso_4.2.4_267/lpcxpresso/Tools/bin/../lib/gcc/arm-none-eabi/4.6.2/armv6-m/crtn.o
                0x000000000000663c                . = ALIGN (0x4)
                0x000000000000663c                __preinit_array_start = .
 *(.preinit_array)
                0x000000000000663c                __preinit_array_end = .
                0x000000000000663c                . = ALIGN (0x4)
                0x000000000000663c                __init_array_start = .
 *(SORT(.init_array.*))
 *(.init_array)
 .init_array    0x000000000000663c        0x4 ./src/TestTone.o
 .init_array    0x0000000000006640        0x4 /Applications/lpcxpresso_4.2.4_267/lpcxpresso/Tools/bin/../lib/gcc/arm-none-eabi/4.6.2/armv6-m/crtbegin.o
                0x0000000000006644                __init_array_end = .
 *(.fini)
 .fini          0x0000000000006644        0x4 /Applications/lpcxpresso_4.2.4_267/lpcxpresso/Tools/bin/../lib/gcc/arm-none-eabi/4.6.2/armv6-m/crti.o
                0x0000000000006644                _fini
 .fini          0x0000000000006648        0x8 /Applications/lpcxpresso_4.2.4_267/lpcxpresso/Tools/bin/../lib/gcc/arm-none-eabi/4.6.2/armv6-m/crtn.o
                0x0000000000006650                . = ALIGN (0x4)
 *crtbegin.o(.ctors)
 *(EXCLUDE_FILE(*crtend.o) .ctors)
 *(SORT(.ctors.*))
 *crtend.o(.ctors)
                0x0000000000006650                . = ALIGN (0x4)
 *crtbegin.o(.dtors)
 *(EXCLUDE_FILE(*crtend.o) .dtors)
 *(SORT(.dtors.*))
 *crtend.o(.dtors)

.glue_7         0x0000000000006650        0x0
 .glue_7        0x0000000000000000        0x0 linker stubs

.glue_7t        0x0000000000006650        0x0
 .glue_7t       0x0000000000000000        0x0 linker stubs

.vfp11_veneer   0x0000000000006650        0x0
 .vfp11_veneer  0x0000000000000000        0x0 linker stubs

.v4_bx          0x0000000000006650        0x0
 .v4_bx         0x0000000000000000        0x0 linker stubs

.ARM.extab      0x0000000000006650      0x1c8
 *(.ARM.extab* .gnu.linkonce.armextab.*)
 .ARM.extab.text._ZN6PwmOut5writeEf
                0x0000000000006650        0xc /Users/take/proj/LBED/lbed/LBED_USERLIB/Debug/libLBED_USERLIB.a(Tone.o)
 .ARM.extab.text._ZN4ToneC2Ei
                0x000000000000665c        0xc /Users/take/proj/LBED/lbed/LBED_USERLIB/Debug/libLBED_USERLIB.a(Tone.o)
 .ARM.extab.text._ZN4Tone4toneEj
                0x0000000000006668        0xc /Users/take/proj/LBED/lbed/LBED_USERLIB/Debug/libLBED_USERLIB.a(Tone.o)
 .ARM.extab.text._ZN4Tone4toneEjm
                0x0000000000006674        0xc /Users/take/proj/LBED/lbed/LBED_USERLIB/Debug/libLBED_USERLIB.a(Tone.o)
 .ARM.extab.text._ZN4Tone6noToneEv
                0x0000000000006680        0xc /Users/take/proj/LBED/lbed/LBED_USERLIB/Debug/libLBED_USERLIB.a(Tone.o)
 .ARM.extab     0x000000000000668c        0x0 /Users/take/proj/LBED/lbed/LBED_LPC11xx/Debug/libLBED_LPC11xx.a(DigitalOut.o)
 .ARM.extab.text._ZN5Print5writeEPKc
                0x000000000000668c        0xc /Users/take/proj/LBED/lbed/LBED_LPC11xx/Debug/libLBED_LPC11xx.a(Print.o)
 .ARM.extab     0x0000000000006698       0x90 /Users/take/proj/LBED/lbed/LBED_LPC11xx/Debug/libLBED_LPC11xx.a(Print.o)
 .ARM.extab     0x0000000000006728       0x3c /Users/take/proj/LBED/lbed/LBED_LPC11xx/Debug/libLBED_LPC11xx.a(PwmOut.o)
 .ARM.extab.text._ZN6Serial4peekEv
                0x0000000000006764        0x0 /Users/take/proj/LBED/lbed/LBED_LPC11xx/Debug/libLBED_LPC11xx.a(Serial.o)
 .ARM.extab.text._ZN6Serial5flushEv
                0x0000000000006764        0x0 /Users/take/proj/LBED/lbed/LBED_LPC11xx/Debug/libLBED_LPC11xx.a(Serial.o)
 .ARM.extab.text._ZN5PrintC2Ev
                0x0000000000006764        0x0 /Users/take/proj/LBED/lbed/LBED_LPC11xx/Debug/libLBED_LPC11xx.a(Serial.o)
 .ARM.extab.text._ZN6StreamC2Ev
                0x0000000000006764        0x0 /Users/take/proj/LBED/lbed/LBED_LPC11xx/Debug/libLBED_LPC11xx.a(Serial.o)
 .ARM.extab     0x0000000000006764        0x0 /Users/take/proj/LBED/lbed/LBED_LPC11xx/Debug/libLBED_LPC11xx.a(Serial.o)
 .ARM.extab     0x0000000000006764        0x0 /Users/take/proj/LBED/lbed/LBED_LPC11xx/Debug/libLBED_LPC11xx.a(pure_virtual.o)
 .ARM.extab     0x0000000000006764        0x0 /Applications/lpcxpresso_4.2.4_267/lpcxpresso/Tools/bin/../lib/gcc/arm-none-eabi/4.6.2/armv6-m/libgcc.a(divsf3.o)
 .ARM.extab     0x0000000000006764        0x0 /Applications/lpcxpresso_4.2.4_267/lpcxpresso/Tools/bin/../lib/gcc/arm-none-eabi/4.6.2/armv6-m/libgcc.a(mulsf3.o)
 .ARM.extab     0x0000000000006764        0x0 /Applications/lpcxpresso_4.2.4_267/lpcxpresso/Tools/bin/../lib/gcc/arm-none-eabi/4.6.2/armv6-m/libgcc.a(subsf3.o)
 .ARM.extab     0x0000000000006764        0x0 /Applications/lpcxpresso_4.2.4_267/lpcxpresso/Tools/bin/../lib/gcc/arm-none-eabi/4.6.2/armv6-m/libgcc.a(fixsfsi.o)
 .ARM.extab     0x0000000000006764        0x0 /Applications/lpcxpresso_4.2.4_267/lpcxpresso/Tools/bin/../lib/gcc/arm-none-eabi/4.6.2/armv6-m/libgcc.a(floatunsisf.o)
 .ARM.extab     0x0000000000006764        0x0 /Applications/lpcxpresso_4.2.4_267/lpcxpresso/Tools/bin/../lib/gcc/arm-none-eabi/4.6.2/armv6-m/libgcc.a(adddf3.o)
 .ARM.extab     0x0000000000006764        0x0 /Applications/lpcxpresso_4.2.4_267/lpcxpresso/Tools/bin/../lib/gcc/arm-none-eabi/4.6.2/armv6-m/libgcc.a(divdf3.o)
 .ARM.extab     0x0000000000006764        0x0 /Applications/lpcxpresso_4.2.4_267/lpcxpresso/Tools/bin/../lib/gcc/arm-none-eabi/4.6.2/armv6-m/libgcc.a(eqdf2.o)
 .ARM.extab     0x0000000000006764        0x0 /Applications/lpcxpresso_4.2.4_267/lpcxpresso/Tools/bin/../lib/gcc/arm-none-eabi/4.6.2/armv6-m/libgcc.a(gedf2.o)
 .ARM.extab     0x0000000000006764        0x0 /Applications/lpcxpresso_4.2.4_267/lpcxpresso/Tools/bin/../lib/gcc/arm-none-eabi/4.6.2/armv6-m/libgcc.a(ledf2.o)
 .ARM.extab     0x0000000000006764        0x0 /Applications/lpcxpresso_4.2.4_267/lpcxpresso/Tools/bin/../lib/gcc/arm-none-eabi/4.6.2/armv6-m/libgcc.a(muldf3.o)
 .ARM.extab     0x0000000000006764        0x0 /Applications/lpcxpresso_4.2.4_267/lpcxpresso/Tools/bin/../lib/gcc/arm-none-eabi/4.6.2/armv6-m/libgcc.a(subdf3.o)
 .ARM.extab     0x0000000000006764        0x0 /Applications/lpcxpresso_4.2.4_267/lpcxpresso/Tools/bin/../lib/gcc/arm-none-eabi/4.6.2/armv6-m/libgcc.a(fixdfsi.o)
 .ARM.extab     0x0000000000006764        0x0 /Applications/lpcxpresso_4.2.4_267/lpcxpresso/Tools/bin/../lib/gcc/arm-none-eabi/4.6.2/armv6-m/libgcc.a(floatsidf.o)
 .ARM.extab     0x0000000000006764        0x0 /Applications/lpcxpresso_4.2.4_267/lpcxpresso/Tools/bin/../lib/gcc/arm-none-eabi/4.6.2/armv6-m/libgcc.a(floatunsidf.o)
 .ARM.extab     0x0000000000006764        0x0 /Applications/lpcxpresso_4.2.4_267/lpcxpresso/Tools/bin/../lib/gcc/arm-none-eabi/4.6.2/armv6-m/libgcc.a(truncdfsf2.o)
 .ARM.extab     0x0000000000006764       0x6c /Applications/lpcxpresso_4.2.4_267/lpcxpresso/Tools/bin/../lib/gcc/arm-none-eabi/4.6.2/armv6-m/libgcc.a(unwind-arm.o)
 .ARM.extab     0x00000000000067d0       0x30 /Applications/lpcxpresso_4.2.4_267/lpcxpresso/Tools/bin/../lib/gcc/arm-none-eabi/4.6.2/armv6-m/libgcc.a(pr-support.o)
 .ARM.extab     0x0000000000006800        0x0 /Applications/lpcxpresso_4.2.4_267/lpcxpresso/Tools/bin/../lib/gcc/arm-none-eabi/4.6.2/armv6-m/libgcc.a(eqsf2.o)
 .ARM.extab     0x0000000000006800        0x0 /Applications/lpcxpresso_4.2.4_267/lpcxpresso/Tools/bin/../lib/gcc/arm-none-eabi/4.6.2/armv6-m/libgcc.a(gesf2.o)
 .ARM.extab     0x0000000000006800        0x0 /Applications/lpcxpresso_4.2.4_267/lpcxpresso/Tools/bin/../lib/gcc/arm-none-eabi/4.6.2/armv6-m/libgcc.a(lesf2.o)
 .ARM.extab.text._ZNK10__cxxabiv117__class_type_info11__do_upcastEPKS0_PPv
                0x0000000000006800        0x0 /Applications/lpcxpresso_4.2.4_267/lpcxpresso/Tools/bin/../lib/gcc/arm-none-eabi/4.6.2/../../../../arm-none-eabi/lib/armv6-m/libstdc++.a(class_type_info.o)
 .ARM.extab.text._ZNK10__cxxabiv117__class_type_info20__do_find_public_srcEiPKvPKS0_S2_
                0x0000000000006800        0x0 /Applications/lpcxpresso_4.2.4_267/lpcxpresso/Tools/bin/../lib/gcc/arm-none-eabi/4.6.2/../../../../arm-none-eabi/lib/armv6-m/libstdc++.a(class_type_info.o)
 .ARM.extab.text._ZNK10__cxxabiv117__class_type_info11__do_upcastEPKS0_PKvRNS0_15__upcast_resultE
                0x0000000000006800        0x0 /Applications/lpcxpresso_4.2.4_267/lpcxpresso/Tools/bin/../lib/gcc/arm-none-eabi/4.6.2/../../../../arm-none-eabi/lib/armv6-m/libstdc++.a(class_type_info.o)
 .ARM.extab.text._ZN10__cxxabiv117__class_type_infoD2Ev
                0x0000000000006800        0x0 /Applications/lpcxpresso_4.2.4_267/lpcxpresso/Tools/bin/../lib/gcc/arm-none-eabi/4.6.2/../../../../arm-none-eabi/lib/armv6-m/libstdc++.a(class_type_info.o)
 .ARM.extab.text._ZN10__cxxabiv117__class_type_infoD0Ev
                0x0000000000006800        0x0 /Applications/lpcxpresso_4.2.4_267/lpcxpresso/Tools/bin/../lib/gcc/arm-none-eabi/4.6.2/../../../../arm-none-eabi/lib/armv6-m/libstdc++.a(class_type_info.o)
 .ARM.extab.text._ZNK10__cxxabiv117__class_type_info12__do_dyncastEiNS0_10__sub_kindEPKS0_PKvS3_S5_RNS0_16__dyncast_resultE
                0x0000000000006800        0x0 /Applications/lpcxpresso_4.2.4_267/lpcxpresso/Tools/bin/../lib/gcc/arm-none-eabi/4.6.2/../../../../arm-none-eabi/lib/armv6-m/libstdc++.a(class_type_info.o)
 .ARM.extab.text._ZNK10__cxxabiv117__class_type_info10__do_catchEPKSt9type_infoPPvj
                0x0000000000006800        0x0 /Applications/lpcxpresso_4.2.4_267/lpcxpresso/Tools/bin/../lib/gcc/arm-none-eabi/4.6.2/../../../../arm-none-eabi/lib/armv6-m/libstdc++.a(class_type_info.o)
 .ARM.extab.text._ZN10__cxxabiv120__si_class_type_infoD2Ev
                0x0000000000006800        0x0 /Applications/lpcxpresso_4.2.4_267/lpcxpresso/Tools/bin/../lib/gcc/arm-none-eabi/4.6.2/../../../../arm-none-eabi/lib/armv6-m/libstdc++.a(si_class_type_info.o)
 .ARM.extab.text._ZN10__cxxabiv120__si_class_type_infoD0Ev
                0x0000000000006800        0x0 /Applications/lpcxpresso_4.2.4_267/lpcxpresso/Tools/bin/../lib/gcc/arm-none-eabi/4.6.2/../../../../arm-none-eabi/lib/armv6-m/libstdc++.a(si_class_type_info.o)
 .ARM.extab.text._ZNK10__cxxabiv120__si_class_type_info11__do_upcastEPKNS_17__class_type_infoEPKvRNS1_15__upcast_resultE
                0x0000000000006800        0x0 /Applications/lpcxpresso_4.2.4_267/lpcxpresso/Tools/bin/../lib/gcc/arm-none-eabi/4.6.2/../../../../arm-none-eabi/lib/armv6-m/libstdc++.a(si_class_type_info.o)
 .ARM.extab.text._ZNK10__cxxabiv120__si_class_type_info12__do_dyncastEiNS_17__class_type_info10__sub_kindEPKS1_PKvS4_S6_RNS1_16__dyncast_resultE
                0x0000000000006800        0xc /Applications/lpcxpresso_4.2.4_267/lpcxpresso/Tools/bin/../lib/gcc/arm-none-eabi/4.6.2/../../../../arm-none-eabi/lib/armv6-m/libstdc++.a(si_class_type_info.o)
 .ARM.extab.text._ZNK10__cxxabiv120__si_class_type_info20__do_find_public_srcEiPKvPKNS_17__class_type_infoES2_
                0x000000000000680c        0xc /Applications/lpcxpresso_4.2.4_267/lpcxpresso/Tools/bin/../lib/gcc/arm-none-eabi/4.6.2/../../../../arm-none-eabi/lib/armv6-m/libstdc++.a(si_class_type_info.o)
 .ARM.extab.text._ZNSt9type_infoD2Ev
                0x0000000000006818        0x0 /Applications/lpcxpresso_4.2.4_267/lpcxpresso/Tools/bin/../lib/gcc/arm-none-eabi/4.6.2/../../../../arm-none-eabi/lib/armv6-m/libstdc++.a(tinfo.o)
 .ARM.extab.text._ZNKSt9type_info14__is_pointer_pEv
                0x0000000000006818        0x0 /Applications/lpcxpresso_4.2.4_267/lpcxpresso/Tools/bin/../lib/gcc/arm-none-eabi/4.6.2/../../../../arm-none-eabi/lib/armv6-m/libstdc++.a(tinfo.o)
 .ARM.extab.text._ZNKSt9type_info15__is_function_pEv
                0x0000000000006818        0x0 /Applications/lpcxpresso_4.2.4_267/lpcxpresso/Tools/bin/../lib/gcc/arm-none-eabi/4.6.2/../../../../arm-none-eabi/lib/armv6-m/libstdc++.a(tinfo.o)
 .ARM.extab.text._ZNKSt9type_info11__do_upcastEPKN10__cxxabiv117__class_type_infoEPPv
                0x0000000000006818        0x0 /Applications/lpcxpresso_4.2.4_267/lpcxpresso/Tools/bin/../lib/gcc/arm-none-eabi/4.6.2/../../../../arm-none-eabi/lib/armv6-m/libstdc++.a(tinfo.o)
 .ARM.extab.text._ZNSt9type_infoD0Ev
                0x0000000000006818        0x0 /Applications/lpcxpresso_4.2.4_267/lpcxpresso/Tools/bin/../lib/gcc/arm-none-eabi/4.6.2/../../../../arm-none-eabi/lib/armv6-m/libstdc++.a(tinfo.o)
 .ARM.extab.text._ZNKSt9type_infoeqERKS_
                0x0000000000006818        0x0 /Applications/lpcxpresso_4.2.4_267/lpcxpresso/Tools/bin/../lib/gcc/arm-none-eabi/4.6.2/../../../../arm-none-eabi/lib/armv6-m/libstdc++.a(tinfo.o)
 .ARM.extab.text._ZNKSt9type_info10__do_catchEPKS_PPvj
                0x0000000000006818        0x0 /Applications/lpcxpresso_4.2.4_267/lpcxpresso/Tools/bin/../lib/gcc/arm-none-eabi/4.6.2/../../../../arm-none-eabi/lib/armv6-m/libstdc++.a(tinfo.o)
                0x0000000000006818                __exidx_start = .

.eh_frame       0x0000000000006818        0x0
 .eh_frame      0x0000000000006818        0x0 /Applications/lpcxpresso_4.2.4_267/lpcxpresso/Tools/bin/../lib/gcc/arm-none-eabi/4.6.2/armv6-m/crtbegin.o

.ARM.exidx      0x0000000000006818      0x1f0
 *(.ARM.exidx* .gnu.linkonce.armexidx.*)
 .ARM.exidx.text._ZN6PwmOut5writeEf
                0x0000000000006818        0x8 /Users/take/proj/LBED/lbed/LBED_USERLIB/Debug/libLBED_USERLIB.a(Tone.o)
 .ARM.exidx.text._ZN4ToneC2Ei
                0x0000000000006820        0x8 /Users/take/proj/LBED/lbed/LBED_USERLIB/Debug/libLBED_USERLIB.a(Tone.o)
 .ARM.exidx.text._ZN4Tone4toneEj
                0x0000000000006828        0x8 /Users/take/proj/LBED/lbed/LBED_USERLIB/Debug/libLBED_USERLIB.a(Tone.o)
 .ARM.exidx.text._ZN4Tone4toneEjm
                0x0000000000006830        0x8 /Users/take/proj/LBED/lbed/LBED_USERLIB/Debug/libLBED_USERLIB.a(Tone.o)
 .ARM.exidx.text._ZN4Tone6noToneEv
                0x0000000000006838        0x8 /Users/take/proj/LBED/lbed/LBED_USERLIB/Debug/libLBED_USERLIB.a(Tone.o)
 .ARM.exidx     0x0000000000006840        0x8 /Users/take/proj/LBED/lbed/LBED_LPC11xx/Debug/libLBED_LPC11xx.a(DigitalOut.o)
                                         0x18 (size before relaxing)
 .ARM.exidx.text._ZN5Print5writeEPKc
                0x00000000000068a8        0x8 /Users/take/proj/LBED/lbed/LBED_LPC11xx/Debug/libLBED_LPC11xx.a(Print.o)
 .ARM.exidx     0x0000000000006848       0x60 /Users/take/proj/LBED/lbed/LBED_LPC11xx/Debug/libLBED_LPC11xx.a(Print.o)
 .ARM.exidx     0x00000000000068b0       0x28 /Users/take/proj/LBED/lbed/LBED_LPC11xx/Debug/libLBED_LPC11xx.a(PwmOut.o)
 .ARM.exidx.text._ZN6Serial4peekEv
                0x00000000000068e0        0x0 /Users/take/proj/LBED/lbed/LBED_LPC11xx/Debug/libLBED_LPC11xx.a(Serial.o)
                                          0x8 (size before relaxing)
 .ARM.exidx.text._ZN6Serial5flushEv
                0x00000000000068e0        0x0 /Users/take/proj/LBED/lbed/LBED_LPC11xx/Debug/libLBED_LPC11xx.a(Serial.o)
                                          0x8 (size before relaxing)
 .ARM.exidx.text._ZN5PrintC2Ev
                0x00000000000068e0        0x0 /Users/take/proj/LBED/lbed/LBED_LPC11xx/Debug/libLBED_LPC11xx.a(Serial.o)
                                          0x8 (size before relaxing)
 .ARM.exidx.text._ZN6StreamC2Ev
                0x00000000000068e0        0x0 /Users/take/proj/LBED/lbed/LBED_LPC11xx/Debug/libLBED_LPC11xx.a(Serial.o)
                                          0x8 (size before relaxing)
 .ARM.exidx     0x00000000000068d8        0x8 /Users/take/proj/LBED/lbed/LBED_LPC11xx/Debug/libLBED_LPC11xx.a(Serial.o)
                                         0x40 (size before relaxing)
 .ARM.exidx     0x00000000000068e0        0x0 /Users/take/proj/LBED/lbed/LBED_LPC11xx/Debug/libLBED_LPC11xx.a(pure_virtual.o)
                                          0x8 (size before relaxing)
 .ARM.exidx     0x00000000000068e0        0x0 /Applications/lpcxpresso_4.2.4_267/lpcxpresso/Tools/bin/../lib/gcc/arm-none-eabi/4.6.2/armv6-m/libgcc.a(divsf3.o)
                                          0x8 (size before relaxing)
 .ARM.exidx     0x00000000000068e0        0x0 /Applications/lpcxpresso_4.2.4_267/lpcxpresso/Tools/bin/../lib/gcc/arm-none-eabi/4.6.2/armv6-m/libgcc.a(mulsf3.o)
                                          0x8 (size before relaxing)
 .ARM.exidx     0x00000000000068e0        0x0 /Applications/lpcxpresso_4.2.4_267/lpcxpresso/Tools/bin/../lib/gcc/arm-none-eabi/4.6.2/armv6-m/libgcc.a(subsf3.o)
                                          0x8 (size before relaxing)
 .ARM.exidx     0x00000000000068e0        0x0 /Applications/lpcxpresso_4.2.4_267/lpcxpresso/Tools/bin/../lib/gcc/arm-none-eabi/4.6.2/armv6-m/libgcc.a(fixsfsi.o)
                                          0x8 (size before relaxing)
 .ARM.exidx     0x00000000000068e0        0x0 /Applications/lpcxpresso_4.2.4_267/lpcxpresso/Tools/bin/../lib/gcc/arm-none-eabi/4.6.2/armv6-m/libgcc.a(floatunsisf.o)
                                          0x8 (size before relaxing)
 .ARM.exidx     0x00000000000068e0        0x0 /Applications/lpcxpresso_4.2.4_267/lpcxpresso/Tools/bin/../lib/gcc/arm-none-eabi/4.6.2/armv6-m/libgcc.a(adddf3.o)
                                          0x8 (size before relaxing)
 .ARM.exidx     0x00000000000068e0        0x0 /Applications/lpcxpresso_4.2.4_267/lpcxpresso/Tools/bin/../lib/gcc/arm-none-eabi/4.6.2/armv6-m/libgcc.a(divdf3.o)
                                          0x8 (size before relaxing)
 .ARM.exidx     0x00000000000068e0        0x0 /Applications/lpcxpresso_4.2.4_267/lpcxpresso/Tools/bin/../lib/gcc/arm-none-eabi/4.6.2/armv6-m/libgcc.a(eqdf2.o)
                                          0x8 (size before relaxing)
 .ARM.exidx     0x00000000000068e0        0x0 /Applications/lpcxpresso_4.2.4_267/lpcxpresso/Tools/bin/../lib/gcc/arm-none-eabi/4.6.2/armv6-m/libgcc.a(gedf2.o)
                                          0x8 (size before relaxing)
 .ARM.exidx     0x00000000000068e0        0x0 /Applications/lpcxpresso_4.2.4_267/lpcxpresso/Tools/bin/../lib/gcc/arm-none-eabi/4.6.2/armv6-m/libgcc.a(ledf2.o)
                                          0x8 (size before relaxing)
 .ARM.exidx     0x00000000000068e0        0x0 /Applications/lpcxpresso_4.2.4_267/lpcxpresso/Tools/bin/../lib/gcc/arm-none-eabi/4.6.2/armv6-m/libgcc.a(muldf3.o)
                                          0x8 (size before relaxing)
 .ARM.exidx     0x00000000000068e0        0x0 /Applications/lpcxpresso_4.2.4_267/lpcxpresso/Tools/bin/../lib/gcc/arm-none-eabi/4.6.2/armv6-m/libgcc.a(subdf3.o)
                                          0x8 (size before relaxing)
 .ARM.exidx     0x00000000000068e0        0x0 /Applications/lpcxpresso_4.2.4_267/lpcxpresso/Tools/bin/../lib/gcc/arm-none-eabi/4.6.2/armv6-m/libgcc.a(fixdfsi.o)
                                          0x8 (size before relaxing)
 .ARM.exidx     0x00000000000068e0        0x0 /Applications/lpcxpresso_4.2.4_267/lpcxpresso/Tools/bin/../lib/gcc/arm-none-eabi/4.6.2/armv6-m/libgcc.a(floatsidf.o)
                                          0x8 (size before relaxing)
 .ARM.exidx     0x00000000000068e0        0x0 /Applications/lpcxpresso_4.2.4_267/lpcxpresso/Tools/bin/../lib/gcc/arm-none-eabi/4.6.2/armv6-m/libgcc.a(floatunsidf.o)
                                          0x8 (size before relaxing)
 .ARM.exidx     0x00000000000068e0        0x0 /Applications/lpcxpresso_4.2.4_267/lpcxpresso/Tools/bin/../lib/gcc/arm-none-eabi/4.6.2/armv6-m/libgcc.a(truncdfsf2.o)
                                          0x8 (size before relaxing)
 .ARM.exidx     0x00000000000068e0       0x98 /Applications/lpcxpresso_4.2.4_267/lpcxpresso/Tools/bin/../lib/gcc/arm-none-eabi/4.6.2/armv6-m/libgcc.a(unwind-arm.o)
                                         0xc0 (size before relaxing)
 .ARM.exidx     0x0000000000006978       0x38 /Applications/lpcxpresso_4.2.4_267/lpcxpresso/Tools/bin/../lib/gcc/arm-none-eabi/4.6.2/armv6-m/libgcc.a(pr-support.o)
                                         0x48 (size before relaxing)
 .ARM.exidx     0x00000000000069b0        0x0 /Applications/lpcxpresso_4.2.4_267/lpcxpresso/Tools/bin/../lib/gcc/arm-none-eabi/4.6.2/armv6-m/libgcc.a(eqsf2.o)
                                          0x8 (size before relaxing)
 .ARM.exidx     0x00000000000069b0        0x0 /Applications/lpcxpresso_4.2.4_267/lpcxpresso/Tools/bin/../lib/gcc/arm-none-eabi/4.6.2/armv6-m/libgcc.a(gesf2.o)
                                          0x8 (size before relaxing)
 .ARM.exidx     0x00000000000069b0        0x0 /Applications/lpcxpresso_4.2.4_267/lpcxpresso/Tools/bin/../lib/gcc/arm-none-eabi/4.6.2/armv6-m/libgcc.a(lesf2.o)
                                          0x8 (size before relaxing)
 .ARM.exidx.text._ZNK10__cxxabiv117__class_type_info11__do_upcastEPKS0_PPv
                0x00000000000069b0        0x8 /Applications/lpcxpresso_4.2.4_267/lpcxpresso/Tools/bin/../lib/gcc/arm-none-eabi/4.6.2/../../../../arm-none-eabi/lib/armv6-m/libstdc++.a(class_type_info.o)
 .ARM.exidx.text._ZNK10__cxxabiv117__class_type_info20__do_find_public_srcEiPKvPKS0_S2_
                0x00000000000069b8        0x8 /Applications/lpcxpresso_4.2.4_267/lpcxpresso/Tools/bin/../lib/gcc/arm-none-eabi/4.6.2/../../../../arm-none-eabi/lib/armv6-m/libstdc++.a(class_type_info.o)
 .ARM.exidx.text._ZNK10__cxxabiv117__class_type_info11__do_upcastEPKS0_PKvRNS0_15__upcast_resultE
                0x00000000000069c0        0x8 /Applications/lpcxpresso_4.2.4_267/lpcxpresso/Tools/bin/../lib/gcc/arm-none-eabi/4.6.2/../../../../arm-none-eabi/lib/armv6-m/libstdc++.a(class_type_info.o)
 .ARM.exidx.text._ZN10__cxxabiv117__class_type_infoD2Ev
                0x00000000000069c8        0x8 /Applications/lpcxpresso_4.2.4_267/lpcxpresso/Tools/bin/../lib/gcc/arm-none-eabi/4.6.2/../../../../arm-none-eabi/lib/armv6-m/libstdc++.a(class_type_info.o)
 .ARM.exidx.text._ZN10__cxxabiv117__class_type_infoD0Ev
                0x00000000000069d0        0x0 /Applications/lpcxpresso_4.2.4_267/lpcxpresso/Tools/bin/../lib/gcc/arm-none-eabi/4.6.2/../../../../arm-none-eabi/lib/armv6-m/libstdc++.a(class_type_info.o)
                                          0x8 (size before relaxing)
 .ARM.exidx.text._ZNK10__cxxabiv117__class_type_info12__do_dyncastEiNS0_10__sub_kindEPKS0_PKvS3_S5_RNS0_16__dyncast_resultE
                0x00000000000069d0        0x8 /Applications/lpcxpresso_4.2.4_267/lpcxpresso/Tools/bin/../lib/gcc/arm-none-eabi/4.6.2/../../../../arm-none-eabi/lib/armv6-m/libstdc++.a(class_type_info.o)
 .ARM.exidx.text._ZNK10__cxxabiv117__class_type_info10__do_catchEPKSt9type_infoPPvj
                0x00000000000069d8        0x8 /Applications/lpcxpresso_4.2.4_267/lpcxpresso/Tools/bin/../lib/gcc/arm-none-eabi/4.6.2/../../../../arm-none-eabi/lib/armv6-m/libstdc++.a(class_type_info.o)
 .ARM.exidx.text._ZN10__cxxabiv120__si_class_type_infoD2Ev
                0x00000000000069e0        0x8 /Applications/lpcxpresso_4.2.4_267/lpcxpresso/Tools/bin/../lib/gcc/arm-none-eabi/4.6.2/../../../../arm-none-eabi/lib/armv6-m/libstdc++.a(si_class_type_info.o)
 .ARM.exidx.text._ZN10__cxxabiv120__si_class_type_infoD0Ev
                0x00000000000069e8        0x0 /Applications/lpcxpresso_4.2.4_267/lpcxpresso/Tools/bin/../lib/gcc/arm-none-eabi/4.6.2/../../../../arm-none-eabi/lib/armv6-m/libstdc++.a(si_class_type_info.o)
                                          0x8 (size before relaxing)
 .ARM.exidx.text._ZNK10__cxxabiv120__si_class_type_info11__do_upcastEPKNS_17__class_type_infoEPKvRNS1_15__upcast_resultE
                0x00000000000069e8        0x8 /Applications/lpcxpresso_4.2.4_267/lpcxpresso/Tools/bin/../lib/gcc/arm-none-eabi/4.6.2/../../../../arm-none-eabi/lib/armv6-m/libstdc++.a(si_class_type_info.o)
 .ARM.exidx.text._ZNK10__cxxabiv120__si_class_type_info12__do_dyncastEiNS_17__class_type_info10__sub_kindEPKS1_PKvS4_S6_RNS1_16__dyncast_resultE
                0x00000000000069f0        0x8 /Applications/lpcxpresso_4.2.4_267/lpcxpresso/Tools/bin/../lib/gcc/arm-none-eabi/4.6.2/../../../../arm-none-eabi/lib/armv6-m/libstdc++.a(si_class_type_info.o)
 .ARM.exidx.text._ZNK10__cxxabiv120__si_class_type_info20__do_find_public_srcEiPKvPKNS_17__class_type_infoES2_
                0x00000000000069f8        0x8 /Applications/lpcxpresso_4.2.4_267/lpcxpresso/Tools/bin/../lib/gcc/arm-none-eabi/4.6.2/../../../../arm-none-eabi/lib/armv6-m/libstdc++.a(si_class_type_info.o)
 .ARM.exidx.text._ZNSt9type_infoD2Ev
                0x0000000000006a00        0x8 /Applications/lpcxpresso_4.2.4_267/lpcxpresso/Tools/bin/../lib/gcc/arm-none-eabi/4.6.2/../../../../arm-none-eabi/lib/armv6-m/libstdc++.a(tinfo.o)
 .ARM.exidx.text._ZNKSt9type_info14__is_pointer_pEv
                0x0000000000006a08        0x0 /Applications/lpcxpresso_4.2.4_267/lpcxpresso/Tools/bin/../lib/gcc/arm-none-eabi/4.6.2/../../../../arm-none-eabi/lib/armv6-m/libstdc++.a(tinfo.o)
                                          0x8 (size before relaxing)
 .ARM.exidx.text._ZNKSt9type_info15__is_function_pEv
                0x0000000000006a08        0x0 /Applications/lpcxpresso_4.2.4_267/lpcxpresso/Tools/bin/../lib/gcc/arm-none-eabi/4.6.2/../../../../arm-none-eabi/lib/armv6-m/libstdc++.a(tinfo.o)
                                          0x8 (size before relaxing)
 .ARM.exidx.text._ZNKSt9type_info11__do_upcastEPKN10__cxxabiv117__class_type_infoEPPv
                0x0000000000006a08        0x0 /Applications/lpcxpresso_4.2.4_267/lpcxpresso/Tools/bin/../lib/gcc/arm-none-eabi/4.6.2/../../../../arm-none-eabi/lib/armv6-m/libstdc++.a(tinfo.o)
                                          0x8 (size before relaxing)
 .ARM.exidx.text._ZNSt9type_infoD0Ev
                0x0000000000006a08        0x0 /Applications/lpcxpresso_4.2.4_267/lpcxpresso/Tools/bin/../lib/gcc/arm-none-eabi/4.6.2/../../../../arm-none-eabi/lib/armv6-m/libstdc++.a(tinfo.o)
                                          0x8 (size before relaxing)
 .ARM.exidx.text._ZNKSt9type_infoeqERKS_
                0x0000000000006a08        0x0 /Applications/lpcxpresso_4.2.4_267/lpcxpresso/Tools/bin/../lib/gcc/arm-none-eabi/4.6.2/../../../../arm-none-eabi/lib/armv6-m/libstdc++.a(tinfo.o)
                                          0x8 (size before relaxing)
 .ARM.exidx.text._ZNKSt9type_info10__do_catchEPKS_PPvj
                0x0000000000006a08        0x0 /Applications/lpcxpresso_4.2.4_267/lpcxpresso/Tools/bin/../lib/gcc/arm-none-eabi/4.6.2/../../../../arm-none-eabi/lib/armv6-m/libstdc++.a(tinfo.o)
                                          0x8 (size before relaxing)
                0x0000000000006a08                __exidx_end = .
                0x0000000000006a08                _etext = .

.uninit_RESERVED
 *(.bss.$RESERVED*)

.data           0x0000000010000000      0x860 load address 0x0000000000006a08
 FILL mask 0xff
                0x0000000010000000                _data = .
 *(vtable)
 *(.data*)
 .data.tones    0x0000000010000000       0x14 ./src/TestTone.o
                0x0000000010000000                tones
 .data.toneDuration
                0x0000000010000014        0x4 ./src/TestTone.o
                0x0000000010000014                toneDuration
 .data.SystemCoreClock
                0x0000000010000018        0x4 /Users/take/proj/LBED/lbed/CMSISv2p00_LPC11xx/Debug/libCMSISv2p00_LPC11xx.a(system_LPC11xx.o)
                0x0000000010000018                SystemCoreClock
 .data          0x000000001000001c      0x410 /Applications/lpcxpresso_4.2.4_267/lpcxpresso/Tools/bin/../lib/gcc/arm-none-eabi/4.6.2/../../../../arm-none-eabi/lib/armv6-m/libc.a(lib_a-mallocr.o)
                0x000000001000001c                __malloc_av_
                0x0000000010000424                __malloc_sbrk_base
                0x0000000010000428                __malloc_trim_threshold
 *fill*         0x000000001000042c        0x4 00
 .data          0x0000000010000430      0x430 /Applications/lpcxpresso_4.2.4_267/lpcxpresso/Tools/bin/../lib/gcc/arm-none-eabi/4.6.2/../../../../arm-none-eabi/lib/armv6-m/libc.a(lib_a-impure.o)
                0x0000000010000430                _impure_ptr
                0x0000000010000860                . = ALIGN (0x4)
                0x0000000010000860                _edata = .

.jcr            0x0000000010000860        0x0 load address 0x0000000000007268
 .jcr           0x0000000010000860        0x0 /Applications/lpcxpresso_4.2.4_267/lpcxpresso/Tools/bin/../lib/gcc/arm-none-eabi/4.6.2/armv6-m/crtbegin.o

.bss            0x0000000010000860       0x98 load address 0x0000000000007268
                0x0000000010000860                _bss = .
 *(.bss*)
 .bss.myled     0x0000000010000860       0x10 ./src/TestTone.o
                0x0000000010000860                myled
 .bss.timer16_1_period
                0x0000000010000870        0x4 /Users/take/proj/LBED/lbed/LBED_LPC11xx/Debug/libLBED_LPC11xx.a(_timer16.o)
                0x0000000010000870                timer16_1_period
 .bss.timer16_0_counter
                0x0000000010000874        0x4 /Users/take/proj/LBED/lbed/LBED_LPC11xx/Debug/libLBED_LPC11xx.a(_timer16.o)
                0x0000000010000874                timer16_0_counter
 .bss.timer16_0_capture
                0x0000000010000878        0x4 /Users/take/proj/LBED/lbed/LBED_LPC11xx/Debug/libLBED_LPC11xx.a(_timer16.o)
                0x0000000010000878                timer16_0_capture
 .bss.timer16_1_counter
                0x000000001000087c        0x4 /Users/take/proj/LBED/lbed/LBED_LPC11xx/Debug/libLBED_LPC11xx.a(_timer16.o)
                0x000000001000087c                timer16_1_counter
 .bss.timer16_1_capture
                0x0000000010000880        0x4 /Users/take/proj/LBED/lbed/LBED_LPC11xx/Debug/libLBED_LPC11xx.a(_timer16.o)
                0x0000000010000880                timer16_1_capture
 .bss.timer16_0_period
                0x0000000010000884        0x4 /Users/take/proj/LBED/lbed/LBED_LPC11xx/Debug/libLBED_LPC11xx.a(_timer16.o)
                0x0000000010000884                timer16_0_period
 .bss.timer32_1_period
                0x0000000010000888        0x4 /Users/take/proj/LBED/lbed/LBED_LPC11xx/Debug/libLBED_LPC11xx.a(_timer32.o)
                0x0000000010000888                timer32_1_period
 .bss.timer32_0_counter
                0x000000001000088c        0x4 /Users/take/proj/LBED/lbed/LBED_LPC11xx/Debug/libLBED_LPC11xx.a(_timer32.o)
                0x000000001000088c                timer32_0_counter
 .bss.timer32_0_capture
                0x0000000010000890        0x4 /Users/take/proj/LBED/lbed/LBED_LPC11xx/Debug/libLBED_LPC11xx.a(_timer32.o)
                0x0000000010000890                timer32_0_capture
 .bss.timer32_1_counter
                0x0000000010000894        0x4 /Users/take/proj/LBED/lbed/LBED_LPC11xx/Debug/libLBED_LPC11xx.a(_timer32.o)
                0x0000000010000894                timer32_1_counter
 .bss.timer32_1_capture
                0x0000000010000898        0x4 /Users/take/proj/LBED/lbed/LBED_LPC11xx/Debug/libLBED_LPC11xx.a(_timer32.o)
                0x0000000010000898                timer32_1_capture
 .bss.timer32_0_period
                0x000000001000089c        0x4 /Users/take/proj/LBED/lbed/LBED_LPC11xx/Debug/libLBED_LPC11xx.a(_timer32.o)
                0x000000001000089c                timer32_0_period
 .bss           0x00000000100008a0       0x34 /Applications/lpcxpresso_4.2.4_267/lpcxpresso/Tools/bin/../lib/gcc/arm-none-eabi/4.6.2/../../../../arm-none-eabi/lib/armv6-m/libc.a(lib_a-mallocr.o)
                0x00000000100008a0                __malloc_top_pad
                0x00000000100008a4                __malloc_current_mallinfo
                0x00000000100008cc                __malloc_max_sbrked_mem
                0x00000000100008d0                __malloc_max_total_mem
 .bss           0x00000000100008d4       0x1c /Applications/lpcxpresso_4.2.4_267/lpcxpresso/Tools/bin/../lib/gcc/arm-none-eabi/4.6.2/armv6-m/crtbegin.o
 *(COMMON)
 COMMON         0x00000000100008f0        0x4 /Applications/lpcxpresso_4.2.4_267/lpcxpresso/Tools/bin/../lib/gcc/arm-none-eabi/4.6.2/../../../../arm-none-eabi/lib/armv6-m/libc.a(lib_a-reent.o)
                0x00000000100008f0                errno
 COMMON         0x00000000100008f4        0x4 /Applications/lpcxpresso_4.2.4_267/lpcxpresso/Tools/bin/../lib/gcc/arm-none-eabi/4.6.2/../../../../arm-none-eabi/lib/armv6-m/libcr_newlib_nohost.a(_cr_sbrk.o)
                0x00000000100008f4                __end_of_heap
                0x00000000100008f8                . = ALIGN (0x4)
                0x00000000100008f8                _ebss = .
                0x00000000100008f8                PROVIDE (end, .)
                0x00000000100008f8                PROVIDE (_pvHeapStart, .)
                0x0000000010001000                PROVIDE (_vStackTop, (__top_RamLoc4 - 0x0))
OUTPUT(LBED_MAIN.axf elf32-littlearm)

.debug_info     0x0000000000000000     0x714b
 .debug_info    0x0000000000000000      0xf43 ./src/TestTone.o
 .debug_info    0x0000000000000f43      0x1b6 ./src/cr_cpp_config.o
 .debug_info    0x00000000000010f9      0x283 ./src/cr_startup_lpc11.o
 .debug_info    0x000000000000137c      0x4e4 /Users/take/proj/LBED/lbed/CMSISv2p00_LPC11xx/Debug/libCMSISv2p00_LPC11xx.a(system_LPC11xx.o)
 .debug_info    0x0000000000001860      0x5a9 /Users/take/proj/LBED/lbed/LBED_USERLIB/Debug/libLBED_USERLIB.a(Tone.o)
 .debug_info    0x0000000000001e09      0xe98 /Users/take/proj/LBED/lbed/LBED_LPC11xx/Debug/libLBED_LPC11xx.a(DigitalOut.o)
 .debug_info    0x0000000000002ca1      0x72c /Users/take/proj/LBED/lbed/LBED_LPC11xx/Debug/libLBED_LPC11xx.a(Print.o)
 .debug_info    0x00000000000033cd      0xde3 /Users/take/proj/LBED/lbed/LBED_LPC11xx/Debug/libLBED_LPC11xx.a(PwmOut.o)
 .debug_info    0x00000000000041b0      0xee7 /Users/take/proj/LBED/lbed/LBED_LPC11xx/Debug/libLBED_LPC11xx.a(Serial.o)
 .debug_info    0x0000000000005097       0x3a /Users/take/proj/LBED/lbed/LBED_LPC11xx/Debug/libLBED_LPC11xx.a(pure_virtual.o)
 .debug_info    0x00000000000050d1      0x177 /Users/take/proj/LBED/lbed/LBED_LPC11xx/Debug/libLBED_LPC11xx.a(wait_api.o)
 .debug_info    0x0000000000005248      0xe77 /Users/take/proj/LBED/lbed/LBED_LPC11xx/Debug/libLBED_LPC11xx.a(_timer16.o)
 .debug_info    0x00000000000060bf      0xd0f /Users/take/proj/LBED/lbed/LBED_LPC11xx/Debug/libLBED_LPC11xx.a(_timer32.o)
 .debug_info    0x0000000000006dce      0x104 /Applications/lpcxpresso_4.2.4_267/lpcxpresso/Tools/bin/../lib/gcc/arm-none-eabi/4.6.2/../../../../arm-none-eabi/lib/armv6-m/libcr_newlib_nohost.a(_cr_sbrk.o)
 .debug_info    0x0000000000006ed2       0x5c /Applications/lpcxpresso_4.2.4_267/lpcxpresso/Tools/bin/../lib/gcc/arm-none-eabi/4.6.2/../../../../arm-none-eabi/lib/armv6-m/libcr_newlib_nohost.a(_exit.o)
 .debug_info    0x0000000000006f2e       0xa5 /Applications/lpcxpresso_4.2.4_267/lpcxpresso/Tools/bin/../lib/gcc/arm-none-eabi/4.6.2/../../../../arm-none-eabi/lib/armv6-m/libcr_newlib_nohost.a(getpid.o)
 .debug_info    0x0000000000006fd3       0xc6 /Applications/lpcxpresso_4.2.4_267/lpcxpresso/Tools/bin/../lib/gcc/arm-none-eabi/4.6.2/../../../../arm-none-eabi/lib/armv6-m/libcr_newlib_nohost.a(kill.o)
 .debug_info    0x0000000000007099       0xb2 /Applications/lpcxpresso_4.2.4_267/lpcxpresso/Tools/bin/../lib/gcc/arm-none-eabi/4.6.2/../../../../arm-none-eabi/lib/armv6-m/libcr_newlib_nohost.a(_cr_check_heap.o)

.debug_abbrev   0x0000000000000000     0x1773
 .debug_abbrev  0x0000000000000000      0x277 ./src/TestTone.o
 .debug_abbrev  0x0000000000000277       0xea ./src/cr_cpp_config.o
 .debug_abbrev  0x0000000000000361       0xfa ./src/cr_startup_lpc11.o
 .debug_abbrev  0x000000000000045b       0xec /Users/take/proj/LBED/lbed/CMSISv2p00_LPC11xx/Debug/libCMSISv2p00_LPC11xx.a(system_LPC11xx.o)
 .debug_abbrev  0x0000000000000547      0x229 /Users/take/proj/LBED/lbed/LBED_USERLIB/Debug/libLBED_USERLIB.a(Tone.o)
 .debug_abbrev  0x0000000000000770      0x24c /Users/take/proj/LBED/lbed/LBED_LPC11xx/Debug/libLBED_LPC11xx.a(DigitalOut.o)
 .debug_abbrev  0x00000000000009bc      0x182 /Users/take/proj/LBED/lbed/LBED_LPC11xx/Debug/libLBED_LPC11xx.a(Print.o)
 .debug_abbrev  0x0000000000000b3e      0x24a /Users/take/proj/LBED/lbed/LBED_LPC11xx/Debug/libLBED_LPC11xx.a(PwmOut.o)
 .debug_abbrev  0x0000000000000d88      0x2b0 /Users/take/proj/LBED/lbed/LBED_LPC11xx/Debug/libLBED_LPC11xx.a(Serial.o)
 .debug_abbrev  0x0000000000001038       0x27 /Users/take/proj/LBED/lbed/LBED_LPC11xx/Debug/libLBED_LPC11xx.a(pure_virtual.o)
 .debug_abbrev  0x000000000000105f       0xf6 /Users/take/proj/LBED/lbed/LBED_LPC11xx/Debug/libLBED_LPC11xx.a(wait_api.o)
 .debug_abbrev  0x0000000000001155      0x229 /Users/take/proj/LBED/lbed/LBED_LPC11xx/Debug/libLBED_LPC11xx.a(_timer16.o)
 .debug_abbrev  0x000000000000137e      0x1d8 /Users/take/proj/LBED/lbed/LBED_LPC11xx/Debug/libLBED_LPC11xx.a(_timer32.o)
 .debug_abbrev  0x0000000000001556       0x97 /Applications/lpcxpresso_4.2.4_267/lpcxpresso/Tools/bin/../lib/gcc/arm-none-eabi/4.6.2/../../../../arm-none-eabi/lib/armv6-m/libcr_newlib_nohost.a(_cr_sbrk.o)
 .debug_abbrev  0x00000000000015ed       0x52 /Applications/lpcxpresso_4.2.4_267/lpcxpresso/Tools/bin/../lib/gcc/arm-none-eabi/4.6.2/../../../../arm-none-eabi/lib/armv6-m/libcr_newlib_nohost.a(_exit.o)
 .debug_abbrev  0x000000000000163f       0x52 /Applications/lpcxpresso_4.2.4_267/lpcxpresso/Tools/bin/../lib/gcc/arm-none-eabi/4.6.2/../../../../arm-none-eabi/lib/armv6-m/libcr_newlib_nohost.a(getpid.o)
 .debug_abbrev  0x0000000000001691       0x72 /Applications/lpcxpresso_4.2.4_267/lpcxpresso/Tools/bin/../lib/gcc/arm-none-eabi/4.6.2/../../../../arm-none-eabi/lib/armv6-m/libcr_newlib_nohost.a(kill.o)
 .debug_abbrev  0x0000000000001703       0x70 /Applications/lpcxpresso_4.2.4_267/lpcxpresso/Tools/bin/../lib/gcc/arm-none-eabi/4.6.2/../../../../arm-none-eabi/lib/armv6-m/libcr_newlib_nohost.a(_cr_check_heap.o)

.debug_loc      0x0000000000000000     0x1384
 .debug_loc     0x0000000000000000      0x17c ./src/TestTone.o
 .debug_loc     0x000000000000017c      0x144 ./src/cr_cpp_config.o
 .debug_loc     0x00000000000002c0      0x1b0 ./src/cr_startup_lpc11.o
 .debug_loc     0x0000000000000470       0x98 /Users/take/proj/LBED/lbed/CMSISv2p00_LPC11xx/Debug/libCMSISv2p00_LPC11xx.a(system_LPC11xx.o)
 .debug_loc     0x0000000000000508      0x118 /Users/take/proj/LBED/lbed/LBED_USERLIB/Debug/libLBED_USERLIB.a(Tone.o)
 .debug_loc     0x0000000000000620       0xa8 /Users/take/proj/LBED/lbed/LBED_LPC11xx/Debug/libLBED_LPC11xx.a(DigitalOut.o)
 .debug_loc     0x00000000000006c8      0x2dc /Users/take/proj/LBED/lbed/LBED_LPC11xx/Debug/libLBED_LPC11xx.a(Print.o)
 .debug_loc     0x00000000000009a4      0x118 /Users/take/proj/LBED/lbed/LBED_LPC11xx/Debug/libLBED_LPC11xx.a(PwmOut.o)
 .debug_loc     0x0000000000000abc      0x2a0 /Users/take/proj/LBED/lbed/LBED_LPC11xx/Debug/libLBED_LPC11xx.a(Serial.o)
 .debug_loc     0x0000000000000d5c       0x2c /Users/take/proj/LBED/lbed/LBED_LPC11xx/Debug/libLBED_LPC11xx.a(pure_virtual.o)
 .debug_loc     0x0000000000000d88       0x5f /Users/take/proj/LBED/lbed/LBED_LPC11xx/Debug/libLBED_LPC11xx.a(wait_api.o)
 .debug_loc     0x0000000000000de7      0x277 /Users/take/proj/LBED/lbed/LBED_LPC11xx/Debug/libLBED_LPC11xx.a(_timer16.o)
 .debug_loc     0x000000000000105e      0x258 /Users/take/proj/LBED/lbed/LBED_LPC11xx/Debug/libLBED_LPC11xx.a(_timer32.o)
 .debug_loc     0x00000000000012b6       0x68 /Applications/lpcxpresso_4.2.4_267/lpcxpresso/Tools/bin/../lib/gcc/arm-none-eabi/4.6.2/../../../../arm-none-eabi/lib/armv6-m/libcr_newlib_nohost.a(_cr_sbrk.o)
 .debug_loc     0x000000000000131e       0x20 /Applications/lpcxpresso_4.2.4_267/lpcxpresso/Tools/bin/../lib/gcc/arm-none-eabi/4.6.2/../../../../arm-none-eabi/lib/armv6-m/libcr_newlib_nohost.a(_exit.o)
 .debug_loc     0x000000000000133e       0x13 /Applications/lpcxpresso_4.2.4_267/lpcxpresso/Tools/bin/../lib/gcc/arm-none-eabi/4.6.2/../../../../arm-none-eabi/lib/armv6-m/libcr_newlib_nohost.a(kill.o)
 .debug_loc     0x0000000000001351       0x33 /Applications/lpcxpresso_4.2.4_267/lpcxpresso/Tools/bin/../lib/gcc/arm-none-eabi/4.6.2/../../../../arm-none-eabi/lib/armv6-m/libcr_newlib_nohost.a(_cr_check_heap.o)

.debug_aranges  0x0000000000000000      0x3b8
 .debug_aranges
                0x0000000000000000       0x50 ./src/TestTone.o
 .debug_aranges
                0x0000000000000050       0x48 ./src/cr_cpp_config.o
 .debug_aranges
                0x0000000000000098       0x60 ./src/cr_startup_lpc11.o
 .debug_aranges
                0x00000000000000f8       0x28 /Users/take/proj/LBED/lbed/CMSISv2p00_LPC11xx/Debug/libCMSISv2p00_LPC11xx.a(system_LPC11xx.o)
 .debug_aranges
                0x0000000000000120       0x40 /Users/take/proj/LBED/lbed/LBED_USERLIB/Debug/libLBED_USERLIB.a(Tone.o)
 .debug_aranges
                0x0000000000000160       0x20 /Users/take/proj/LBED/lbed/LBED_LPC11xx/Debug/libLBED_LPC11xx.a(DigitalOut.o)
 .debug_aranges
                0x0000000000000180       0x28 /Users/take/proj/LBED/lbed/LBED_LPC11xx/Debug/libLBED_LPC11xx.a(Print.o)
 .debug_aranges
                0x00000000000001a8       0x20 /Users/take/proj/LBED/lbed/LBED_LPC11xx/Debug/libLBED_LPC11xx.a(PwmOut.o)
 .debug_aranges
                0x00000000000001c8       0x40 /Users/take/proj/LBED/lbed/LBED_LPC11xx/Debug/libLBED_LPC11xx.a(Serial.o)
 .debug_aranges
                0x0000000000000208       0x20 /Users/take/proj/LBED/lbed/LBED_LPC11xx/Debug/libLBED_LPC11xx.a(pure_virtual.o)
 .debug_aranges
                0x0000000000000228       0x30 /Users/take/proj/LBED/lbed/LBED_LPC11xx/Debug/libLBED_LPC11xx.a(wait_api.o)
 .debug_aranges
                0x0000000000000258       0x60 /Users/take/proj/LBED/lbed/LBED_LPC11xx/Debug/libLBED_LPC11xx.a(_timer16.o)
 .debug_aranges
                0x00000000000002b8       0x60 /Users/take/proj/LBED/lbed/LBED_LPC11xx/Debug/libLBED_LPC11xx.a(_timer32.o)
 .debug_aranges
                0x0000000000000318       0x20 /Applications/lpcxpresso_4.2.4_267/lpcxpresso/Tools/bin/../lib/gcc/arm-none-eabi/4.6.2/../../../../arm-none-eabi/lib/armv6-m/libcr_newlib_nohost.a(_cr_sbrk.o)
 .debug_aranges
                0x0000000000000338       0x20 /Applications/lpcxpresso_4.2.4_267/lpcxpresso/Tools/bin/../lib/gcc/arm-none-eabi/4.6.2/../../../../arm-none-eabi/lib/armv6-m/libcr_newlib_nohost.a(_exit.o)
 .debug_aranges
                0x0000000000000358       0x20 /Applications/lpcxpresso_4.2.4_267/lpcxpresso/Tools/bin/../lib/gcc/arm-none-eabi/4.6.2/../../../../arm-none-eabi/lib/armv6-m/libcr_newlib_nohost.a(getpid.o)
 .debug_aranges
                0x0000000000000378       0x20 /Applications/lpcxpresso_4.2.4_267/lpcxpresso/Tools/bin/../lib/gcc/arm-none-eabi/4.6.2/../../../../arm-none-eabi/lib/armv6-m/libcr_newlib_nohost.a(kill.o)
 .debug_aranges
                0x0000000000000398       0x20 /Applications/lpcxpresso_4.2.4_267/lpcxpresso/Tools/bin/../lib/gcc/arm-none-eabi/4.6.2/../../../../arm-none-eabi/lib/armv6-m/libcr_newlib_nohost.a(_cr_check_heap.o)

.debug_ranges   0x0000000000000000      0x218
 .debug_ranges  0x0000000000000000       0x40 ./src/TestTone.o
 .debug_ranges  0x0000000000000040       0x38 ./src/cr_cpp_config.o
 .debug_ranges  0x0000000000000078       0x50 ./src/cr_startup_lpc11.o
 .debug_ranges  0x00000000000000c8       0x18 /Users/take/proj/LBED/lbed/CMSISv2p00_LPC11xx/Debug/libCMSISv2p00_LPC11xx.a(system_LPC11xx.o)
 .debug_ranges  0x00000000000000e0       0x30 /Users/take/proj/LBED/lbed/LBED_USERLIB/Debug/libLBED_USERLIB.a(Tone.o)
 .debug_ranges  0x0000000000000110       0x18 /Users/take/proj/LBED/lbed/LBED_LPC11xx/Debug/libLBED_LPC11xx.a(Print.o)
 .debug_ranges  0x0000000000000128       0x30 /Users/take/proj/LBED/lbed/LBED_LPC11xx/Debug/libLBED_LPC11xx.a(Serial.o)
 .debug_ranges  0x0000000000000158       0x20 /Users/take/proj/LBED/lbed/LBED_LPC11xx/Debug/libLBED_LPC11xx.a(wait_api.o)
 .debug_ranges  0x0000000000000178       0x50 /Users/take/proj/LBED/lbed/LBED_LPC11xx/Debug/libLBED_LPC11xx.a(_timer16.o)
 .debug_ranges  0x00000000000001c8       0x50 /Users/take/proj/LBED/lbed/LBED_LPC11xx/Debug/libLBED_LPC11xx.a(_timer32.o)

.debug_line     0x0000000000000000     0x1fb9
 .debug_line    0x0000000000000000      0x287 ./src/TestTone.o
 .debug_line    0x0000000000000287      0x119 ./src/cr_cpp_config.o
 .debug_line    0x00000000000003a0       0xc1 ./src/cr_startup_lpc11.o
 .debug_line    0x0000000000000461      0x3fe /Users/take/proj/LBED/lbed/CMSISv2p00_LPC11xx/Debug/libCMSISv2p00_LPC11xx.a(system_LPC11xx.o)
 .debug_line    0x000000000000085f      0x7cb /Users/take/proj/LBED/lbed/LBED_USERLIB/Debug/libLBED_USERLIB.a(Tone.o)
 .debug_line    0x000000000000102a      0x1c3 /Users/take/proj/LBED/lbed/LBED_LPC11xx/Debug/libLBED_LPC11xx.a(DigitalOut.o)
 .debug_line    0x00000000000011ed      0x137 /Users/take/proj/LBED/lbed/LBED_LPC11xx/Debug/libLBED_LPC11xx.a(Print.o)
 .debug_line    0x0000000000001324      0x1ed /Users/take/proj/LBED/lbed/LBED_LPC11xx/Debug/libLBED_LPC11xx.a(PwmOut.o)
 .debug_line    0x0000000000001511      0x211 /Users/take/proj/LBED/lbed/LBED_LPC11xx/Debug/libLBED_LPC11xx.a(Serial.o)
 .debug_line    0x0000000000001722       0x52 /Users/take/proj/LBED/lbed/LBED_LPC11xx/Debug/libLBED_LPC11xx.a(pure_virtual.o)
 .debug_line    0x0000000000001774      0x165 /Users/take/proj/LBED/lbed/LBED_LPC11xx/Debug/libLBED_LPC11xx.a(wait_api.o)
 .debug_line    0x00000000000018d9      0x28e /Users/take/proj/LBED/lbed/LBED_LPC11xx/Debug/libLBED_LPC11xx.a(_timer16.o)
 .debug_line    0x0000000000001b67      0x27d /Users/take/proj/LBED/lbed/LBED_LPC11xx/Debug/libLBED_LPC11xx.a(_timer32.o)
 .debug_line    0x0000000000001de4       0xc2 /Applications/lpcxpresso_4.2.4_267/lpcxpresso/Tools/bin/../lib/gcc/arm-none-eabi/4.6.2/../../../../arm-none-eabi/lib/armv6-m/libcr_newlib_nohost.a(_cr_sbrk.o)
 .debug_line    0x0000000000001ea6       0x3e /Applications/lpcxpresso_4.2.4_267/lpcxpresso/Tools/bin/../lib/gcc/arm-none-eabi/4.6.2/../../../../arm-none-eabi/lib/armv6-m/libcr_newlib_nohost.a(_exit.o)
 .debug_line    0x0000000000001ee4       0x43 /Applications/lpcxpresso_4.2.4_267/lpcxpresso/Tools/bin/../lib/gcc/arm-none-eabi/4.6.2/../../../../arm-none-eabi/lib/armv6-m/libcr_newlib_nohost.a(getpid.o)
 .debug_line    0x0000000000001f27       0x41 /Applications/lpcxpresso_4.2.4_267/lpcxpresso/Tools/bin/../lib/gcc/arm-none-eabi/4.6.2/../../../../arm-none-eabi/lib/armv6-m/libcr_newlib_nohost.a(kill.o)
 .debug_line    0x0000000000001f68       0x51 /Applications/lpcxpresso_4.2.4_267/lpcxpresso/Tools/bin/../lib/gcc/arm-none-eabi/4.6.2/../../../../arm-none-eabi/lib/armv6-m/libcr_newlib_nohost.a(_cr_check_heap.o)

.debug_str      0x0000000000000000     0x18b9
 .debug_str     0x0000000000000000      0x762 ./src/TestTone.o
                                        0x7e8 (size before relaxing)
 .debug_str     0x0000000000000762       0xfe ./src/cr_cpp_config.o
                                        0x1fd (size before relaxing)
 .debug_str     0x0000000000000860      0x14e ./src/cr_startup_lpc11.o
                                        0x24e (size before relaxing)
 .debug_str     0x00000000000009ae      0x30b /Users/take/proj/LBED/lbed/CMSISv2p00_LPC11xx/Debug/libCMSISv2p00_LPC11xx.a(system_LPC11xx.o)
                                        0x3ad (size before relaxing)
 .debug_str     0x0000000000000cb9       0x51 /Users/take/proj/LBED/lbed/LBED_USERLIB/Debug/libLBED_USERLIB.a(Tone.o)
                                        0x300 (size before relaxing)
 .debug_str     0x0000000000000d0a      0x1c5 /Users/take/proj/LBED/lbed/LBED_LPC11xx/Debug/libLBED_LPC11xx.a(DigitalOut.o)
                                        0x79b (size before relaxing)
 .debug_str     0x0000000000000ecf      0x1af /Users/take/proj/LBED/lbed/LBED_LPC11xx/Debug/libLBED_LPC11xx.a(Print.o)
                                        0x2ce (size before relaxing)
 .debug_str     0x000000000000107e       0x48 /Users/take/proj/LBED/lbed/LBED_LPC11xx/Debug/libLBED_LPC11xx.a(PwmOut.o)
                                        0x6b2 (size before relaxing)
 .debug_str     0x00000000000010c6      0x193 /Users/take/proj/LBED/lbed/LBED_LPC11xx/Debug/libLBED_LPC11xx.a(Serial.o)
                                        0x6e0 (size before relaxing)
 .debug_str     0x0000000000001259       0x33 /Users/take/proj/LBED/lbed/LBED_LPC11xx/Debug/libLBED_LPC11xx.a(pure_virtual.o)
                                         0xac (size before relaxing)
 .debug_str     0x000000000000128c       0x59 /Users/take/proj/LBED/lbed/LBED_LPC11xx/Debug/libLBED_LPC11xx.a(wait_api.o)
                                        0x172 (size before relaxing)
 .debug_str     0x00000000000012e5      0x37c /Users/take/proj/LBED/lbed/LBED_LPC11xx/Debug/libLBED_LPC11xx.a(_timer16.o)
                                        0x8ae (size before relaxing)
 .debug_str     0x0000000000001661      0x119 /Users/take/proj/LBED/lbed/LBED_LPC11xx/Debug/libLBED_LPC11xx.a(_timer32.o)
                                        0x880 (size before relaxing)
 .debug_str     0x000000000000177a       0xb3 /Applications/lpcxpresso_4.2.4_267/lpcxpresso/Tools/bin/../lib/gcc/arm-none-eabi/4.6.2/../../../../arm-none-eabi/lib/armv6-m/libcr_newlib_nohost.a(_cr_sbrk.o)
                                        0x143 (size before relaxing)
 .debug_str     0x000000000000182d       0x15 /Applications/lpcxpresso_4.2.4_267/lpcxpresso/Tools/bin/../lib/gcc/arm-none-eabi/4.6.2/../../../../arm-none-eabi/lib/armv6-m/libcr_newlib_nohost.a(_exit.o)
                                         0x70 (size before relaxing)
 .debug_str     0x0000000000001842       0x1e /Applications/lpcxpresso_4.2.4_267/lpcxpresso/Tools/bin/../lib/gcc/arm-none-eabi/4.6.2/../../../../arm-none-eabi/lib/armv6-m/libcr_newlib_nohost.a(getpid.o)
                                        0x102 (size before relaxing)
 .debug_str     0x0000000000001860       0x14 /Applications/lpcxpresso_4.2.4_267/lpcxpresso/Tools/bin/../lib/gcc/arm-none-eabi/4.6.2/../../../../arm-none-eabi/lib/armv6-m/libcr_newlib_nohost.a(kill.o)
                                         0xfe (size before relaxing)
 .debug_str     0x0000000000001874       0x45 /Applications/lpcxpresso_4.2.4_267/lpcxpresso/Tools/bin/../lib/gcc/arm-none-eabi/4.6.2/../../../../arm-none-eabi/lib/armv6-m/libcr_newlib_nohost.a(_cr_check_heap.o)
                                         0xcf (size before relaxing)

.comment        0x0000000000000000       0x9a
 .comment       0x0000000000000000       0x70 ./src/TestTone.o
                                         0x71 (size before relaxing)
 .comment       0x0000000000000000       0x71 ./src/cr_cpp_config.o
 .comment       0x0000000000000000       0x71 ./src/cr_startup_lpc11.o
 .comment       0x0000000000000000       0x71 /Users/take/proj/LBED/lbed/CMSISv2p00_LPC11xx/Debug/libCMSISv2p00_LPC11xx.a(system_LPC11xx.o)
 .comment       0x0000000000000000       0x71 /Users/take/proj/LBED/lbed/LBED_USERLIB/Debug/libLBED_USERLIB.a(Tone.o)
 .comment       0x0000000000000000       0x71 /Users/take/proj/LBED/lbed/LBED_LPC11xx/Debug/libLBED_LPC11xx.a(DigitalOut.o)