Archive member included because of file (symbol)

/Users/take/proj/LBED/lbed/CMSISv2p00_LPC11xx/Debug/libCMSISv2p00_LPC11xx.a(system_LPC11xx.o)
                              ./src/cr_startup_lpc11.o (SystemInit)
/Users/take/proj/LBED/lbed/LBED_LPC11xx/Debug/libLBED_LPC11xx.a(PwmOut.o)
                              ./src/TestPwmOut.o (_ZN6PwmOut10pulsewidthEf)
/Users/take/proj/LBED/lbed/LBED_LPC11xx/Debug/libLBED_LPC11xx.a(wait_api.o)
                              ./src/TestPwmOut.o (wait_init)
/Users/take/proj/LBED/lbed/LBED_LPC11xx/Debug/libLBED_LPC11xx.a(_timer16.o)
                              /Users/take/proj/LBED/lbed/LBED_LPC11xx/Debug/libLBED_LPC11xx.a(PwmOut.o) (enable_timer16)
/Users/take/proj/LBED/lbed/LBED_LPC11xx/Debug/libLBED_LPC11xx.a(_timer32.o)
                              /Users/take/proj/LBED/lbed/LBED_LPC11xx/Debug/libLBED_LPC11xx.a(PwmOut.o) (enable_timer32)
/Applications/lpcxpresso_4.2.4_267/lpcxpresso/Tools/bin/../lib/gcc/arm-none-eabi/4.6.2/armv6-m/libgcc.a(_thumb1_case_uqi.o)
                              /Users/take/proj/LBED/lbed/LBED_LPC11xx/Debug/libLBED_LPC11xx.a(_timer16.o) (__gnu_thumb1_case_uqi)
/Applications/lpcxpresso_4.2.4_267/lpcxpresso/Tools/bin/../lib/gcc/arm-none-eabi/4.6.2/armv6-m/libgcc.a(_udivsi3.o)
                              /Users/take/proj/LBED/lbed/CMSISv2p00_LPC11xx/Debug/libCMSISv2p00_LPC11xx.a(system_LPC11xx.o) (__aeabi_uidiv)
/Applications/lpcxpresso_4.2.4_267/lpcxpresso/Tools/bin/../lib/gcc/arm-none-eabi/4.6.2/armv6-m/libgcc.a(_dvmd_tls.o)
                              /Applications/lpcxpresso_4.2.4_267/lpcxpresso/Tools/bin/../lib/gcc/arm-none-eabi/4.6.2/armv6-m/libgcc.a(_udivsi3.o) (__aeabi_idiv0)
/Applications/lpcxpresso_4.2.4_267/lpcxpresso/Tools/bin/../lib/gcc/arm-none-eabi/4.6.2/armv6-m/libgcc.a(_arm_cmpsf2.o)
                              ./src/TestPwmOut.o (__aeabi_fcmpge)
/Applications/lpcxpresso_4.2.4_267/lpcxpresso/Tools/bin/../lib/gcc/arm-none-eabi/4.6.2/armv6-m/libgcc.a(_fixunssfsi.o)
                              /Users/take/proj/LBED/lbed/LBED_LPC11xx/Debug/libLBED_LPC11xx.a(PwmOut.o) (__aeabi_f2uiz)
/Applications/lpcxpresso_4.2.4_267/lpcxpresso/Tools/bin/../lib/gcc/arm-none-eabi/4.6.2/armv6-m/libgcc.a(eqsf2.o)
                              /Applications/lpcxpresso_4.2.4_267/lpcxpresso/Tools/bin/../lib/gcc/arm-none-eabi/4.6.2/armv6-m/libgcc.a(_arm_cmpsf2.o) (__eqsf2)
/Applications/lpcxpresso_4.2.4_267/lpcxpresso/Tools/bin/../lib/gcc/arm-none-eabi/4.6.2/armv6-m/libgcc.a(gesf2.o)
                              /Applications/lpcxpresso_4.2.4_267/lpcxpresso/Tools/bin/../lib/gcc/arm-none-eabi/4.6.2/armv6-m/libgcc.a(_arm_cmpsf2.o) (__gesf2)
/Applications/lpcxpresso_4.2.4_267/lpcxpresso/Tools/bin/../lib/gcc/arm-none-eabi/4.6.2/armv6-m/libgcc.a(lesf2.o)
                              /Applications/lpcxpresso_4.2.4_267/lpcxpresso/Tools/bin/../lib/gcc/arm-none-eabi/4.6.2/armv6-m/libgcc.a(_arm_cmpsf2.o) (__lesf2)
/Applications/lpcxpresso_4.2.4_267/lpcxpresso/Tools/bin/../lib/gcc/arm-none-eabi/4.6.2/armv6-m/libgcc.a(mulsf3.o)
                              ./src/TestPwmOut.o (__aeabi_fmul)
/Applications/lpcxpresso_4.2.4_267/lpcxpresso/Tools/bin/../lib/gcc/arm-none-eabi/4.6.2/armv6-m/libgcc.a(subsf3.o)
                              /Users/take/proj/LBED/lbed/LBED_LPC11xx/Debug/libLBED_LPC11xx.a(PwmOut.o) (__aeabi_fsub)
/Applications/lpcxpresso_4.2.4_267/lpcxpresso/Tools/bin/../lib/gcc/arm-none-eabi/4.6.2/armv6-m/libgcc.a(fixsfsi.o)
                              /Applications/lpcxpresso_4.2.4_267/lpcxpresso/Tools/bin/../lib/gcc/arm-none-eabi/4.6.2/armv6-m/libgcc.a(_fixunssfsi.o) (__aeabi_f2iz)
/Applications/lpcxpresso_4.2.4_267/lpcxpresso/Tools/bin/../lib/gcc/arm-none-eabi/4.6.2/armv6-m/libgcc.a(floatunsisf.o)
                              /Users/take/proj/LBED/lbed/LBED_LPC11xx/Debug/libLBED_LPC11xx.a(PwmOut.o) (__aeabi_ui2f)
/Applications/lpcxpresso_4.2.4_267/lpcxpresso/Tools/bin/../lib/gcc/arm-none-eabi/4.6.2/armv6-m/libgcc.a(adddf3.o)
                              ./src/TestPwmOut.o (__aeabi_dadd)
/Applications/lpcxpresso_4.2.4_267/lpcxpresso/Tools/bin/../lib/gcc/arm-none-eabi/4.6.2/armv6-m/libgcc.a(extendsfdf2.o)
                              ./src/TestPwmOut.o (__aeabi_f2d)
/Applications/lpcxpresso_4.2.4_267/lpcxpresso/Tools/bin/../lib/gcc/arm-none-eabi/4.6.2/armv6-m/libgcc.a(truncdfsf2.o)
                              ./src/TestPwmOut.o (__aeabi_d2f)
/Applications/lpcxpresso_4.2.4_267/lpcxpresso/Tools/bin/../lib/gcc/arm-none-eabi/4.6.2/armv6-m/libgcc.a(unwind-arm.o)
                              /Users/take/proj/LBED/lbed/LBED_LPC11xx/Debug/libLBED_LPC11xx.a(PwmOut.o) (__aeabi_unwind_cpp_pr1)
/Applications/lpcxpresso_4.2.4_267/lpcxpresso/Tools/bin/../lib/gcc/arm-none-eabi/4.6.2/armv6-m/libgcc.a(libunwind.o)
                              /Applications/lpcxpresso_4.2.4_267/lpcxpresso/Tools/bin/../lib/gcc/arm-none-eabi/4.6.2/armv6-m/libgcc.a(unwind-arm.o) (restore_core_regs)
[...]
Memory Configuration

Name             Origin             Length             Attributes
MFlash32         0x0000000000000000 0x0000000000008000 xr
RamLoc4          0x0000000010000000 0x0000000000001000 xrw
*default*        0x0000000000000000 0xffffffffffffffff

Linker script and memory map

LOAD ./src/TestPwmOut.o
LOAD ./src/cr_cpp_config.o
LOAD ./src/cr_startup_lpc11.o
LOAD /Users/take/proj/LBED/lbed/CMSISv2p00_LPC11xx/Debug/libCMSISv2p00_LPC11xx.a
LOAD /Users/take/proj/LBED/lbed/LBED_USERLIB/Debug/libLBED_USERLIB.a
LOAD /Users/take/proj/LBED/lbed/LBED_LPC11xx/Debug/libLBED_LPC11xx.a
START GROUP
LOAD /Applications/lpcxpresso_4.2.4_267/lpcxpresso/Tools/bin/../lib/gcc/arm-none-eabi/4.6.2/armv6-m/libgcc.a
LOAD /Applications/lpcxpresso_4.2.4_267/lpcxpresso/Tools/bin/../lib/gcc/arm-none-eabi/4.6.2/../../../../arm-none-eabi/lib/armv6-m/libc.a
LOAD /Applications/lpcxpresso_4.2.4_267/lpcxpresso/Tools/bin/../lib/gcc/arm-none-eabi/4.6.2/../../../../arm-none-eabi/lib/armv6-m/libstdc++.a
LOAD /Applications/lpcxpresso_4.2.4_267/lpcxpresso/Tools/bin/../lib/gcc/arm-none-eabi/4.6.2/../../../../arm-none-eabi/lib/armv6-m/libm.a
LOAD /Applications/lpcxpresso_4.2.4_267/lpcxpresso/Tools/bin/../lib/gcc/arm-none-eabi/4.6.2/../../../../arm-none-eabi/lib/armv6-m/libcr_newlib_nohost.a
LOAD /Applications/lpcxpresso_4.2.4_267/lpcxpresso/Tools/bin/../lib/gcc/arm-none-eabi/4.6.2/armv6-m/crti.o
LOAD /Applications/lpcxpresso_4.2.4_267/lpcxpresso/Tools/bin/../lib/gcc/arm-none-eabi/4.6.2/armv6-m/crtn.o
LOAD /Applications/lpcxpresso_4.2.4_267/lpcxpresso/Tools/bin/../lib/gcc/arm-none-eabi/4.6.2/armv6-m/crtbegin.o
LOAD /Applications/lpcxpresso_4.2.4_267/lpcxpresso/Tools/bin/../lib/gcc/arm-none-eabi/4.6.2/armv6-m/crtend.o
END GROUP
                0x0000000000008000                __top_MFlash32 = 0x8000
                0x0000000010001000                __top_RamLoc4 = 0x10001000

.text           0x0000000000000000     0x3a38
 FILL mask 0xff
 *(.isr_vector)
 .isr_vector    0x0000000000000000       0xc0 ./src/cr_startup_lpc11.o
                0x0000000000000000                g_pfnVectors
                0x00000000000000c0                . = ALIGN (0x4)
                0x00000000000000c0                __section_table_start = .
                0x00000000000000c0                __data_section_table = .
                0x00000000000000c0        0x4 LONG 0x3c00 LOADADDR (.data)
                0x00000000000000c4        0x4 LONG 0x10000000 ADDR (.data)
                0x00000000000000c8        0x4 LONG 0x848 SIZEOF (.data)
                0x00000000000000cc                __data_section_table_end = .
                0x00000000000000cc                __bss_section_table = .
                0x00000000000000cc        0x4 LONG 0x10000848 ADDR (.bss)
                0x00000000000000d0        0x4 LONG 0x88 SIZEOF (.bss)
                0x00000000000000d4                __bss_section_table_end = .
                0x00000000000000d4                __section_table_end = .
 *(.after_vectors*)
 .after_vectors
                0x00000000000000d4      0x158 ./src/cr_startup_lpc11.o
                0x00000000000000d4                _Z9data_initjjj
                0x0000000000000120                _Z8bss_initjj
                0x000000000000015c                ResetISR
                0x00000000000001fc                NMI_Handler
                0x0000000000000204                HardFault_Handler
                0x000000000000020c                SVC_Handler
                0x0000000000000214                PendSV_Handler
                0x000000000000021c                SysTick_Handler
                0x0000000000000224                PIOINT2_IRQHandler
                0x0000000000000224                BOD_IRQHandler
                0x0000000000000224                WAKEUP_IRQHandler
                0x0000000000000224                PIOINT0_IRQHandler
                0x0000000000000224                I2C_IRQHandler
                0x0000000000000224                WDT_IRQHandler
                0x0000000000000224                PIOINT3_IRQHandler
                0x0000000000000224                UART_IRQHandler
                0x0000000000000224                IntDefaultHandler
                0x0000000000000224                PIOINT1_IRQHandler
                0x0000000000000224                CAN_IRQHandler
                0x0000000000000224                SSP0_IRQHandler
                0x0000000000000224                ADC_IRQHandler
                0x0000000000000224                SSP1_IRQHandler
 *(.text*)
 .text._ZN6PwmOut5writeEf
                0x000000000000022c       0x3c ./src/TestPwmOut.o
                0x000000000000022c                _ZN6PwmOut5writeEf
 .text._ZN6PwmOut4readEv
                0x0000000000000268       0x14 ./src/TestPwmOut.o
                0x0000000000000268                _ZN6PwmOut4readEv
 .text._ZN6PwmOutaSEf
                0x000000000000027c       0x20 ./src/TestPwmOut.o
                0x000000000000027c                _ZN6PwmOutaSEf
 .text._ZN6PwmOutcvfEv
                0x000000000000029c       0x1c ./src/TestPwmOut.o
                0x000000000000029c                _ZN6PwmOutcvfEv
 .text.main     0x00000000000002b8       0xb0 ./src/TestPwmOut.o
                0x00000000000002b8                main
 .text.SystemInit
                0x0000000000000368       0x90 /Users/take/proj/LBED/lbed/CMSISv2p00_LPC11xx/Debug/libCMSISv2p00_LPC11xx.a(system_LPC11xx.o)
                0x0000000000000368                SystemInit
 .text          0x00000000000003f8      0x244 /Users/take/proj/LBED/lbed/LBED_LPC11xx/Debug/libLBED_LPC11xx.a(PwmOut.o)
                0x00000000000003f8                _ZN6PwmOutC1Ei
                0x00000000000003f8                _ZN6PwmOutC2Ei
                0x0000000000000454                _ZN6PwmOut5setupEf
                0x0000000000000544                _ZN6PwmOut6periodEf
                0x0000000000000560                _ZN6PwmOut10pulsewidthEf
 .text.wait_init
                0x000000000000063c       0x24 /Users/take/proj/LBED/lbed/LBED_LPC11xx/Debug/libLBED_LPC11xx.a(wait_api.o)
                0x000000000000063c                wait_init
 .text.wait_ms  0x0000000000000660       0x30 /Users/take/proj/LBED/lbed/LBED_LPC11xx/Debug/libLBED_LPC11xx.a(wait_api.o)
                0x0000000000000660                wait_ms
 .text.TIMER16_0_IRQHandler
                0x0000000000000690       0x38 /Users/take/proj/LBED/lbed/LBED_LPC11xx/Debug/libLBED_LPC11xx.a(_timer16.o)
                0x0000000000000690                TIMER16_0_IRQHandler
 .text.TIMER16_1_IRQHandler
                0x00000000000006c8       0x38 /Users/take/proj/LBED/lbed/LBED_LPC11xx/Debug/libLBED_LPC11xx.a(_timer16.o)
                0x00000000000006c8                TIMER16_1_IRQHandler
 .text.enable_timer16
                0x0000000000000700       0x1c /Users/take/proj/LBED/lbed/LBED_LPC11xx/Debug/libLBED_LPC11xx.a(_timer16.o)
                0x0000000000000700                enable_timer16
 .text.disable_timer16
                0x000000000000071c       0x1c /Users/take/proj/LBED/lbed/LBED_LPC11xx/Debug/libLBED_LPC11xx.a(_timer16.o)
                0x000000000000071c                disable_timer16
 .text.init_timer16PWM
                0x0000000000000738      0x154 /Users/take/proj/LBED/lbed/LBED_LPC11xx/Debug/libLBED_LPC11xx.a(_timer16.o)
                0x0000000000000738                init_timer16PWM
 .text.setMatch_timer16PWM
                0x000000000000088c       0x38 /Users/take/proj/LBED/lbed/LBED_LPC11xx/Debug/libLBED_LPC11xx.a(_timer16.o)
                0x000000000000088c                setMatch_timer16PWM
 .text.TIMER32_0_IRQHandler
                0x00000000000008c4       0x38 /Users/take/proj/LBED/lbed/LBED_LPC11xx/Debug/libLBED_LPC11xx.a(_timer32.o)
                0x00000000000008c4                TIMER32_0_IRQHandler
 .text.TIMER32_1_IRQHandler
                0x00000000000008fc       0x38 /Users/take/proj/LBED/lbed/LBED_LPC11xx/Debug/libLBED_LPC11xx.a(_timer32.o)
                0x00000000000008fc                TIMER32_1_IRQHandler
 .text.enable_timer32
                0x0000000000000934       0x1c /Users/take/proj/LBED/lbed/LBED_LPC11xx/Debug/libLBED_LPC11xx.a(_timer32.o)
                0x0000000000000934                enable_timer32
 .text.disable_timer32
                0x0000000000000950       0x1c /Users/take/proj/LBED/lbed/LBED_LPC11xx/Debug/libLBED_LPC11xx.a(_timer32.o)
                0x0000000000000950                disable_timer32
 .text.init_timer32PWM
                0x000000000000096c      0x134 /Users/take/proj/LBED/lbed/LBED_LPC11xx/Debug/libLBED_LPC11xx.a(_timer32.o)
                0x000000000000096c                init_timer32PWM
 .text.setMatch_timer32PWM
                0x0000000000000aa0       0x38 /Users/take/proj/LBED/lbed/LBED_LPC11xx/Debug/libLBED_LPC11xx.a(_timer32.o)
                0x0000000000000aa0                setMatch_timer32PWM
 .text          0x0000000000000ad8       0x14 /Applications/lpcxpresso_4.2.4_267/lpcxpresso/Tools/bin/../lib/gcc/arm-none-eabi/4.6.2/armv6-m/libgcc.a(_thumb1_case_uqi.o)
                0x0000000000000ad8                __gnu_thumb1_case_uqi
 .text          0x0000000000000aec       0x9c /Applications/lpcxpresso_4.2.4_267/lpcxpresso/Tools/bin/../lib/gcc/arm-none-eabi/4.6.2/armv6-m/libgcc.a(_udivsi3.o)
                0x0000000000000aec                __udivsi3
                0x0000000000000aec                __aeabi_uidiv
                0x0000000000000b74                __aeabi_uidivmod
 .text          0x0000000000000b88        0x4 /Applications/lpcxpresso_4.2.4_267/lpcxpresso/Tools/bin/../lib/gcc/arm-none-eabi/4.6.2/armv6-m/libgcc.a(_dvmd_tls.o)
                0x0000000000000b88                __aeabi_ldiv0
                0x0000000000000b88                __aeabi_idiv0
 .text          0x0000000000000b8c       0x74 /Applications/lpcxpresso_4.2.4_267/lpcxpresso/Tools/bin/../lib/gcc/arm-none-eabi/4.6.2/armv6-m/libgcc.a(_arm_cmpsf2.o)
                0x0000000000000b8c                __aeabi_cfrcmple
                0x0000000000000b94                __aeabi_cfcmple
                0x0000000000000b94                __aeabi_cfcmpeq
                0x0000000000000ba4                __aeabi_fcmpeq
                0x0000000000000bb0                __aeabi_fcmplt
                0x0000000000000bc4                __aeabi_fcmple
                0x0000000000000bd8                __aeabi_fcmpgt
                0x0000000000000bec                __aeabi_fcmpge
 .text          0x0000000000000c00       0x30 /Applications/lpcxpresso_4.2.4_267/lpcxpresso/Tools/bin/../lib/gcc/arm-none-eabi/4.6.2/armv6-m/libgcc.a(_fixunssfsi.o)
                0x0000000000000c00                __aeabi_f2uiz
                0x0000000000000c00                __fixunssfsi
 .text          0x0000000000000c30       0x54 /Applications/lpcxpresso_4.2.4_267/lpcxpresso/Tools/bin/../lib/gcc/arm-none-eabi/4.6.2/armv6-m/libgcc.a(eqsf2.o)
                0x0000000000000c30                __nesf2
                0x0000000000000c30                __eqsf2
 .text          0x0000000000000c84       0xa0 /Applications/lpcxpresso_4.2.4_267/lpcxpresso/Tools/bin/../lib/gcc/arm-none-eabi/4.6.2/armv6-m/libgcc.a(gesf2.o)
                0x0000000000000c84                __gtsf2
                0x0000000000000c84                __gesf2
 .text          0x0000000000000d24       0x98 /Applications/lpcxpresso_4.2.4_267/lpcxpresso/Tools/bin/../lib/gcc/arm-none-eabi/4.6.2/armv6-m/libgcc.a(lesf2.o)
                0x0000000000000d24                __lesf2
                0x0000000000000d24                __ltsf2
 .text          0x0000000000000dbc      0x228 /Applications/lpcxpresso_4.2.4_267/lpcxpresso/Tools/bin/../lib/gcc/arm-none-eabi/4.6.2/armv6-m/libgcc.a(mulsf3.o)
                0x0000000000000dbc                __aeabi_fmul
 .text          0x0000000000000fe4      0x394 /Applications/lpcxpresso_4.2.4_267/lpcxpresso/Tools/bin/../lib/gcc/arm-none-eabi/4.6.2/armv6-m/libgcc.a(subsf3.o)
                0x0000000000000fe4                __aeabi_fsub
 .text          0x0000000000001378       0x40 /Applications/lpcxpresso_4.2.4_267/lpcxpresso/Tools/bin/../lib/gcc/arm-none-eabi/4.6.2/armv6-m/libgcc.a(fixsfsi.o)
                0x0000000000001378                __aeabi_f2iz
 .text          0x00000000000013b8       0xa8 /Applications/lpcxpresso_4.2.4_267/lpcxpresso/Tools/bin/../lib/gcc/arm-none-eabi/4.6.2/armv6-m/libgcc.a(floatunsisf.o)
                0x00000000000013b8                __aeabi_ui2f
 .text          0x0000000000001460      0x6d4 /Applications/lpcxpresso_4.2.4_267/lpcxpresso/Tools/bin/../lib/gcc/arm-none-eabi/4.6.2/armv6-m/libgcc.a(adddf3.o)
                0x0000000000001460                __aeabi_dadd
 .text          0x0000000000001b34       0xa8 /Applications/lpcxpresso_4.2.4_267/lpcxpresso/Tools/bin/../lib/gcc/arm-none-eabi/4.6.2/armv6-m/libgcc.a(extendsfdf2.o)
                0x0000000000001b34                __aeabi_f2d
 .text          0x0000000000001bdc      0x148 /Applications/lpcxpresso_4.2.4_267/lpcxpresso/Tools/bin/../lib/gcc/arm-none-eabi/4.6.2/armv6-m/libgcc.a(truncdfsf2.o)
                0x0000000000001bdc                __aeabi_d2f
 .text          0x0000000000001d24      0xb5c /Applications/lpcxpresso_4.2.4_267/lpcxpresso/Tools/bin/../lib/gcc/arm-none-eabi/4.6.2/armv6-m/libgcc.a(unwind-arm.o)
                0x0000000000001fe4                _Unwind_VRS_Get
                0x0000000000002028                _Unwind_VRS_Set
                0x000000000000238c                __aeabi_unwind_cpp_pr2
                0x0000000000002398                __aeabi_unwind_cpp_pr1
                0x00000000000023a4                __aeabi_unwind_cpp_pr0
                0x00000000000023b0                _Unwind_VRS_Pop
                0x0000000000002734                _Unwind_GetCFA
                0x0000000000002738                __gnu_Unwind_RaiseException
                0x0000000000002790                __gnu_Unwind_ForcedUnwind
                0x00000000000027a4                __gnu_Unwind_Resume
                0x00000000000027e4                __gnu_Unwind_Resume_or_Rethrow
                0x0000000000002800                _Unwind_Complete
                0x0000000000002804                _Unwind_DeleteException
                0x0000000000002814                __gnu_Unwind_Backtrace
 .text          0x0000000000002880      0x144 /Applications/lpcxpresso_4.2.4_267/lpcxpresso/Tools/bin/../lib/gcc/arm-none-eabi/4.6.2/armv6-m/libgcc.a(libunwind.o)
                0x0000000000002880                __restore_core_regs
                0x0000000000002880                restore_core_regs
                0x00000000000028ac                __gnu_Unwind_Restore_VFP
                0x00000000000028b0                __gnu_Unwind_Save_VFP
                0x00000000000028b4                __gnu_Unwind_Restore_VFP_D
                0x00000000000028b8                __gnu_Unwind_Save_VFP_D
                0x00000000000028bc                __gnu_Unwind_Restore_VFP_D_16_to_31
                0x00000000000028c0                __gnu_Unwind_Save_VFP_D_16_to_31
                0x00000000000028c4                __gnu_Unwind_Restore_WMMXD
                0x00000000000028c8                __gnu_Unwind_Save_WMMXD
                0x00000000000028cc                __gnu_Unwind_Restore_WMMXC
                0x00000000000028d0                __gnu_Unwind_Save_WMMXC
                0x00000000000028d4                _Unwind_RaiseException
                0x00000000000028d4                ___Unwind_RaiseException
                0x0000000000002904                ___Unwind_Resume
                0x0000000000002904                _Unwind_Resume
                0x0000000000002934                ___Unwind_Resume_or_Rethrow
                0x0000000000002934                _Unwind_Resume_or_Rethrow
                0x0000000000002964                _Unwind_ForcedUnwind
                0x0000000000002964                ___Unwind_ForcedUnwind
                0x0000000000002994                _Unwind_Backtrace
                0x0000000000002994                ___Unwind_Backtrace
 .text          0x00000000000029c4      0x38c /Applications/lpcxpresso_4.2.4_267/lpcxpresso/Tools/bin/../lib/gcc/arm-none-eabi/4.6.2/armv6-m/libgcc.a(pr-support.o)
                0x0000000000002a18                __gnu_unwind_execute
                0x0000000000002cf8                __gnu_unwind_frame
                0x0000000000002d20                _Unwind_GetRegionStart
                0x0000000000002d2c                _Unwind_GetLanguageSpecificData
                0x0000000000002d40                _Unwind_GetDataRelBase
                0x0000000000002d48                _Unwind_GetTextRelBase
 .text          0x0000000000002d50       0x3c /Applications/lpcxpresso_4.2.4_267/lpcxpresso/Tools/bin/../lib/gcc/arm-none-eabi/4.6.2/armv6-m/libgcc.a(_clzsi2.o)
                0x0000000000002d50                __clzsi2
 .text          0x0000000000002d8c       0x10 /Applications/lpcxpresso_4.2.4_267/lpcxpresso/Tools/bin/../lib/gcc/arm-none-eabi/4.6.2/../../../../arm-none-eabi/lib/armv6-m/libc.a(lib_a-abort.o)
                0x0000000000002d8c                abort
 .text          0x0000000000002d9c       0x44 /Applications/lpcxpresso_4.2.4_267/lpcxpresso/Tools/bin/../lib/gcc/arm-none-eabi/4.6.2/../../../../arm-none-eabi/lib/armv6-m/libc.a(lib_a-init.o)
                0x0000000000002d9c                __libc_init_array
 .text          0x0000000000002de0      0x514 /Applications/lpcxpresso_4.2.4_267/lpcxpresso/Tools/bin/../lib/gcc/arm-none-eabi/4.6.2/../../../../arm-none-eabi/lib/armv6-m/libc.a(lib_a-mallocr.o)
                0x0000000000002de0                _malloc_r
 .text          0x00000000000032f4       0x7c /Applications/lpcxpresso_4.2.4_267/lpcxpresso/Tools/bin/../lib/gcc/arm-none-eabi/4.6.2/../../../../arm-none-eabi/lib/armv6-m/libc.a(lib_a-memcpy.o)
                0x00000000000032f4                memcpy
 .text          0x0000000000003370        0x8 /Applications/lpcxpresso_4.2.4_267/lpcxpresso/Tools/bin/../lib/gcc/arm-none-eabi/4.6.2/../../../../arm-none-eabi/lib/armv6-m/libc.a(lib_a-mlock.o)
                0x0000000000003370                __malloc_lock
                0x0000000000003374                __malloc_unlock
 .text          0x0000000000003378       0x24 /Applications/lpcxpresso_4.2.4_267/lpcxpresso/Tools/bin/../lib/gcc/arm-none-eabi/4.6.2/../../../../arm-none-eabi/lib/armv6-m/libc.a(lib_a-sbrkr.o)
                0x0000000000003378                _sbrk_r
 .text          0x000000000000339c      0x16c /Applications/lpcxpresso_4.2.4_267/lpcxpresso/Tools/bin/../lib/gcc/arm-none-eabi/4.6.2/../../../../arm-none-eabi/lib/armv6-m/libc.a(lib_a-signal.o)
                0x000000000000339c                _init_signal_r
                0x00000000000033d8                _signal_r
                0x0000000000003414                _raise_r
                0x000000000000346c                __sigtramp_r
                0x00000000000034b8                raise
                0x00000000000034cc                signal
                0x00000000000034e4                _init_signal
                0x00000000000034f4                __sigtramp
 .text          0x0000000000003508       0x30 /Applications/lpcxpresso_4.2.4_267/lpcxpresso/Tools/bin/../lib/gcc/arm-none-eabi/4.6.2/../../../../arm-none-eabi/lib/armv6-m/libc.a(lib_a-signalr.o)
                0x0000000000003508                _kill_r
                0x0000000000003530                _getpid_r
 .text          0x0000000000003538      0x240 /Applications/lpcxpresso_4.2.4_267/lpcxpresso/Tools/bin/../lib/gcc/arm-none-eabi/4.6.2/../../../../arm-none-eabi/lib/armv6-m/libc.a(lib_a-freer.o)
                0x0000000000003538                _malloc_trim_r
                0x00000000000035e0                _free_r
 .text          0x0000000000003778       0x40 /Applications/lpcxpresso_4.2.4_267/lpcxpresso/Tools/bin/../lib/gcc/arm-none-eabi/4.6.2/../../../../arm-none-eabi/lib/armv6-m/libcr_newlib_nohost.a(_cr_sbrk.o)
                0x0000000000003778                _sbrk
 .text          0x00000000000037b8        0x4 /Applications/lpcxpresso_4.2.4_267/lpcxpresso/Tools/bin/../lib/gcc/arm-none-eabi/4.6.2/../../../../arm-none-eabi/lib/armv6-m/libcr_newlib_nohost.a(_exit.o)
                0x00000000000037b8                _exit
 .text          0x00000000000037bc       0x10 /Applications/lpcxpresso_4.2.4_267/lpcxpresso/Tools/bin/../lib/gcc/arm-none-eabi/4.6.2/../../../../arm-none-eabi/lib/armv6-m/libcr_newlib_nohost.a(getpid.o)
                0x00000000000037bc                _getpid
 .text          0x00000000000037cc       0x10 /Applications/lpcxpresso_4.2.4_267/lpcxpresso/Tools/bin/../lib/gcc/arm-none-eabi/4.6.2/../../../../arm-none-eabi/lib/armv6-m/libcr_newlib_nohost.a(kill.o)
                0x00000000000037cc                _kill
 .text          0x00000000000037dc       0x2c /Applications/lpcxpresso_4.2.4_267/lpcxpresso/Tools/bin/../lib/gcc/arm-none-eabi/4.6.2/../../../../arm-none-eabi/lib/armv6-m/libcr_newlib_nohost.a(_cr_check_heap.o)
                0x00000000000037dc                __check_heap_overflow
 .text          0x0000000000003808       0x60 /Applications/lpcxpresso_4.2.4_267/lpcxpresso/Tools/bin/../lib/gcc/arm-none-eabi/4.6.2/armv6-m/crtbegin.o
 .text          0x0000000000003868        0xc /Applications/lpcxpresso_4.2.4_267/lpcxpresso/Tools/bin/../lib/gcc/arm-none-eabi/4.6.2/../../../../arm-none-eabi/lib/armv6-m/libc.a(lib_a-errno.o)
                0x0000000000003868                __errno
 *(.rodata .rodata.*)
 .rodata        0x0000000000003874      0x150 /Users/take/proj/LBED/lbed/LBED_LPC11xx/Debug/libLBED_LPC11xx.a(PwmOut.o)
 .rodata        0x00000000000039c4       0x40 /Applications/lpcxpresso_4.2.4_267/lpcxpresso/Tools/bin/../lib/gcc/arm-none-eabi/4.6.2/armv6-m/libgcc.a(mulsf3.o)
 .rodata        0x0000000000003a04       0x14 /Applications/lpcxpresso_4.2.4_267/lpcxpresso/Tools/bin/../lib/gcc/arm-none-eabi/4.6.2/armv6-m/libgcc.a(unwind-arm.o)
 .rodata.str1.4
                0x0000000000003a18        0x4 /Applications/lpcxpresso_4.2.4_267/lpcxpresso/Tools/bin/../lib/gcc/arm-none-eabi/4.6.2/../../../../arm-none-eabi/lib/armv6-m/libc.a(lib_a-impure.o)
                0x0000000000003a1c                . = ALIGN (0x4)
                0x0000000000003a1c                . = ALIGN (0x4)
 *(.init)
 .init          0x0000000000003a1c        0x4 /Applications/lpcxpresso_4.2.4_267/lpcxpresso/Tools/bin/../lib/gcc/arm-none-eabi/4.6.2/armv6-m/crti.o
                0x0000000000003a1c                _init
 .init          0x0000000000003a20        0x8 /Applications/lpcxpresso_4.2.4_267/lpcxpresso/Tools/bin/../lib/gcc/arm-none-eabi/4.6.2/armv6-m/crtn.o
                0x0000000000003a28                . = ALIGN (0x4)
                0x0000000000003a28                __preinit_array_start = .
 *(.preinit_array)
                0x0000000000003a28                __preinit_array_end = .
                0x0000000000003a28                . = ALIGN (0x4)
                0x0000000000003a28                __init_array_start = .
 *(SORT(.init_array.*))
 *(.init_array)
 .init_array    0x0000000000003a28        0x4 /Applications/lpcxpresso_4.2.4_267/lpcxpresso/Tools/bin/../lib/gcc/arm-none-eabi/4.6.2/armv6-m/crtbegin.o
                0x0000000000003a2c                __init_array_end = .
 *(.fini)
 .fini          0x0000000000003a2c        0x4 /Applications/lpcxpresso_4.2.4_267/lpcxpresso/Tools/bin/../lib/gcc/arm-none-eabi/4.6.2/armv6-m/crti.o
                0x0000000000003a2c                _fini
 .fini          0x0000000000003a30        0x8 /Applications/lpcxpresso_4.2.4_267/lpcxpresso/Tools/bin/../lib/gcc/arm-none-eabi/4.6.2/armv6-m/crtn.o
                0x0000000000003a38                . = ALIGN (0x4)
 *crtbegin.o(.ctors)
 *(EXCLUDE_FILE(*crtend.o) .ctors)
 *(SORT(.ctors.*))
 *crtend.o(.ctors)
                0x0000000000003a38                . = ALIGN (0x4)
 *crtbegin.o(.dtors)
 *(EXCLUDE_FILE(*crtend.o) .dtors)
 *(SORT(.dtors.*))
 *crtend.o(.dtors)

.glue_7         0x0000000000003a38        0x0
 .glue_7        0x0000000000000000        0x0 linker stubs

.glue_7t        0x0000000000003a38        0x0
 .glue_7t       0x0000000000000000        0x0 linker stubs

.vfp11_veneer   0x0000000000003a38        0x0
 .vfp11_veneer  0x0000000000000000        0x0 linker stubs

.v4_bx          0x0000000000003a38        0x0
 .v4_bx         0x0000000000000000        0x0 linker stubs

.ARM.extab      0x0000000000003a38       0xcc
 *(.ARM.extab* .gnu.linkonce.armextab.*)
 .ARM.extab     0x0000000000003a38       0x30 /Users/take/proj/LBED/lbed/LBED_LPC11xx/Debug/libLBED_LPC11xx.a(PwmOut.o)
 .ARM.extab     0x0000000000003a68        0x0 /Applications/lpcxpresso_4.2.4_267/lpcxpresso/Tools/bin/../lib/gcc/arm-none-eabi/4.6.2/armv6-m/libgcc.a(eqsf2.o)
 .ARM.extab     0x0000000000003a68        0x0 /Applications/lpcxpresso_4.2.4_267/lpcxpresso/Tools/bin/../lib/gcc/arm-none-eabi/4.6.2/armv6-m/libgcc.a(gesf2.o)
 .ARM.extab     0x0000000000003a68        0x0 /Applications/lpcxpresso_4.2.4_267/lpcxpresso/Tools/bin/../lib/gcc/arm-none-eabi/4.6.2/armv6-m/libgcc.a(lesf2.o)
 .ARM.extab     0x0000000000003a68        0x0 /Applications/lpcxpresso_4.2.4_267/lpcxpresso/Tools/bin/../lib/gcc/arm-none-eabi/4.6.2/armv6-m/libgcc.a(mulsf3.o)
 .ARM.extab     0x0000000000003a68        0x0 /Applications/lpcxpresso_4.2.4_267/lpcxpresso/Tools/bin/../lib/gcc/arm-none-eabi/4.6.2/armv6-m/libgcc.a(subsf3.o)
 .ARM.extab     0x0000000000003a68        0x0 /Applications/lpcxpresso_4.2.4_267/lpcxpresso/Tools/bin/../lib/gcc/arm-none-eabi/4.6.2/armv6-m/libgcc.a(fixsfsi.o)
 .ARM.extab     0x0000000000003a68        0x0 /Applications/lpcxpresso_4.2.4_267/lpcxpresso/Tools/bin/../lib/gcc/arm-none-eabi/4.6.2/armv6-m/libgcc.a(floatunsisf.o)
 .ARM.extab     0x0000000000003a68        0x0 /Applications/lpcxpresso_4.2.4_267/lpcxpresso/Tools/bin/../lib/gcc/arm-none-eabi/4.6.2/armv6-m/libgcc.a(adddf3.o)
 .ARM.extab     0x0000000000003a68        0x0 /Applications/lpcxpresso_4.2.4_267/lpcxpresso/Tools/bin/../lib/gcc/arm-none-eabi/4.6.2/armv6-m/libgcc.a(extendsfdf2.o)
 .ARM.extab     0x0000000000003a68        0x0 /Applications/lpcxpresso_4.2.4_267/lpcxpresso/Tools/bin/../lib/gcc/arm-none-eabi/4.6.2/armv6-m/libgcc.a(truncdfsf2.o)
 .ARM.extab     0x0000000000003a68       0x6c /Applications/lpcxpresso_4.2.4_267/lpcxpresso/Tools/bin/../lib/gcc/arm-none-eabi/4.6.2/armv6-m/libgcc.a(unwind-arm.o)
 .ARM.extab     0x0000000000003ad4       0x30 /Applications/lpcxpresso_4.2.4_267/lpcxpresso/Tools/bin/../lib/gcc/arm-none-eabi/4.6.2/armv6-m/libgcc.a(pr-support.o)
                0x0000000000003b04                __exidx_start = .

.eh_frame       0x0000000000003b04        0x0
 .eh_frame      0x0000000000003b04        0x0 /Applications/lpcxpresso_4.2.4_267/lpcxpresso/Tools/bin/../lib/gcc/arm-none-eabi/4.6.2/armv6-m/crtbegin.o

.ARM.exidx      0x0000000000003b04       0xf8
 *(.ARM.exidx* .gnu.linkonce.armexidx.*)
 .ARM.exidx     0x0000000000003b04       0x28 /Users/take/proj/LBED/lbed/LBED_LPC11xx/Debug/libLBED_LPC11xx.a(PwmOut.o)
                                         0x20 (size before relaxing)
 .ARM.exidx     0x0000000000003b2c        0x0 /Applications/lpcxpresso_4.2.4_267/lpcxpresso/Tools/bin/../lib/gcc/arm-none-eabi/4.6.2/armv6-m/libgcc.a(eqsf2.o)
                                          0x8 (size before relaxing)
 .ARM.exidx     0x0000000000003b2c        0x0 /Applications/lpcxpresso_4.2.4_267/lpcxpresso/Tools/bin/../lib/gcc/arm-none-eabi/4.6.2/armv6-m/libgcc.a(gesf2.o)
                                          0x8 (size before relaxing)
 .ARM.exidx     0x0000000000003b2c        0x0 /Applications/lpcxpresso_4.2.4_267/lpcxpresso/Tools/bin/../lib/gcc/arm-none-eabi/4.6.2/armv6-m/libgcc.a(lesf2.o)
                                          0x8 (size before relaxing)
 .ARM.exidx     0x0000000000003b2c        0x0 /Applications/lpcxpresso_4.2.4_267/lpcxpresso/Tools/bin/../lib/gcc/arm-none-eabi/4.6.2/armv6-m/libgcc.a(mulsf3.o)
                                          0x8 (size before relaxing)
 .ARM.exidx     0x0000000000003b2c        0x0 /Applications/lpcxpresso_4.2.4_267/lpcxpresso/Tools/bin/../lib/gcc/arm-none-eabi/4.6.2/armv6-m/libgcc.a(subsf3.o)
                                          0x8 (size before relaxing)
 .ARM.exidx     0x0000000000003b2c        0x0 /Applications/lpcxpresso_4.2.4_267/lpcxpresso/Tools/bin/../lib/gcc/arm-none-eabi/4.6.2/armv6-m/libgcc.a(fixsfsi.o)
                                          0x8 (size before relaxing)
 .ARM.exidx     0x0000000000003b2c        0x0 /Applications/lpcxpresso_4.2.4_267/lpcxpresso/Tools/bin/../lib/gcc/arm-none-eabi/4.6.2/armv6-m/libgcc.a(floatunsisf.o)
                                          0x8 (size before relaxing)
 .ARM.exidx     0x0000000000003b2c        0x0 /Applications/lpcxpresso_4.2.4_267/lpcxpresso/Tools/bin/../lib/gcc/arm-none-eabi/4.6.2/armv6-m/libgcc.a(adddf3.o)
                                          0x8 (size before relaxing)
 .ARM.exidx     0x0000000000003b2c        0x0 /Applications/lpcxpresso_4.2.4_267/lpcxpresso/Tools/bin/../lib/gcc/arm-none-eabi/4.6.2/armv6-m/libgcc.a(extendsfdf2.o)
                                          0x8 (size before relaxing)
 .ARM.exidx     0x0000000000003b2c        0x0 /Applications/lpcxpresso_4.2.4_267/lpcxpresso/Tools/bin/../lib/gcc/arm-none-eabi/4.6.2/armv6-m/libgcc.a(truncdfsf2.o)
                                          0x8 (size before relaxing)
 .ARM.exidx     0x0000000000003b2c       0x98 /Applications/lpcxpresso_4.2.4_267/lpcxpresso/Tools/bin/../lib/gcc/arm-none-eabi/4.6.2/armv6-m/libgcc.a(unwind-arm.o)
                                         0xc0 (size before relaxing)
 .ARM.exidx     0x0000000000003bc4       0x38 /Applications/lpcxpresso_4.2.4_267/lpcxpresso/Tools/bin/../lib/gcc/arm-none-eabi/4.6.2/armv6-m/libgcc.a(pr-support.o)
                                         0x48 (size before relaxing)
                0x0000000000003bfc                __exidx_end = .
                0x0000000000003bfc                _etext = .

.uninit_RESERVED
 *(.bss.$RESERVED*)

.data           0x0000000010000000      0x848 load address 0x0000000000003c00
 FILL mask 0xff
                0x0000000010000000                _data = .
 *(vtable)
 *(.data*)
 .data.SystemCoreClock
                0x0000000010000000        0x4 /Users/take/proj/LBED/lbed/CMSISv2p00_LPC11xx/Debug/libCMSISv2p00_LPC11xx.a(system_LPC11xx.o)
                0x0000000010000000                SystemCoreClock
 .data          0x0000000010000004      0x410 /Applications/lpcxpresso_4.2.4_267/lpcxpresso/Tools/bin/../lib/gcc/arm-none-eabi/4.6.2/../../../../arm-none-eabi/lib/armv6-m/libc.a(lib_a-mallocr.o)
                0x0000000010000004                __malloc_av_
                0x000000001000040c                __malloc_sbrk_base
                0x0000000010000410                __malloc_trim_threshold
 *fill*         0x0000000010000414        0x4 00
 .data          0x0000000010000418      0x430 /Applications/lpcxpresso_4.2.4_267/lpcxpresso/Tools/bin/../lib/gcc/arm-none-eabi/4.6.2/../../../../arm-none-eabi/lib/armv6-m/libc.a(lib_a-impure.o)
                0x0000000010000418                _impure_ptr
                0x0000000010000848                . = ALIGN (0x4)
                0x0000000010000848                _edata = .

.jcr            0x0000000010000848        0x0 load address 0x0000000000004448
 .jcr           0x0000000010000848        0x0 /Applications/lpcxpresso_4.2.4_267/lpcxpresso/Tools/bin/../lib/gcc/arm-none-eabi/4.6.2/armv6-m/crtbegin.o

.bss            0x0000000010000848       0x88 load address 0x0000000000004448
                0x0000000010000848                _bss = .
 *(.bss*)
 .bss.timer16_1_period
                0x0000000010000848        0x4 /Users/take/proj/LBED/lbed/LBED_LPC11xx/Debug/libLBED_LPC11xx.a(_timer16.o)
                0x0000000010000848                timer16_1_period
 .bss.timer16_0_counter
                0x000000001000084c        0x4 /Users/take/proj/LBED/lbed/LBED_LPC11xx/Debug/libLBED_LPC11xx.a(_timer16.o)
                0x000000001000084c                timer16_0_counter
 .bss.timer16_0_capture
                0x0000000010000850        0x4 /Users/take/proj/LBED/lbed/LBED_LPC11xx/Debug/libLBED_LPC11xx.a(_timer16.o)
                0x0000000010000850                timer16_0_capture
 .bss.timer16_1_counter
                0x0000000010000854        0x4 /Users/take/proj/LBED/lbed/LBED_LPC11xx/Debug/libLBED_LPC11xx.a(_timer16.o)
                0x0000000010000854                timer16_1_counter
 .bss.timer16_1_capture
                0x0000000010000858        0x4 /Users/take/proj/LBED/lbed/LBED_LPC11xx/Debug/libLBED_LPC11xx.a(_timer16.o)
                0x0000000010000858                timer16_1_capture
 .bss.timer16_0_period
                0x000000001000085c        0x4 /Users/take/proj/LBED/lbed/LBED_LPC11xx/Debug/libLBED_LPC11xx.a(_timer16.o)
                0x000000001000085c                timer16_0_period
 .bss.timer32_1_period
                0x0000000010000860        0x4 /Users/take/proj/LBED/lbed/LBED_LPC11xx/Debug/libLBED_LPC11xx.a(_timer32.o)
                0x0000000010000860                timer32_1_period
 .bss.timer32_0_counter
                0x0000000010000864        0x4 /Users/take/proj/LBED/lbed/LBED_LPC11xx/Debug/libLBED_LPC11xx.a(_timer32.o)
                0x0000000010000864                timer32_0_counter
 .bss.timer32_0_capture
                0x0000000010000868        0x4 /Users/take/proj/LBED/lbed/LBED_LPC11xx/Debug/libLBED_LPC11xx.a(_timer32.o)
                0x0000000010000868                timer32_0_capture
 .bss.timer32_1_counter
                0x000000001000086c        0x4 /Users/take/proj/LBED/lbed/LBED_LPC11xx/Debug/libLBED_LPC11xx.a(_timer32.o)
                0x000000001000086c                timer32_1_counter
 .bss.timer32_1_capture
                0x0000000010000870        0x4 /Users/take/proj/LBED/lbed/LBED_LPC11xx/Debug/libLBED_LPC11xx.a(_timer32.o)
                0x0000000010000870                timer32_1_capture
 .bss.timer32_0_period
                0x0000000010000874        0x4 /Users/take/proj/LBED/lbed/LBED_LPC11xx/Debug/libLBED_LPC11xx.a(_timer32.o)
                0x0000000010000874                timer32_0_period
 .bss           0x0000000010000878       0x34 /Applications/lpcxpresso_4.2.4_267/lpcxpresso/Tools/bin/../lib/gcc/arm-none-eabi/4.6.2/../../../../arm-none-eabi/lib/armv6-m/libc.a(lib_a-mallocr.o)
                0x0000000010000878                __malloc_top_pad
                0x000000001000087c                __malloc_current_mallinfo
                0x00000000100008a4                __malloc_max_sbrked_mem
                0x00000000100008a8                __malloc_max_total_mem
 .bss           0x00000000100008ac       0x1c /Applications/lpcxpresso_4.2.4_267/lpcxpresso/Tools/bin/../lib/gcc/arm-none-eabi/4.6.2/armv6-m/crtbegin.o
 *(COMMON)
 COMMON         0x00000000100008c8        0x4 /Applications/lpcxpresso_4.2.4_267/lpcxpresso/Tools/bin/../lib/gcc/arm-none-eabi/4.6.2/../../../../arm-none-eabi/lib/armv6-m/libc.a(lib_a-reent.o)
                0x00000000100008c8                errno
 COMMON         0x00000000100008cc        0x4 /Applications/lpcxpresso_4.2.4_267/lpcxpresso/Tools/bin/../lib/gcc/arm-none-eabi/4.6.2/../../../../arm-none-eabi/lib/armv6-m/libcr_newlib_nohost.a(_cr_sbrk.o)
                0x00000000100008cc                __end_of_heap
                0x00000000100008d0                . = ALIGN (0x4)
                0x00000000100008d0                _ebss = .
                0x00000000100008d0                PROVIDE (end, .)
                0x00000000100008d0                PROVIDE (_pvHeapStart, .)
                0x0000000010001000                PROVIDE (_vStackTop, (__top_RamLoc4 - 0x0))
OUTPUT(LBED_MAIN.axf elf32-littlearm)

.debug_info     0x0000000000000000     0x420a
 .debug_info    0x0000000000000000      0xc1c ./src/TestPwmOut.o
 .debug_info    0x0000000000000c1c      0x1b6 ./src/cr_cpp_config.o
 .debug_info    0x0000000000000dd2      0x283 ./src/cr_startup_lpc11.o
 .debug_info    0x0000000000001055      0x4e4 /Users/take/proj/LBED/lbed/CMSISv2p00_LPC11xx/Debug/libCMSISv2p00_LPC11xx.a(system_LPC11xx.o)
 .debug_info    0x0000000000001539      0xc57 /Users/take/proj/LBED/lbed/LBED_LPC11xx/Debug/libLBED_LPC11xx.a(PwmOut.o)
 .debug_info    0x0000000000002190      0x177 /Users/take/proj/LBED/lbed/LBED_LPC11xx/Debug/libLBED_LPC11xx.a(wait_api.o)
 .debug_info    0x0000000000002307      0xe77 /Users/take/proj/LBED/lbed/LBED_LPC11xx/Debug/libLBED_LPC11xx.a(_timer16.o)
 .debug_info    0x000000000000317e      0xd0f /Users/take/proj/LBED/lbed/LBED_LPC11xx/Debug/libLBED_LPC11xx.a(_timer32.o)
 .debug_info    0x0000000000003e8d      0x104 /Applications/lpcxpresso_4.2.4_267/lpcxpresso/Tools/bin/../lib/gcc/arm-none-eabi/4.6.2/../../../../arm-none-eabi/lib/armv6-m/libcr_newlib_nohost.a(_cr_sbrk.o)
 .debug_info    0x0000000000003f91       0x5c /Applications/lpcxpresso_4.2.4_267/lpcxpresso/Tools/bin/../lib/gcc/arm-none-eabi/4.6.2/../../../../arm-none-eabi/lib/armv6-m/libcr_newlib_nohost.a(_exit.o)
 .debug_info    0x0000000000003fed       0xa5 /Applications/lpcxpresso_4.2.4_267/lpcxpresso/Tools/bin/../lib/gcc/arm-none-eabi/4.6.2/../../../../arm-none-eabi/lib/armv6-m/libcr_newlib_nohost.a(getpid.o)
 .debug_info    0x0000000000004092       0xc6 /Applications/lpcxpresso_4.2.4_267/lpcxpresso/Tools/bin/../lib/gcc/arm-none-eabi/4.6.2/../../../../arm-none-eabi/lib/armv6-m/libcr_newlib_nohost.a(kill.o)
 .debug_info    0x0000000000004158       0xb2 /Applications/lpcxpresso_4.2.4_267/lpcxpresso/Tools/bin/../lib/gcc/arm-none-eabi/4.6.2/../../../../arm-none-eabi/lib/armv6-m/libcr_newlib_nohost.a(_cr_check_heap.o)

.debug_abbrev   0x0000000000000000      0xe2a
 .debug_abbrev  0x0000000000000000      0x20c ./src/TestPwmOut.o
 .debug_abbrev  0x000000000000020c       0xea ./src/cr_cpp_config.o
 .debug_abbrev  0x00000000000002f6       0xfa ./src/cr_startup_lpc11.o
 .debug_abbrev  0x00000000000003f0       0xec /Users/take/proj/LBED/lbed/CMSISv2p00_LPC11xx/Debug/libCMSISv2p00_LPC11xx.a(system_LPC11xx.o)
 .debug_abbrev  0x00000000000004dc      0x23a /Users/take/proj/LBED/lbed/LBED_LPC11xx/Debug/libLBED_LPC11xx.a(PwmOut.o)
 .debug_abbrev  0x0000000000000716       0xf6 /Users/take/proj/LBED/lbed/LBED_LPC11xx/Debug/libLBED_LPC11xx.a(wait_api.o)
 .debug_abbrev  0x000000000000080c      0x229 /Users/take/proj/LBED/lbed/LBED_LPC11xx/Debug/libLBED_LPC11xx.a(_timer16.o)
 .debug_abbrev  0x0000000000000a35      0x1d8 /Users/take/proj/LBED/lbed/LBED_LPC11xx/Debug/libLBED_LPC11xx.a(_timer32.o)
 .debug_abbrev  0x0000000000000c0d       0x97 /Applications/lpcxpresso_4.2.4_267/lpcxpresso/Tools/bin/../lib/gcc/arm-none-eabi/4.6.2/../../../../arm-none-eabi/lib/armv6-m/libcr_newlib_nohost.a(_cr_sbrk.o)
 .debug_abbrev  0x0000000000000ca4       0x52 /Applications/lpcxpresso_4.2.4_267/lpcxpresso/Tools/bin/../lib/gcc/arm-none-eabi/4.6.2/../../../../arm-none-eabi/lib/armv6-m/libcr_newlib_nohost.a(_exit.o)
 .debug_abbrev  0x0000000000000cf6       0x52 /Applications/lpcxpresso_4.2.4_267/lpcxpresso/Tools/bin/../lib/gcc/arm-none-eabi/4.6.2/../../../../arm-none-eabi/lib/armv6-m/libcr_newlib_nohost.a(getpid.o)
 .debug_abbrev  0x0000000000000d48       0x72 /Applications/lpcxpresso_4.2.4_267/lpcxpresso/Tools/bin/../lib/gcc/arm-none-eabi/4.6.2/../../../../arm-none-eabi/lib/armv6-m/libcr_newlib_nohost.a(kill.o)
 .debug_abbrev  0x0000000000000dba       0x70 /Applications/lpcxpresso_4.2.4_267/lpcxpresso/Tools/bin/../lib/gcc/arm-none-eabi/4.6.2/../../../../arm-none-eabi/lib/armv6-m/libcr_newlib_nohost.a(_cr_check_heap.o)

.debug_loc      0x0000000000000000      0xb80
 .debug_loc     0x0000000000000000      0x118 ./src/TestPwmOut.o
 .debug_loc     0x0000000000000118      0x144 ./src/cr_cpp_config.o
 .debug_loc     0x000000000000025c      0x1b0 ./src/cr_startup_lpc11.o
 .debug_loc     0x000000000000040c       0x98 /Users/take/proj/LBED/lbed/CMSISv2p00_LPC11xx/Debug/libCMSISv2p00_LPC11xx.a(system_LPC11xx.o)
 .debug_loc     0x00000000000004a4       0xe0 /Users/take/proj/LBED/lbed/LBED_LPC11xx/Debug/libLBED_LPC11xx.a(PwmOut.o)
 .debug_loc     0x0000000000000584       0x5f /Users/take/proj/LBED/lbed/LBED_LPC11xx/Debug/libLBED_LPC11xx.a(wait_api.o)
 .debug_loc     0x00000000000005e3      0x277 /Users/take/proj/LBED/lbed/LBED_LPC11xx/Debug/libLBED_LPC11xx.a(_timer16.o)
 .debug_loc     0x000000000000085a      0x258 /Users/take/proj/LBED/lbed/LBED_LPC11xx/Debug/libLBED_LPC11xx.a(_timer32.o)
 .debug_loc     0x0000000000000ab2       0x68 /Applications/lpcxpresso_4.2.4_267/lpcxpresso/Tools/bin/../lib/gcc/arm-none-eabi/4.6.2/../../../../arm-none-eabi/lib/armv6-m/libcr_newlib_nohost.a(_cr_sbrk.o)
 .debug_loc     0x0000000000000b1a       0x20 /Applications/lpcxpresso_4.2.4_267/lpcxpresso/Tools/bin/../lib/gcc/arm-none-eabi/4.6.2/../../../../arm-none-eabi/lib/armv6-m/libcr_newlib_nohost.a(_exit.o)
 .debug_loc     0x0000000000000b3a       0x13 /Applications/lpcxpresso_4.2.4_267/lpcxpresso/Tools/bin/../lib/gcc/arm-none-eabi/4.6.2/../../../../arm-none-eabi/lib/armv6-m/libcr_newlib_nohost.a(kill.o)
 .debug_loc     0x0000000000000b4d       0x33 /Applications/lpcxpresso_4.2.4_267/lpcxpresso/Tools/bin/../lib/gcc/arm-none-eabi/4.6.2/../../../../arm-none-eabi/lib/armv6-m/libcr_newlib_nohost.a(_cr_check_heap.o)

.debug_aranges  0x0000000000000000      0x2c0
 .debug_aranges
                0x0000000000000000       0x40 ./src/TestPwmOut.o
 .debug_aranges
                0x0000000000000040       0x48 ./src/cr_cpp_config.o
 .debug_aranges
                0x0000000000000088       0x60 ./src/cr_startup_lpc11.o
 .debug_aranges
                0x00000000000000e8       0x28 /Users/take/proj/LBED/lbed/CMSISv2p00_LPC11xx/Debug/libCMSISv2p00_LPC11xx.a(system_LPC11xx.o)
 .debug_aranges
                0x0000000000000110       0x20 /Users/take/proj/LBED/lbed/LBED_LPC11xx/Debug/libLBED_LPC11xx.a(PwmOut.o)
 .debug_aranges
                0x0000000000000130       0x30 /Users/take/proj/LBED/lbed/LBED_LPC11xx/Debug/libLBED_LPC11xx.a(wait_api.o)
 .debug_aranges
                0x0000000000000160       0x60 /Users/take/proj/LBED/lbed/LBED_LPC11xx/Debug/libLBED_LPC11xx.a(_timer16.o)
 .debug_aranges
                0x00000000000001c0       0x60 /Users/take/proj/LBED/lbed/LBED_LPC11xx/Debug/libLBED_LPC11xx.a(_timer32.o)
 .debug_aranges
                0x0000000000000220       0x20 /Applications/lpcxpresso_4.2.4_267/lpcxpresso/Tools/bin/../lib/gcc/arm-none-eabi/4.6.2/../../../../arm-none-eabi/lib/armv6-m/libcr_newlib_nohost.a(_cr_sbrk.o)
 .debug_aranges
                0x0000000000000240       0x20 /Applications/lpcxpresso_4.2.4_267/lpcxpresso/Tools/bin/../lib/gcc/arm-none-eabi/4.6.2/../../../../arm-none-eabi/lib/armv6-m/libcr_newlib_nohost.a(_exit.o)
 .debug_aranges
                0x0000000000000260       0x20 /Applications/lpcxpresso_4.2.4_267/lpcxpresso/Tools/bin/../lib/gcc/arm-none-eabi/4.6.2/../../../../arm-none-eabi/lib/armv6-m/libcr_newlib_nohost.a(getpid.o)
 .debug_aranges
                0x0000000000000280       0x20 /Applications/lpcxpresso_4.2.4_267/lpcxpresso/Tools/bin/../lib/gcc/arm-none-eabi/4.6.2/../../../../arm-none-eabi/lib/armv6-m/libcr_newlib_nohost.a(kill.o)
 .debug_aranges
                0x00000000000002a0       0x20 /Applications/lpcxpresso_4.2.4_267/lpcxpresso/Tools/bin/../lib/gcc/arm-none-eabi/4.6.2/../../../../arm-none-eabi/lib/armv6-m/libcr_newlib_nohost.a(_cr_check_heap.o)

.debug_ranges   0x0000000000000000      0x190
 .debug_ranges  0x0000000000000000       0x30 ./src/TestPwmOut.o
 .debug_ranges  0x0000000000000030       0x38 ./src/cr_cpp_config.o
 .debug_ranges  0x0000000000000068       0x50 ./src/cr_startup_lpc11.o
 .debug_ranges  0x00000000000000b8       0x18 /Users/take/proj/LBED/lbed/CMSISv2p00_LPC11xx/Debug/libCMSISv2p00_LPC11xx.a(system_LPC11xx.o)
 .debug_ranges  0x00000000000000d0       0x20 /Users/take/proj/LBED/lbed/LBED_LPC11xx/Debug/libLBED_LPC11xx.a(wait_api.o)
 .debug_ranges  0x00000000000000f0       0x50 /Users/take/proj/LBED/lbed/LBED_LPC11xx/Debug/libLBED_LPC11xx.a(_timer16.o)
 .debug_ranges  0x0000000000000140       0x50 /Users/take/proj/LBED/lbed/LBED_LPC11xx/Debug/libLBED_LPC11xx.a(_timer32.o)

.debug_line     0x0000000000000000     0x11fb
 .debug_line    0x0000000000000000      0x1f0 ./src/TestPwmOut.o
 .debug_line    0x00000000000001f0      0x119 ./src/cr_cpp_config.o
 .debug_line    0x0000000000000309       0xc1 ./src/cr_startup_lpc11.o
 .debug_line    0x00000000000003ca      0x3fe /Users/take/proj/LBED/lbed/CMSISv2p00_LPC11xx/Debug/libCMSISv2p00_LPC11xx.a(system_LPC11xx.o)
 .debug_line    0x00000000000007c8      0x1e4 /Users/take/proj/LBED/lbed/LBED_LPC11xx/Debug/libLBED_LPC11xx.a(PwmOut.o)
 .debug_line    0x00000000000009ac      0x165 /Users/take/proj/LBED/lbed/LBED_LPC11xx/Debug/libLBED_LPC11xx.a(wait_api.o)
 .debug_line    0x0000000000000b11      0x293 /Users/take/proj/LBED/lbed/LBED_LPC11xx/Debug/libLBED_LPC11xx.a(_timer16.o)
 .debug_line    0x0000000000000da4      0x282 /Users/take/proj/LBED/lbed/LBED_LPC11xx/Debug/libLBED_LPC11xx.a(_timer32.o)
 .debug_line    0x0000000000001026       0xc2 /Applications/lpcxpresso_4.2.4_267/lpcxpresso/Tools/bin/../lib/gcc/arm-none-eabi/4.6.2/../../../../arm-none-eabi/lib/armv6-m/libcr_newlib_nohost.a(_cr_sbrk.o)
 .debug_line    0x00000000000010e8       0x3e /Applications/lpcxpresso_4.2.4_267/lpcxpresso/Tools/bin/../lib/gcc/arm-none-eabi/4.6.2/../../../../arm-none-eabi/lib/armv6-m/libcr_newlib_nohost.a(_exit.o)
 .debug_line    0x0000000000001126       0x43 /Applications/lpcxpresso_4.2.4_267/lpcxpresso/Tools/bin/../lib/gcc/arm-none-eabi/4.6.2/../../../../arm-none-eabi/lib/armv6-m/libcr_newlib_nohost.a(getpid.o)
 .debug_line    0x0000000000001169       0x41 /Applications/lpcxpresso_4.2.4_267/lpcxpresso/Tools/bin/../lib/gcc/arm-none-eabi/4.6.2/../../../../arm-none-eabi/lib/armv6-m/libcr_newlib_nohost.a(kill.o)
 .debug_line    0x00000000000011aa       0x51 /Applications/lpcxpresso_4.2.4_267/lpcxpresso/Tools/bin/../lib/gcc/arm-none-eabi/4.6.2/../../../../arm-none-eabi/lib/armv6-m/libcr_newlib_nohost.a(_cr_check_heap.o)

.debug_str      0x0000000000000000     0x1385
 .debug_str     0x0000000000000000      0x5d0 ./src/TestPwmOut.o
                                        0x648 (size before relaxing)
 .debug_str     0x00000000000005d0       0xfe ./src/cr_cpp_config.o
                                        0x1fd (size before relaxing)
 .debug_str     0x00000000000006ce      0x14e ./src/cr_startup_lpc11.o
                                        0x24e (size before relaxing)
 .debug_str     0x000000000000081c      0x31e /Users/take/proj/LBED/lbed/CMSISv2p00_LPC11xx/Debug/libCMSISv2p00_LPC11xx.a(system_LPC11xx.o)
                                        0x3ad (size before relaxing)
 .debug_str     0x0000000000000b3a       0x5a /Users/take/proj/LBED/lbed/LBED_LPC11xx/Debug/libLBED_LPC11xx.a(PwmOut.o)
                                        0x658 (size before relaxing)
 .debug_str     0x0000000000000b94       0x59 /Users/take/proj/LBED/lbed/LBED_LPC11xx/Debug/libLBED_LPC11xx.a(wait_api.o)
                                        0x172 (size before relaxing)
 .debug_str     0x0000000000000bed      0x540 /Users/take/proj/LBED/lbed/LBED_LPC11xx/Debug/libLBED_LPC11xx.a(_timer16.o)
                                        0x8b3 (size before relaxing)
 .debug_str     0x000000000000112d      0x119 /Users/take/proj/LBED/lbed/LBED_LPC11xx/Debug/libLBED_LPC11xx.a(_timer32.o)
                                        0x885 (size before relaxing)
 .debug_str     0x0000000000001246       0xb3 /Applications/lpcxpresso_4.2.4_267/lpcxpresso/Tools/bin/../lib/gcc/arm-none-eabi/4.6.2/../../../../arm-none-eabi/lib/armv6-m/libcr_newlib_nohost.a(_cr_sbrk.o)
                                        0x143 (size before relaxing)
 .debug_str     0x00000000000012f9       0x15 /Applications/lpcxpresso_4.2.4_267/lpcxpresso/Tools/bin/../lib/gcc/arm-none-eabi/4.6.2/../../../../arm-none-eabi/lib/armv6-m/libcr_newlib_nohost.a(_exit.o)
                                         0x70 (size before relaxing)
 .debug_str     0x000000000000130e       0x1e /Applications/lpcxpresso_4.2.4_267/lpcxpresso/Tools/bin/../lib/gcc/arm-none-eabi/4.6.2/../../../../arm-none-eabi/lib/armv6-m/libcr_newlib_nohost.a(getpid.o)
                                        0x102 (size before relaxing)
 .debug_str     0x000000000000132c       0x14 /Applications/lpcxpresso_4.2.4_267/lpcxpresso/Tools/bin/../lib/gcc/arm-none-eabi/4.6.2/../../../../arm-none-eabi/lib/armv6-m/libcr_newlib_nohost.a(kill.o)
                                         0xfe (size before relaxing)
 .debug_str     0x0000000000001340       0x45 /Applications/lpcxpresso_4.2.4_267/lpcxpresso/Tools/bin/../lib/gcc/arm-none-eabi/4.6.2/../../../../arm-none-eabi/lib/armv6-m/libcr_newlib_nohost.a(_cr_check_heap.o)
                                         0xcf (size before relaxing)

.comment        0x0000000000000000       0x9a
 .comment       0x0000000000000000       0x70 ./src/TestPwmOut.o
                                         0x71 (size before relaxing)
 .comment       0x0000000000000000       0x71 ./src/cr_cpp_config.o
 .comment       0x0000000000000000       0x71 ./src/cr_startup_lpc11.o
 .comment       0x0000000000000000       0x71 /Users/take/proj/LBED/lbed/CMSISv2p00_LPC11xx/Debug/libCMSISv2p00_LPC11xx.a(system_LPC11xx.o)
 .comment       0x0000000000000000       0x71 /Users/take/proj/LBED/lbed/LBED_LPC11xx/Debug/libLBED_LPC11xx.a(PwmOut.o)
 .comment       0x0000000000000000       0x71 /Users/take/proj/LBED/lbed/LBED_LPC11xx/Debug/libLBED_LPC11xx.a(wait_api.o)
 .comment       0x0000000000000000       0x71 /Users/take/proj/LBED/lbed/LBED_LPC11xx/Debug/libLBED_LPC11xx.a(_timer16.o)
 .comment       0x0000000000000000       0x71 /Users/take/proj/LBED/lbed/LBED_LPC11xx/Debug/libLBED_LPC11xx.a(_timer32.o)
 .comment       0x0000000000000070       0x2a /Applications/lpcxpresso_4.2.4_267/lpcxpresso/Tools/bin/../lib/gcc/arm-none-eabi/4.6.2/../../../../arm-none-eabi/lib/armv6-m/libcr_newlib_nohost.a(_cr_sbrk.o)
                                         0x2b (size before relaxing)
 .comment       0x0000000000000000       0x2b /Applications/lpcxpresso_4.2.4_267/lpcxpresso/Tools/bin/../lib/gcc/arm-none-eabi/4.6.2/../../../../arm-none-eabi/lib/armv6-m/libcr_newlib_nohost.a(_exit.o)
 .comment       0x0000000000000000       0x2b /Applications/lpcxpresso_4.2.4_267/lpcxpresso/Tools/bin/../lib/gcc/arm-none-eabi/4.6.2/../../../../arm-none-eabi/lib/armv6-m/libcr_newlib_nohost.a(getpid.o)
 .comment       0x0000000000000000       0x2b /Applications/lpcxpresso_4.2.4_267/lpcxpresso/Tools/bin/../lib/gcc/arm-none-eabi/4.6.2/../../../../arm-none-eabi/lib/armv6-m/libcr_newlib_nohost.a(kill.o)
 .comment       0x0000000000000000       0x2b /Applications/lpcxpresso_4.2.4_267/lpcxpresso/Tools/bin/../lib/gcc/arm-none-eabi/4.6.2/../../../../arm-none-eabi/lib/armv6-m/libcr_newlib_nohost.a(_cr_check_heap.o)

.ARM.attributes
                0x0000000000000000       0x33
 .ARM.attributes
                0x0000000000000000       0x33 ./src/TestPwmOut.o
 .ARM.attributes
                0x0000000000000033       0x33 ./src/cr_cpp_config.o
 .ARM.attributes
                0x0000000000000066       0x33 ./src/cr_startup_lpc11.o
 .ARM.attributes
                0x0000000000000099       0x33 /Users/take/proj/LBED/lbed/CMSISv2p00_LPC11xx/Debug/libCMSISv2p00_LPC11xx.a(system_LPC11xx.o)
 .ARM.attributes
                0x00000000000000cc       0x33 /Users/take/proj/LBED/lbed/LBED_LPC11xx/Debug/libLBED_LPC11xx.a(PwmOut.o)
 .ARM.attributes
                0x00000000000000ff       0x33 /Users/take/proj/LBED/lbed/LBED_LPC11xx/Debug/libLBED_LPC11xx.a(wait_api.o)
 .ARM.attributes
                0x0000000000000132       0x33 /Users/take/proj/LBED/lbed/LBED_LPC11xx/Debug/libLBED_LPC11xx.a(_timer16.o)
 .ARM.attributes
                0x0000000000000165       0x33 /Users/take/proj/LBED/lbed/LBED_LPC11xx/Debug/libLBED_LPC11xx.a(_timer32.o)
 .ARM.attributes
                0x0000000000000198       0x20 /Applications/lpcxpresso_4.2.4_267/lpcxpresso/Tools/bin/../lib/gcc/arm-none-eabi/4.6.2/armv6-m/libgcc.a(_thumb1_case_uqi.o)
 .ARM.attributes
                0x00000000000001b8       0x20 /Applications/lpcxpresso_4.2.4_267/lpcxpresso/Tools/bin/../lib/gcc/arm-none-eabi/4.6.2/armv6-m/libgcc.a(_udivsi3.o)
 .ARM.attributes
                0x00000000000001d8       0x20 /Applications/lpcxpresso_4.2.4_267/lpcxpresso/Tools/bin/../lib/gcc/arm-none-eabi/4.6.2/armv6-m/libgcc.a(_dvmd_tls.o)
 .ARM.attributes
                0x00000000000001f8       0x20 /Applications/lpcxpresso_4.2.4_267/lpcxpresso/Tools/bin/../lib/gcc/arm-none-eabi/4.6.2/armv6-m/libgcc.a(_arm_cmpsf2.o)
 .ARM.attributes
                0x0000000000000218       0x2e /Applications/lpcxpresso_4.2.4_267/lpcxpresso/Tools/bin/../lib/gcc/arm-none-eabi/4.6.2/armv6-m/libgcc.a(_fixunssfsi.o)
 .ARM.attributes
                0x0000000000000246       0x2e /Applications/lpcxpresso_4.2.4_267/lpcxpresso/Tools/bin/../lib/gcc/arm-none-eabi/4.6.2/armv6-m/libgcc.a(eqsf2.o)
 .ARM.attributes
                0x0000000000000274       0x2e /Applications/lpcxpresso_4.2.4_267/lpcxpresso/Tools/bin/../lib/gcc/arm-none-eabi/4.6.2/armv6-m/libgcc.a(gesf2.o)
 .ARM.attributes
                0x00000000000002a2       0x2e /Applications/lpcxpresso_4.2.4_267/lpcxpresso/Tools/bin/../lib/gcc/arm-none-eabi/4.6.2/armv6-m/libgcc.a(lesf2.o)
 .ARM.attributes
                0x00000000000002d0       0x2e /Applications/lpcxpresso_4.2.4_267/lpcxpresso/Tools/bin/../lib/gcc/arm-none-eabi/4.6.2/armv6-m/libgcc.a(mulsf3.o)
 .ARM.attributes
                0x00000000000002fe       0x2e /Applications/lpcxpresso_4.2.4_267/lpcxpresso/Tools/bin/../lib/gcc/arm-none-eabi/4.6.2/armv6-m/libgcc.a(subsf3.o)
 .ARM.attributes
                0x000000000000032c       0x2e /Applications/lpcxpresso_4.2.4_267/lpcxpresso/Tools/bin/../lib/gcc/arm-none-eabi/4.6.2/armv6-m/libgcc.a(fixsfsi.o)
 .ARM.attributes
                0x000000000000035a       0x2e /Applications/lpcxpresso_4.2.4_267/lpcxpresso/Tools/bin/../lib/gcc/arm-none-eabi/4.6.2/armv6-m/libgcc.a(floatunsisf.o)
 .ARM.attributes
                0x0000000000000388       0x2e /Applications/lpcxpresso_4.2.4_267/lpcxpresso/Tools/bin/../lib/gcc/arm-none-eabi/4.6.2/armv6-m/libgcc.a(adddf3.o)
 .ARM.attributes
                0x00000000000003b6       0x2e /Applications/lpcxpresso_4.2.4_267/lpcxpresso/Tools/bin/../lib/gcc/arm-none-eabi/4.6.2/armv6-m/libgcc.a(extendsfdf2.o)
 .ARM.attributes
                0x00000000000003e4       0x2e /Applications/lpcxpresso_4.2.4_267/lpcxpresso/Tools/bin/../lib/gcc/arm-none-eabi/4.6.2/armv6-m/libgcc.a(truncdfsf2.o)
 .ARM.attributes
                0x0000000000000412       0x2e /Applications/lpcxpresso_4.2.4_267/lpcxpresso/Tools/bin/../lib/gcc/arm-none-eabi/4.6.2/armv6-m/libgcc.a(unwind-arm.o)
 .ARM.attributes
                0x0000000000000440       0x20 /Applications/lpcxpresso_4.2.4_267/lpcxpresso/Tools/bin/../lib/gcc/arm-none-eabi/4.6.2/armv6-m/libgcc.a(libunwind.o)
 .ARM.attributes
                0x0000000000000460       0x2e /Applications/lpcxpresso_4.2.4_267/lpcxpresso/Tools/bin/../lib/gcc/arm-none-eabi/4.6.2/armv6-m/libgcc.a(pr-support.o)
 .ARM.attributes
                0x000000000000048e       0x20 /Applications/lpcxpresso_4.2.4_267/lpcxpresso/Tools/bin/../lib/gcc/arm-none-eabi/4.6.2/armv6-m/libgcc.a(_clzsi2.o)
 .ARM.attributes
                0x00000000000004ae       0x2e /Applications/lpcxpresso_4.2.4_267/lpcxpresso/Tools/bin/../lib/gcc/arm-none-eabi/4.6.2/../../../../arm-none-eabi/lib/armv6-m/libc.a(lib_a-abort.o)
 .ARM.attributes
                0x00000000000004dc       0x2e /Applications/lpcxpresso_4.2.4_267/lpcxpresso/Tools/bin/../lib/gcc/arm-none-eabi/4.6.2/../../../../arm-none-eabi/lib/armv6-m/libc.a(lib_a-init.o)
 .ARM.attributes
                0x000000000000050a       0x2e /Applications/lpcxpresso_4.2.4_267/lpcxpresso/Tools/bin/../lib/gcc/arm-none-eabi/4.6.2/../../../../arm-none-eabi/lib/armv6-m/libc.a(lib_a-malloc.o)
 .ARM.attributes
                0x0000000000000538       0x2e /Applications/lpcxpresso_4.2.4_267/lpcxpresso/Tools/bin/../lib/gcc/arm-none-eabi/4.6.2/../../../../arm-none-eabi/lib/armv6-m/libc.a(lib_a-mallocr.o)
 .ARM.attributes
                0x0000000000000566       0x2e /Applications/lpcxpresso_4.2.4_267/lpcxpresso/Tools/bin/../lib/gcc/arm-none-eabi/4.6.2/../../../../arm-none-eabi/lib/armv6-m/libc.a(lib_a-memcpy.o)
 .ARM.attributes
                0x0000000000000594       0x2e /Applications/lpcxpresso_4.2.4_267/lpcxpresso/Tools/bin/../lib/gcc/arm-none-eabi/4.6.2/../../../../arm-none-eabi/lib/armv6-m/libc.a(lib_a-mlock.o)
 .ARM.attributes
                0x00000000000005c2       0x2e /Applications/lpcxpresso_4.2.4_267/lpcxpresso/Tools/bin/../lib/gcc/arm-none-eabi/4.6.2/../../../../arm-none-eabi/lib/armv6-m/libc.a(lib_a-sbrkr.o)
 .ARM.attributes
                0x00000000000005f0       0x2e /Applications/lpcxpresso_4.2.4_267/lpcxpresso/Tools/bin/../lib/gcc/arm-none-eabi/4.6.2/../../../../arm-none-eabi/lib/armv6-m/libc.a(lib_a-signal.o)
 .ARM.attributes
                0x000000000000061e       0x2e /Applications/lpcxpresso_4.2.4_267/lpcxpresso/Tools/bin/../lib/gcc/arm-none-eabi/4.6.2/../../../../arm-none-eabi/lib/armv6-m/libc.a(lib_a-signalr.o)
 .ARM.attributes
                0x000000000000064c       0x2e /Applications/lpcxpresso_4.2.4_267/lpcxpresso/Tools/bin/../lib/gcc/arm-none-eabi/4.6.2/../../../../arm-none-eabi/lib/armv6-m/libc.a(lib_a-freer.o)
 .ARM.attributes
                0x000000000000067a       0x2e /Applications/lpcxpresso_4.2.4_267/lpcxpresso/Tools/bin/../lib/gcc/arm-none-eabi/4.6.2/../../../../arm-none-eabi/lib/armv6-m/libc.a(lib_a-impure.o)
 .ARM.attributes
                0x00000000000006a8       0x2e /Applications/lpcxpresso_4.2.4_267/lpcxpresso/Tools/bin/../lib/gcc/arm-none-eabi/4.6.2/../../../../arm-none-eabi/lib/armv6-m/libc.a(lib_a-reent.o)
 .ARM.attributes
                0x00000000000006d6       0x33 /Applications/lpcxpresso_4.2.4_267/lpcxpresso/Tools/bin/../lib/gcc/arm-none-eabi/4.6.2/../../../../arm-none-eabi/lib/armv6-m/libcr_newlib_nohost.a(_cr_sbrk.o)
 .ARM.attributes
                0x0000000000000709       0x33 /Applications/lpcxpresso_4.2.4_267/lpcxpresso/Tools/bin/../lib/gcc/arm-none-eabi/4.6.2/../../../../arm-none-eabi/lib/armv6-m/libcr_newlib_nohost.a(_exit.o)
 .ARM.attributes
                0x000000000000073c       0x33 /Applications/lpcxpresso_4.2.4_267/lpcxpresso/Tools/bin/../lib/gcc/arm-none-eabi/4.6.2/../../../../arm-none-eabi/lib/armv6-m/libcr_newlib_nohost.a(getpid.o)
 .ARM.attributes
                0x000000000000076f       0x33 /Applications/lpcxpresso_4.2.4_267/lpcxpresso/Tools/bin/../lib/gcc/arm-none-eabi/4.6.2/../../../../arm-none-eabi/lib/armv6-m/libcr_newlib_nohost.a(kill.o)
 .ARM.attributes
                0x00000000000007a2       0x33 /Applications/lpcxpresso_4.2.4_267/lpcxpresso/Tools/bin/../lib/gcc/arm-none-eabi/4.6.2/../../../../arm-none-eabi/lib/armv6-m/libcr_newlib_nohost.a(_cr_check_heap.o)
 .ARM.attributes
                0x00000000000007d5       0x20 /Applications/lpcxpresso_4.2.4_267/lpcxpresso/Tools/bin/../lib/gcc/arm-none-eabi/4.6.2/armv6-m/crti.o
 .ARM.attributes
                0x00000000000007f5       0x20 /Applications/lpcxpresso_4.2.4_267/lpcxpresso/Tools/bin/../lib/gcc/arm-none-eabi/4.6.2/armv6-m/crtn.o
 .ARM.attributes
                0x0000000000000815       0x2e /Applications/lpcxpresso_4.2.4_267/lpcxpresso/Tools/bin/../lib/gcc/arm-none-eabi/4.6.2/armv6-m/crtbegin.o
 .ARM.attributes
                0x0000000000000843       0x2e /Applications/lpcxpresso_4.2.4_267/lpcxpresso/Tools/bin/../lib/gcc/arm-none-eabi/4.6.2/armv6-m/crtend.o
 .ARM.attributes
                0x0000000000000871       0x2e /Applications/lpcxpresso_4.2.4_267/lpcxpresso/Tools/bin/../lib/gcc/arm-none-eabi/4.6.2/../../../../arm-none-eabi/lib/armv6-m/libc.a(lib_a-errno.o)

.debug_frame    0x0000000000000000      0xfa0
 .debug_frame   0x0000000000000000       0xb0 ./src/TestPwmOut.o
 .debug_frame   0x00000000000000b0       0xcc ./src/cr_cpp_config.o
 .debug_frame   0x000000000000017c      0x118 ./src/cr_startup_lpc11.o
 .debug_frame   0x0000000000000294       0x44 /Users/take/proj/LBED/lbed/CMSISv2p00_LPC11xx/Debug/libCMSISv2p00_LPC11xx.a(system_LPC11xx.o)
 .debug_frame   0x00000000000002d8       0x90 /Users/take/proj/LBED/lbed/LBED_LPC11xx/Debug/libLBED_LPC11xx.a(PwmOut.o)
 .debug_frame   0x0000000000000368       0x50 /Users/take/proj/LBED/lbed/LBED_LPC11xx/Debug/libLBED_LPC11xx.a(wait_api.o)
 .debug_frame   0x00000000000003b8       0xfc /Users/take/proj/LBED/lbed/LBED_LPC11xx/Debug/libLBED_LPC11xx.a(_timer16.o)
 .debug_frame   0x00000000000004b4       0xf4 /Users/take/proj/LBED/lbed/LBED_LPC11xx/Debug/libLBED_LPC11xx.a(_timer32.o)
 .debug_frame   0x00000000000005a8       0x20 /Applications/lpcxpresso_4.2.4_267/lpcxpresso/Tools/bin/../lib/gcc/arm-none-eabi/4.6.2/armv6-m/libgcc.a(_udivsi3.o)
 .debug_frame   0x00000000000005c8       0x28 /Applications/lpcxpresso_4.2.4_267/lpcxpresso/Tools/bin/../lib/gcc/arm-none-eabi/4.6.2/armv6-m/libgcc.a(_fixunssfsi.o)
 .debug_frame   0x00000000000005f0       0x30 /Applications/lpcxpresso_4.2.4_267/lpcxpresso/Tools/bin/../lib/gcc/arm-none-eabi/4.6.2/armv6-m/libgcc.a(eqsf2.o)
 .debug_frame   0x0000000000000620       0x34 /Applications/lpcxpresso_4.2.4_267/lpcxpresso/Tools/bin/../lib/gcc/arm-none-eabi/4.6.2/armv6-m/libgcc.a(gesf2.o)
 .debug_frame   0x0000000000000654       0x34 /Applications/lpcxpresso_4.2.4_267/lpcxpresso/Tools/bin/../lib/gcc/arm-none-eabi/4.6.2/armv6-m/libgcc.a(lesf2.o)
 .debug_frame   0x0000000000000688       0x3c /Applications/lpcxpresso_4.2.4_267/lpcxpresso/Tools/bin/../lib/gcc/arm-none-eabi/4.6.2/armv6-m/libgcc.a(mulsf3.o)
 .debug_frame   0x00000000000006c4       0x30 /Applications/lpcxpresso_4.2.4_267/lpcxpresso/Tools/bin/../lib/gcc/arm-none-eabi/4.6.2/armv6-m/libgcc.a(subsf3.o)
 .debug_frame   0x00000000000006f4       0x28 /Applications/lpcxpresso_4.2.4_267/lpcxpresso/Tools/bin/../lib/gcc/arm-none-eabi/4.6.2/armv6-m/libgcc.a(fixsfsi.o)
 .debug_frame   0x000000000000071c       0x2c /Applications/lpcxpresso_4.2.4_267/lpcxpresso/Tools/bin/../lib/gcc/arm-none-eabi/4.6.2/armv6-m/libgcc.a(floatunsisf.o)
 .debug_frame   0x0000000000000748       0x38 /Applications/lpcxpresso_4.2.4_267/lpcxpresso/Tools/bin/../lib/gcc/arm-none-eabi/4.6.2/armv6-m/libgcc.a(adddf3.o)
 .debug_frame   0x0000000000000780       0x2c /Applications/lpcxpresso_4.2.4_267/lpcxpresso/Tools/bin/../lib/gcc/arm-none-eabi/4.6.2/armv6-m/libgcc.a(extendsfdf2.o)
 .debug_frame   0x00000000000007ac       0x30 /Applications/lpcxpresso_4.2.4_267/lpcxpresso/Tools/bin/../lib/gcc/arm-none-eabi/4.6.2/armv6-m/libgcc.a(truncdfsf2.o)
 .debug_frame   0x00000000000007dc      0x2ac /Applications/lpcxpresso_4.2.4_267/lpcxpresso/Tools/bin/../lib/gcc/arm-none-eabi/4.6.2/armv6-m/libgcc.a(unwind-arm.o)
 .debug_frame   0x0000000000000a88       0xfc /Applications/lpcxpresso_4.2.4_267/lpcxpresso/Tools/bin/../lib/gcc/arm-none-eabi/4.6.2/armv6-m/libgcc.a(pr-support.o)
 .debug_frame   0x0000000000000b84       0x28 /Applications/lpcxpresso_4.2.4_267/lpcxpresso/Tools/bin/../lib/gcc/arm-none-eabi/4.6.2/../../../../arm-none-eabi/lib/armv6-m/libc.a(lib_a-abort.o)
 .debug_frame   0x0000000000000bac       0x2c /Applications/lpcxpresso_4.2.4_267/lpcxpresso/Tools/bin/../lib/gcc/arm-none-eabi/4.6.2/../../../../arm-none-eabi/lib/armv6-m/libc.a(lib_a-init.o)
 .debug_frame   0x0000000000000bd8       0x40 /Applications/lpcxpresso_4.2.4_267/lpcxpresso/Tools/bin/../lib/gcc/arm-none-eabi/4.6.2/../../../../arm-none-eabi/lib/armv6-m/libc.a(lib_a-malloc.o)
 .debug_frame   0x0000000000000c18       0x3c /Applications/lpcxpresso_4.2.4_267/lpcxpresso/Tools/bin/../lib/gcc/arm-none-eabi/4.6.2/../../../../arm-none-eabi/lib/armv6-m/libc.a(lib_a-mallocr.o)
 .debug_frame   0x0000000000000c54       0x30 /Applications/lpcxpresso_4.2.4_267/lpcxpresso/Tools/bin/../lib/gcc/arm-none-eabi/4.6.2/../../../../arm-none-eabi/lib/armv6-m/libc.a(lib_a-memcpy.o)
 .debug_frame   0x0000000000000c84       0x30 /Applications/lpcxpresso_4.2.4_267/lpcxpresso/Tools/bin/../lib/gcc/arm-none-eabi/4.6.2/../../../../arm-none-eabi/lib/armv6-m/libc.a(lib_a-mlock.o)
 .debug_frame   0x0000000000000cb4       0x2c /Applications/lpcxpresso_4.2.4_267/lpcxpresso/Tools/bin/../lib/gcc/arm-none-eabi/4.6.2/../../../../arm-none-eabi/lib/armv6-m/libc.a(lib_a-sbrkr.o)
 .debug_frame   0x0000000000000ce0       0xe4 /Applications/lpcxpresso_4.2.4_267/lpcxpresso/Tools/bin/../lib/gcc/arm-none-eabi/4.6.2/../../../../arm-none-eabi/lib/armv6-m/libc.a(lib_a-signal.o)
 .debug_frame   0x0000000000000dc4       0x44 /Applications/lpcxpresso_4.2.4_267/lpcxpresso/Tools/bin/../lib/gcc/arm-none-eabi/4.6.2/../../../../arm-none-eabi/lib/armv6-m/libc.a(lib_a-signalr.o)
 .debug_frame   0x0000000000000e08       0x54 /Applications/lpcxpresso_4.2.4_267/lpcxpresso/Tools/bin/../lib/gcc/arm-none-eabi/4.6.2/../../../../arm-none-eabi/lib/armv6-m/libc.a(lib_a-freer.o)
 .debug_frame   0x0000000000000e5c       0x68 /Applications/lpcxpresso_4.2.4_267/lpcxpresso/Tools/bin/../lib/gcc/arm-none-eabi/4.6.2/../../../../arm-none-eabi/lib/armv6-m/libc.a(lib_a-reent.o)
 .debug_frame   0x0000000000000ec4       0x2c /Applications/lpcxpresso_4.2.4_267/lpcxpresso/Tools/bin/../lib/gcc/arm-none-eabi/4.6.2/../../../../arm-none-eabi/lib/armv6-m/libcr_newlib_nohost.a(_cr_sbrk.o)
 .debug_frame   0x0000000000000ef0       0x28 /Applications/lpcxpresso_4.2.4_267/lpcxpresso/Tools/bin/../lib/gcc/arm-none-eabi/4.6.2/../../../../arm-none-eabi/lib/armv6-m/libcr_newlib_nohost.a(_exit.o)
 .debug_frame   0x0000000000000f18       0x20 /Applications/lpcxpresso_4.2.4_267/lpcxpresso/Tools/bin/../lib/gcc/arm-none-eabi/4.6.2/../../../../arm-none-eabi/lib/armv6-m/libcr_newlib_nohost.a(getpid.o)
 .debug_frame   0x0000000000000f38       0x20 /Applications/lpcxpresso_4.2.4_267/lpcxpresso/Tools/bin/../lib/gcc/arm-none-eabi/4.6.2/../../../../arm-none-eabi/lib/armv6-m/libcr_newlib_nohost.a(kill.o)
 .debug_frame   0x0000000000000f58       0x28 /Applications/lpcxpresso_4.2.4_267/lpcxpresso/Tools/bin/../lib/gcc/arm-none-eabi/4.6.2/../../../../arm-none-eabi/lib/armv6-m/libcr_newlib_nohost.a(_cr_check_heap.o)
 .debug_frame   0x0000000000000f80       0x20 /Applications/lpcxpresso_4.2.4_267/lpcxpresso/Tools/bin/../lib/gcc/arm-none-eabi/4.6.2/../../../../arm-none-eabi/lib/armv6-m/libc.a(lib_a-errno.o)

.debug_macinfo  0x0000000000000000     0x56ae
 .debug_macinfo
                0x0000000000000000     0x56ae /Users/take/proj/LBED/lbed/CMSISv2p00_LPC11xx/Debug/libCMSISv2p00_LPC11xx.a(system_LPC11xx.o)

.debug_pubnames
                0x0000000000000000       0xbe
 .debug_pubnames
                0x0000000000000000       0x2e /Applications/lpcxpresso_4.2.4_267/lpcxpresso/Tools/bin/../lib/gcc/arm-none-eabi/4.6.2/../../../../arm-none-eabi/lib/armv6-m/libcr_newlib_nohost.a(_cr_sbrk.o)
 .debug_pubnames
                0x000000000000002e       0x1c /Applications/lpcxpresso_4.2.4_267/lpcxpresso/Tools/bin/../lib/gcc/arm-none-eabi/4.6.2/../../../../arm-none-eabi/lib/armv6-m/libcr_newlib_nohost.a(_exit.o)
 .debug_pubnames
                0x000000000000004a       0x1e /Applications/lpcxpresso_4.2.4_267/lpcxpresso/Tools/bin/../lib/gcc/arm-none-eabi/4.6.2/../../../../arm-none-eabi/lib/armv6-m/libcr_newlib_nohost.a(getpid.o)
 .debug_pubnames
                0x0000000000000068       0x1c /Applications/lpcxpresso_4.2.4_267/lpcxpresso/Tools/bin/../lib/gcc/arm-none-eabi/4.6.2/../../../../arm-none-eabi/lib/armv6-m/libcr_newlib_nohost.a(kill.o)
 .debug_pubnames
                0x0000000000000084       0x3a /Applications/lpcxpresso_4.2.4_267/lpcxpresso/Tools/bin/../lib/gcc/arm-none-eabi/4.6.2/../../../../arm-none-eabi/lib/armv6-m/libcr_newlib_nohost.a(_cr_check_heap.o)

.debug_pubtypes
                0x0000000000000000       0x41
 .debug_pubtypes
                0x0000000000000000       0x1d /Applications/lpcxpresso_4.2.4_267/lpcxpresso/Tools/bin/../lib/gcc/arm-none-eabi/4.6.2/../../../../arm-none-eabi/lib/armv6-m/libcr_newlib_nohost.a(_cr_sbrk.o)
 .debug_pubtypes
                0x000000000000001d       0x12 /Applications/lpcxpresso_4.2.4_267/lpcxpresso/Tools/bin/../lib/gcc/arm-none-eabi/4.6.2/../../../../arm-none-eabi/lib/armv6-m/libcr_newlib_nohost.a(getpid.o)
 .debug_pubtypes
                0x000000000000002f       0x12 /Applications/lpcxpresso_4.2.4_267/lpcxpresso/Tools/bin/../lib/gcc/arm-none-eabi/4.6.2/../../../../arm-none-eabi/lib/armv6-m/libcr_newlib_nohost.a(kill.o)
