Archive member included because of file (symbol)

/Users/take/proj/LBED/LBED_Proj/CMSISv2p00_LPC11xx/Debug/libCMSISv2p00_LPC11xx.a(system_LPC11xx.o)
                              ./src/cr_startup_lpc11.o (SystemInit)
/Users/take/proj/LBED/LBED_Proj/LBED_USERLIB/Debug/libLBED_USERLIB.a(LM73.o)
                              ./src/TestLM73.o (_ZN4LM734readEv)
/Users/take/proj/LBED/LBED_Proj/LBED_USERLIB/Debug/libLBED_USERLIB.a(TextLCD.o)
                              ./src/TestLM73.o (_ZN7TextLCD6locateEii)
/Users/take/proj/LBED/LBED_Proj/LBED_LPC11xx/Debug/libLBED_LPC11xx.a(BusOut.o)
                              /Users/take/proj/LBED/LBED_Proj/LBED_USERLIB/Debug/libLBED_USERLIB.a(TextLCD.o) (_ZN6BusOut5writeEi)
/Users/take/proj/LBED/LBED_Proj/LBED_LPC11xx/Debug/libLBED_LPC11xx.a(DigitalOut.o)
                              /Users/take/proj/LBED/LBED_Proj/LBED_LPC11xx/Debug/libLBED_LPC11xx.a(BusOut.o) (_ZN10DigitalOut5setupEiPKc)
/Users/take/proj/LBED/LBED_Proj/LBED_LPC11xx/Debug/libLBED_LPC11xx.a(I2C.o)
                              /Users/take/proj/LBED/LBED_Proj/LBED_USERLIB/Debug/libLBED_USERLIB.a(LM73.o) (_ZN3I2C4readEiPcib)
/Users/take/proj/LBED/LBED_Proj/LBED_LPC11xx/Debug/libLBED_LPC11xx.a(Print.o)
                              /Users/take/proj/LBED/LBED_Proj/LBED_USERLIB/Debug/libLBED_USERLIB.a(TextLCD.o) (_ZN5Print5writeEPKci)
/Users/take/proj/LBED/LBED_Proj/LBED_LPC11xx/Debug/libLBED_LPC11xx.a(pure_virtual.o)
                              /Users/take/proj/LBED/LBED_Proj/LBED_LPC11xx/Debug/libLBED_LPC11xx.a(Print.o) (__cxa_pure_virtual)
/Users/take/proj/LBED/LBED_Proj/LBED_LPC11xx/Debug/libLBED_LPC11xx.a(wait_api.o)
                              ./src/TestLM73.o (wait_init)
/Users/take/proj/LBED/LBED_Proj/LBED_LPC11xx/Debug/libLBED_LPC11xx.a(_i2c.o)
                              /Users/take/proj/LBED/LBED_Proj/LBED_LPC11xx/Debug/libLBED_LPC11xx.a(I2C.o) (getI2CMasterBuffer)
/Applications/lpcxpresso_4.2.4_267/lpcxpresso/Tools/bin/../lib/gcc/arm-none-eabi/4.6.2/armv6-m/libgcc.a(_udivsi3.o)
                              /Users/take/proj/LBED/LBED_Proj/CMSISv2p00_LPC11xx/Debug/libCMSISv2p00_LPC11xx.a(system_LPC11xx.o) (__aeabi_uidiv)
/Applications/lpcxpresso_4.2.4_267/lpcxpresso/Tools/bin/../lib/gcc/arm-none-eabi/4.6.2/armv6-m/libgcc.a(_dvmd_tls.o)
                              /Applications/lpcxpresso_4.2.4_267/lpcxpresso/Tools/bin/../lib/gcc/arm-none-eabi/4.6.2/armv6-m/libgcc.a(_udivsi3.o) (__aeabi_idiv0)
/Applications/lpcxpresso_4.2.4_267/lpcxpresso/Tools/bin/../lib/gcc/arm-none-eabi/4.6.2/armv6-m/libgcc.a(_arm_cmpdf2.o)
                              /Users/take/proj/LBED/LBED_Proj/LBED_LPC11xx/Debug/libLBED_LPC11xx.a(Print.o) (__aeabi_dcmplt)
/Applications/lpcxpresso_4.2.4_267/lpcxpresso/Tools/bin/../lib/gcc/arm-none-eabi/4.6.2/armv6-m/libgcc.a(_fixunsdfsi.o)
                              /Users/take/proj/LBED/LBED_Proj/LBED_LPC11xx/Debug/libLBED_LPC11xx.a(Print.o) (__aeabi_d2uiz)
/Applications/lpcxpresso_4.2.4_267/lpcxpresso/Tools/bin/../lib/gcc/arm-none-eabi/4.6.2/armv6-m/libgcc.a(adddf3.o)
                              /Users/take/proj/LBED/LBED_Proj/LBED_USERLIB/Debug/libLBED_USERLIB.a(LM73.o) (__aeabi_dadd)
/Applications/lpcxpresso_4.2.4_267/lpcxpresso/Tools/bin/../lib/gcc/arm-none-eabi/4.6.2/armv6-m/libgcc.a(divdf3.o)
                              /Users/take/proj/LBED/LBED_Proj/LBED_USERLIB/Debug/libLBED_USERLIB.a(LM73.o) (__aeabi_ddiv)
/Applications/lpcxpresso_4.2.4_267/lpcxpresso/Tools/bin/../lib/gcc/arm-none-eabi/4.6.2/armv6-m/libgcc.a(eqdf2.o)
                              /Applications/lpcxpresso_4.2.4_267/lpcxpresso/Tools/bin/../lib/gcc/arm-none-eabi/4.6.2/armv6-m/libgcc.a(_arm_cmpdf2.o) (__eqdf2)
/Applications/lpcxpresso_4.2.4_267/lpcxpresso/Tools/bin/../lib/gcc/arm-none-eabi/4.6.2/armv6-m/libgcc.a(gedf2.o)
                              /Applications/lpcxpresso_4.2.4_267/lpcxpresso/Tools/bin/../lib/gcc/arm-none-eabi/4.6.2/armv6-m/libgcc.a(_arm_cmpdf2.o) (__gedf2)
/Applications/lpcxpresso_4.2.4_267/lpcxpresso/Tools/bin/../lib/gcc/arm-none-eabi/4.6.2/armv6-m/libgcc.a(ledf2.o)
                              /Applications/lpcxpresso_4.2.4_267/lpcxpresso/Tools/bin/../lib/gcc/arm-none-eabi/4.6.2/armv6-m/libgcc.a(_arm_cmpdf2.o) (__ledf2)
/Applications/lpcxpresso_4.2.4_267/lpcxpresso/Tools/bin/../lib/gcc/arm-none-eabi/4.6.2/armv6-m/libgcc.a(muldf3.o)
                              /Users/take/proj/LBED/LBED_Proj/LBED_LPC11xx/Debug/libLBED_LPC11xx.a(Print.o) (__aeabi_dmul)
/Applications/lpcxpresso_4.2.4_267/lpcxpresso/Tools/bin/../lib/gcc/arm-none-eabi/4.6.2/armv6-m/libgcc.a(subdf3.o)
                              /Users/take/proj/LBED/LBED_Proj/LBED_LPC11xx/Debug/libLBED_LPC11xx.a(Print.o) (__aeabi_dsub)
/Applications/lpcxpresso_4.2.4_267/lpcxpresso/Tools/bin/../lib/gcc/arm-none-eabi/4.6.2/armv6-m/libgcc.a(fixdfsi.o)
                              /Users/take/proj/LBED/LBED_Proj/LBED_LPC11xx/Debug/libLBED_LPC11xx.a(Print.o) (__aeabi_d2iz)
[...]
Memory Configuration

Name             Origin             Length             Attributes
MFlash32         0x0000000000000000 0x0000000000008000 xr
RamLoc4          0x0000000010000000 0x0000000000001000 xrw
*default*        0x0000000000000000 0xffffffffffffffff

Linker script and memory map

LOAD ./src/TestLM73.o
LOAD ./src/cr_cpp_config.o
LOAD ./src/cr_startup_lpc11.o
LOAD /Users/take/proj/LBED/LBED_Proj/CMSISv2p00_LPC11xx/Debug/libCMSISv2p00_LPC11xx.a
LOAD /Users/take/proj/LBED/LBED_Proj/LBED_USERLIB/Debug/libLBED_USERLIB.a
LOAD /Users/take/proj/LBED/LBED_Proj/LBED_LPC11xx/Debug/libLBED_LPC11xx.a
START GROUP
LOAD /Applications/lpcxpresso_4.2.4_267/lpcxpresso/Tools/bin/../lib/gcc/arm-none-eabi/4.6.2/armv6-m/libgcc.a
LOAD /Applications/lpcxpresso_4.2.4_267/lpcxpresso/Tools/bin/../lib/gcc/arm-none-eabi/4.6.2/../../../../arm-none-eabi/lib/armv6-m/libc.a
LOAD /Applications/lpcxpresso_4.2.4_267/lpcxpresso/Tools/bin/../lib/gcc/arm-none-eabi/4.6.2/../../../../arm-none-eabi/lib/armv6-m/libstdc++.a
LOAD /Applications/lpcxpresso_4.2.4_267/lpcxpresso/Tools/bin/../lib/gcc/arm-none-eabi/4.6.2/../../../../arm-none-eabi/lib/armv6-m/libm.a
LOAD /Applications/lpcxpresso_4.2.4_267/lpcxpresso/Tools/bin/../lib/gcc/arm-none-eabi/4.6.2/../../../../arm-none-eabi/lib/armv6-m/libcr_newlib_nohost.a
LOAD /Applications/lpcxpresso_4.2.4_267/lpcxpresso/Tools/bin/../lib/gcc/arm-none-eabi/4.6.2/armv6-m/crti.o
LOAD /Applications/lpcxpresso_4.2.4_267/lpcxpresso/Tools/bin/../lib/gcc/arm-none-eabi/4.6.2/armv6-m/crtn.o
LOAD /Applications/lpcxpresso_4.2.4_267/lpcxpresso/Tools/bin/../lib/gcc/arm-none-eabi/4.6.2/armv6-m/crtbegin.o
LOAD /Applications/lpcxpresso_4.2.4_267/lpcxpresso/Tools/bin/../lib/gcc/arm-none-eabi/4.6.2/armv6-m/crtend.o
END GROUP
                0x0000000000008000                __top_MFlash32 = 0x8000
                0x0000000010001000                __top_RamLoc4 = 0x10001000

.text           0x0000000000000000     0x596c
 FILL mask 0xff
 *(.isr_vector)
 .isr_vector    0x0000000000000000       0xc0 ./src/cr_startup_lpc11.o
                0x0000000000000000                g_pfnVectors
                0x00000000000000c0                . = ALIGN (0x4)
                0x00000000000000c0                __section_table_start = .
                0x00000000000000c0                __data_section_table = .
                0x00000000000000c0        0x4 LONG 0x5db8 LOADADDR (.data)
                0x00000000000000c4        0x4 LONG 0x10000000 ADDR (.data)
                0x00000000000000c8        0x4 LONG 0x848 SIZEOF (.data)
                0x00000000000000cc                __data_section_table_end = .
                0x00000000000000cc                __bss_section_table = .
                0x00000000000000cc        0x4 LONG 0x10000848 ADDR (.bss)
                0x00000000000000d0        0x4 LONG 0xf0 SIZEOF (.bss)
                0x00000000000000d4                __bss_section_table_end = .
                0x00000000000000d4                __section_table_end = .
 *(.after_vectors*)
 .after_vectors
                0x00000000000000d4      0x158 ./src/cr_startup_lpc11.o
                0x00000000000000d4                _Z9data_initjjj
                0x0000000000000120                _Z8bss_initjj
                0x000000000000015c                ResetISR
                0x00000000000001fc                NMI_Handler
                0x0000000000000204                HardFault_Handler
                0x000000000000020c                SVC_Handler
                0x0000000000000214                PendSV_Handler
                0x000000000000021c                SysTick_Handler
                0x0000000000000224                TIMER16_1_IRQHandler
                0x0000000000000224                ADC_IRQHandler
                0x0000000000000224                SSP1_IRQHandler
                0x0000000000000224                PIOINT2_IRQHandler
                0x0000000000000224                BOD_IRQHandler
                0x0000000000000224                WAKEUP_IRQHandler
                0x0000000000000224                PIOINT0_IRQHandler
                0x0000000000000224                WDT_IRQHandler
                0x0000000000000224                TIMER16_0_IRQHandler
                0x0000000000000224                PIOINT3_IRQHandler
                0x0000000000000224                UART_IRQHandler
                0x0000000000000224                TIMER32_0_IRQHandler
                0x0000000000000224                TIMER32_1_IRQHandler
                0x0000000000000224                IntDefaultHandler
                0x0000000000000224                PIOINT1_IRQHandler
                0x0000000000000224                CAN_IRQHandler
                0x0000000000000224                SSP0_IRQHandler
 *(.text*)
 .text._ZN10DigitalOut5writeEi
                0x000000000000022c       0x58 ./src/TestLM73.o
                0x000000000000022c                _ZN10DigitalOut5writeEi
 .text._ZN10DigitalOut4readEv
                0x0000000000000284       0x34 ./src/TestLM73.o
                0x0000000000000284                _ZN10DigitalOut4readEv
 .text._ZN10DigitalOutaSEi
                0x00000000000002b8       0x20 ./src/TestLM73.o
                0x00000000000002b8                _ZN10DigitalOutaSEi
 .text._ZN10DigitalOutcviEv
                0x00000000000002d8       0x1c ./src/TestLM73.o
                0x00000000000002d8                _ZN10DigitalOutcviEv
 .text.main     0x00000000000002f4      0x100 ./src/TestLM73.o
                0x00000000000002f4                main
 .text._ZdlPv   0x00000000000003f4       0x18 ./src/cr_cpp_config.o
                0x00000000000003f4                _ZdlPv
 .text.SystemInit
                0x000000000000040c       0x90 /Users/take/proj/LBED/LBED_Proj/CMSISv2p00_LPC11xx/Debug/libCMSISv2p00_LPC11xx.a(system_LPC11xx.o)
                0x000000000000040c                SystemInit
 .text._ZN4LM73C2Eii
                0x000000000000049c       0x6c /Users/take/proj/LBED/LBED_Proj/LBED_USERLIB/Debug/libLBED_USERLIB.a(LM73.o)
                0x000000000000049c                _ZN4LM73C1Eii
                0x000000000000049c                _ZN4LM73C2Eii
 .text._ZN4LM73D2Ev
                0x0000000000000508       0x14 /Users/take/proj/LBED/LBED_Proj/LBED_USERLIB/Debug/libLBED_USERLIB.a(LM73.o)
                0x0000000000000508                _ZN4LM73D1Ev
                0x0000000000000508                _ZN4LM73D2Ev
 *fill*         0x000000000000051c        0x4 00
 .text._ZN4LM734readEv
                0x0000000000000520       0x98 /Users/take/proj/LBED/LBED_Proj/LBED_USERLIB/Debug/libLBED_USERLIB.a(LM73.o)
                0x0000000000000520                _ZN4LM734readEv
 .text._ZN7TextLCD5writeEc
                0x00000000000005b8       0x2c /Users/take/proj/LBED/LBED_Proj/LBED_USERLIB/Debug/libLBED_USERLIB.a(TextLCD.o)
                0x00000000000005b8                _ZN7TextLCD5writeEc
 .text._ZN5PrintC2Ev
                0x00000000000005e4       0x1c /Users/take/proj/LBED/LBED_Proj/LBED_USERLIB/Debug/libLBED_USERLIB.a(TextLCD.o)
                0x00000000000005e4                _ZN5PrintC1Ev
                0x00000000000005e4                _ZN5PrintC2Ev
 .text._ZN7TextLCDC2EiiiiiiNS_7LCDTypeE
                0x0000000000000600      0x148 /Users/take/proj/LBED/LBED_Proj/LBED_USERLIB/Debug/libLBED_USERLIB.a(TextLCD.o)
                0x0000000000000600                _ZN7TextLCDC1EiiiiiiNS_7LCDTypeE
                0x0000000000000600                _ZN7TextLCDC2EiiiiiiNS_7LCDTypeE
 .text._ZN7TextLCD9characterEiii
                0x0000000000000748       0x40 /Users/take/proj/LBED/LBED_Proj/LBED_USERLIB/Debug/libLBED_USERLIB.a(TextLCD.o)
                0x0000000000000748                _ZN7TextLCD9characterEiii
 .text._ZN7TextLCD3clsEv
                0x0000000000000788       0x30 /Users/take/proj/LBED/LBED_Proj/LBED_USERLIB/Debug/libLBED_USERLIB.a(TextLCD.o)
                0x0000000000000788                _ZN7TextLCD3clsEv
 .text._ZN7TextLCD6locateEii
                0x00000000000007b8       0x28 /Users/take/proj/LBED/LBED_Proj/LBED_USERLIB/Debug/libLBED_USERLIB.a(TextLCD.o)
                0x00000000000007b8                _ZN7TextLCD6locateEii
 .text._ZN7TextLCD5_putcEi
                0x00000000000007e0      0x100 /Users/take/proj/LBED/LBED_Proj/LBED_USERLIB/Debug/libLBED_USERLIB.a(TextLCD.o)
                0x00000000000007e0                _ZN7TextLCD5_putcEi
 .text._ZN7TextLCD5_getcEv
                0x00000000000008e0       0x14 /Users/take/proj/LBED/LBED_Proj/LBED_USERLIB/Debug/libLBED_USERLIB.a(TextLCD.o)
                0x00000000000008e0                _ZN7TextLCD5_getcEv
 .text._ZN7TextLCD9writeByteEi
                0x00000000000008f4       0x7c /Users/take/proj/LBED/LBED_Proj/LBED_USERLIB/Debug/libLBED_USERLIB.a(TextLCD.o)
                0x00000000000008f4                _ZN7TextLCD9writeByteEi
 .text._ZN7TextLCD12writeCommandEi
                0x0000000000000970       0x28 /Users/take/proj/LBED/LBED_Proj/LBED_USERLIB/Debug/libLBED_USERLIB.a(TextLCD.o)
                0x0000000000000970                _ZN7TextLCD12writeCommandEi
 .text._ZN7TextLCD9writeDataEi
                0x0000000000000998       0x28 /Users/take/proj/LBED/LBED_Proj/LBED_USERLIB/Debug/libLBED_USERLIB.a(TextLCD.o)
                0x0000000000000998                _ZN7TextLCD9writeDataEi
 .text._ZN7TextLCD7addressEii
                0x00000000000009c0       0x74 /Users/take/proj/LBED/LBED_Proj/LBED_USERLIB/Debug/libLBED_USERLIB.a(TextLCD.o)
                0x00000000000009c0                _ZN7TextLCD7addressEii
 .text._ZN7TextLCD7columnsEv
                0x0000000000000a34       0x24 /Users/take/proj/LBED/LBED_Proj/LBED_USERLIB/Debug/libLBED_USERLIB.a(TextLCD.o)
                0x0000000000000a34                _ZN7TextLCD7columnsEv
 .text._ZN7TextLCD4rowsEv
                0x0000000000000a58       0x24 /Users/take/proj/LBED/LBED_Proj/LBED_USERLIB/Debug/libLBED_USERLIB.a(TextLCD.o)
                0x0000000000000a58                _ZN7TextLCD4rowsEv
 .text          0x0000000000000a7c      0x204 /Users/take/proj/LBED/LBED_Proj/LBED_LPC11xx/Debug/libLBED_LPC11xx.a(BusOut.o)
                0x0000000000000a7c                _ZN6BusOutC2Eiiiiiiiiiiiiiiii
                0x0000000000000a7c                _ZN6BusOutC1Eiiiiiiiiiiiiiiii
                0x0000000000000bd0                _ZN6BusOut5writeEi
                0x0000000000000c1c                _ZN6BusOut4readEv
 .text          0x0000000000000c80      0x38c /Users/take/proj/LBED/LBED_Proj/LBED_LPC11xx/Debug/libLBED_LPC11xx.a(DigitalOut.o)
                0x0000000000000c80                _ZN10DigitalOutC1Ev
                0x0000000000000c80                _ZN10DigitalOutC2Ev
                0x0000000000000ca8                _ZN10DigitalOutC2EiPKc
                0x0000000000000ca8                _ZN10DigitalOutC1EiPKc
                0x0000000000000ce4                _ZN10DigitalOut5setupEiPKc
 .text          0x000000000000100c      0x1d0 /Users/take/proj/LBED/LBED_Proj/LBED_LPC11xx/Debug/libLBED_LPC11xx.a(I2C.o)
                0x000000000000100c                _ZN3I2CC2EiiPKc
                0x000000000000100c                _ZN3I2CC1EiiPKc
                0x0000000000001040                _ZN3I2C4readEiPcib
                0x0000000000001100                _ZN3I2C4readEi
                0x0000000000001128                _ZN3I2C5writeEiPKcib
                0x00000000000011a0                _ZN3I2C5writeEi
 *fill*         0x00000000000011dc        0x4 00
 .text          0x00000000000011e0      0x4f8 /Users/take/proj/LBED/LBED_Proj/LBED_LPC11xx/Debug/libLBED_LPC11xx.a(Print.o)
                0x00000000000011e0                _ZN5Print5writeEPKci
                0x0000000000001230                _ZN5Print5printEPKc
                0x0000000000001250                _ZN5Print5printEc
                0x000000000000127c                _ZN5Print5printEdi
                0x00000000000012a8                _ZN5Print7printlnEv
                0x00000000000012dc                _ZN5Print7printlnEPKc
                0x0000000000001310                _ZN5Print7printlnEc
                0x000000000000134c                _ZN5Print5printEmi
                0x0000000000001390                _ZN5Print5printEii
                0x00000000000013b8                _ZN5Print5printEli
                0x0000000000001444                _ZN5Print11printNumberEmi
                0x00000000000014e0                _ZN5Print10printFloatEdi
 .text._ZN5Print5writeEPKc
                0x00000000000016d8       0x3c /Users/take/proj/LBED/LBED_Proj/LBED_LPC11xx/Debug/libLBED_LPC11xx.a(Print.o)
                0x00000000000016d8                _ZN5Print5writeEPKc
 .text          0x0000000000001714        0x8 /Users/take/proj/LBED/LBED_Proj/LBED_LPC11xx/Debug/libLBED_LPC11xx.a(pure_virtual.o)
                0x0000000000001714                __cxa_pure_virtual
 .text.wait_init
                0x000000000000171c       0x24 /Users/take/proj/LBED/LBED_Proj/LBED_LPC11xx/Debug/libLBED_LPC11xx.a(wait_api.o)
                0x000000000000171c                wait_init
 .text.wait_ms  0x0000000000001740       0x30 /Users/take/proj/LBED/LBED_Proj/LBED_LPC11xx/Debug/libLBED_LPC11xx.a(wait_api.o)
                0x0000000000001740                wait_ms
 .text.wait_us  0x0000000000001770        0x2 /Users/take/proj/LBED/LBED_Proj/LBED_LPC11xx/Debug/libLBED_LPC11xx.a(wait_api.o)
                0x0000000000001770                wait_us
 *fill*         0x0000000000001772        0x2 00
 .text.getI2CMasterBuffer
                0x0000000000001774        0x8 /Users/take/proj/LBED/LBED_Proj/LBED_LPC11xx/Debug/libLBED_LPC11xx.a(_i2c.o)
                0x0000000000001774                getI2CMasterBuffer
 .text.getI2CSlaveBuffer
                0x000000000000177c        0x8 /Users/take/proj/LBED/LBED_Proj/LBED_LPC11xx/Debug/libLBED_LPC11xx.a(_i2c.o)
                0x000000000000177c                getI2CSlaveBuffer
 .text.I2C_IRQHandler
                0x0000000000001784      0x134 /Users/take/proj/LBED/LBED_Proj/LBED_LPC11xx/Debug/libLBED_LPC11xx.a(_i2c.o)
                0x0000000000001784                I2C_IRQHandler
 .text.I2CInit  0x00000000000018b8       0x6c /Users/take/proj/LBED/LBED_Proj/LBED_LPC11xx/Debug/libLBED_LPC11xx.a(_i2c.o)
                0x00000000000018b8                I2CInit
 .text.I2CEngine
                0x0000000000001924       0x5c /Users/take/proj/LBED/LBED_Proj/LBED_LPC11xx/Debug/libLBED_LPC11xx.a(_i2c.o)
                0x0000000000001924                I2CEngine
 .text          0x0000000000001980       0x9c /Applications/lpcxpresso_4.2.4_267/lpcxpresso/Tools/bin/../lib/gcc/arm-none-eabi/4.6.2/armv6-m/libgcc.a(_udivsi3.o)
                0x0000000000001980                __udivsi3
                0x0000000000001980                __aeabi_uidiv
                0x0000000000001a08                __aeabi_uidivmod
 .text          0x0000000000001a1c        0x4 /Applications/lpcxpresso_4.2.4_267/lpcxpresso/Tools/bin/../lib/gcc/arm-none-eabi/4.6.2/armv6-m/libgcc.a(_dvmd_tls.o)
                0x0000000000001a1c                __aeabi_ldiv0
                0x0000000000001a1c                __aeabi_idiv0
 .text          0x0000000000001a20       0x7c /Applications/lpcxpresso_4.2.4_267/lpcxpresso/Tools/bin/../lib/gcc/arm-none-eabi/4.6.2/armv6-m/libgcc.a(_arm_cmpdf2.o)
                0x0000000000001a20                __aeabi_cdrcmple
                0x0000000000001a30                __aeabi_cdcmple
                0x0000000000001a30                __aeabi_cdcmpeq
                0x0000000000001a40                __aeabi_dcmpeq
                0x0000000000001a4c                __aeabi_dcmplt
                0x0000000000001a60                __aeabi_dcmple
                0x0000000000001a74                __aeabi_dcmpgt
                0x0000000000001a88                __aeabi_dcmpge
 *fill*         0x0000000000001a9c        0x4 00
 .text          0x0000000000001aa0       0x40 /Applications/lpcxpresso_4.2.4_267/lpcxpresso/Tools/bin/../lib/gcc/arm-none-eabi/4.6.2/armv6-m/libgcc.a(_fixunsdfsi.o)
                0x0000000000001aa0                __fixunsdfsi
                0x0000000000001aa0                __aeabi_d2uiz
 .text          0x0000000000001ae0      0x6d4 /Applications/lpcxpresso_4.2.4_267/lpcxpresso/Tools/bin/../lib/gcc/arm-none-eabi/4.6.2/armv6-m/libgcc.a(adddf3.o)
                0x0000000000001ae0                __aeabi_dadd
 .text          0x00000000000021b4      0x5e4 /Applications/lpcxpresso_4.2.4_267/lpcxpresso/Tools/bin/../lib/gcc/arm-none-eabi/4.6.2/armv6-m/libgcc.a(divdf3.o)
                0x00000000000021b4                __aeabi_ddiv
 .text          0x0000000000002798       0x80 /Applications/lpcxpresso_4.2.4_267/lpcxpresso/Tools/bin/../lib/gcc/arm-none-eabi/4.6.2/armv6-m/libgcc.a(eqdf2.o)
                0x0000000000002798                __eqdf2
                0x0000000000002798                __nedf2
 .text          0x0000000000002818       0xec /Applications/lpcxpresso_4.2.4_267/lpcxpresso/Tools/bin/../lib/gcc/arm-none-eabi/4.6.2/armv6-m/libgcc.a(gedf2.o)
                0x0000000000002818                __gtdf2
                0x0000000000002818                __gedf2
 .text          0x0000000000002904       0xc0 /Applications/lpcxpresso_4.2.4_267/lpcxpresso/Tools/bin/../lib/gcc/arm-none-eabi/4.6.2/armv6-m/libgcc.a(ledf2.o)
                0x0000000000002904                __ltdf2
                0x0000000000002904                __ledf2
 .text          0x00000000000029c4      0x4a4 /Applications/lpcxpresso_4.2.4_267/lpcxpresso/Tools/bin/../lib/gcc/arm-none-eabi/4.6.2/armv6-m/libgcc.a(muldf3.o)
                0x00000000000029c4                __aeabi_dmul
 .text          0x0000000000002e68      0x72c /Applications/lpcxpresso_4.2.4_267/lpcxpresso/Tools/bin/../lib/gcc/arm-none-eabi/4.6.2/armv6-m/libgcc.a(subdf3.o)
                0x0000000000002e68                __aeabi_dsub
 .text          0x0000000000003594       0x68 /Applications/lpcxpresso_4.2.4_267/lpcxpresso/Tools/bin/../lib/gcc/arm-none-eabi/4.6.2/armv6-m/libgcc.a(fixdfsi.o)
                0x0000000000003594                __aeabi_d2iz
 .text          0x00000000000035fc       0x78 /Applications/lpcxpresso_4.2.4_267/lpcxpresso/Tools/bin/../lib/gcc/arm-none-eabi/4.6.2/armv6-m/libgcc.a(floatsidf.o)
                0x00000000000035fc                __aeabi_i2d
 .text          0x0000000000003674       0x68 /Applications/lpcxpresso_4.2.4_267/lpcxpresso/Tools/bin/../lib/gcc/arm-none-eabi/4.6.2/armv6-m/libgcc.a(floatunsidf.o)
                0x0000000000003674                __aeabi_ui2d
 .text          0x00000000000036dc       0xa8 /Applications/lpcxpresso_4.2.4_267/lpcxpresso/Tools/bin/../lib/gcc/arm-none-eabi/4.6.2/armv6-m/libgcc.a(extendsfdf2.o)
                0x00000000000036dc                __aeabi_f2d
 .text          0x0000000000003784      0x148 /Applications/lpcxpresso_4.2.4_267/lpcxpresso/Tools/bin/../lib/gcc/arm-none-eabi/4.6.2/armv6-m/libgcc.a(truncdfsf2.o)
                0x0000000000003784                __aeabi_d2f
 .text          0x00000000000038cc      0xb5c /Applications/lpcxpresso_4.2.4_267/lpcxpresso/Tools/bin/../lib/gcc/arm-none-eabi/4.6.2/armv6-m/libgcc.a(unwind-arm.o)
                0x0000000000003b8c                _Unwind_VRS_Get
                0x0000000000003bd0                _Unwind_VRS_Set
                0x0000000000003f34                __aeabi_unwind_cpp_pr2
                0x0000000000003f40                __aeabi_unwind_cpp_pr1
                0x0000000000003f4c                __aeabi_unwind_cpp_pr0
                0x0000000000003f58                _Unwind_VRS_Pop
                0x00000000000042dc                _Unwind_GetCFA
                0x00000000000042e0                __gnu_Unwind_RaiseException
                0x0000000000004338                __gnu_Unwind_ForcedUnwind
                0x000000000000434c                __gnu_Unwind_Resume
                0x000000000000438c                __gnu_Unwind_Resume_or_Rethrow
                0x00000000000043a8                _Unwind_Complete
                0x00000000000043ac                _Unwind_DeleteException
                0x00000000000043bc                __gnu_Unwind_Backtrace
 .text          0x0000000000004428      0x144 /Applications/lpcxpresso_4.2.4_267/lpcxpresso/Tools/bin/../lib/gcc/arm-none-eabi/4.6.2/armv6-m/libgcc.a(libunwind.o)
                0x0000000000004428                __restore_core_regs
                0x0000000000004428                restore_core_regs
                0x0000000000004454                __gnu_Unwind_Restore_VFP
                0x0000000000004458                __gnu_Unwind_Save_VFP
                0x000000000000445c                __gnu_Unwind_Restore_VFP_D
                0x0000000000004460                __gnu_Unwind_Save_VFP_D
                0x0000000000004464                __gnu_Unwind_Restore_VFP_D_16_to_31
                0x0000000000004468                __gnu_Unwind_Save_VFP_D_16_to_31
                0x000000000000446c                __gnu_Unwind_Restore_WMMXD
                0x0000000000004470                __gnu_Unwind_Save_WMMXD
                0x0000000000004474                __gnu_Unwind_Restore_WMMXC
                0x0000000000004478                __gnu_Unwind_Save_WMMXC
                0x000000000000447c                _Unwind_RaiseException
                0x000000000000447c                ___Unwind_RaiseException
                0x00000000000044ac                ___Unwind_Resume
                0x00000000000044ac                _Unwind_Resume
                0x00000000000044dc                ___Unwind_Resume_or_Rethrow
                0x00000000000044dc                _Unwind_Resume_or_Rethrow
                0x000000000000450c                _Unwind_ForcedUnwind
                0x000000000000450c                ___Unwind_ForcedUnwind
                0x000000000000453c                _Unwind_Backtrace
                0x000000000000453c                ___Unwind_Backtrace
 .text          0x000000000000456c      0x38c /Applications/lpcxpresso_4.2.4_267/lpcxpresso/Tools/bin/../lib/gcc/arm-none-eabi/4.6.2/armv6-m/libgcc.a(pr-support.o)
                0x00000000000045c0                __gnu_unwind_execute
                0x00000000000048a0                __gnu_unwind_frame
                0x00000000000048c8                _Unwind_GetRegionStart
                0x00000000000048d4                _Unwind_GetLanguageSpecificData
                0x00000000000048e8                _Unwind_GetDataRelBase
                0x00000000000048f0                _Unwind_GetTextRelBase
 .text          0x00000000000048f8       0x3c /Applications/lpcxpresso_4.2.4_267/lpcxpresso/Tools/bin/../lib/gcc/arm-none-eabi/4.6.2/armv6-m/libgcc.a(_clzsi2.o)
                0x00000000000048f8                __clzsi2
 .text          0x0000000000004934       0x10 /Applications/lpcxpresso_4.2.4_267/lpcxpresso/Tools/bin/../lib/gcc/arm-none-eabi/4.6.2/../../../../arm-none-eabi/lib/armv6-m/libc.a(lib_a-abort.o)
                0x0000000000004934                abort
 .text          0x0000000000004944       0x44 /Applications/lpcxpresso_4.2.4_267/lpcxpresso/Tools/bin/../lib/gcc/arm-none-eabi/4.6.2/../../../../arm-none-eabi/lib/armv6-m/libc.a(lib_a-init.o)
                0x0000000000004944                __libc_init_array
 .text          0x0000000000004988       0x28 /Applications/lpcxpresso_4.2.4_267/lpcxpresso/Tools/bin/../lib/gcc/arm-none-eabi/4.6.2/../../../../arm-none-eabi/lib/armv6-m/libc.a(lib_a-malloc.o)
                0x0000000000004988                malloc
                0x000000000000499c                free
 .text          0x00000000000049b0      0x514 /Applications/lpcxpresso_4.2.4_267/lpcxpresso/Tools/bin/../lib/gcc/arm-none-eabi/4.6.2/../../../../arm-none-eabi/lib/armv6-m/libc.a(lib_a-mallocr.o)
                0x00000000000049b0                _malloc_r
 .text          0x0000000000004ec4       0x7c /Applications/lpcxpresso_4.2.4_267/lpcxpresso/Tools/bin/../lib/gcc/arm-none-eabi/4.6.2/../../../../arm-none-eabi/lib/armv6-m/libc.a(lib_a-memcpy.o)
                0x0000000000004ec4                memcpy
 .text          0x0000000000004f40        0x8 /Applications/lpcxpresso_4.2.4_267/lpcxpresso/Tools/bin/../lib/gcc/arm-none-eabi/4.6.2/../../../../arm-none-eabi/lib/armv6-m/libc.a(lib_a-mlock.o)
                0x0000000000004f40                __malloc_lock
                0x0000000000004f44                __malloc_unlock
 .text          0x0000000000004f48       0x24 /Applications/lpcxpresso_4.2.4_267/lpcxpresso/Tools/bin/../lib/gcc/arm-none-eabi/4.6.2/../../../../arm-none-eabi/lib/armv6-m/libc.a(lib_a-sbrkr.o)
                0x0000000000004f48                _sbrk_r
 .text          0x0000000000004f6c      0x16c /Applications/lpcxpresso_4.2.4_267/lpcxpresso/Tools/bin/../lib/gcc/arm-none-eabi/4.6.2/../../../../arm-none-eabi/lib/armv6-m/libc.a(lib_a-signal.o)
                0x0000000000004f6c                _init_signal_r
                0x0000000000004fa8                _signal_r
                0x0000000000004fe4                _raise_r
                0x000000000000503c                __sigtramp_r
                0x0000000000005088                raise
                0x000000000000509c                signal
                0x00000000000050b4                _init_signal
                0x00000000000050c4                __sigtramp
 .text          0x00000000000050d8       0x30 /Applications/lpcxpresso_4.2.4_267/lpcxpresso/Tools/bin/../lib/gcc/arm-none-eabi/4.6.2/../../../../arm-none-eabi/lib/armv6-m/libc.a(lib_a-signalr.o)
                0x00000000000050d8                _kill_r
                0x0000000000005100                _getpid_r
 .text          0x0000000000005108       0x10 /Applications/lpcxpresso_4.2.4_267/lpcxpresso/Tools/bin/../lib/gcc/arm-none-eabi/4.6.2/../../../../arm-none-eabi/lib/armv6-m/libc.a(lib_a-strlen.o)
                0x0000000000005108                strlen
 .text          0x0000000000005118      0x240 /Applications/lpcxpresso_4.2.4_267/lpcxpresso/Tools/bin/../lib/gcc/arm-none-eabi/4.6.2/../../../../arm-none-eabi/lib/armv6-m/libc.a(lib_a-freer.o)
                0x0000000000005118                _malloc_trim_r
                0x00000000000051c0                _free_r
 .text._ZNK10__cxxabiv117__class_type_info11__do_upcastEPKS0_PPv
                0x0000000000005358       0x38 /Applications/lpcxpresso_4.2.4_267/lpcxpresso/Tools/bin/../lib/gcc/arm-none-eabi/4.6.2/../../../../arm-none-eabi/lib/armv6-m/libstdc++.a(class_type_info.o)
                0x0000000000005358                _ZNK10__cxxabiv117__class_type_info11__do_upcastEPKS0_PPv
 .text._ZNK10__cxxabiv117__class_type_info20__do_find_public_srcEiPKvPKS0_S2_
                0x0000000000005390       0x10 /Applications/lpcxpresso_4.2.4_267/lpcxpresso/Tools/bin/../lib/gcc/arm-none-eabi/4.6.2/../../../../arm-none-eabi/lib/armv6-m/libstdc++.a(class_type_info.o)
                0x0000000000005390                _ZNK10__cxxabiv117__class_type_info20__do_find_public_srcEiPKvPKS0_S2_
 .text._ZNK10__cxxabiv117__class_type_info11__do_upcastEPKS0_PKvRNS0_15__upcast_resultE
                0x00000000000053a0       0x20 /Applications/lpcxpresso_4.2.4_267/lpcxpresso/Tools/bin/../lib/gcc/arm-none-eabi/4.6.2/../../../../arm-none-eabi/lib/armv6-m/libstdc++.a(class_type_info.o)
                0x00000000000053a0                _ZNK10__cxxabiv117__class_type_info11__do_upcastEPKS0_PKvRNS0_15__upcast_resultE
 .text._ZN10__cxxabiv117__class_type_infoD2Ev
                0x00000000000053c0       0x18 /Applications/lpcxpresso_4.2.4_267/lpcxpresso/Tools/bin/../lib/gcc/arm-none-eabi/4.6.2/../../../../arm-none-eabi/lib/armv6-m/libstdc++.a(class_type_info.o)
                0x00000000000053c0                _ZN10__cxxabiv117__class_type_infoD1Ev
                0x00000000000053c0                _ZN10__cxxabiv117__class_type_infoD2Ev
 .text._ZN10__cxxabiv117__class_type_infoD0Ev
                0x00000000000053d8       0x1c /Applications/lpcxpresso_4.2.4_267/lpcxpresso/Tools/bin/../lib/gcc/arm-none-eabi/4.6.2/../../../../arm-none-eabi/lib/armv6-m/libstdc++.a(class_type_info.o)
                0x00000000000053d8                _ZN10__cxxabiv117__class_type_infoD0Ev
 .text._ZNK10__cxxabiv117__class_type_info12__do_dyncastEiNS0_10__sub_kindEPKS0_PKvS3_S5_RNS0_16__dyncast_resultE
                0x00000000000053f4       0x48 /Applications/lpcxpresso_4.2.4_267/lpcxpresso/Tools/bin/../lib/gcc/arm-none-eabi/4.6.2/../../../../arm-none-eabi/lib/armv6-m/libstdc++.a(class_type_info.o)
                0x00000000000053f4                _ZNK10__cxxabiv117__class_type_info12__do_dyncastEiNS0_10__sub_kindEPKS0_PKvS3_S5_RNS0_16__dyncast_resultE
 .text._ZNK10__cxxabiv117__class_type_info10__do_catchEPKSt9type_infoPPvj
                0x000000000000543c       0x2c /Applications/lpcxpresso_4.2.4_267/lpcxpresso/Tools/bin/../lib/gcc/arm-none-eabi/4.6.2/../../../../arm-none-eabi/lib/armv6-m/libstdc++.a(class_type_info.o)
                0x000000000000543c                _ZNK10__cxxabiv117__class_type_info10__do_catchEPKSt9type_infoPPvj
 .text._ZN10__cxxabiv120__si_class_type_infoD2Ev
                0x0000000000005468       0x18 /Applications/lpcxpresso_4.2.4_267/lpcxpresso/Tools/bin/../lib/gcc/arm-none-eabi/4.6.2/../../../../arm-none-eabi/lib/armv6-m/libstdc++.a(si_class_type_info.o)
                0x0000000000005468                _ZN10__cxxabiv120__si_class_type_infoD2Ev
                0x0000000000005468                _ZN10__cxxabiv120__si_class_type_infoD1Ev
 .text._ZN10__cxxabiv120__si_class_type_infoD0Ev
                0x0000000000005480       0x1c /Applications/lpcxpresso_4.2.4_267/lpcxpresso/Tools/bin/../lib/gcc/arm-none-eabi/4.6.2/../../../../arm-none-eabi/lib/armv6-m/libstdc++.a(si_class_type_info.o)
                0x0000000000005480                _ZN10__cxxabiv120__si_class_type_infoD0Ev
 .text._ZNK10__cxxabiv120__si_class_type_info11__do_upcastEPKNS_17__class_type_infoEPKvRNS1_15__upcast_resultE
                0x000000000000549c       0x28 /Applications/lpcxpresso_4.2.4_267/lpcxpresso/Tools/bin/../lib/gcc/arm-none-eabi/4.6.2/../../../../arm-none-eabi/lib/armv6-m/libstdc++.a(si_class_type_info.o)
                0x000000000000549c                _ZNK10__cxxabiv120__si_class_type_info11__do_upcastEPKNS_17__class_type_infoEPKvRNS1_15__upcast_resultE
 .text._ZNK10__cxxabiv120__si_class_type_info12__do_dyncastEiNS_17__class_type_info10__sub_kindEPKS1_PKvS4_S6_RNS1_16__dyncast_resultE
                0x00000000000054c4       0x94 /Applications/lpcxpresso_4.2.4_267/lpcxpresso/Tools/bin/../lib/gcc/arm-none-eabi/4.6.2/../../../../arm-none-eabi/lib/armv6-m/libstdc++.a(si_class_type_info.o)
                0x00000000000054c4                _ZNK10__cxxabiv120__si_class_type_info12__do_dyncastEiNS_17__class_type_info10__sub_kindEPKS1_PKvS4_S6_RNS1_16__dyncast_resultE
 .text._ZNK10__cxxabiv120__si_class_type_info20__do_find_public_srcEiPKvPKNS_17__class_type_infoES2_
                0x0000000000005558       0x40 /Applications/lpcxpresso_4.2.4_267/lpcxpresso/Tools/bin/../lib/gcc/arm-none-eabi/4.6.2/../../../../arm-none-eabi/lib/armv6-m/libstdc++.a(si_class_type_info.o)
                0x0000000000005558                _ZNK10__cxxabiv120__si_class_type_info20__do_find_public_srcEiPKvPKNS_17__class_type_infoES2_
 .text._ZNSt9type_infoD2Ev
                0x0000000000005598        0xc /Applications/lpcxpresso_4.2.4_267/lpcxpresso/Tools/bin/../lib/gcc/arm-none-eabi/4.6.2/../../../../arm-none-eabi/lib/armv6-m/libstdc++.a(tinfo.o)
                0x0000000000005598                _ZNSt9type_infoD1Ev
                0x0000000000005598                _ZNSt9type_infoD2Ev
 .text._ZNKSt9type_info14__is_pointer_pEv
                0x00000000000055a4        0x4 /Applications/lpcxpresso_4.2.4_267/lpcxpresso/Tools/bin/../lib/gcc/arm-none-eabi/4.6.2/../../../../arm-none-eabi/lib/armv6-m/libstdc++.a(tinfo.o)
                0x00000000000055a4                _ZNKSt9type_info14__is_pointer_pEv
 .text._ZNKSt9type_info15__is_function_pEv
                0x00000000000055a8        0x4 /Applications/lpcxpresso_4.2.4_267/lpcxpresso/Tools/bin/../lib/gcc/arm-none-eabi/4.6.2/../../../../arm-none-eabi/lib/armv6-m/libstdc++.a(tinfo.o)
                0x00000000000055a8                _ZNKSt9type_info15__is_function_pEv
 .text._ZNKSt9type_info11__do_upcastEPKN10__cxxabiv117__class_type_infoEPPv
                0x00000000000055ac        0x4 /Applications/lpcxpresso_4.2.4_267/lpcxpresso/Tools/bin/../lib/gcc/arm-none-eabi/4.6.2/../../../../arm-none-eabi/lib/armv6-m/libstdc++.a(tinfo.o)
                0x00000000000055ac                _ZNKSt9type_info11__do_upcastEPKN10__cxxabiv117__class_type_infoEPPv
 .text._ZNSt9type_infoD0Ev
                0x00000000000055b0       0x18 /Applications/lpcxpresso_4.2.4_267/lpcxpresso/Tools/bin/../lib/gcc/arm-none-eabi/4.6.2/../../../../arm-none-eabi/lib/armv6-m/libstdc++.a(tinfo.o)
                0x00000000000055b0                _ZNSt9type_infoD0Ev
 .text._ZNKSt9type_infoeqERKS_
                0x00000000000055c8       0x2c /Applications/lpcxpresso_4.2.4_267/lpcxpresso/Tools/bin/../lib/gcc/arm-none-eabi/4.6.2/../../../../arm-none-eabi/lib/armv6-m/libstdc++.a(tinfo.o)
                0x00000000000055c8                _ZNKSt9type_infoeqERKS_
 .text._ZNKSt9type_info10__do_catchEPKS_PPvj
                0x00000000000055f4        0x8 /Applications/lpcxpresso_4.2.4_267/lpcxpresso/Tools/bin/../lib/gcc/arm-none-eabi/4.6.2/../../../../arm-none-eabi/lib/armv6-m/libstdc++.a(tinfo.o)
                0x00000000000055f4                _ZNKSt9type_info10__do_catchEPKS_PPvj
 .text          0x00000000000055fc       0x40 /Applications/lpcxpresso_4.2.4_267/lpcxpresso/Tools/bin/../lib/gcc/arm-none-eabi/4.6.2/../../../../arm-none-eabi/lib/armv6-m/libcr_newlib_nohost.a(_cr_sbrk.o)
                0x00000000000055fc                _sbrk
 .text          0x000000000000563c        0x4 /Applications/lpcxpresso_4.2.4_267/lpcxpresso/Tools/bin/../lib/gcc/arm-none-eabi/4.6.2/../../../../arm-none-eabi/lib/armv6-m/libcr_newlib_nohost.a(_exit.o)
                0x000000000000563c                _exit
 .text          0x0000000000005640       0x10 /Applications/lpcxpresso_4.2.4_267/lpcxpresso/Tools/bin/../lib/gcc/arm-none-eabi/4.6.2/../../../../arm-none-eabi/lib/armv6-m/libcr_newlib_nohost.a(getpid.o)
                0x0000000000005640                _getpid
 .text          0x0000000000005650       0x10 /Applications/lpcxpresso_4.2.4_267/lpcxpresso/Tools/bin/../lib/gcc/arm-none-eabi/4.6.2/../../../../arm-none-eabi/lib/armv6-m/libcr_newlib_nohost.a(kill.o)
                0x0000000000005650                _kill
 .text          0x0000000000005660       0x2c /Applications/lpcxpresso_4.2.4_267/lpcxpresso/Tools/bin/../lib/gcc/arm-none-eabi/4.6.2/../../../../arm-none-eabi/lib/armv6-m/libcr_newlib_nohost.a(_cr_check_heap.o)
                0x0000000000005660                __check_heap_overflow
 .text          0x000000000000568c       0x60 /Applications/lpcxpresso_4.2.4_267/lpcxpresso/Tools/bin/../lib/gcc/arm-none-eabi/4.6.2/armv6-m/crtbegin.o
 .text          0x00000000000056ec        0xc /Applications/lpcxpresso_4.2.4_267/lpcxpresso/Tools/bin/../lib/gcc/arm-none-eabi/4.6.2/../../../../arm-none-eabi/lib/armv6-m/libc.a(lib_a-errno.o)
                0x00000000000056ec                __errno
 .text          0x00000000000056f8       0x14 /Applications/lpcxpresso_4.2.4_267/lpcxpresso/Tools/bin/../lib/gcc/arm-none-eabi/4.6.2/../../../../arm-none-eabi/lib/armv6-m/libc.a(lib_a-strcmp.o)
                0x00000000000056f8                strcmp
 *(.rodata .rodata.*)
 .rodata        0x000000000000570c       0x14 ./src/TestLM73.o
 .rodata._ZTV7TextLCD
                0x0000000000005720       0x18 /Users/take/proj/LBED/LBED_Proj/LBED_USERLIB/Debug/libLBED_USERLIB.a(TextLCD.o)
                0x0000000000005720                _ZTV7TextLCD
 .rodata        0x0000000000005738       0x58 /Users/take/proj/LBED/LBED_Proj/LBED_LPC11xx/Debug/libLBED_LPC11xx.a(DigitalOut.o)
 .rodata        0x0000000000005790       0x28 /Users/take/proj/LBED/LBED_Proj/LBED_LPC11xx/Debug/libLBED_LPC11xx.a(Print.o)
                0x0000000000005798                _ZTV5Print
                0x00000000000057a8                _ZTI5Print
                0x00000000000057b0                _ZTS5Print
 .rodata        0x00000000000057b8       0x40 /Applications/lpcxpresso_4.2.4_267/lpcxpresso/Tools/bin/../lib/gcc/arm-none-eabi/4.6.2/armv6-m/libgcc.a(divdf3.o)
 .rodata        0x00000000000057f8       0x40 /Applications/lpcxpresso_4.2.4_267/lpcxpresso/Tools/bin/../lib/gcc/arm-none-eabi/4.6.2/armv6-m/libgcc.a(muldf3.o)
 .rodata        0x0000000000005838       0x14 /Applications/lpcxpresso_4.2.4_267/lpcxpresso/Tools/bin/../lib/gcc/arm-none-eabi/4.6.2/armv6-m/libgcc.a(unwind-arm.o)
 .rodata.str1.4
                0x000000000000584c        0x4 /Applications/lpcxpresso_4.2.4_267/lpcxpresso/Tools/bin/../lib/gcc/arm-none-eabi/4.6.2/../../../../arm-none-eabi/lib/armv6-m/libc.a(lib_a-impure.o)
 .rodata._ZTVN10__cxxabiv117__class_type_infoE
                0x0000000000005850       0x30 /Applications/lpcxpresso_4.2.4_267/lpcxpresso/Tools/bin/../lib/gcc/arm-none-eabi/4.6.2/../../../../arm-none-eabi/lib/armv6-m/libstdc++.a(class_type_info.o)
                0x0000000000005850                _ZTVN10__cxxabiv117__class_type_infoE
 .rodata._ZTIN10__cxxabiv117__class_type_infoE
                0x0000000000005880        0xc /Applications/lpcxpresso_4.2.4_267/lpcxpresso/Tools/bin/../lib/gcc/arm-none-eabi/4.6.2/../../../../arm-none-eabi/lib/armv6-m/libstdc++.a(class_type_info.o)
                0x0000000000005880                _ZTIN10__cxxabiv117__class_type_infoE
 .rodata._ZTSN10__cxxabiv117__class_type_infoE
                0x000000000000588c       0x24 /Applications/lpcxpresso_4.2.4_267/lpcxpresso/Tools/bin/../lib/gcc/arm-none-eabi/4.6.2/../../../../arm-none-eabi/lib/armv6-m/libstdc++.a(class_type_info.o)
                0x000000000000588c                _ZTSN10__cxxabiv117__class_type_infoE
 .rodata._ZTVN10__cxxabiv120__si_class_type_infoE
                0x00000000000058b0       0x30 /Applications/lpcxpresso_4.2.4_267/lpcxpresso/Tools/bin/../lib/gcc/arm-none-eabi/4.6.2/../../../../arm-none-eabi/lib/armv6-m/libstdc++.a(si_class_type_info.o)
                0x00000000000058b0                _ZTVN10__cxxabiv120__si_class_type_infoE
 .rodata._ZTIN10__cxxabiv120__si_class_type_infoE
                0x00000000000058e0        0xc /Applications/lpcxpresso_4.2.4_267/lpcxpresso/Tools/bin/../lib/gcc/arm-none-eabi/4.6.2/../../../../arm-none-eabi/lib/armv6-m/libstdc++.a(si_class_type_info.o)
                0x00000000000058e0                _ZTIN10__cxxabiv120__si_class_type_infoE
 .rodata._ZTSN10__cxxabiv120__si_class_type_infoE
                0x00000000000058ec       0x28 /Applications/lpcxpresso_4.2.4_267/lpcxpresso/Tools/bin/../lib/gcc/arm-none-eabi/4.6.2/../../../../arm-none-eabi/lib/armv6-m/libstdc++.a(si_class_type_info.o)
                0x00000000000058ec                _ZTSN10__cxxabiv120__si_class_type_infoE
 .rodata._ZTISt9type_info
                0x0000000000005914        0x8 /Applications/lpcxpresso_4.2.4_267/lpcxpresso/Tools/bin/../lib/gcc/arm-none-eabi/4.6.2/../../../../arm-none-eabi/lib/armv6-m/libstdc++.a(tinfo.o)
                0x0000000000005914                _ZTISt9type_info
 .rodata._ZTSSt9type_info
                0x000000000000591c       0x10 /Applications/lpcxpresso_4.2.4_267/lpcxpresso/Tools/bin/../lib/gcc/arm-none-eabi/4.6.2/../../../../arm-none-eabi/lib/armv6-m/libstdc++.a(tinfo.o)
                0x000000000000591c                _ZTSSt9type_info
 *fill*         0x000000000000592c        0x4 00
 .rodata._ZTVSt9type_info
                0x0000000000005930       0x20 /Applications/lpcxpresso_4.2.4_267/lpcxpresso/Tools/bin/../lib/gcc/arm-none-eabi/4.6.2/../../../../arm-none-eabi/lib/armv6-m/libstdc++.a(tinfo.o)
                0x0000000000005930                _ZTVSt9type_info
                0x0000000000005950                . = ALIGN (0x4)
                0x0000000000005950                . = ALIGN (0x4)
 *(.init)
 .init          0x0000000000005950        0x4 /Applications/lpcxpresso_4.2.4_267/lpcxpresso/Tools/bin/../lib/gcc/arm-none-eabi/4.6.2/armv6-m/crti.o
                0x0000000000005950                _init
 .init          0x0000000000005954        0x8 /Applications/lpcxpresso_4.2.4_267/lpcxpresso/Tools/bin/../lib/gcc/arm-none-eabi/4.6.2/armv6-m/crtn.o
                0x000000000000595c                . = ALIGN (0x4)
                0x000000000000595c                __preinit_array_start = .
 *(.preinit_array)
                0x000000000000595c                __preinit_array_end = .
                0x000000000000595c                . = ALIGN (0x4)
                0x000000000000595c                __init_array_start = .
 *(SORT(.init_array.*))
 *(.init_array)
 .init_array    0x000000000000595c        0x4 /Applications/lpcxpresso_4.2.4_267/lpcxpresso/Tools/bin/../lib/gcc/arm-none-eabi/4.6.2/armv6-m/crtbegin.o
                0x0000000000005960                __init_array_end = .
 *(.fini)
 .fini          0x0000000000005960        0x4 /Applications/lpcxpresso_4.2.4_267/lpcxpresso/Tools/bin/../lib/gcc/arm-none-eabi/4.6.2/armv6-m/crti.o
                0x0000000000005960                _fini
 .fini          0x0000000000005964        0x8 /Applications/lpcxpresso_4.2.4_267/lpcxpresso/Tools/bin/../lib/gcc/arm-none-eabi/4.6.2/armv6-m/crtn.o
                0x000000000000596c                . = ALIGN (0x4)
 *crtbegin.o(.ctors)
 *(EXCLUDE_FILE(*crtend.o) .ctors)
 *(SORT(.ctors.*))
 *crtend.o(.ctors)
                0x000000000000596c                . = ALIGN (0x4)
 *crtbegin.o(.dtors)
 *(EXCLUDE_FILE(*crtend.o) .dtors)
 *(SORT(.dtors.*))
 *crtend.o(.dtors)

.glue_7         0x000000000000596c        0x0
 .glue_7        0x0000000000000000        0x0 linker stubs

.glue_7t        0x000000000000596c        0x0
 .glue_7t       0x0000000000000000        0x0 linker stubs

.vfp11_veneer   0x000000000000596c        0x0
 .vfp11_veneer  0x0000000000000000        0x0 linker stubs

.v4_bx          0x000000000000596c        0x0
 .v4_bx         0x0000000000000000        0x0 linker stubs

.ARM.extab      0x000000000000596c      0x204
 *(.ARM.extab* .gnu.linkonce.armextab.*)
 .ARM.extab.text._ZN4LM73C2Eii
                0x000000000000596c        0xc /Users/take/proj/LBED/LBED_Proj/LBED_USERLIB/Debug/libLBED_USERLIB.a(LM73.o)
 .ARM.extab.text._ZN4LM73D2Ev
                0x0000000000005978        0x0 /Users/take/proj/LBED/LBED_Proj/LBED_USERLIB/Debug/libLBED_USERLIB.a(LM73.o)
 .ARM.extab.text._ZN4LM734readEv
                0x0000000000005978        0x0 /Users/take/proj/LBED/LBED_Proj/LBED_USERLIB/Debug/libLBED_USERLIB.a(LM73.o)
 .ARM.extab.text._ZN7TextLCD5writeEc
                0x0000000000005978        0xc /Users/take/proj/LBED/LBED_Proj/LBED_USERLIB/Debug/libLBED_USERLIB.a(TextLCD.o)
 .ARM.extab.text._ZN5PrintC2Ev
                0x0000000000005984        0x0 /Users/take/proj/LBED/LBED_Proj/LBED_USERLIB/Debug/libLBED_USERLIB.a(TextLCD.o)
 .ARM.extab.text._ZN7TextLCDC2EiiiiiiNS_7LCDTypeE
                0x0000000000005984        0xc /Users/take/proj/LBED/LBED_Proj/LBED_USERLIB/Debug/libLBED_USERLIB.a(TextLCD.o)
 .ARM.extab.text._ZN7TextLCD9characterEiii
                0x0000000000005990        0xc /Users/take/proj/LBED/LBED_Proj/LBED_USERLIB/Debug/libLBED_USERLIB.a(TextLCD.o)
 .ARM.extab.text._ZN7TextLCD3clsEv
                0x000000000000599c        0xc /Users/take/proj/LBED/LBED_Proj/LBED_USERLIB/Debug/libLBED_USERLIB.a(TextLCD.o)
 .ARM.extab.text._ZN7TextLCD6locateEii
                0x00000000000059a8        0x0 /Users/take/proj/LBED/LBED_Proj/LBED_USERLIB/Debug/libLBED_USERLIB.a(TextLCD.o)
 .ARM.extab.text._ZN7TextLCD5_putcEi
                0x00000000000059a8        0xc /Users/take/proj/LBED/LBED_Proj/LBED_USERLIB/Debug/libLBED_USERLIB.a(TextLCD.o)
 .ARM.extab.text._ZN7TextLCD5_getcEv
                0x00000000000059b4        0x0 /Users/take/proj/LBED/LBED_Proj/LBED_USERLIB/Debug/libLBED_USERLIB.a(TextLCD.o)
 .ARM.extab.text._ZN7TextLCD9writeByteEi
                0x00000000000059b4        0xc /Users/take/proj/LBED/LBED_Proj/LBED_USERLIB/Debug/libLBED_USERLIB.a(TextLCD.o)
 .ARM.extab.text._ZN7TextLCD12writeCommandEi
                0x00000000000059c0        0xc /Users/take/proj/LBED/LBED_Proj/LBED_USERLIB/Debug/libLBED_USERLIB.a(TextLCD.o)
 .ARM.extab.text._ZN7TextLCD9writeDataEi
                0x00000000000059cc        0xc /Users/take/proj/LBED/LBED_Proj/LBED_USERLIB/Debug/libLBED_USERLIB.a(TextLCD.o)
 .ARM.extab.text._ZN7TextLCD7addressEii
                0x00000000000059d8        0x0 /Users/take/proj/LBED/LBED_Proj/LBED_USERLIB/Debug/libLBED_USERLIB.a(TextLCD.o)
 .ARM.extab.text._ZN7TextLCD7columnsEv
                0x00000000000059d8        0x0 /Users/take/proj/LBED/LBED_Proj/LBED_USERLIB/Debug/libLBED_USERLIB.a(TextLCD.o)
 .ARM.extab.text._ZN7TextLCD4rowsEv
                0x00000000000059d8        0x0 /Users/take/proj/LBED/LBED_Proj/LBED_USERLIB/Debug/libLBED_USERLIB.a(TextLCD.o)
 .ARM.extab     0x00000000000059d8        0xc /Users/take/proj/LBED/LBED_Proj/LBED_LPC11xx/Debug/libLBED_LPC11xx.a(BusOut.o)
 .ARM.extab     0x00000000000059e4        0x0 /Users/take/proj/LBED/LBED_Proj/LBED_LPC11xx/Debug/libLBED_LPC11xx.a(DigitalOut.o)
 .ARM.extab     0x00000000000059e4       0x3c /Users/take/proj/LBED/LBED_Proj/LBED_LPC11xx/Debug/libLBED_LPC11xx.a(I2C.o)
 .ARM.extab.text._ZN5Print5writeEPKc
                0x0000000000005a20        0xc /Users/take/proj/LBED/LBED_Proj/LBED_LPC11xx/Debug/libLBED_LPC11xx.a(Print.o)
 .ARM.extab     0x0000000000005a2c       0x90 /Users/take/proj/LBED/LBED_Proj/LBED_LPC11xx/Debug/libLBED_LPC11xx.a(Print.o)
 .ARM.extab     0x0000000000005abc        0x0 /Users/take/proj/LBED/LBED_Proj/LBED_LPC11xx/Debug/libLBED_LPC11xx.a(pure_virtual.o)
 .ARM.extab     0x0000000000005abc        0x0 /Applications/lpcxpresso_4.2.4_267/lpcxpresso/Tools/bin/../lib/gcc/arm-none-eabi/4.6.2/armv6-m/libgcc.a(adddf3.o)
 .ARM.extab     0x0000000000005abc        0x0 /Applications/lpcxpresso_4.2.4_267/lpcxpresso/Tools/bin/../lib/gcc/arm-none-eabi/4.6.2/armv6-m/libgcc.a(divdf3.o)
 .ARM.extab     0x0000000000005abc        0x0 /Applications/lpcxpresso_4.2.4_267/lpcxpresso/Tools/bin/../lib/gcc/arm-none-eabi/4.6.2/armv6-m/libgcc.a(eqdf2.o)
 .ARM.extab     0x0000000000005abc        0x0 /Applications/lpcxpresso_4.2.4_267/lpcxpresso/Tools/bin/../lib/gcc/arm-none-eabi/4.6.2/armv6-m/libgcc.a(gedf2.o)
 .ARM.extab     0x0000000000005abc        0x0 /Applications/lpcxpresso_4.2.4_267/lpcxpresso/Tools/bin/../lib/gcc/arm-none-eabi/4.6.2/armv6-m/libgcc.a(ledf2.o)
 .ARM.extab     0x0000000000005abc        0x0 /Applications/lpcxpresso_4.2.4_267/lpcxpresso/Tools/bin/../lib/gcc/arm-none-eabi/4.6.2/armv6-m/libgcc.a(muldf3.o)
 .ARM.extab     0x0000000000005abc        0x0 /Applications/lpcxpresso_4.2.4_267/lpcxpresso/Tools/bin/../lib/gcc/arm-none-eabi/4.6.2/armv6-m/libgcc.a(subdf3.o)
 .ARM.extab     0x0000000000005abc        0x0 /Applications/lpcxpresso_4.2.4_267/lpcxpresso/Tools/bin/../lib/gcc/arm-none-eabi/4.6.2/armv6-m/libgcc.a(fixdfsi.o)
 .ARM.extab     0x0000000000005abc        0x0 /Applications/lpcxpresso_4.2.4_267/lpcxpresso/Tools/bin/../lib/gcc/arm-none-eabi/4.6.2/armv6-m/libgcc.a(floatsidf.o)
 .ARM.extab     0x0000000000005abc        0x0 /Applications/lpcxpresso_4.2.4_267/lpcxpresso/Tools/bin/../lib/gcc/arm-none-eabi/4.6.2/armv6-m/libgcc.a(floatunsidf.o)
 .ARM.extab     0x0000000000005abc        0x0 /Applications/lpcxpresso_4.2.4_267/lpcxpresso/Tools/bin/../lib/gcc/arm-none-eabi/4.6.2/armv6-m/libgcc.a(extendsfdf2.o)
 .ARM.extab     0x0000000000005abc        0x0 /Applications/lpcxpresso_4.2.4_267/lpcxpresso/Tools/bin/../lib/gcc/arm-none-eabi/4.6.2/armv6-m/libgcc.a(truncdfsf2.o)
 .ARM.extab     0x0000000000005abc       0x6c /Applications/lpcxpresso_4.2.4_267/lpcxpresso/Tools/bin/../lib/gcc/arm-none-eabi/4.6.2/armv6-m/libgcc.a(unwind-arm.o)
 .ARM.extab     0x0000000000005b28       0x30 /Applications/lpcxpresso_4.2.4_267/lpcxpresso/Tools/bin/../lib/gcc/arm-none-eabi/4.6.2/armv6-m/libgcc.a(pr-support.o)
 .ARM.extab.text._ZNK10__cxxabiv117__class_type_info11__do_upcastEPKS0_PPv
                0x0000000000005b58        0x0 /Applications/lpcxpresso_4.2.4_267/lpcxpresso/Tools/bin/../lib/gcc/arm-none-eabi/4.6.2/../../../../arm-none-eabi/lib/armv6-m/libstdc++.a(class_type_info.o)
 .ARM.extab.text._ZNK10__cxxabiv117__class_type_info20__do_find_public_srcEiPKvPKS0_S2_
                0x0000000000005b58        0x0 /Applications/lpcxpresso_4.2.4_267/lpcxpresso/Tools/bin/../lib/gcc/arm-none-eabi/4.6.2/../../../../arm-none-eabi/lib/armv6-m/libstdc++.a(class_type_info.o)
 .ARM.extab.text._ZNK10__cxxabiv117__class_type_info11__do_upcastEPKS0_PKvRNS0_15__upcast_resultE
                0x0000000000005b58        0x0 /Applications/lpcxpresso_4.2.4_267/lpcxpresso/Tools/bin/../lib/gcc/arm-none-eabi/4.6.2/../../../../arm-none-eabi/lib/armv6-m/libstdc++.a(class_type_info.o)
 .ARM.extab.text._ZN10__cxxabiv117__class_type_infoD2Ev
                0x0000000000005b58        0x0 /Applications/lpcxpresso_4.2.4_267/lpcxpresso/Tools/bin/../lib/gcc/arm-none-eabi/4.6.2/../../../../arm-none-eabi/lib/armv6-m/libstdc++.a(class_type_info.o)
 .ARM.extab.text._ZN10__cxxabiv117__class_type_infoD0Ev
                0x0000000000005b58        0x0 /Applications/lpcxpresso_4.2.4_267/lpcxpresso/Tools/bin/../lib/gcc/arm-none-eabi/4.6.2/../../../../arm-none-eabi/lib/armv6-m/libstdc++.a(class_type_info.o)
 .ARM.extab.text._ZNK10__cxxabiv117__class_type_info12__do_dyncastEiNS0_10__sub_kindEPKS0_PKvS3_S5_RNS0_16__dyncast_resultE
                0x0000000000005b58        0x0 /Applications/lpcxpresso_4.2.4_267/lpcxpresso/Tools/bin/../lib/gcc/arm-none-eabi/4.6.2/../../../../arm-none-eabi/lib/armv6-m/libstdc++.a(class_type_info.o)
 .ARM.extab.text._ZNK10__cxxabiv117__class_type_info10__do_catchEPKSt9type_infoPPvj
                0x0000000000005b58        0x0 /Applications/lpcxpresso_4.2.4_267/lpcxpresso/Tools/bin/../lib/gcc/arm-none-eabi/4.6.2/../../../../arm-none-eabi/lib/armv6-m/libstdc++.a(class_type_info.o)
 .ARM.extab.text._ZN10__cxxabiv120__si_class_type_infoD2Ev
                0x0000000000005b58        0x0 /Applications/lpcxpresso_4.2.4_267/lpcxpresso/Tools/bin/../lib/gcc/arm-none-eabi/4.6.2/../../../../arm-none-eabi/lib/armv6-m/libstdc++.a(si_class_type_info.o)
 .ARM.extab.text._ZN10__cxxabiv120__si_class_type_infoD0Ev
                0x0000000000005b58        0x0 /Applications/lpcxpresso_4.2.4_267/lpcxpresso/Tools/bin/../lib/gcc/arm-none-eabi/4.6.2/../../../../arm-none-eabi/lib/armv6-m/libstdc++.a(si_class_type_info.o)
 .ARM.extab.text._ZNK10__cxxabiv120__si_class_type_info11__do_upcastEPKNS_17__class_type_infoEPKvRNS1_15__upcast_resultE
                0x0000000000005b58        0x0 /Applications/lpcxpresso_4.2.4_267/lpcxpresso/Tools/bin/../lib/gcc/arm-none-eabi/4.6.2/../../../../arm-none-eabi/lib/armv6-m/libstdc++.a(si_class_type_info.o)
 .ARM.extab.text._ZNK10__cxxabiv120__si_class_type_info12__do_dyncastEiNS_17__class_type_info10__sub_kindEPKS1_PKvS4_S6_RNS1_16__dyncast_resultE
                0x0000000000005b58        0xc /Applications/lpcxpresso_4.2.4_267/lpcxpresso/Tools/bin/../lib/gcc/arm-none-eabi/4.6.2/../../../../arm-none-eabi/lib/armv6-m/libstdc++.a(si_class_type_info.o)
 .ARM.extab.text._ZNK10__cxxabiv120__si_class_type_info20__do_find_public_srcEiPKvPKNS_17__class_type_infoES2_
                0x0000000000005b64        0xc /Applications/lpcxpresso_4.2.4_267/lpcxpresso/Tools/bin/../lib/gcc/arm-none-eabi/4.6.2/../../../../arm-none-eabi/lib/armv6-m/libstdc++.a(si_class_type_info.o)
 .ARM.extab.text._ZNSt9type_infoD2Ev
                0x0000000000005b70        0x0 /Applications/lpcxpresso_4.2.4_267/lpcxpresso/Tools/bin/../lib/gcc/arm-none-eabi/4.6.2/../../../../arm-none-eabi/lib/armv6-m/libstdc++.a(tinfo.o)
 .ARM.extab.text._ZNKSt9type_info14__is_pointer_pEv
                0x0000000000005b70        0x0 /Applications/lpcxpresso_4.2.4_267/lpcxpresso/Tools/bin/../lib/gcc/arm-none-eabi/4.6.2/../../../../arm-none-eabi/lib/armv6-m/libstdc++.a(tinfo.o)
 .ARM.extab.text._ZNKSt9type_info15__is_function_pEv
                0x0000000000005b70        0x0 /Applications/lpcxpresso_4.2.4_267/lpcxpresso/Tools/bin/../lib/gcc/arm-none-eabi/4.6.2/../../../../arm-none-eabi/lib/armv6-m/libstdc++.a(tinfo.o)
 .ARM.extab.text._ZNKSt9type_info11__do_upcastEPKN10__cxxabiv117__class_type_infoEPPv
                0x0000000000005b70        0x0 /Applications/lpcxpresso_4.2.4_267/lpcxpresso/Tools/bin/../lib/gcc/arm-none-eabi/4.6.2/../../../../arm-none-eabi/lib/armv6-m/libstdc++.a(tinfo.o)
 .ARM.extab.text._ZNSt9type_infoD0Ev
                0x0000000000005b70        0x0 /Applications/lpcxpresso_4.2.4_267/lpcxpresso/Tools/bin/../lib/gcc/arm-none-eabi/4.6.2/../../../../arm-none-eabi/lib/armv6-m/libstdc++.a(tinfo.o)
 .ARM.extab.text._ZNKSt9type_infoeqERKS_
                0x0000000000005b70        0x0 /Applications/lpcxpresso_4.2.4_267/lpcxpresso/Tools/bin/../lib/gcc/arm-none-eabi/4.6.2/../../../../arm-none-eabi/lib/armv6-m/libstdc++.a(tinfo.o)
 .ARM.extab.text._ZNKSt9type_info10__do_catchEPKS_PPvj
                0x0000000000005b70        0x0 /Applications/lpcxpresso_4.2.4_267/lpcxpresso/Tools/bin/../lib/gcc/arm-none-eabi/4.6.2/../../../../arm-none-eabi/lib/armv6-m/libstdc++.a(tinfo.o)
                0x0000000000005b70                __exidx_start = .

.eh_frame       0x0000000000005b70        0x0
 .eh_frame      0x0000000000005b70        0x0 /Applications/lpcxpresso_4.2.4_267/lpcxpresso/Tools/bin/../lib/gcc/arm-none-eabi/4.6.2/armv6-m/crtbegin.o

.ARM.exidx      0x0000000000005b70      0x248
 *(.ARM.exidx* .gnu.linkonce.armexidx.*)
 .ARM.exidx.text._ZN4LM73C2Eii
                0x0000000000005b70        0x8 /Users/take/proj/LBED/LBED_Proj/LBED_USERLIB/Debug/libLBED_USERLIB.a(LM73.o)
 .ARM.exidx.text._ZN4LM73D2Ev
                0x0000000000005b78        0x8 /Users/take/proj/LBED/LBED_Proj/LBED_USERLIB/Debug/libLBED_USERLIB.a(LM73.o)
 .ARM.exidx.text._ZN4LM734readEv
                0x0000000000005b80        0x8 /Users/take/proj/LBED/LBED_Proj/LBED_USERLIB/Debug/libLBED_USERLIB.a(LM73.o)
 .ARM.exidx.text._ZN7TextLCD5writeEc
                0x0000000000005b88        0x8 /Users/take/proj/LBED/LBED_Proj/LBED_USERLIB/Debug/libLBED_USERLIB.a(TextLCD.o)
 .ARM.exidx.text._ZN5PrintC2Ev
                0x0000000000005b90        0x8 /Users/take/proj/LBED/LBED_Proj/LBED_USERLIB/Debug/libLBED_USERLIB.a(TextLCD.o)
 .ARM.exidx.text._ZN7TextLCDC2EiiiiiiNS_7LCDTypeE
                0x0000000000005b98        0x8 /Users/take/proj/LBED/LBED_Proj/LBED_USERLIB/Debug/libLBED_USERLIB.a(TextLCD.o)
 .ARM.exidx.text._ZN7TextLCD9characterEiii
                0x0000000000005ba0        0x8 /Users/take/proj/LBED/LBED_Proj/LBED_USERLIB/Debug/libLBED_USERLIB.a(TextLCD.o)
 .ARM.exidx.text._ZN7TextLCD3clsEv
                0x0000000000005ba8        0x8 /Users/take/proj/LBED/LBED_Proj/LBED_USERLIB/Debug/libLBED_USERLIB.a(TextLCD.o)
 .ARM.exidx.text._ZN7TextLCD6locateEii
                0x0000000000005bb0        0x8 /Users/take/proj/LBED/LBED_Proj/LBED_USERLIB/Debug/libLBED_USERLIB.a(TextLCD.o)
 .ARM.exidx.text._ZN7TextLCD5_putcEi
                0x0000000000005bb8        0x8 /Users/take/proj/LBED/LBED_Proj/LBED_USERLIB/Debug/libLBED_USERLIB.a(TextLCD.o)
 .ARM.exidx.text._ZN7TextLCD5_getcEv
                0x0000000000005bc0        0x8 /Users/take/proj/LBED/LBED_Proj/LBED_USERLIB/Debug/libLBED_USERLIB.a(TextLCD.o)
 .ARM.exidx.text._ZN7TextLCD9writeByteEi
                0x0000000000005bc8        0x8 /Users/take/proj/LBED/LBED_Proj/LBED_USERLIB/Debug/libLBED_USERLIB.a(TextLCD.o)
 .ARM.exidx.text._ZN7TextLCD12writeCommandEi
                0x0000000000005bd0        0x8 /Users/take/proj/LBED/LBED_Proj/LBED_USERLIB/Debug/libLBED_USERLIB.a(TextLCD.o)
 .ARM.exidx.text._ZN7TextLCD9writeDataEi
                0x0000000000005bd8        0x8 /Users/take/proj/LBED/LBED_Proj/LBED_USERLIB/Debug/libLBED_USERLIB.a(TextLCD.o)
 .ARM.exidx.text._ZN7TextLCD7addressEii
                0x0000000000005be0        0x8 /Users/take/proj/LBED/LBED_Proj/LBED_USERLIB/Debug/libLBED_USERLIB.a(TextLCD.o)
 .ARM.exidx.text._ZN7TextLCD7columnsEv
                0x0000000000005be8        0x0 /Users/take/proj/LBED/LBED_Proj/LBED_USERLIB/Debug/libLBED_USERLIB.a(TextLCD.o)
                                          0x8 (size before relaxing)
 .ARM.exidx.text._ZN7TextLCD4rowsEv
                0x0000000000005be8        0x0 /Users/take/proj/LBED/LBED_Proj/LBED_USERLIB/Debug/libLBED_USERLIB.a(TextLCD.o)
                                          0x8 (size before relaxing)
 .ARM.exidx     0x0000000000005be8       0x10 /Users/take/proj/LBED/LBED_Proj/LBED_LPC11xx/Debug/libLBED_LPC11xx.a(BusOut.o)
                                         0x18 (size before relaxing)
 .ARM.exidx     0x0000000000005bf8        0x0 /Users/take/proj/LBED/LBED_Proj/LBED_LPC11xx/Debug/libLBED_LPC11xx.a(DigitalOut.o)
                                         0x18 (size before relaxing)
 .ARM.exidx     0x0000000000005bf8       0x28 /Users/take/proj/LBED/LBED_Proj/LBED_LPC11xx/Debug/libLBED_LPC11xx.a(I2C.o)
 .ARM.exidx.text._ZN5Print5writeEPKc
                0x0000000000005c80        0x8 /Users/take/proj/LBED/LBED_Proj/LBED_LPC11xx/Debug/libLBED_LPC11xx.a(Print.o)
 .ARM.exidx     0x0000000000005c20       0x60 /Users/take/proj/LBED/LBED_Proj/LBED_LPC11xx/Debug/libLBED_LPC11xx.a(Print.o)
 .ARM.exidx     0x0000000000005c88        0x8 /Users/take/proj/LBED/LBED_Proj/LBED_LPC11xx/Debug/libLBED_LPC11xx.a(pure_virtual.o)
 .ARM.exidx     0x0000000000005c90        0x0 /Applications/lpcxpresso_4.2.4_267/lpcxpresso/Tools/bin/../lib/gcc/arm-none-eabi/4.6.2/armv6-m/libgcc.a(adddf3.o)
                                          0x8 (size before relaxing)
 .ARM.exidx     0x0000000000005c90        0x0 /Applications/lpcxpresso_4.2.4_267/lpcxpresso/Tools/bin/../lib/gcc/arm-none-eabi/4.6.2/armv6-m/libgcc.a(divdf3.o)
                                          0x8 (size before relaxing)
 .ARM.exidx     0x0000000000005c90        0x0 /Applications/lpcxpresso_4.2.4_267/lpcxpresso/Tools/bin/../lib/gcc/arm-none-eabi/4.6.2/armv6-m/libgcc.a(eqdf2.o)
                                          0x8 (size before relaxing)
 .ARM.exidx     0x0000000000005c90        0x0 /Applications/lpcxpresso_4.2.4_267/lpcxpresso/Tools/bin/../lib/gcc/arm-none-eabi/4.6.2/armv6-m/libgcc.a(gedf2.o)
                                          0x8 (size before relaxing)
 .ARM.exidx     0x0000000000005c90        0x0 /Applications/lpcxpresso_4.2.4_267/lpcxpresso/Tools/bin/../lib/gcc/arm-none-eabi/4.6.2/armv6-m/libgcc.a(ledf2.o)
                                          0x8 (size before relaxing)
 .ARM.exidx     0x0000000000005c90        0x0 /Applications/lpcxpresso_4.2.4_267/lpcxpresso/Tools/bin/../lib/gcc/arm-none-eabi/4.6.2/armv6-m/libgcc.a(muldf3.o)
                                          0x8 (size before relaxing)
 .ARM.exidx     0x0000000000005c90        0x0 /Applications/lpcxpresso_4.2.4_267/lpcxpresso/Tools/bin/../lib/gcc/arm-none-eabi/4.6.2/armv6-m/libgcc.a(subdf3.o)
                                          0x8 (size before relaxing)
 .ARM.exidx     0x0000000000005c90        0x0 /Applications/lpcxpresso_4.2.4_267/lpcxpresso/Tools/bin/../lib/gcc/arm-none-eabi/4.6.2/armv6-m/libgcc.a(fixdfsi.o)
                                          0x8 (size before relaxing)
 .ARM.exidx     0x0000000000005c90        0x0 /Applications/lpcxpresso_4.2.4_267/lpcxpresso/Tools/bin/../lib/gcc/arm-none-eabi/4.6.2/armv6-m/libgcc.a(floatsidf.o)
                                          0x8 (size before relaxing)
 .ARM.exidx     0x0000000000005c90        0x0 /Applications/lpcxpresso_4.2.4_267/lpcxpresso/Tools/bin/../lib/gcc/arm-none-eabi/4.6.2/armv6-m/libgcc.a(floatunsidf.o)
                                          0x8 (size before relaxing)
 .ARM.exidx     0x0000000000005c90        0x0 /Applications/lpcxpresso_4.2.4_267/lpcxpresso/Tools/bin/../lib/gcc/arm-none-eabi/4.6.2/armv6-m/libgcc.a(extendsfdf2.o)
                                          0x8 (size before relaxing)
 .ARM.exidx     0x0000000000005c90        0x0 /Applications/lpcxpresso_4.2.4_267/lpcxpresso/Tools/bin/../lib/gcc/arm-none-eabi/4.6.2/armv6-m/libgcc.a(truncdfsf2.o)
                                          0x8 (size before relaxing)
 .ARM.exidx     0x0000000000005c90       0x98 /Applications/lpcxpresso_4.2.4_267/lpcxpresso/Tools/bin/../lib/gcc/arm-none-eabi/4.6.2/armv6-m/libgcc.a(unwind-arm.o)
                                         0xc0 (size before relaxing)
 .ARM.exidx     0x0000000000005d28       0x38 /Applications/lpcxpresso_4.2.4_267/lpcxpresso/Tools/bin/../lib/gcc/arm-none-eabi/4.6.2/armv6-m/libgcc.a(pr-support.o)
                                         0x48 (size before relaxing)
 .ARM.exidx.text._ZNK10__cxxabiv117__class_type_info11__do_upcastEPKS0_PPv
                0x0000000000005d60        0x8 /Applications/lpcxpresso_4.2.4_267/lpcxpresso/Tools/bin/../lib/gcc/arm-none-eabi/4.6.2/../../../../arm-none-eabi/lib/armv6-m/libstdc++.a(class_type_info.o)
 .ARM.exidx.text._ZNK10__cxxabiv117__class_type_info20__do_find_public_srcEiPKvPKS0_S2_
                0x0000000000005d68        0x8 /Applications/lpcxpresso_4.2.4_267/lpcxpresso/Tools/bin/../lib/gcc/arm-none-eabi/4.6.2/../../../../arm-none-eabi/lib/armv6-m/libstdc++.a(class_type_info.o)
 .ARM.exidx.text._ZNK10__cxxabiv117__class_type_info11__do_upcastEPKS0_PKvRNS0_15__upcast_resultE
                0x0000000000005d70        0x8 /Applications/lpcxpresso_4.2.4_267/lpcxpresso/Tools/bin/../lib/gcc/arm-none-eabi/4.6.2/../../../../arm-none-eabi/lib/armv6-m/libstdc++.a(class_type_info.o)
 .ARM.exidx.text._ZN10__cxxabiv117__class_type_infoD2Ev
                0x0000000000005d78        0x8 /Applications/lpcxpresso_4.2.4_267/lpcxpresso/Tools/bin/../lib/gcc/arm-none-eabi/4.6.2/../../../../arm-none-eabi/lib/armv6-m/libstdc++.a(class_type_info.o)
 .ARM.exidx.text._ZN10__cxxabiv117__class_type_infoD0Ev
                0x0000000000005d80        0x0 /Applications/lpcxpresso_4.2.4_267/lpcxpresso/Tools/bin/../lib/gcc/arm-none-eabi/4.6.2/../../../../arm-none-eabi/lib/armv6-m/libstdc++.a(class_type_info.o)
                                          0x8 (size before relaxing)
 .ARM.exidx.text._ZNK10__cxxabiv117__class_type_info12__do_dyncastEiNS0_10__sub_kindEPKS0_PKvS3_S5_RNS0_16__dyncast_resultE
                0x0000000000005d80        0x8 /Applications/lpcxpresso_4.2.4_267/lpcxpresso/Tools/bin/../lib/gcc/arm-none-eabi/4.6.2/../../../../arm-none-eabi/lib/armv6-m/libstdc++.a(class_type_info.o)
 .ARM.exidx.text._ZNK10__cxxabiv117__class_type_info10__do_catchEPKSt9type_infoPPvj
                0x0000000000005d88        0x8 /Applications/lpcxpresso_4.2.4_267/lpcxpresso/Tools/bin/../lib/gcc/arm-none-eabi/4.6.2/../../../../arm-none-eabi/lib/armv6-m/libstdc++.a(class_type_info.o)
 .ARM.exidx.text._ZN10__cxxabiv120__si_class_type_infoD2Ev
                0x0000000000005d90        0x8 /Applications/lpcxpresso_4.2.4_267/lpcxpresso/Tools/bin/../lib/gcc/arm-none-eabi/4.6.2/../../../../arm-none-eabi/lib/armv6-m/libstdc++.a(si_class_type_info.o)
 .ARM.exidx.text._ZN10__cxxabiv120__si_class_type_infoD0Ev
                0x0000000000005d98        0x0 /Applications/lpcxpresso_4.2.4_267/lpcxpresso/Tools/bin/../lib/gcc/arm-none-eabi/4.6.2/../../../../arm-none-eabi/lib/armv6-m/libstdc++.a(si_class_type_info.o)
                                          0x8 (size before relaxing)
 .ARM.exidx.text._ZNK10__cxxabiv120__si_class_type_info11__do_upcastEPKNS_17__class_type_infoEPKvRNS1_15__upcast_resultE
                0x0000000000005d98        0x8 /Applications/lpcxpresso_4.2.4_267/lpcxpresso/Tools/bin/../lib/gcc/arm-none-eabi/4.6.2/../../../../arm-none-eabi/lib/armv6-m/libstdc++.a(si_class_type_info.o)
 .ARM.exidx.text._ZNK10__cxxabiv120__si_class_type_info12__do_dyncastEiNS_17__class_type_info10__sub_kindEPKS1_PKvS4_S6_RNS1_16__dyncast_resultE
                0x0000000000005da0        0x8 /Applications/lpcxpresso_4.2.4_267/lpcxpresso/Tools/bin/../lib/gcc/arm-none-eabi/4.6.2/../../../../arm-none-eabi/lib/armv6-m/libstdc++.a(si_class_type_info.o)
 .ARM.exidx.text._ZNK10__cxxabiv120__si_class_type_info20__do_find_public_srcEiPKvPKNS_17__class_type_infoES2_
                0x0000000000005da8        0x8 /Applications/lpcxpresso_4.2.4_267/lpcxpresso/Tools/bin/../lib/gcc/arm-none-eabi/4.6.2/../../../../arm-none-eabi/lib/armv6-m/libstdc++.a(si_class_type_info.o)
 .ARM.exidx.text._ZNSt9type_infoD2Ev
                0x0000000000005db0        0x8 /Applications/lpcxpresso_4.2.4_267/lpcxpresso/Tools/bin/../lib/gcc/arm-none-eabi/4.6.2/../../../../arm-none-eabi/lib/armv6-m/libstdc++.a(tinfo.o)
 .ARM.exidx.text._ZNKSt9type_info14__is_pointer_pEv
                0x0000000000005db8        0x0 /Applications/lpcxpresso_4.2.4_267/lpcxpresso/Tools/bin/../lib/gcc/arm-none-eabi/4.6.2/../../../../arm-none-eabi/lib/armv6-m/libstdc++.a(tinfo.o)
                                          0x8 (size before relaxing)
 .ARM.exidx.text._ZNKSt9type_info15__is_function_pEv
                0x0000000000005db8        0x0 /Applications/lpcxpresso_4.2.4_267/lpcxpresso/Tools/bin/../lib/gcc/arm-none-eabi/4.6.2/../../../../arm-none-eabi/lib/armv6-m/libstdc++.a(tinfo.o)
                                          0x8 (size before relaxing)
 .ARM.exidx.text._ZNKSt9type_info11__do_upcastEPKN10__cxxabiv117__class_type_infoEPPv
                0x0000000000005db8        0x0 /Applications/lpcxpresso_4.2.4_267/lpcxpresso/Tools/bin/../lib/gcc/arm-none-eabi/4.6.2/../../../../arm-none-eabi/lib/armv6-m/libstdc++.a(tinfo.o)
                                          0x8 (size before relaxing)
 .ARM.exidx.text._ZNSt9type_infoD0Ev
                0x0000000000005db8        0x0 /Applications/lpcxpresso_4.2.4_267/lpcxpresso/Tools/bin/../lib/gcc/arm-none-eabi/4.6.2/../../../../arm-none-eabi/lib/armv6-m/libstdc++.a(tinfo.o)
                                          0x8 (size before relaxing)
 .ARM.exidx.text._ZNKSt9type_infoeqERKS_
                0x0000000000005db8        0x0 /Applications/lpcxpresso_4.2.4_267/lpcxpresso/Tools/bin/../lib/gcc/arm-none-eabi/4.6.2/../../../../arm-none-eabi/lib/armv6-m/libstdc++.a(tinfo.o)
                                          0x8 (size before relaxing)
 .ARM.exidx.text._ZNKSt9type_info10__do_catchEPKS_PPvj
                0x0000000000005db8        0x0 /Applications/lpcxpresso_4.2.4_267/lpcxpresso/Tools/bin/../lib/gcc/arm-none-eabi/4.6.2/../../../../arm-none-eabi/lib/armv6-m/libstdc++.a(tinfo.o)
                                          0x8 (size before relaxing)
                0x0000000000005db8                __exidx_end = .
                0x0000000000005db8                _etext = .

.uninit_RESERVED
 *(.bss.$RESERVED*)

.data           0x0000000010000000      0x848 load address 0x0000000000005db8
 FILL mask 0xff
                0x0000000010000000                _data = .
 *(vtable)
 *(.data*)
 .data.SystemCoreClock
                0x0000000010000000        0x4 /Users/take/proj/LBED/LBED_Proj/CMSISv2p00_LPC11xx/Debug/libCMSISv2p00_LPC11xx.a(system_LPC11xx.o)
                0x0000000010000000                SystemCoreClock
 .data          0x0000000010000004      0x410 /Applications/lpcxpresso_4.2.4_267/lpcxpresso/Tools/bin/../lib/gcc/arm-none-eabi/4.6.2/../../../../arm-none-eabi/lib/armv6-m/libc.a(lib_a-mallocr.o)
                0x0000000010000004                __malloc_av_
                0x000000001000040c                __malloc_sbrk_base
                0x0000000010000410                __malloc_trim_threshold
 *fill*         0x0000000010000414        0x4 00
 .data          0x0000000010000418      0x430 /Applications/lpcxpresso_4.2.4_267/lpcxpresso/Tools/bin/../lib/gcc/arm-none-eabi/4.6.2/../../../../arm-none-eabi/lib/armv6-m/libc.a(lib_a-impure.o)
                0x0000000010000418                _impure_ptr
                0x0000000010000848                . = ALIGN (0x4)
                0x0000000010000848                _edata = .

.jcr            0x0000000010000848        0x0 load address 0x0000000000006600
 .jcr           0x0000000010000848        0x0 /Applications/lpcxpresso_4.2.4_267/lpcxpresso/Tools/bin/../lib/gcc/arm-none-eabi/4.6.2/armv6-m/crtbegin.o

.bss            0x0000000010000848       0xf0 load address 0x0000000000006600
                0x0000000010000848                _bss = .
 *(.bss*)
 .bss.RdIndex   0x0000000010000848        0x4 /Users/take/proj/LBED/LBED_Proj/LBED_LPC11xx/Debug/libLBED_LPC11xx.a(_i2c.o)
                0x0000000010000848                RdIndex
 .bss.I2CMasterState
                0x000000001000084c        0x4 /Users/take/proj/LBED/LBED_Proj/LBED_LPC11xx/Debug/libLBED_LPC11xx.a(_i2c.o)
                0x000000001000084c                I2CMasterState
 .bss.WrIndex   0x0000000010000850        0x4 /Users/take/proj/LBED/LBED_Proj/LBED_LPC11xx/Debug/libLBED_LPC11xx.a(_i2c.o)
                0x0000000010000850                WrIndex
 .bss.timeout   0x0000000010000854        0x4 /Users/take/proj/LBED/LBED_Proj/LBED_LPC11xx/Debug/libLBED_LPC11xx.a(_i2c.o)
                0x0000000010000854                timeout
 .bss           0x0000000010000858       0x34 /Applications/lpcxpresso_4.2.4_267/lpcxpresso/Tools/bin/../lib/gcc/arm-none-eabi/4.6.2/../../../../arm-none-eabi/lib/armv6-m/libc.a(lib_a-mallocr.o)
                0x0000000010000858                __malloc_top_pad
                0x000000001000085c                __malloc_current_mallinfo
                0x0000000010000884                __malloc_max_sbrked_mem
                0x0000000010000888                __malloc_max_total_mem
 .bss           0x000000001000088c       0x1c /Applications/lpcxpresso_4.2.4_267/lpcxpresso/Tools/bin/../lib/gcc/arm-none-eabi/4.6.2/armv6-m/crtbegin.o
 *(COMMON)
 COMMON         0x00000000100008a8       0x88 /Users/take/proj/LBED/LBED_Proj/LBED_LPC11xx/Debug/libLBED_LPC11xx.a(_i2c.o)
                0x00000000100008a8                I2CReadLength
                0x00000000100008ac                I2CSlaveBuffer
                0x00000000100008ec                I2CMasterBuffer
                0x000000001000092c                I2CWriteLength
 COMMON         0x0000000010000930        0x4 /Applications/lpcxpresso_4.2.4_267/lpcxpresso/Tools/bin/../lib/gcc/arm-none-eabi/4.6.2/../../../../arm-none-eabi/lib/armv6-m/libc.a(lib_a-reent.o)
                0x0000000010000930                errno
 COMMON         0x0000000010000934        0x4 /Applications/lpcxpresso_4.2.4_267/lpcxpresso/Tools/bin/../lib/gcc/arm-none-eabi/4.6.2/../../../../arm-none-eabi/lib/armv6-m/libcr_newlib_nohost.a(_cr_sbrk.o)
                0x0000000010000934                __end_of_heap
                0x0000000010000938                . = ALIGN (0x4)
                0x0000000010000938                _ebss = .
                0x0000000010000938                PROVIDE (end, .)
                0x0000000010000938                PROVIDE (_pvHeapStart, .)
                0x0000000010001000                PROVIDE (_vStackTop, (__top_RamLoc4 - 0x0))
OUTPUT(LBED_MAIN.axf elf32-littlearm)

.debug_info     0x0000000000000000     0x5a73
 .debug_info    0x0000000000000000      0xe44 ./src/TestLM73.o
 .debug_info    0x0000000000000e44      0x1b6 ./src/cr_cpp_config.o
 .debug_info    0x0000000000000ffa      0x283 ./src/cr_startup_lpc11.o
 .debug_info    0x000000000000127d      0x4e4 /Users/take/proj/LBED/LBED_Proj/CMSISv2p00_LPC11xx/Debug/libCMSISv2p00_LPC11xx.a(system_LPC11xx.o)
 .debug_info    0x0000000000001761      0x531 /Users/take/proj/LBED/LBED_Proj/LBED_USERLIB/Debug/libLBED_USERLIB.a(LM73.o)
 .debug_info    0x0000000000001c92      0xb75 /Users/take/proj/LBED/LBED_Proj/LBED_USERLIB/Debug/libLBED_USERLIB.a(TextLCD.o)
 .debug_info    0x0000000000002807      0x6ca /Users/take/proj/LBED/LBED_Proj/LBED_LPC11xx/Debug/libLBED_LPC11xx.a(BusOut.o)
 .debug_info    0x0000000000002ed1      0xe98 /Users/take/proj/LBED/LBED_Proj/LBED_LPC11xx/Debug/libLBED_LPC11xx.a(DigitalOut.o)
 .debug_info    0x0000000000003d69      0x436 /Users/take/proj/LBED/LBED_Proj/LBED_LPC11xx/Debug/libLBED_LPC11xx.a(I2C.o)
 .debug_info    0x000000000000419f      0x72c /Users/take/proj/LBED/LBED_Proj/LBED_LPC11xx/Debug/libLBED_LPC11xx.a(Print.o)
 .debug_info    0x00000000000048cb       0x3a /Users/take/proj/LBED/LBED_Proj/LBED_LPC11xx/Debug/libLBED_LPC11xx.a(pure_virtual.o)
 .debug_info    0x0000000000004905      0x177 /Users/take/proj/LBED/LBED_Proj/LBED_LPC11xx/Debug/libLBED_LPC11xx.a(wait_api.o)
 .debug_info    0x0000000000004a7c      0xc7a /Users/take/proj/LBED/LBED_Proj/LBED_LPC11xx/Debug/libLBED_LPC11xx.a(_i2c.o)
 .debug_info    0x00000000000056f6      0x104 /Applications/lpcxpresso_4.2.4_267/lpcxpresso/Tools/bin/../lib/gcc/arm-none-eabi/4.6.2/../../../../arm-none-eabi/lib/armv6-m/libcr_newlib_nohost.a(_cr_sbrk.o)
 .debug_info    0x00000000000057fa       0x5c /Applications/lpcxpresso_4.2.4_267/lpcxpresso/Tools/bin/../lib/gcc/arm-none-eabi/4.6.2/../../../../arm-none-eabi/lib/armv6-m/libcr_newlib_nohost.a(_exit.o)
 .debug_info    0x0000000000005856       0xa5 /Applications/lpcxpresso_4.2.4_267/lpcxpresso/Tools/bin/../lib/gcc/arm-none-eabi/4.6.2/../../../../arm-none-eabi/lib/armv6-m/libcr_newlib_nohost.a(getpid.o)
 .debug_info    0x00000000000058fb       0xc6 /Applications/lpcxpresso_4.2.4_267/lpcxpresso/Tools/bin/../lib/gcc/arm-none-eabi/4.6.2/../../../../arm-none-eabi/lib/armv6-m/libcr_newlib_nohost.a(kill.o)
 .debug_info    0x00000000000059c1       0xb2 /Applications/lpcxpresso_4.2.4_267/lpcxpresso/Tools/bin/../lib/gcc/arm-none-eabi/4.6.2/../../../../arm-none-eabi/lib/armv6-m/libcr_newlib_nohost.a(_cr_check_heap.o)

.debug_abbrev   0x0000000000000000     0x17e4
 .debug_abbrev  0x0000000000000000      0x274 ./src/TestLM73.o
 .debug_abbrev  0x0000000000000274       0xea ./src/cr_cpp_config.o
 .debug_abbrev  0x000000000000035e       0xfa ./src/cr_startup_lpc11.o
 .debug_abbrev  0x0000000000000458       0xec /Users/take/proj/LBED/LBED_Proj/CMSISv2p00_LPC11xx/Debug/libCMSISv2p00_LPC11xx.a(system_LPC11xx.o)
 .debug_abbrev  0x0000000000000544      0x26e /Users/take/proj/LBED/LBED_Proj/LBED_USERLIB/Debug/libLBED_USERLIB.a(LM73.o)
 .debug_abbrev  0x00000000000007b2      0x34d /Users/take/proj/LBED/LBED_Proj/LBED_USERLIB/Debug/libLBED_USERLIB.a(TextLCD.o)
 .debug_abbrev  0x0000000000000aff      0x24e /Users/take/proj/LBED/LBED_Proj/LBED_LPC11xx/Debug/libLBED_LPC11xx.a(BusOut.o)
 .debug_abbrev  0x0000000000000d4d      0x24c /Users/take/proj/LBED/LBED_Proj/LBED_LPC11xx/Debug/libLBED_LPC11xx.a(DigitalOut.o)
 .debug_abbrev  0x0000000000000f99      0x1bc /Users/take/proj/LBED/LBED_Proj/LBED_LPC11xx/Debug/libLBED_LPC11xx.a(I2C.o)
 .debug_abbrev  0x0000000000001155      0x182 /Users/take/proj/LBED/LBED_Proj/LBED_LPC11xx/Debug/libLBED_LPC11xx.a(Print.o)
 .debug_abbrev  0x00000000000012d7       0x27 /Users/take/proj/LBED/LBED_Proj/LBED_LPC11xx/Debug/libLBED_LPC11xx.a(pure_virtual.o)
 .debug_abbrev  0x00000000000012fe       0xf6 /Users/take/proj/LBED/LBED_Proj/LBED_LPC11xx/Debug/libLBED_LPC11xx.a(wait_api.o)
 .debug_abbrev  0x00000000000013f4      0x1d3 /Users/take/proj/LBED/LBED_Proj/LBED_LPC11xx/Debug/libLBED_LPC11xx.a(_i2c.o)
 .debug_abbrev  0x00000000000015c7       0x97 /Applications/lpcxpresso_4.2.4_267/lpcxpresso/Tools/bin/../lib/gcc/arm-none-eabi/4.6.2/../../../../arm-none-eabi/lib/armv6-m/libcr_newlib_nohost.a(_cr_sbrk.o)
 .debug_abbrev  0x000000000000165e       0x52 /Applications/lpcxpresso_4.2.4_267/lpcxpresso/Tools/bin/../lib/gcc/arm-none-eabi/4.6.2/../../../../arm-none-eabi/lib/armv6-m/libcr_newlib_nohost.a(_exit.o)
 .debug_abbrev  0x00000000000016b0       0x52 /Applications/lpcxpresso_4.2.4_267/lpcxpresso/Tools/bin/../lib/gcc/arm-none-eabi/4.6.2/../../../../arm-none-eabi/lib/armv6-m/libcr_newlib_nohost.a(getpid.o)
 .debug_abbrev  0x0000000000001702       0x72 /Applications/lpcxpresso_4.2.4_267/lpcxpresso/Tools/bin/../lib/gcc/arm-none-eabi/4.6.2/../../../../arm-none-eabi/lib/armv6-m/libcr_newlib_nohost.a(kill.o)
 .debug_abbrev  0x0000000000001774       0x70 /Applications/lpcxpresso_4.2.4_267/lpcxpresso/Tools/bin/../lib/gcc/arm-none-eabi/4.6.2/../../../../arm-none-eabi/lib/armv6-m/libcr_newlib_nohost.a(_cr_check_heap.o)

.debug_loc      0x0000000000000000     0x1145
 .debug_loc     0x0000000000000000      0x11a ./src/TestLM73.o
 .debug_loc     0x000000000000011a      0x144 ./src/cr_cpp_config.o
 .debug_loc     0x000000000000025e      0x1b0 ./src/cr_startup_lpc11.o
 .debug_loc     0x000000000000040e       0x98 /Users/take/proj/LBED/LBED_Proj/CMSISv2p00_LPC11xx/Debug/libCMSISv2p00_LPC11xx.a(system_LPC11xx.o)
 .debug_loc     0x00000000000004a6       0xa8 /Users/take/proj/LBED/LBED_Proj/LBED_USERLIB/Debug/libLBED_USERLIB.a(LM73.o)
 .debug_loc     0x000000000000054e      0x381 /Users/take/proj/LBED/LBED_Proj/LBED_USERLIB/Debug/libLBED_USERLIB.a(TextLCD.o)
 .debug_loc     0x00000000000008cf      0x188 /Users/take/proj/LBED/LBED_Proj/LBED_LPC11xx/Debug/libLBED_LPC11xx.a(BusOut.o)
 .debug_loc     0x0000000000000a57       0xa8 /Users/take/proj/LBED/LBED_Proj/LBED_LPC11xx/Debug/libLBED_LPC11xx.a(DigitalOut.o)
 .debug_loc     0x0000000000000aff      0x118 /Users/take/proj/LBED/LBED_Proj/LBED_LPC11xx/Debug/libLBED_LPC11xx.a(I2C.o)
 .debug_loc     0x0000000000000c17      0x2dc /Users/take/proj/LBED/LBED_Proj/LBED_LPC11xx/Debug/libLBED_LPC11xx.a(Print.o)
 .debug_loc     0x0000000000000ef3       0x2c /Users/take/proj/LBED/LBED_Proj/LBED_LPC11xx/Debug/libLBED_LPC11xx.a(pure_virtual.o)
 .debug_loc     0x0000000000000f1f       0x5f /Users/take/proj/LBED/LBED_Proj/LBED_LPC11xx/Debug/libLBED_LPC11xx.a(wait_api.o)
 .debug_loc     0x0000000000000f7e       0xf9 /Users/take/proj/LBED/LBED_Proj/LBED_LPC11xx/Debug/libLBED_LPC11xx.a(_i2c.o)
 .debug_loc     0x0000000000001077       0x68 /Applications/lpcxpresso_4.2.4_267/lpcxpresso/Tools/bin/../lib/gcc/arm-none-eabi/4.6.2/../../../../arm-none-eabi/lib/armv6-m/libcr_newlib_nohost.a(_cr_sbrk.o)
 .debug_loc     0x00000000000010df       0x20 /Applications/lpcxpresso_4.2.4_267/lpcxpresso/Tools/bin/../lib/gcc/arm-none-eabi/4.6.2/../../../../arm-none-eabi/lib/armv6-m/libcr_newlib_nohost.a(_exit.o)
 .debug_loc     0x00000000000010ff       0x13 /Applications/lpcxpresso_4.2.4_267/lpcxpresso/Tools/bin/../lib/gcc/arm-none-eabi/4.6.2/../../../../arm-none-eabi/lib/armv6-m/libcr_newlib_nohost.a(kill.o)
 .debug_loc     0x0000000000001112       0x33 /Applications/lpcxpresso_4.2.4_267/lpcxpresso/Tools/bin/../lib/gcc/arm-none-eabi/4.6.2/../../../../arm-none-eabi/lib/armv6-m/libcr_newlib_nohost.a(_cr_check_heap.o)

.debug_aranges  0x0000000000000000      0x3c0
 .debug_aranges
                0x0000000000000000       0x40 ./src/TestLM73.o
 .debug_aranges
                0x0000000000000040       0x48 ./src/cr_cpp_config.o
 .debug_aranges
                0x0000000000000088       0x60 ./src/cr_startup_lpc11.o
 .debug_aranges
                0x00000000000000e8       0x28 /Users/take/proj/LBED/LBED_Proj/CMSISv2p00_LPC11xx/Debug/libCMSISv2p00_LPC11xx.a(system_LPC11xx.o)
 .debug_aranges
                0x0000000000000110       0x30 /Users/take/proj/LBED/LBED_Proj/LBED_USERLIB/Debug/libLBED_USERLIB.a(LM73.o)
 .debug_aranges
                0x0000000000000140       0x98 /Users/take/proj/LBED/LBED_Proj/LBED_USERLIB/Debug/libLBED_USERLIB.a(TextLCD.o)
 .debug_aranges
                0x00000000000001d8       0x40 /Users/take/proj/LBED/LBED_Proj/LBED_LPC11xx/Debug/libLBED_LPC11xx.a(BusOut.o)
 .debug_aranges
                0x0000000000000218       0x20 /Users/take/proj/LBED/LBED_Proj/LBED_LPC11xx/Debug/libLBED_LPC11xx.a(DigitalOut.o)
 .debug_aranges
                0x0000000000000238       0x20 /Users/take/proj/LBED/LBED_Proj/LBED_LPC11xx/Debug/libLBED_LPC11xx.a(I2C.o)
 .debug_aranges
                0x0000000000000258       0x28 /Users/take/proj/LBED/LBED_Proj/LBED_LPC11xx/Debug/libLBED_LPC11xx.a(Print.o)
 .debug_aranges
                0x0000000000000280       0x20 /Users/take/proj/LBED/LBED_Proj/LBED_LPC11xx/Debug/libLBED_LPC11xx.a(pure_virtual.o)
 .debug_aranges
                0x00000000000002a0       0x30 /Users/take/proj/LBED/LBED_Proj/LBED_LPC11xx/Debug/libLBED_LPC11xx.a(wait_api.o)
 .debug_aranges
                0x00000000000002d0       0x50 /Users/take/proj/LBED/LBED_Proj/LBED_LPC11xx/Debug/libLBED_LPC11xx.a(_i2c.o)
 .debug_aranges
                0x0000000000000320       0x20 /Applications/lpcxpresso_4.2.4_267/lpcxpresso/Tools/bin/../lib/gcc/arm-none-eabi/4.6.2/../../../../arm-none-eabi/lib/armv6-m/libcr_newlib_nohost.a(_cr_sbrk.o)
 .debug_aranges
                0x0000000000000340       0x20 /Applications/lpcxpresso_4.2.4_267/lpcxpresso/Tools/bin/../lib/gcc/arm-none-eabi/4.6.2/../../../../arm-none-eabi/lib/armv6-m/libcr_newlib_nohost.a(_exit.o)
 .debug_aranges
                0x0000000000000360       0x20 /Applications/lpcxpresso_4.2.4_267/lpcxpresso/Tools/bin/../lib/gcc/arm-none-eabi/4.6.2/../../../../arm-none-eabi/lib/armv6-m/libcr_newlib_nohost.a(getpid.o)
 .debug_aranges
                0x0000000000000380       0x20 /Applications/lpcxpresso_4.2.4_267/lpcxpresso/Tools/bin/../lib/gcc/arm-none-eabi/4.6.2/../../../../arm-none-eabi/lib/armv6-m/libcr_newlib_nohost.a(kill.o)
 .debug_aranges
                0x00000000000003a0       0x20 /Applications/lpcxpresso_4.2.4_267/lpcxpresso/Tools/bin/../lib/gcc/arm-none-eabi/4.6.2/../../../../arm-none-eabi/lib/armv6-m/libcr_newlib_nohost.a(_cr_check_heap.o)

.debug_ranges   0x0000000000000000      0x220
 .debug_ranges  0x0000000000000000       0x30 ./src/TestLM73.o
 .debug_ranges  0x0000000000000030       0x38 ./src/cr_cpp_config.o
 .debug_ranges  0x0000000000000068       0x50 ./src/cr_startup_lpc11.o
 .debug_ranges  0x00000000000000b8       0x18 /Users/take/proj/LBED/LBED_Proj/CMSISv2p00_LPC11xx/Debug/libCMSISv2p00_LPC11xx.a(system_LPC11xx.o)
 .debug_ranges  0x00000000000000d0       0x20 /Users/take/proj/LBED/LBED_Proj/LBED_USERLIB/Debug/libLBED_USERLIB.a(LM73.o)
 .debug_ranges  0x00000000000000f0       0x88 /Users/take/proj/LBED/LBED_Proj/LBED_USERLIB/Debug/libLBED_USERLIB.a(TextLCD.o)
 .debug_ranges  0x0000000000000178       0x30 /Users/take/proj/LBED/LBED_Proj/LBED_LPC11xx/Debug/libLBED_LPC11xx.a(BusOut.o)
 .debug_ranges  0x00000000000001a8       0x18 /Users/take/proj/LBED/LBED_Proj/LBED_LPC11xx/Debug/libLBED_LPC11xx.a(Print.o)
 .debug_ranges  0x00000000000001c0       0x20 /Users/take/proj/LBED/LBED_Proj/LBED_LPC11xx/Debug/libLBED_LPC11xx.a(wait_api.o)
 .debug_ranges  0x00000000000001e0       0x40 /Users/take/proj/LBED/LBED_Proj/LBED_LPC11xx/Debug/libLBED_LPC11xx.a(_i2c.o)

.debug_line     0x0000000000000000     0x2571
 .debug_line    0x0000000000000000      0x27b ./src/TestLM73.o
 .debug_line    0x000000000000027b      0x119 ./src/cr_cpp_config.o
 .debug_line    0x0000000000000394       0xc1 ./src/cr_startup_lpc11.o
 .debug_line    0x0000000000000455      0x3fe /Users/take/proj/LBED/LBED_Proj/CMSISv2p00_LPC11xx/Debug/libCMSISv2p00_LPC11xx.a(system_LPC11xx.o)
 .debug_line    0x0000000000000853      0x7b2 /Users/take/proj/LBED/LBED_Proj/LBED_USERLIB/Debug/libLBED_USERLIB.a(LM73.o)
 .debug_line    0x0000000000001005      0x905 /Users/take/proj/LBED/LBED_Proj/LBED_USERLIB/Debug/libLBED_USERLIB.a(TextLCD.o)
 .debug_line    0x000000000000190a      0x25f /Users/take/proj/LBED/LBED_Proj/LBED_LPC11xx/Debug/libLBED_LPC11xx.a(BusOut.o)
 .debug_line    0x0000000000001b69      0x1cd /Users/take/proj/LBED/LBED_Proj/LBED_LPC11xx/Debug/libLBED_LPC11xx.a(DigitalOut.o)
 .debug_line    0x0000000000001d36      0x178 /Users/take/proj/LBED/LBED_Proj/LBED_LPC11xx/Debug/libLBED_LPC11xx.a(I2C.o)
 .debug_line    0x0000000000001eae      0x13c /Users/take/proj/LBED/LBED_Proj/LBED_LPC11xx/Debug/libLBED_LPC11xx.a(Print.o)
 .debug_line    0x0000000000001fea       0x52 /Users/take/proj/LBED/LBED_Proj/LBED_LPC11xx/Debug/libLBED_LPC11xx.a(pure_virtual.o)
 .debug_line    0x000000000000203c      0x16a /Users/take/proj/LBED/LBED_Proj/LBED_LPC11xx/Debug/libLBED_LPC11xx.a(wait_api.o)
 .debug_line    0x00000000000021a6      0x1f6 /Users/take/proj/LBED/LBED_Proj/LBED_LPC11xx/Debug/libLBED_LPC11xx.a(_i2c.o)
 .debug_line    0x000000000000239c       0xc2 /Applications/lpcxpresso_4.2.4_267/lpcxpresso/Tools/bin/../lib/gcc/arm-none-eabi/4.6.2/../../../../arm-none-eabi/lib/armv6-m/libcr_newlib_nohost.a(_cr_sbrk.o)
 .debug_line    0x000000000000245e       0x3e /Applications/lpcxpresso_4.2.4_267/lpcxpresso/Tools/bin/../lib/gcc/arm-none-eabi/4.6.2/../../../../arm-none-eabi/lib/armv6-m/libcr_newlib_nohost.a(_exit.o)
 .debug_line    0x000000000000249c       0x43 /Applications/lpcxpresso_4.2.4_267/lpcxpresso/Tools/bin/../lib/gcc/arm-none-eabi/4.6.2/../../../../arm-none-eabi/lib/armv6-m/libcr_newlib_nohost.a(getpid.o)
 .debug_line    0x00000000000024df       0x41 /Applications/lpcxpresso_4.2.4_267/lpcxpresso/Tools/bin/../lib/gcc/arm-none-eabi/4.6.2/../../../../arm-none-eabi/lib/armv6-m/libcr_newlib_nohost.a(kill.o)
 .debug_line    0x0000000000002520       0x51 /Applications/lpcxpresso_4.2.4_267/lpcxpresso/Tools/bin/../lib/gcc/arm-none-eabi/4.6.2/../../../../arm-none-eabi/lib/armv6-m/libcr_newlib_nohost.a(_cr_check_heap.o)

.debug_str      0x0000000000000000     0x1755
 .debug_str     0x0000000000000000      0x691 ./src/TestLM73.o
                                        0x6ee (size before relaxing)
 .debug_str     0x0000000000000691       0xfe ./src/cr_cpp_config.o
                                        0x202 (size before relaxing)
 .debug_str     0x000000000000078f      0x14e ./src/cr_startup_lpc11.o
                                        0x253 (size before relaxing)
 .debug_str     0x00000000000008dd      0x339 /Users/take/proj/LBED/LBED_Proj/CMSISv2p00_LPC11xx/Debug/libCMSISv2p00_LPC11xx.a(system_LPC11xx.o)
                                        0x3c8 (size before relaxing)
 .debug_str     0x0000000000000c16       0x5e /Users/take/proj/LBED/LBED_Proj/LBED_USERLIB/Debug/libLBED_USERLIB.a(LM73.o)
                                        0x262 (size before relaxing)
 .debug_str     0x0000000000000c74      0x1f7 /Users/take/proj/LBED/LBED_Proj/LBED_USERLIB/Debug/libLBED_USERLIB.a(TextLCD.o)
                                        0x46b (size before relaxing)
 .debug_str     0x0000000000000e6b       0x4d /Users/take/proj/LBED/LBED_Proj/LBED_LPC11xx/Debug/libLBED_LPC11xx.a(BusOut.o)
                                        0x286 (size before relaxing)
 .debug_str     0x0000000000000eb8      0x197 /Users/take/proj/LBED/LBED_Proj/LBED_LPC11xx/Debug/libLBED_LPC11xx.a(DigitalOut.o)
                                        0x7a0 (size before relaxing)
 .debug_str     0x000000000000104f       0x44 /Users/take/proj/LBED/LBED_Proj/LBED_LPC11xx/Debug/libLBED_LPC11xx.a(I2C.o)
                                        0x227 (size before relaxing)
 .debug_str     0x0000000000001093      0x1af /Users/take/proj/LBED/LBED_Proj/LBED_LPC11xx/Debug/libLBED_LPC11xx.a(Print.o)
                                        0x2d3 (size before relaxing)
 .debug_str     0x0000000000001242       0x33 /Users/take/proj/LBED/LBED_Proj/LBED_LPC11xx/Debug/libLBED_LPC11xx.a(pure_virtual.o)
                                         0xb1 (size before relaxing)
 .debug_str     0x0000000000001275       0x59 /Users/take/proj/LBED/LBED_Proj/LBED_LPC11xx/Debug/libLBED_LPC11xx.a(wait_api.o)
                                        0x177 (size before relaxing)
 .debug_str     0x00000000000012ce      0x348 /Users/take/proj/LBED/LBED_Proj/LBED_LPC11xx/Debug/libLBED_LPC11xx.a(_i2c.o)
                                        0x865 (size before relaxing)
 .debug_str     0x0000000000001616       0xb3 /Applications/lpcxpresso_4.2.4_267/lpcxpresso/Tools/bin/../lib/gcc/arm-none-eabi/4.6.2/../../../../arm-none-eabi/lib/armv6-m/libcr_newlib_nohost.a(_cr_sbrk.o)
                                        0x143 (size before relaxing)
 .debug_str     0x00000000000016c9       0x15 /Applications/lpcxpresso_4.2.4_267/lpcxpresso/Tools/bin/../lib/gcc/arm-none-eabi/4.6.2/../../../../arm-none-eabi/lib/armv6-m/libcr_newlib_nohost.a(_exit.o)
                                         0x70 (size before relaxing)
 .debug_str     0x00000000000016de       0x1e /Applications/lpcxpresso_4.2.4_267/lpcxpresso/Tools/bin/../lib/gcc/arm-none-eabi/4.6.2/../../../../arm-none-eabi/lib/armv6-m/libcr_newlib_nohost.a(getpid.o)
                                        0x102 (size before relaxing)
 .debug_str     0x00000000000016fc       0x14 /Applications/lpcxpresso_4.2.4_267/lpcxpresso/Tools/bin/../lib/gcc/arm-none-eabi/4.6.2/../../../../arm-none-eabi/lib/armv6-m/libcr_newlib_nohost.a(kill.o)
                                         0xfe (size before relaxing)
 .debug_str     0x0000000000001710       0x45 /Applications/lpcxpresso_4.2.4_267/lpcxpresso/Tools/bin/../lib/gcc/arm-none-eabi/4.6.2/../../../../arm-none-eabi/lib/armv6-m/libcr_newlib_nohost.a(_cr_check_heap.o)
                                         0xcf (size before relaxing)

.comment        0x0000000000000000       0x9a
 .comment       0x0000000000000000       0x70 ./src/TestLM73.o
                                         0x71 (size before relaxing)
 .comment       0x0000000000000000       0x71 ./src/cr_cpp_config.o
 .comment       0x0000000000000000       0x71 ./src/cr_startup_lpc11.o
 .comment       0x0000000000000000       0x71 /Users/take/proj/LBED/LBED_Proj/CMSISv2p00_LPC11xx/Debug/libCMSISv2p00_LPC11xx.a(system_LPC11xx.o)
 .comment       0x0000000000000000       0x71 /Users/take/proj/LBED/LBED_Proj/LBED_USERLIB/Debug/libLBED_USERLIB.a(LM73.o)
 .comment       0x0000000000000000       0x71 /Users/take/proj/LBED/LBED_Proj/LBED_USERLIB/Debug/libLBED_USERLIB.a(TextLCD.o)
 .comment       0x0000000000000000       0x71 /Users/take/proj/LBED/LBED_Proj/LBED_LPC11xx/Debug/libLBED_LPC11xx.a(BusOut.o)
 .comment       0x0000000000000000       0x71 /Users/take/proj/LBED/LBED_Proj/LBED_LPC11xx/Debug/libLBED_LPC11xx.a(DigitalOut.o)
 .comment       0x0000000000000000       0x71 /Users/take/proj/LBED/LBED_Proj/LBED_LPC11xx/Debug/libLBED_LPC11xx.a(I2C.o)
 .comment       0x0000000000000000       0x71 /Users/take/proj/LBED/LBED_Proj/LBED_LPC11xx/Debug/libLBED_LPC11xx.a(Print.o)
 .comment       0x0000000000000000       0x71 /Users/take/proj/LBED/LBED_Proj/LBED_LPC11xx/Debug/libLBED_LPC11xx.a(pure_virtual.o)
 .comment       0x0000000000000000       0x71 /Users/take/proj/LBED/LBED_Proj/LBED_LPC11xx/Debug/libLBED_LPC11xx.a(wait_api.o)
 .comment       0x0000000000000000       0x71 /Users/take/proj/LBED/LBED_Proj/LBED_LPC11xx/Debug/libLBED_LPC11xx.a(_i2c.o)
 .comment       0x0000000000000070       0x2a /Applications/lpcxpresso_4.2.4_267/lpcxpresso/Tools/bin/../lib/gcc/arm-none-eabi/4.6.2/../../../../arm-none-eabi/lib/armv6-m/libcr_newlib_nohost.a(_cr_sbrk.o)
                                         0x2b (size before relaxing)
 .comment       0x0000000000000000       0x2b /Applications/lpcxpresso_4.2.4_267/lpcxpresso/Tools/bin/../lib/gcc/arm-none-eabi/4.6.2/../../../../arm-none-eabi/lib/armv6-m/libcr_newlib_nohost.a(_exit.o)
 .comment       0x0000000000000000       0x2b /Applications/lpcxpresso_4.2.4_267/lpcxpresso/Tools/bin/../lib/gcc/arm-none-eabi/4.6.2/../../../../arm-none-eabi/lib/armv6-m/libcr_newlib_nohost.a(getpid.o)
 .comment       0x0000000000000000       0x2b /Applications/lpcxpresso_4.2.4_267/lpcxpresso/Tools/bin/../lib/gcc/arm-none-eabi/4.6.2/../../../../arm-none-eabi/lib/armv6-m/libcr_newlib_nohost.a(kill.o)
 .comment       0x0000000000000000       0x2b /Applications/lpcxpresso_4.2.4_267/lpcxpresso/Tools/bin/../lib/gcc/arm-none-eabi/4.6.2/../../../../arm-none-eabi/lib/armv6-m/libcr_newlib_nohost.a(_cr_check_heap.o)

.ARM.attributes
                0x0000000000000000       0x33
 .ARM.attributes
                0x0000000000000000       0x33 ./src/TestLM73.o
 .ARM.attributes
                0x0000000000000033       0x33 ./src/cr_cpp_config.o
 .ARM.attributes
                0x0000000000000066       0x33 ./src/cr_startup_lpc11.o
 .ARM.attributes
                0x0000000000000099       0x33 /Users/take/proj/LBED/LBED_Proj/CMSISv2p00_LPC11xx/Debug/libCMSISv2p00_LPC11xx.a(system_LPC11xx.o)
 .ARM.attributes
                0x00000000000000cc       0x33 /Users/take/proj/LBED/LBED_Proj/LBED_USERLIB/Debug/libLBED_USERLIB.a(LM73.o)
 .ARM.attributes
                0x00000000000000ff       0x33 /Users/take/proj/LBED/LBED_Proj/LBED_USERLIB/Debug/libLBED_USERLIB.a(TextLCD.o)
 .ARM.attributes
                0x0000000000000132       0x33 /Users/take/proj/LBED/LBED_Proj/LBED_LPC11xx/Debug/libLBED_LPC11xx.a(BusOut.o)
 .ARM.attributes
                0x0000000000000165       0x33 /Users/take/proj/LBED/LBED_Proj/LBED_LPC11xx/Debug/libLBED_LPC11xx.a(DigitalOut.o)
 .ARM.attributes
                0x0000000000000198       0x33 /Users/take/proj/LBED/LBED_Proj/LBED_LPC11xx/Debug/libLBED_LPC11xx.a(I2C.o)
 .ARM.attributes
                0x00000000000001cb       0x33 /Users/take/proj/LBED/LBED_Proj/LBED_LPC11xx/Debug/libLBED_LPC11xx.a(Print.o)
 .ARM.attributes
                0x00000000000001fe       0x33 /Users/take/proj/LBED/LBED_Proj/LBED_LPC11xx/Debug/libLBED_LPC11xx.a(pure_virtual.o)
 .ARM.attributes
                0x0000000000000231       0x33 /Users/take/proj/LBED/LBED_Proj/LBED_LPC11xx/Debug/libLBED_LPC11xx.a(wait_api.o)
 .ARM.attributes
                0x0000000000000264       0x33 /Users/take/proj/LBED/LBED_Proj/LBED_LPC11xx/Debug/libLBED_LPC11xx.a(_i2c.o)
 .ARM.attributes
                0x0000000000000297       0x20 /Applications/lpcxpresso_4.2.4_267/lpcxpresso/Tools/bin/../lib/gcc/arm-none-eabi/4.6.2/armv6-m/libgcc.a(_udivsi3.o)
 .ARM.attributes
                0x00000000000002b7       0x20 /Applications/lpcxpresso_4.2.4_267/lpcxpresso/Tools/bin/../lib/gcc/arm-none-eabi/4.6.2/armv6-m/libgcc.a(_dvmd_tls.o)
 .ARM.attributes
                0x00000000000002d7       0x20 /Applications/lpcxpresso_4.2.4_267/lpcxpresso/Tools/bin/../lib/gcc/arm-none-eabi/4.6.2/armv6-m/libgcc.a(_arm_cmpdf2.o)
 .ARM.attributes
                0x00000000000002f7       0x2e /Applications/lpcxpresso_4.2.4_267/lpcxpresso/Tools/bin/../lib/gcc/arm-none-eabi/4.6.2/armv6-m/libgcc.a(_fixunsdfsi.o)
 .ARM.attributes
                0x0000000000000325       0x2e /Applications/lpcxpresso_4.2.4_267/lpcxpresso/Tools/bin/../lib/gcc/arm-none-eabi/4.6.2/armv6-m/libgcc.a(adddf3.o)
 .ARM.attributes
                0x0000000000000353       0x2e /Applications/lpcxpresso_4.2.4_267/lpcxpresso/Tools/bin/../lib/gcc/arm-none-eabi/4.6.2/armv6-m/libgcc.a(divdf3.o)
 .ARM.attributes
                0x0000000000000381       0x2e /Applications/lpcxpresso_4.2.4_267/lpcxpresso/Tools/bin/../lib/gcc/arm-none-eabi/4.6.2/armv6-m/libgcc.a(eqdf2.o)
 .ARM.attributes
                0x00000000000003af       0x2e /Applications/lpcxpresso_4.2.4_267/lpcxpresso/Tools/bin/../lib/gcc/arm-none-eabi/4.6.2/armv6-m/libgcc.a(gedf2.o)
 .ARM.attributes
                0x00000000000003dd       0x2e /Applications/lpcxpresso_4.2.4_267/lpcxpresso/Tools/bin/../lib/gcc/arm-none-eabi/4.6.2/armv6-m/libgcc.a(ledf2.o)
 .ARM.attributes