Archive member included because of file (symbol)

/Users/take/proj/LBED/lbed/CMSISv2p00_LPC11xx/Debug/libCMSISv2p00_LPC11xx.a(system_LPC11xx.o)
                              ./src/cr_startup_lpc11.o (SystemInit)
/Users/take/proj/LBED/lbed/LBED_USERLIB/Debug/libLBED_USERLIB.a(TextLCD.o)
                              ./src/TestLCD.o (_ZN7TextLCD6locateEii)
/Users/take/proj/LBED/lbed/LBED_LPC11xx/Debug/libLBED_LPC11xx.a(BusOut.o)
                              /Users/take/proj/LBED/lbed/LBED_USERLIB/Debug/libLBED_USERLIB.a(TextLCD.o) (_ZN6BusOut5writeEi)
/Users/take/proj/LBED/lbed/LBED_LPC11xx/Debug/libLBED_LPC11xx.a(DigitalOut.o)
                              /Users/take/proj/LBED/lbed/LBED_LPC11xx/Debug/libLBED_LPC11xx.a(BusOut.o) (_ZN10DigitalOut5setupEiPKc)
/Users/take/proj/LBED/lbed/LBED_LPC11xx/Debug/libLBED_LPC11xx.a(Print.o)
                              /Users/take/proj/LBED/lbed/LBED_USERLIB/Debug/libLBED_USERLIB.a(TextLCD.o) (_ZN5Print5writeEPKci)
/Users/take/proj/LBED/lbed/LBED_LPC11xx/Debug/libLBED_LPC11xx.a(pure_virtual.o)
                              /Users/take/proj/LBED/lbed/LBED_LPC11xx/Debug/libLBED_LPC11xx.a(Print.o) (__cxa_pure_virtual)
/Users/take/proj/LBED/lbed/LBED_LPC11xx/Debug/libLBED_LPC11xx.a(wait_api.o)
                              ./src/TestLCD.o (wait_init)
/Applications/lpcxpresso_4.2.4_267/lpcxpresso/Tools/bin/../lib/gcc/arm-none-eabi/4.6.2/armv6-m/libgcc.a(_udivsi3.o)
                              /Users/take/proj/LBED/lbed/CMSISv2p00_LPC11xx/Debug/libCMSISv2p00_LPC11xx.a(system_LPC11xx.o) (__aeabi_uidiv)
/Applications/lpcxpresso_4.2.4_267/lpcxpresso/Tools/bin/../lib/gcc/arm-none-eabi/4.6.2/armv6-m/libgcc.a(_dvmd_tls.o)
                              /Applications/lpcxpresso_4.2.4_267/lpcxpresso/Tools/bin/../lib/gcc/arm-none-eabi/4.6.2/armv6-m/libgcc.a(_udivsi3.o) (__aeabi_idiv0)
/Applications/lpcxpresso_4.2.4_267/lpcxpresso/Tools/bin/../lib/gcc/arm-none-eabi/4.6.2/armv6-m/libgcc.a(_arm_cmpdf2.o)
                              /Users/take/proj/LBED/lbed/LBED_LPC11xx/Debug/libLBED_LPC11xx.a(Print.o) (__aeabi_dcmplt)
/Applications/lpcxpresso_4.2.4_267/lpcxpresso/Tools/bin/../lib/gcc/arm-none-eabi/4.6.2/armv6-m/libgcc.a(_fixunsdfsi.o)
                              /Users/take/proj/LBED/lbed/LBED_LPC11xx/Debug/libLBED_LPC11xx.a(Print.o) (__aeabi_d2uiz)
/Applications/lpcxpresso_4.2.4_267/lpcxpresso/Tools/bin/../lib/gcc/arm-none-eabi/4.6.2/armv6-m/libgcc.a(adddf3.o)
                              /Users/take/proj/LBED/lbed/LBED_LPC11xx/Debug/libLBED_LPC11xx.a(Print.o) (__aeabi_dadd)
/Applications/lpcxpresso_4.2.4_267/lpcxpresso/Tools/bin/../lib/gcc/arm-none-eabi/4.6.2/armv6-m/libgcc.a(divdf3.o)
                              /Users/take/proj/LBED/lbed/LBED_LPC11xx/Debug/libLBED_LPC11xx.a(Print.o) (__aeabi_ddiv)
/Applications/lpcxpresso_4.2.4_267/lpcxpresso/Tools/bin/../lib/gcc/arm-none-eabi/4.6.2/armv6-m/libgcc.a(eqdf2.o)
                              /Applications/lpcxpresso_4.2.4_267/lpcxpresso/Tools/bin/../lib/gcc/arm-none-eabi/4.6.2/armv6-m/libgcc.a(_arm_cmpdf2.o) (__eqdf2)
/Applications/lpcxpresso_4.2.4_267/lpcxpresso/Tools/bin/../lib/gcc/arm-none-eabi/4.6.2/armv6-m/libgcc.a(gedf2.o)
                              /Applications/lpcxpresso_4.2.4_267/lpcxpresso/Tools/bin/../lib/gcc/arm-none-eabi/4.6.2/armv6-m/libgcc.a(_arm_cmpdf2.o) (__gedf2)
/Applications/lpcxpresso_4.2.4_267/lpcxpresso/Tools/bin/../lib/gcc/arm-none-eabi/4.6.2/armv6-m/libgcc.a(ledf2.o)
                              /Applications/lpcxpresso_4.2.4_267/lpcxpresso/Tools/bin/../lib/gcc/arm-none-eabi/4.6.2/armv6-m/libgcc.a(_arm_cmpdf2.o) (__ledf2)
/Applications/lpcxpresso_4.2.4_267/lpcxpresso/Tools/bin/../lib/gcc/arm-none-eabi/4.6.2/armv6-m/libgcc.a(muldf3.o)
                              /Users/take/proj/LBED/lbed/LBED_LPC11xx/Debug/libLBED_LPC11xx.a(Print.o) (__aeabi_dmul)
/Applications/lpcxpresso_4.2.4_267/lpcxpresso/Tools/bin/../lib/gcc/arm-none-eabi/4.6.2/armv6-m/libgcc.a(subdf3.o)
                              /Users/take/proj/LBED/lbed/LBED_LPC11xx/Debug/libLBED_LPC11xx.a(Print.o) (__aeabi_dsub)
/Applications/lpcxpresso_4.2.4_267/lpcxpresso/Tools/bin/../lib/gcc/arm-none-eabi/4.6.2/armv6-m/libgcc.a(fixdfsi.o)
                              /Users/take/proj/LBED/lbed/LBED_LPC11xx/Debug/libLBED_LPC11xx.a(Print.o) (__aeabi_d2iz)
/Applications/lpcxpresso_4.2.4_267/lpcxpresso/Tools/bin/../lib/gcc/arm-none-eabi/4.6.2/armv6-m/libgcc.a(floatsidf.o)
                              /Users/take/proj/LBED/lbed/LBED_LPC11xx/Debug/libLBED_LPC11xx.a(Print.o) (__aeabi_i2d)
/Applications/lpcxpresso_4.2.4_267/lpcxpresso/Tools/bin/../lib/gcc/arm-none-eabi/4.6.2/armv6-m/libgcc.a(floatunsidf.o)
                              /Users/take/proj/LBED/lbed/LBED_LPC11xx/Debug/libLBED_LPC11xx.a(Print.o) (__aeabi_ui2d)
/Applications/lpcxpresso_4.2.4_267/lpcxpresso/Tools/bin/../lib/gcc/arm-none-eabi/4.6.2/armv6-m/libgcc.a(unwind-arm.o)
[...]
Memory Configuration

Name             Origin             Length             Attributes
MFlash32         0x0000000000000000 0x0000000000008000 xr
RamLoc4          0x0000000010000000 0x0000000000001000 xrw
*default*        0x0000000000000000 0xffffffffffffffff

Linker script and memory map

LOAD ./src/TestLCD.o
LOAD ./src/cr_cpp_config.o
LOAD ./src/cr_startup_lpc11.o
LOAD /Users/take/proj/LBED/lbed/CMSISv2p00_LPC11xx/Debug/libCMSISv2p00_LPC11xx.a
LOAD /Users/take/proj/LBED/lbed/LBED_USERLIB/Debug/libLBED_USERLIB.a
LOAD /Users/take/proj/LBED/lbed/LBED_LPC11xx/Debug/libLBED_LPC11xx.a
START GROUP
LOAD /Applications/lpcxpresso_4.2.4_267/lpcxpresso/Tools/bin/../lib/gcc/arm-none-eabi/4.6.2/armv6-m/libgcc.a
LOAD /Applications/lpcxpresso_4.2.4_267/lpcxpresso/Tools/bin/../lib/gcc/arm-none-eabi/4.6.2/../../../../arm-none-eabi/lib/armv6-m/libc.a
LOAD /Applications/lpcxpresso_4.2.4_267/lpcxpresso/Tools/bin/../lib/gcc/arm-none-eabi/4.6.2/../../../../arm-none-eabi/lib/armv6-m/libstdc++.a
LOAD /Applications/lpcxpresso_4.2.4_267/lpcxpresso/Tools/bin/../lib/gcc/arm-none-eabi/4.6.2/../../../../arm-none-eabi/lib/armv6-m/libm.a
LOAD /Applications/lpcxpresso_4.2.4_267/lpcxpresso/Tools/bin/../lib/gcc/arm-none-eabi/4.6.2/../../../../arm-none-eabi/lib/armv6-m/libcr_newlib_nohost.a
LOAD /Applications/lpcxpresso_4.2.4_267/lpcxpresso/Tools/bin/../lib/gcc/arm-none-eabi/4.6.2/armv6-m/crti.o
LOAD /Applications/lpcxpresso_4.2.4_267/lpcxpresso/Tools/bin/../lib/gcc/arm-none-eabi/4.6.2/armv6-m/crtn.o
LOAD /Applications/lpcxpresso_4.2.4_267/lpcxpresso/Tools/bin/../lib/gcc/arm-none-eabi/4.6.2/armv6-m/crtbegin.o
LOAD /Applications/lpcxpresso_4.2.4_267/lpcxpresso/Tools/bin/../lib/gcc/arm-none-eabi/4.6.2/armv6-m/crtend.o
END GROUP
                0x0000000000008000                __top_MFlash32 = 0x8000
                0x0000000010001000                __top_RamLoc4 = 0x10001000

.text           0x0000000000000000     0x5264
 FILL mask 0xff
 *(.isr_vector)
 .isr_vector    0x0000000000000000       0xc0 ./src/cr_startup_lpc11.o
                0x0000000000000000                g_pfnVectors
                0x00000000000000c0                . = ALIGN (0x4)
                0x00000000000000c0                __section_table_start = .
                0x00000000000000c0                __data_section_table = .
                0x00000000000000c0        0x4 LONG 0x5628 LOADADDR (.data)
                0x00000000000000c4        0x4 LONG 0x10000000 ADDR (.data)
                0x00000000000000c8        0x4 LONG 0x848 SIZEOF (.data)
                0x00000000000000cc                __data_section_table_end = .
                0x00000000000000cc                __bss_section_table = .
                0x00000000000000cc        0x4 LONG 0x10000848 ADDR (.bss)
                0x00000000000000d0        0x4 LONG 0x58 SIZEOF (.bss)
                0x00000000000000d4                __bss_section_table_end = .
                0x00000000000000d4                __section_table_end = .
 *(.after_vectors*)
 .after_vectors
                0x00000000000000d4      0x158 ./src/cr_startup_lpc11.o
                0x00000000000000d4                _Z9data_initjjj
                0x0000000000000120                _Z8bss_initjj
                0x000000000000015c                ResetISR
                0x00000000000001fc                NMI_Handler
                0x0000000000000204                HardFault_Handler
                0x000000000000020c                SVC_Handler
                0x0000000000000214                PendSV_Handler
                0x000000000000021c                SysTick_Handler
                0x0000000000000224                TIMER16_1_IRQHandler
                0x0000000000000224                ADC_IRQHandler
                0x0000000000000224                SSP1_IRQHandler
                0x0000000000000224                PIOINT2_IRQHandler
                0x0000000000000224                BOD_IRQHandler
                0x0000000000000224                WAKEUP_IRQHandler
                0x0000000000000224                PIOINT0_IRQHandler
                0x0000000000000224                I2C_IRQHandler
                0x0000000000000224                WDT_IRQHandler
                0x0000000000000224                TIMER16_0_IRQHandler
                0x0000000000000224                PIOINT3_IRQHandler
                0x0000000000000224                UART_IRQHandler
                0x0000000000000224                TIMER32_0_IRQHandler
                0x0000000000000224                TIMER32_1_IRQHandler
                0x0000000000000224                IntDefaultHandler
                0x0000000000000224                PIOINT1_IRQHandler
                0x0000000000000224                CAN_IRQHandler
                0x0000000000000224                SSP0_IRQHandler
 *(.text*)
 .text._ZN10DigitalOut5writeEi
                0x000000000000022c       0x58 ./src/TestLCD.o
                0x000000000000022c                _ZN10DigitalOut5writeEi
 .text._ZN10DigitalOut4readEv
                0x0000000000000284       0x34 ./src/TestLCD.o
                0x0000000000000284                _ZN10DigitalOut4readEv
 .text._ZN10DigitalOutaSEi
                0x00000000000002b8       0x20 ./src/TestLCD.o
                0x00000000000002b8                _ZN10DigitalOutaSEi
 .text._ZN10DigitalOutcviEv
                0x00000000000002d8       0x1c ./src/TestLCD.o
                0x00000000000002d8                _ZN10DigitalOutcviEv
 .text.main     0x00000000000002f4       0xdc ./src/TestLCD.o
                0x00000000000002f4                main
 .text._ZdlPv   0x00000000000003d0       0x18 ./src/cr_cpp_config.o
                0x00000000000003d0                _ZdlPv
 .text.SystemInit
                0x00000000000003e8       0x90 /Users/take/proj/LBED/lbed/CMSISv2p00_LPC11xx/Debug/libCMSISv2p00_LPC11xx.a(system_LPC11xx.o)
                0x00000000000003e8                SystemInit
 .text._ZN7TextLCD5writeEc
                0x0000000000000478       0x2c /Users/take/proj/LBED/lbed/LBED_USERLIB/Debug/libLBED_USERLIB.a(TextLCD.o)
                0x0000000000000478                _ZN7TextLCD5writeEc
 .text._ZN5PrintC2Ev
                0x00000000000004a4       0x1c /Users/take/proj/LBED/lbed/LBED_USERLIB/Debug/libLBED_USERLIB.a(TextLCD.o)
                0x00000000000004a4                _ZN5PrintC1Ev
                0x00000000000004a4                _ZN5PrintC2Ev
 .text._ZN7TextLCDC2EiiiiiiNS_7LCDTypeE
                0x00000000000004c0      0x148 /Users/take/proj/LBED/lbed/LBED_USERLIB/Debug/libLBED_USERLIB.a(TextLCD.o)
                0x00000000000004c0                _ZN7TextLCDC1EiiiiiiNS_7LCDTypeE
                0x00000000000004c0                _ZN7TextLCDC2EiiiiiiNS_7LCDTypeE
 .text._ZN7TextLCD9characterEiii
                0x0000000000000608       0x40 /Users/take/proj/LBED/lbed/LBED_USERLIB/Debug/libLBED_USERLIB.a(TextLCD.o)
                0x0000000000000608                _ZN7TextLCD9characterEiii
 .text._ZN7TextLCD3clsEv
                0x0000000000000648       0x30 /Users/take/proj/LBED/lbed/LBED_USERLIB/Debug/libLBED_USERLIB.a(TextLCD.o)
                0x0000000000000648                _ZN7TextLCD3clsEv
 .text._ZN7TextLCD6locateEii
                0x0000000000000678       0x28 /Users/take/proj/LBED/lbed/LBED_USERLIB/Debug/libLBED_USERLIB.a(TextLCD.o)
                0x0000000000000678                _ZN7TextLCD6locateEii
 .text._ZN7TextLCD5_putcEi
                0x00000000000006a0      0x100 /Users/take/proj/LBED/lbed/LBED_USERLIB/Debug/libLBED_USERLIB.a(TextLCD.o)
                0x00000000000006a0                _ZN7TextLCD5_putcEi
 .text._ZN7TextLCD5_getcEv
                0x00000000000007a0       0x14 /Users/take/proj/LBED/lbed/LBED_USERLIB/Debug/libLBED_USERLIB.a(TextLCD.o)
                0x00000000000007a0                _ZN7TextLCD5_getcEv
 .text._ZN7TextLCD9writeByteEi
                0x00000000000007b4       0x7c /Users/take/proj/LBED/lbed/LBED_USERLIB/Debug/libLBED_USERLIB.a(TextLCD.o)
                0x00000000000007b4                _ZN7TextLCD9writeByteEi
 .text._ZN7TextLCD12writeCommandEi
                0x0000000000000830       0x28 /Users/take/proj/LBED/lbed/LBED_USERLIB/Debug/libLBED_USERLIB.a(TextLCD.o)
                0x0000000000000830                _ZN7TextLCD12writeCommandEi
 .text._ZN7TextLCD9writeDataEi
                0x0000000000000858       0x28 /Users/take/proj/LBED/lbed/LBED_USERLIB/Debug/libLBED_USERLIB.a(TextLCD.o)
                0x0000000000000858                _ZN7TextLCD9writeDataEi
 .text._ZN7TextLCD7addressEii
                0x0000000000000880       0x74 /Users/take/proj/LBED/lbed/LBED_USERLIB/Debug/libLBED_USERLIB.a(TextLCD.o)
                0x0000000000000880                _ZN7TextLCD7addressEii
 .text._ZN7TextLCD7columnsEv
                0x00000000000008f4       0x24 /Users/take/proj/LBED/lbed/LBED_USERLIB/Debug/libLBED_USERLIB.a(TextLCD.o)
                0x00000000000008f4                _ZN7TextLCD7columnsEv
 .text._ZN7TextLCD4rowsEv
                0x0000000000000918       0x24 /Users/take/proj/LBED/lbed/LBED_USERLIB/Debug/libLBED_USERLIB.a(TextLCD.o)
                0x0000000000000918                _ZN7TextLCD4rowsEv
 .text          0x000000000000093c      0x204 /Users/take/proj/LBED/lbed/LBED_LPC11xx/Debug/libLBED_LPC11xx.a(BusOut.o)
                0x000000000000093c                _ZN6BusOutC2Eiiiiiiiiiiiiiiii
                0x000000000000093c                _ZN6BusOutC1Eiiiiiiiiiiiiiiii
                0x0000000000000a90                _ZN6BusOut5writeEi
                0x0000000000000adc                _ZN6BusOut4readEv
 .text          0x0000000000000b40      0x38c /Users/take/proj/LBED/lbed/LBED_LPC11xx/Debug/libLBED_LPC11xx.a(DigitalOut.o)
                0x0000000000000b40                _ZN10DigitalOutC1Ev
                0x0000000000000b40                _ZN10DigitalOutC2Ev
                0x0000000000000b68                _ZN10DigitalOutC2EiPKc
                0x0000000000000b68                _ZN10DigitalOutC1EiPKc
                0x0000000000000ba4                _ZN10DigitalOut5setupEiPKc
 *fill*         0x0000000000000ecc        0x4 00
 .text          0x0000000000000ed0      0x4f8 /Users/take/proj/LBED/lbed/LBED_LPC11xx/Debug/libLBED_LPC11xx.a(Print.o)
                0x0000000000000ed0                _ZN5Print5writeEPKci
                0x0000000000000f20                _ZN5Print5printEPKc
                0x0000000000000f40                _ZN5Print5printEc
                0x0000000000000f6c                _ZN5Print5printEdi
                0x0000000000000f98                _ZN5Print7printlnEv
                0x0000000000000fcc                _ZN5Print7printlnEPKc
                0x0000000000001000                _ZN5Print7printlnEc
                0x000000000000103c                _ZN5Print5printEmi
                0x0000000000001080                _ZN5Print5printEii
                0x00000000000010a8                _ZN5Print5printEli
                0x0000000000001134                _ZN5Print11printNumberEmi
                0x00000000000011d0                _ZN5Print10printFloatEdi
 .text._ZN5Print5writeEPKc
                0x00000000000013c8       0x3c /Users/take/proj/LBED/lbed/LBED_LPC11xx/Debug/libLBED_LPC11xx.a(Print.o)
                0x00000000000013c8                _ZN5Print5writeEPKc
 .text          0x0000000000001404        0x8 /Users/take/proj/LBED/lbed/LBED_LPC11xx/Debug/libLBED_LPC11xx.a(pure_virtual.o)
                0x0000000000001404                __cxa_pure_virtual
 .text.wait_init
                0x000000000000140c       0x24 /Users/take/proj/LBED/lbed/LBED_LPC11xx/Debug/libLBED_LPC11xx.a(wait_api.o)
                0x000000000000140c                wait_init
 .text.wait_ms  0x0000000000001430       0x30 /Users/take/proj/LBED/lbed/LBED_LPC11xx/Debug/libLBED_LPC11xx.a(wait_api.o)
                0x0000000000001430                wait_ms
 .text.wait_us  0x0000000000001460        0x2 /Users/take/proj/LBED/lbed/LBED_LPC11xx/Debug/libLBED_LPC11xx.a(wait_api.o)
                0x0000000000001460                wait_us
 *fill*         0x0000000000001462        0x2 00
 .text          0x0000000000001464       0x9c /Applications/lpcxpresso_4.2.4_267/lpcxpresso/Tools/bin/../lib/gcc/arm-none-eabi/4.6.2/armv6-m/libgcc.a(_udivsi3.o)
                0x0000000000001464                __udivsi3
                0x0000000000001464                __aeabi_uidiv
                0x00000000000014ec                __aeabi_uidivmod
 .text          0x0000000000001500        0x4 /Applications/lpcxpresso_4.2.4_267/lpcxpresso/Tools/bin/../lib/gcc/arm-none-eabi/4.6.2/armv6-m/libgcc.a(_dvmd_tls.o)
                0x0000000000001500                __aeabi_ldiv0
                0x0000000000001500                __aeabi_idiv0
 .text          0x0000000000001504       0x7c /Applications/lpcxpresso_4.2.4_267/lpcxpresso/Tools/bin/../lib/gcc/arm-none-eabi/4.6.2/armv6-m/libgcc.a(_arm_cmpdf2.o)
                0x0000000000001504                __aeabi_cdrcmple
                0x0000000000001514                __aeabi_cdcmple
                0x0000000000001514                __aeabi_cdcmpeq
                0x0000000000001524                __aeabi_dcmpeq
                0x0000000000001530                __aeabi_dcmplt
                0x0000000000001544                __aeabi_dcmple
                0x0000000000001558                __aeabi_dcmpgt
                0x000000000000156c                __aeabi_dcmpge
 .text          0x0000000000001580       0x40 /Applications/lpcxpresso_4.2.4_267/lpcxpresso/Tools/bin/../lib/gcc/arm-none-eabi/4.6.2/armv6-m/libgcc.a(_fixunsdfsi.o)
                0x0000000000001580                __fixunsdfsi
                0x0000000000001580                __aeabi_d2uiz
 .text          0x00000000000015c0      0x6d4 /Applications/lpcxpresso_4.2.4_267/lpcxpresso/Tools/bin/../lib/gcc/arm-none-eabi/4.6.2/armv6-m/libgcc.a(adddf3.o)
                0x00000000000015c0                __aeabi_dadd
 .text          0x0000000000001c94      0x5e4 /Applications/lpcxpresso_4.2.4_267/lpcxpresso/Tools/bin/../lib/gcc/arm-none-eabi/4.6.2/armv6-m/libgcc.a(divdf3.o)
                0x0000000000001c94                __aeabi_ddiv
 .text          0x0000000000002278       0x80 /Applications/lpcxpresso_4.2.4_267/lpcxpresso/Tools/bin/../lib/gcc/arm-none-eabi/4.6.2/armv6-m/libgcc.a(eqdf2.o)
                0x0000000000002278                __eqdf2
                0x0000000000002278                __nedf2
 .text          0x00000000000022f8       0xec /Applications/lpcxpresso_4.2.4_267/lpcxpresso/Tools/bin/../lib/gcc/arm-none-eabi/4.6.2/armv6-m/libgcc.a(gedf2.o)
                0x00000000000022f8                __gtdf2
                0x00000000000022f8                __gedf2
 .text          0x00000000000023e4       0xc0 /Applications/lpcxpresso_4.2.4_267/lpcxpresso/Tools/bin/../lib/gcc/arm-none-eabi/4.6.2/armv6-m/libgcc.a(ledf2.o)
                0x00000000000023e4                __ltdf2
                0x00000000000023e4                __ledf2
 .text          0x00000000000024a4      0x4a4 /Applications/lpcxpresso_4.2.4_267/lpcxpresso/Tools/bin/../lib/gcc/arm-none-eabi/4.6.2/armv6-m/libgcc.a(muldf3.o)
                0x00000000000024a4                __aeabi_dmul
 .text          0x0000000000002948      0x72c /Applications/lpcxpresso_4.2.4_267/lpcxpresso/Tools/bin/../lib/gcc/arm-none-eabi/4.6.2/armv6-m/libgcc.a(subdf3.o)
                0x0000000000002948                __aeabi_dsub
 .text          0x0000000000003074       0x68 /Applications/lpcxpresso_4.2.4_267/lpcxpresso/Tools/bin/../lib/gcc/arm-none-eabi/4.6.2/armv6-m/libgcc.a(fixdfsi.o)
                0x0000000000003074                __aeabi_d2iz
 .text          0x00000000000030dc       0x78 /Applications/lpcxpresso_4.2.4_267/lpcxpresso/Tools/bin/../lib/gcc/arm-none-eabi/4.6.2/armv6-m/libgcc.a(floatsidf.o)
                0x00000000000030dc                __aeabi_i2d
 .text          0x0000000000003154       0x68 /Applications/lpcxpresso_4.2.4_267/lpcxpresso/Tools/bin/../lib/gcc/arm-none-eabi/4.6.2/armv6-m/libgcc.a(floatunsidf.o)
                0x0000000000003154                __aeabi_ui2d
 .text          0x00000000000031bc      0xb5c /Applications/lpcxpresso_4.2.4_267/lpcxpresso/Tools/bin/../lib/gcc/arm-none-eabi/4.6.2/armv6-m/libgcc.a(unwind-arm.o)
                0x000000000000347c                _Unwind_VRS_Get
                0x00000000000034c0                _Unwind_VRS_Set
                0x0000000000003824                __aeabi_unwind_cpp_pr2
                0x0000000000003830                __aeabi_unwind_cpp_pr1
                0x000000000000383c                __aeabi_unwind_cpp_pr0
                0x0000000000003848                _Unwind_VRS_Pop
                0x0000000000003bcc                _Unwind_GetCFA
                0x0000000000003bd0                __gnu_Unwind_RaiseException
                0x0000000000003c28                __gnu_Unwind_ForcedUnwind
                0x0000000000003c3c                __gnu_Unwind_Resume
                0x0000000000003c7c                __gnu_Unwind_Resume_or_Rethrow
                0x0000000000003c98                _Unwind_Complete
                0x0000000000003c9c                _Unwind_DeleteException
                0x0000000000003cac                __gnu_Unwind_Backtrace
 .text          0x0000000000003d18      0x144 /Applications/lpcxpresso_4.2.4_267/lpcxpresso/Tools/bin/../lib/gcc/arm-none-eabi/4.6.2/armv6-m/libgcc.a(libunwind.o)
                0x0000000000003d18                __restore_core_regs
                0x0000000000003d18                restore_core_regs
                0x0000000000003d44                __gnu_Unwind_Restore_VFP
                0x0000000000003d48                __gnu_Unwind_Save_VFP
                0x0000000000003d4c                __gnu_Unwind_Restore_VFP_D
                0x0000000000003d50                __gnu_Unwind_Save_VFP_D
                0x0000000000003d54                __gnu_Unwind_Restore_VFP_D_16_to_31
                0x0000000000003d58                __gnu_Unwind_Save_VFP_D_16_to_31
                0x0000000000003d5c                __gnu_Unwind_Restore_WMMXD
                0x0000000000003d60                __gnu_Unwind_Save_WMMXD
                0x0000000000003d64                __gnu_Unwind_Restore_WMMXC
                0x0000000000003d68                __gnu_Unwind_Save_WMMXC
                0x0000000000003d6c                _Unwind_RaiseException
                0x0000000000003d6c                ___Unwind_RaiseException
                0x0000000000003d9c                ___Unwind_Resume
                0x0000000000003d9c                _Unwind_Resume
                0x0000000000003dcc                ___Unwind_Resume_or_Rethrow
                0x0000000000003dcc                _Unwind_Resume_or_Rethrow
                0x0000000000003dfc                _Unwind_ForcedUnwind
                0x0000000000003dfc                ___Unwind_ForcedUnwind
                0x0000000000003e2c                _Unwind_Backtrace
                0x0000000000003e2c                ___Unwind_Backtrace
 .text          0x0000000000003e5c      0x38c /Applications/lpcxpresso_4.2.4_267/lpcxpresso/Tools/bin/../lib/gcc/arm-none-eabi/4.6.2/armv6-m/libgcc.a(pr-support.o)
                0x0000000000003eb0                __gnu_unwind_execute
                0x0000000000004190                __gnu_unwind_frame
                0x00000000000041b8                _Unwind_GetRegionStart
                0x00000000000041c4                _Unwind_GetLanguageSpecificData
                0x00000000000041d8                _Unwind_GetDataRelBase
                0x00000000000041e0                _Unwind_GetTextRelBase
 .text          0x00000000000041e8       0x3c /Applications/lpcxpresso_4.2.4_267/lpcxpresso/Tools/bin/../lib/gcc/arm-none-eabi/4.6.2/armv6-m/libgcc.a(_clzsi2.o)
                0x00000000000041e8                __clzsi2
 .text          0x0000000000004224       0x10 /Applications/lpcxpresso_4.2.4_267/lpcxpresso/Tools/bin/../lib/gcc/arm-none-eabi/4.6.2/../../../../arm-none-eabi/lib/armv6-m/libc.a(lib_a-abort.o)
                0x0000000000004224                abort
 .text          0x0000000000004234       0x44 /Applications/lpcxpresso_4.2.4_267/lpcxpresso/Tools/bin/../lib/gcc/arm-none-eabi/4.6.2/../../../../arm-none-eabi/lib/armv6-m/libc.a(lib_a-init.o)
                0x0000000000004234                __libc_init_array
 .text          0x0000000000004278       0x28 /Applications/lpcxpresso_4.2.4_267/lpcxpresso/Tools/bin/../lib/gcc/arm-none-eabi/4.6.2/../../../../arm-none-eabi/lib/armv6-m/libc.a(lib_a-malloc.o)
                0x0000000000004278                malloc
                0x000000000000428c                free
 .text          0x00000000000042a0      0x514 /Applications/lpcxpresso_4.2.4_267/lpcxpresso/Tools/bin/../lib/gcc/arm-none-eabi/4.6.2/../../../../arm-none-eabi/lib/armv6-m/libc.a(lib_a-mallocr.o)
                0x00000000000042a0                _malloc_r
 .text          0x00000000000047b4       0x7c /Applications/lpcxpresso_4.2.4_267/lpcxpresso/Tools/bin/../lib/gcc/arm-none-eabi/4.6.2/../../../../arm-none-eabi/lib/armv6-m/libc.a(lib_a-memcpy.o)
                0x00000000000047b4                memcpy
 .text          0x0000000000004830        0x8 /Applications/lpcxpresso_4.2.4_267/lpcxpresso/Tools/bin/../lib/gcc/arm-none-eabi/4.6.2/../../../../arm-none-eabi/lib/armv6-m/libc.a(lib_a-mlock.o)
                0x0000000000004830                __malloc_lock
                0x0000000000004834                __malloc_unlock
 .text          0x0000000000004838       0x24 /Applications/lpcxpresso_4.2.4_267/lpcxpresso/Tools/bin/../lib/gcc/arm-none-eabi/4.6.2/../../../../arm-none-eabi/lib/armv6-m/libc.a(lib_a-sbrkr.o)
                0x0000000000004838                _sbrk_r
 .text          0x000000000000485c      0x16c /Applications/lpcxpresso_4.2.4_267/lpcxpresso/Tools/bin/../lib/gcc/arm-none-eabi/4.6.2/../../../../arm-none-eabi/lib/armv6-m/libc.a(lib_a-signal.o)
                0x000000000000485c                _init_signal_r
                0x0000000000004898                _signal_r
                0x00000000000048d4                _raise_r
                0x000000000000492c                __sigtramp_r
                0x0000000000004978                raise
                0x000000000000498c                signal
                0x00000000000049a4                _init_signal
                0x00000000000049b4                __sigtramp
 .text          0x00000000000049c8       0x30 /Applications/lpcxpresso_4.2.4_267/lpcxpresso/Tools/bin/../lib/gcc/arm-none-eabi/4.6.2/../../../../arm-none-eabi/lib/armv6-m/libc.a(lib_a-signalr.o)
                0x00000000000049c8                _kill_r
                0x00000000000049f0                _getpid_r
 .text          0x00000000000049f8       0x10 /Applications/lpcxpresso_4.2.4_267/lpcxpresso/Tools/bin/../lib/gcc/arm-none-eabi/4.6.2/../../../../arm-none-eabi/lib/armv6-m/libc.a(lib_a-strlen.o)
                0x00000000000049f8                strlen
 .text          0x0000000000004a08      0x240 /Applications/lpcxpresso_4.2.4_267/lpcxpresso/Tools/bin/../lib/gcc/arm-none-eabi/4.6.2/../../../../arm-none-eabi/lib/armv6-m/libc.a(lib_a-freer.o)
                0x0000000000004a08                _malloc_trim_r
                0x0000000000004ab0                _free_r
 .text._ZNK10__cxxabiv117__class_type_info11__do_upcastEPKS0_PPv
                0x0000000000004c48       0x38 /Applications/lpcxpresso_4.2.4_267/lpcxpresso/Tools/bin/../lib/gcc/arm-none-eabi/4.6.2/../../../../arm-none-eabi/lib/armv6-m/libstdc++.a(class_type_info.o)
                0x0000000000004c48                _ZNK10__cxxabiv117__class_type_info11__do_upcastEPKS0_PPv
 .text._ZNK10__cxxabiv117__class_type_info20__do_find_public_srcEiPKvPKS0_S2_
                0x0000000000004c80       0x10 /Applications/lpcxpresso_4.2.4_267/lpcxpresso/Tools/bin/../lib/gcc/arm-none-eabi/4.6.2/../../../../arm-none-eabi/lib/armv6-m/libstdc++.a(class_type_info.o)
                0x0000000000004c80                _ZNK10__cxxabiv117__class_type_info20__do_find_public_srcEiPKvPKS0_S2_
 .text._ZNK10__cxxabiv117__class_type_info11__do_upcastEPKS0_PKvRNS0_15__upcast_resultE
                0x0000000000004c90       0x20 /Applications/lpcxpresso_4.2.4_267/lpcxpresso/Tools/bin/../lib/gcc/arm-none-eabi/4.6.2/../../../../arm-none-eabi/lib/armv6-m/libstdc++.a(class_type_info.o)
                0x0000000000004c90                _ZNK10__cxxabiv117__class_type_info11__do_upcastEPKS0_PKvRNS0_15__upcast_resultE
 .text._ZN10__cxxabiv117__class_type_infoD2Ev
                0x0000000000004cb0       0x18 /Applications/lpcxpresso_4.2.4_267/lpcxpresso/Tools/bin/../lib/gcc/arm-none-eabi/4.6.2/../../../../arm-none-eabi/lib/armv6-m/libstdc++.a(class_type_info.o)
                0x0000000000004cb0                _ZN10__cxxabiv117__class_type_infoD1Ev
                0x0000000000004cb0                _ZN10__cxxabiv117__class_type_infoD2Ev
 .text._ZN10__cxxabiv117__class_type_infoD0Ev
                0x0000000000004cc8       0x1c /Applications/lpcxpresso_4.2.4_267/lpcxpresso/Tools/bin/../lib/gcc/arm-none-eabi/4.6.2/../../../../arm-none-eabi/lib/armv6-m/libstdc++.a(class_type_info.o)
                0x0000000000004cc8                _ZN10__cxxabiv117__class_type_infoD0Ev
 .text._ZNK10__cxxabiv117__class_type_info12__do_dyncastEiNS0_10__sub_kindEPKS0_PKvS3_S5_RNS0_16__dyncast_resultE
                0x0000000000004ce4       0x48 /Applications/lpcxpresso_4.2.4_267/lpcxpresso/Tools/bin/../lib/gcc/arm-none-eabi/4.6.2/../../../../arm-none-eabi/lib/armv6-m/libstdc++.a(class_type_info.o)
                0x0000000000004ce4                _ZNK10__cxxabiv117__class_type_info12__do_dyncastEiNS0_10__sub_kindEPKS0_PKvS3_S5_RNS0_16__dyncast_resultE
 .text._ZNK10__cxxabiv117__class_type_info10__do_catchEPKSt9type_infoPPvj
                0x0000000000004d2c       0x2c /Applications/lpcxpresso_4.2.4_267/lpcxpresso/Tools/bin/../lib/gcc/arm-none-eabi/4.6.2/../../../../arm-none-eabi/lib/armv6-m/libstdc++.a(class_type_info.o)
                0x0000000000004d2c                _ZNK10__cxxabiv117__class_type_info10__do_catchEPKSt9type_infoPPvj
 .text._ZN10__cxxabiv120__si_class_type_infoD2Ev
                0x0000000000004d58       0x18 /Applications/lpcxpresso_4.2.4_267/lpcxpresso/Tools/bin/../lib/gcc/arm-none-eabi/4.6.2/../../../../arm-none-eabi/lib/armv6-m/libstdc++.a(si_class_type_info.o)
                0x0000000000004d58                _ZN10__cxxabiv120__si_class_type_infoD2Ev
                0x0000000000004d58                _ZN10__cxxabiv120__si_class_type_infoD1Ev
 .text._ZN10__cxxabiv120__si_class_type_infoD0Ev
                0x0000000000004d70       0x1c /Applications/lpcxpresso_4.2.4_267/lpcxpresso/Tools/bin/../lib/gcc/arm-none-eabi/4.6.2/../../../../arm-none-eabi/lib/armv6-m/libstdc++.a(si_class_type_info.o)
                0x0000000000004d70                _ZN10__cxxabiv120__si_class_type_infoD0Ev
 .text._ZNK10__cxxabiv120__si_class_type_info11__do_upcastEPKNS_17__class_type_infoEPKvRNS1_15__upcast_resultE
                0x0000000000004d8c       0x28 /Applications/lpcxpresso_4.2.4_267/lpcxpresso/Tools/bin/../lib/gcc/arm-none-eabi/4.6.2/../../../../arm-none-eabi/lib/armv6-m/libstdc++.a(si_class_type_info.o)
                0x0000000000004d8c                _ZNK10__cxxabiv120__si_class_type_info11__do_upcastEPKNS_17__class_type_infoEPKvRNS1_15__upcast_resultE
 .text._ZNK10__cxxabiv120__si_class_type_info12__do_dyncastEiNS_17__class_type_info10__sub_kindEPKS1_PKvS4_S6_RNS1_16__dyncast_resultE
                0x0000000000004db4       0x94 /Applications/lpcxpresso_4.2.4_267/lpcxpresso/Tools/bin/../lib/gcc/arm-none-eabi/4.6.2/../../../../arm-none-eabi/lib/armv6-m/libstdc++.a(si_class_type_info.o)
                0x0000000000004db4                _ZNK10__cxxabiv120__si_class_type_info12__do_dyncastEiNS_17__class_type_info10__sub_kindEPKS1_PKvS4_S6_RNS1_16__dyncast_resultE
 .text._ZNK10__cxxabiv120__si_class_type_info20__do_find_public_srcEiPKvPKNS_17__class_type_infoES2_
                0x0000000000004e48       0x40 /Applications/lpcxpresso_4.2.4_267/lpcxpresso/Tools/bin/../lib/gcc/arm-none-eabi/4.6.2/../../../../arm-none-eabi/lib/armv6-m/libstdc++.a(si_class_type_info.o)
                0x0000000000004e48                _ZNK10__cxxabiv120__si_class_type_info20__do_find_public_srcEiPKvPKNS_17__class_type_infoES2_
 .text._ZNSt9type_infoD2Ev
                0x0000000000004e88        0xc /Applications/lpcxpresso_4.2.4_267/lpcxpresso/Tools/bin/../lib/gcc/arm-none-eabi/4.6.2/../../../../arm-none-eabi/lib/armv6-m/libstdc++.a(tinfo.o)
                0x0000000000004e88                _ZNSt9type_infoD1Ev
                0x0000000000004e88                _ZNSt9type_infoD2Ev
 .text._ZNKSt9type_info14__is_pointer_pEv
                0x0000000000004e94        0x4 /Applications/lpcxpresso_4.2.4_267/lpcxpresso/Tools/bin/../lib/gcc/arm-none-eabi/4.6.2/../../../../arm-none-eabi/lib/armv6-m/libstdc++.a(tinfo.o)
                0x0000000000004e94                _ZNKSt9type_info14__is_pointer_pEv
 .text._ZNKSt9type_info15__is_function_pEv
                0x0000000000004e98        0x4 /Applications/lpcxpresso_4.2.4_267/lpcxpresso/Tools/bin/../lib/gcc/arm-none-eabi/4.6.2/../../../../arm-none-eabi/lib/armv6-m/libstdc++.a(tinfo.o)
                0x0000000000004e98                _ZNKSt9type_info15__is_function_pEv
 .text._ZNKSt9type_info11__do_upcastEPKN10__cxxabiv117__class_type_infoEPPv
                0x0000000000004e9c        0x4 /Applications/lpcxpresso_4.2.4_267/lpcxpresso/Tools/bin/../lib/gcc/arm-none-eabi/4.6.2/../../../../arm-none-eabi/lib/armv6-m/libstdc++.a(tinfo.o)
                0x0000000000004e9c                _ZNKSt9type_info11__do_upcastEPKN10__cxxabiv117__class_type_infoEPPv
 .text._ZNSt9type_infoD0Ev
                0x0000000000004ea0       0x18 /Applications/lpcxpresso_4.2.4_267/lpcxpresso/Tools/bin/../lib/gcc/arm-none-eabi/4.6.2/../../../../arm-none-eabi/lib/armv6-m/libstdc++.a(tinfo.o)
                0x0000000000004ea0                _ZNSt9type_infoD0Ev
 .text._ZNKSt9type_infoeqERKS_
                0x0000000000004eb8       0x2c /Applications/lpcxpresso_4.2.4_267/lpcxpresso/Tools/bin/../lib/gcc/arm-none-eabi/4.6.2/../../../../arm-none-eabi/lib/armv6-m/libstdc++.a(tinfo.o)
                0x0000000000004eb8                _ZNKSt9type_infoeqERKS_
 .text._ZNKSt9type_info10__do_catchEPKS_PPvj
                0x0000000000004ee4        0x8 /Applications/lpcxpresso_4.2.4_267/lpcxpresso/Tools/bin/../lib/gcc/arm-none-eabi/4.6.2/../../../../arm-none-eabi/lib/armv6-m/libstdc++.a(tinfo.o)
                0x0000000000004ee4                _ZNKSt9type_info10__do_catchEPKS_PPvj
 .text          0x0000000000004eec       0x40 /Applications/lpcxpresso_4.2.4_267/lpcxpresso/Tools/bin/../lib/gcc/arm-none-eabi/4.6.2/../../../../arm-none-eabi/lib/armv6-m/libcr_newlib_nohost.a(_cr_sbrk.o)
                0x0000000000004eec                _sbrk
 .text          0x0000000000004f2c        0x4 /Applications/lpcxpresso_4.2.4_267/lpcxpresso/Tools/bin/../lib/gcc/arm-none-eabi/4.6.2/../../../../arm-none-eabi/lib/armv6-m/libcr_newlib_nohost.a(_exit.o)
                0x0000000000004f2c                _exit
 .text          0x0000000000004f30       0x10 /Applications/lpcxpresso_4.2.4_267/lpcxpresso/Tools/bin/../lib/gcc/arm-none-eabi/4.6.2/../../../../arm-none-eabi/lib/armv6-m/libcr_newlib_nohost.a(getpid.o)
                0x0000000000004f30                _getpid
 .text          0x0000000000004f40       0x10 /Applications/lpcxpresso_4.2.4_267/lpcxpresso/Tools/bin/../lib/gcc/arm-none-eabi/4.6.2/../../../../arm-none-eabi/lib/armv6-m/libcr_newlib_nohost.a(kill.o)
                0x0000000000004f40                _kill
 .text          0x0000000000004f50       0x2c /Applications/lpcxpresso_4.2.4_267/lpcxpresso/Tools/bin/../lib/gcc/arm-none-eabi/4.6.2/../../../../arm-none-eabi/lib/armv6-m/libcr_newlib_nohost.a(_cr_check_heap.o)
                0x0000000000004f50                __check_heap_overflow
 .text          0x0000000000004f7c       0x60 /Applications/lpcxpresso_4.2.4_267/lpcxpresso/Tools/bin/../lib/gcc/arm-none-eabi/4.6.2/armv6-m/crtbegin.o
 .text          0x0000000000004fdc        0xc /Applications/lpcxpresso_4.2.4_267/lpcxpresso/Tools/bin/../lib/gcc/arm-none-eabi/4.6.2/../../../../arm-none-eabi/lib/armv6-m/libc.a(lib_a-errno.o)
                0x0000000000004fdc                __errno
 .text          0x0000000000004fe8       0x14 /Applications/lpcxpresso_4.2.4_267/lpcxpresso/Tools/bin/../lib/gcc/arm-none-eabi/4.6.2/../../../../arm-none-eabi/lib/armv6-m/libc.a(lib_a-strcmp.o)
                0x0000000000004fe8                strcmp
 *(.rodata .rodata.*)
 .rodata        0x0000000000004ffc       0x18 ./src/TestLCD.o
 *fill*         0x0000000000005014        0x4 00
 .rodata._ZTV7TextLCD
                0x0000000000005018       0x18 /Users/take/proj/LBED/lbed/LBED_USERLIB/Debug/libLBED_USERLIB.a(TextLCD.o)
                0x0000000000005018                _ZTV7TextLCD
 .rodata        0x0000000000005030       0x58 /Users/take/proj/LBED/lbed/LBED_LPC11xx/Debug/libLBED_LPC11xx.a(DigitalOut.o)
 .rodata        0x0000000000005088       0x28 /Users/take/proj/LBED/lbed/LBED_LPC11xx/Debug/libLBED_LPC11xx.a(Print.o)
                0x0000000000005090                _ZTV5Print
                0x00000000000050a0                _ZTI5Print
                0x00000000000050a8                _ZTS5Print
 .rodata        0x00000000000050b0       0x40 /Applications/lpcxpresso_4.2.4_267/lpcxpresso/Tools/bin/../lib/gcc/arm-none-eabi/4.6.2/armv6-m/libgcc.a(divdf3.o)
 .rodata        0x00000000000050f0       0x40 /Applications/lpcxpresso_4.2.4_267/lpcxpresso/Tools/bin/../lib/gcc/arm-none-eabi/4.6.2/armv6-m/libgcc.a(muldf3.o)
 .rodata        0x0000000000005130       0x14 /Applications/lpcxpresso_4.2.4_267/lpcxpresso/Tools/bin/../lib/gcc/arm-none-eabi/4.6.2/armv6-m/libgcc.a(unwind-arm.o)
 .rodata.str1.4
                0x0000000000005144        0x4 /Applications/lpcxpresso_4.2.4_267/lpcxpresso/Tools/bin/../lib/gcc/arm-none-eabi/4.6.2/../../../../arm-none-eabi/lib/armv6-m/libc.a(lib_a-impure.o)
 .rodata._ZTVN10__cxxabiv117__class_type_infoE
                0x0000000000005148       0x30 /Applications/lpcxpresso_4.2.4_267/lpcxpresso/Tools/bin/../lib/gcc/arm-none-eabi/4.6.2/../../../../arm-none-eabi/lib/armv6-m/libstdc++.a(class_type_info.o)
                0x0000000000005148                _ZTVN10__cxxabiv117__class_type_infoE
 .rodata._ZTIN10__cxxabiv117__class_type_infoE
                0x0000000000005178        0xc /Applications/lpcxpresso_4.2.4_267/lpcxpresso/Tools/bin/../lib/gcc/arm-none-eabi/4.6.2/../../../../arm-none-eabi/lib/armv6-m/libstdc++.a(class_type_info.o)
                0x0000000000005178                _ZTIN10__cxxabiv117__class_type_infoE
 .rodata._ZTSN10__cxxabiv117__class_type_infoE
                0x0000000000005184       0x24 /Applications/lpcxpresso_4.2.4_267/lpcxpresso/Tools/bin/../lib/gcc/arm-none-eabi/4.6.2/../../../../arm-none-eabi/lib/armv6-m/libstdc++.a(class_type_info.o)
                0x0000000000005184                _ZTSN10__cxxabiv117__class_type_infoE
 .rodata._ZTVN10__cxxabiv120__si_class_type_infoE
                0x00000000000051a8       0x30 /Applications/lpcxpresso_4.2.4_267/lpcxpresso/Tools/bin/../lib/gcc/arm-none-eabi/4.6.2/../../../../arm-none-eabi/lib/armv6-m/libstdc++.a(si_class_type_info.o)
                0x00000000000051a8                _ZTVN10__cxxabiv120__si_class_type_infoE
 .rodata._ZTIN10__cxxabiv120__si_class_type_infoE
                0x00000000000051d8        0xc /Applications/lpcxpresso_4.2.4_267/lpcxpresso/Tools/bin/../lib/gcc/arm-none-eabi/4.6.2/../../../../arm-none-eabi/lib/armv6-m/libstdc++.a(si_class_type_info.o)
                0x00000000000051d8                _ZTIN10__cxxabiv120__si_class_type_infoE
 .rodata._ZTSN10__cxxabiv120__si_class_type_infoE
                0x00000000000051e4       0x28 /Applications/lpcxpresso_4.2.4_267/lpcxpresso/Tools/bin/../lib/gcc/arm-none-eabi/4.6.2/../../../../arm-none-eabi/lib/armv6-m/libstdc++.a(si_class_type_info.o)
                0x00000000000051e4                _ZTSN10__cxxabiv120__si_class_type_infoE
 .rodata._ZTISt9type_info
                0x000000000000520c        0x8 /Applications/lpcxpresso_4.2.4_267/lpcxpresso/Tools/bin/../lib/gcc/arm-none-eabi/4.6.2/../../../../arm-none-eabi/lib/armv6-m/libstdc++.a(tinfo.o)
                0x000000000000520c                _ZTISt9type_info
 .rodata._ZTSSt9type_info
                0x0000000000005214       0x10 /Applications/lpcxpresso_4.2.4_267/lpcxpresso/Tools/bin/../lib/gcc/arm-none-eabi/4.6.2/../../../../arm-none-eabi/lib/armv6-m/libstdc++.a(tinfo.o)
                0x0000000000005214                _ZTSSt9type_info
 *fill*         0x0000000000005224        0x4 00
 .rodata._ZTVSt9type_info
                0x0000000000005228       0x20 /Applications/lpcxpresso_4.2.4_267/lpcxpresso/Tools/bin/../lib/gcc/arm-none-eabi/4.6.2/../../../../arm-none-eabi/lib/armv6-m/libstdc++.a(tinfo.o)
                0x0000000000005228                _ZTVSt9type_info
                0x0000000000005248                . = ALIGN (0x4)
                0x0000000000005248                . = ALIGN (0x4)
 *(.init)
 .init          0x0000000000005248        0x4 /Applications/lpcxpresso_4.2.4_267/lpcxpresso/Tools/bin/../lib/gcc/arm-none-eabi/4.6.2/armv6-m/crti.o
                0x0000000000005248                _init
 .init          0x000000000000524c        0x8 /Applications/lpcxpresso_4.2.4_267/lpcxpresso/Tools/bin/../lib/gcc/arm-none-eabi/4.6.2/armv6-m/crtn.o
                0x0000000000005254                . = ALIGN (0x4)
                0x0000000000005254                __preinit_array_start = .
 *(.preinit_array)
                0x0000000000005254                __preinit_array_end = .
                0x0000000000005254                . = ALIGN (0x4)
                0x0000000000005254                __init_array_start = .
 *(SORT(.init_array.*))
 *(.init_array)
 .init_array    0x0000000000005254        0x4 /Applications/lpcxpresso_4.2.4_267/lpcxpresso/Tools/bin/../lib/gcc/arm-none-eabi/4.6.2/armv6-m/crtbegin.o
                0x0000000000005258                __init_array_end = .
 *(.fini)
 .fini          0x0000000000005258        0x4 /Applications/lpcxpresso_4.2.4_267/lpcxpresso/Tools/bin/../lib/gcc/arm-none-eabi/4.6.2/armv6-m/crti.o
                0x0000000000005258                _fini
 .fini          0x000000000000525c        0x8 /Applications/lpcxpresso_4.2.4_267/lpcxpresso/Tools/bin/../lib/gcc/arm-none-eabi/4.6.2/armv6-m/crtn.o
                0x0000000000005264                . = ALIGN (0x4)
 *crtbegin.o(.ctors)
 *(EXCLUDE_FILE(*crtend.o) .ctors)
 *(SORT(.ctors.*))
 *crtend.o(.ctors)
                0x0000000000005264                . = ALIGN (0x4)
 *crtbegin.o(.dtors)
 *(EXCLUDE_FILE(*crtend.o) .dtors)
 *(SORT(.dtors.*))
 *crtend.o(.dtors)

.glue_7         0x0000000000005264        0x0
 .glue_7        0x0000000000000000        0x0 linker stubs

.glue_7t        0x0000000000005264        0x0
 .glue_7t       0x0000000000000000        0x0 linker stubs

.vfp11_veneer   0x0000000000005264        0x0
 .vfp11_veneer  0x0000000000000000        0x0 linker stubs

.v4_bx          0x0000000000005264        0x0
 .v4_bx         0x0000000000000000        0x0 linker stubs

.ARM.extab      0x0000000000005264      0x1bc
 *(.ARM.extab* .gnu.linkonce.armextab.*)
 .ARM.extab.text._ZN7TextLCD5writeEc
                0x0000000000005264        0xc /Users/take/proj/LBED/lbed/LBED_USERLIB/Debug/libLBED_USERLIB.a(TextLCD.o)
 .ARM.extab.text._ZN5PrintC2Ev
                0x0000000000005270        0x0 /Users/take/proj/LBED/lbed/LBED_USERLIB/Debug/libLBED_USERLIB.a(TextLCD.o)
 .ARM.extab.text._ZN7TextLCDC2EiiiiiiNS_7LCDTypeE
                0x0000000000005270        0xc /Users/take/proj/LBED/lbed/LBED_USERLIB/Debug/libLBED_USERLIB.a(TextLCD.o)
 .ARM.extab.text._ZN7TextLCD9characterEiii
                0x000000000000527c        0xc /Users/take/proj/LBED/lbed/LBED_USERLIB/Debug/libLBED_USERLIB.a(TextLCD.o)
 .ARM.extab.text._ZN7TextLCD3clsEv
                0x0000000000005288        0xc /Users/take/proj/LBED/lbed/LBED_USERLIB/Debug/libLBED_USERLIB.a(TextLCD.o)
 .ARM.extab.text._ZN7TextLCD6locateEii
                0x0000000000005294        0x0 /Users/take/proj/LBED/lbed/LBED_USERLIB/Debug/libLBED_USERLIB.a(TextLCD.o)
 .ARM.extab.text._ZN7TextLCD5_putcEi
                0x0000000000005294        0xc /Users/take/proj/LBED/lbed/LBED_USERLIB/Debug/libLBED_USERLIB.a(TextLCD.o)
 .ARM.extab.text._ZN7TextLCD5_getcEv
                0x00000000000052a0        0x0 /Users/take/proj/LBED/lbed/LBED_USERLIB/Debug/libLBED_USERLIB.a(TextLCD.o)
 .ARM.extab.text._ZN7TextLCD9writeByteEi
                0x00000000000052a0        0xc /Users/take/proj/LBED/lbed/LBED_USERLIB/Debug/libLBED_USERLIB.a(TextLCD.o)
 .ARM.extab.text._ZN7TextLCD12writeCommandEi
                0x00000000000052ac        0xc /Users/take/proj/LBED/lbed/LBED_USERLIB/Debug/libLBED_USERLIB.a(TextLCD.o)
 .ARM.extab.text._ZN7TextLCD9writeDataEi
                0x00000000000052b8        0xc /Users/take/proj/LBED/lbed/LBED_USERLIB/Debug/libLBED_USERLIB.a(TextLCD.o)
 .ARM.extab.text._ZN7TextLCD7addressEii
                0x00000000000052c4        0x0 /Users/take/proj/LBED/lbed/LBED_USERLIB/Debug/libLBED_USERLIB.a(TextLCD.o)
 .ARM.extab.text._ZN7TextLCD7columnsEv
                0x00000000000052c4        0x0 /Users/take/proj/LBED/lbed/LBED_USERLIB/Debug/libLBED_USERLIB.a(TextLCD.o)
 .ARM.extab.text._ZN7TextLCD4rowsEv
                0x00000000000052c4        0x0 /Users/take/proj/LBED/lbed/LBED_USERLIB/Debug/libLBED_USERLIB.a(TextLCD.o)
 .ARM.extab     0x00000000000052c4        0xc /Users/take/proj/LBED/lbed/LBED_LPC11xx/Debug/libLBED_LPC11xx.a(BusOut.o)
 .ARM.extab     0x00000000000052d0        0x0 /Users/take/proj/LBED/lbed/LBED_LPC11xx/Debug/libLBED_LPC11xx.a(DigitalOut.o)
 .ARM.extab.text._ZN5Print5writeEPKc
                0x00000000000052d0        0xc /Users/take/proj/LBED/lbed/LBED_LPC11xx/Debug/libLBED_LPC11xx.a(Print.o)
 .ARM.extab     0x00000000000052dc       0x90 /Users/take/proj/LBED/lbed/LBED_LPC11xx/Debug/libLBED_LPC11xx.a(Print.o)
 .ARM.extab     0x000000000000536c        0x0 /Users/take/proj/LBED/lbed/LBED_LPC11xx/Debug/libLBED_LPC11xx.a(pure_virtual.o)
 .ARM.extab     0x000000000000536c        0x0 /Applications/lpcxpresso_4.2.4_267/lpcxpresso/Tools/bin/../lib/gcc/arm-none-eabi/4.6.2/armv6-m/libgcc.a(adddf3.o)
 .ARM.extab     0x000000000000536c        0x0 /Applications/lpcxpresso_4.2.4_267/lpcxpresso/Tools/bin/../lib/gcc/arm-none-eabi/4.6.2/armv6-m/libgcc.a(divdf3.o)
 .ARM.extab     0x000000000000536c        0x0 /Applications/lpcxpresso_4.2.4_267/lpcxpresso/Tools/bin/../lib/gcc/arm-none-eabi/4.6.2/armv6-m/libgcc.a(eqdf2.o)
 .ARM.extab     0x000000000000536c        0x0 /Applications/lpcxpresso_4.2.4_267/lpcxpresso/Tools/bin/../lib/gcc/arm-none-eabi/4.6.2/armv6-m/libgcc.a(gedf2.o)
 .ARM.extab     0x000000000000536c        0x0 /Applications/lpcxpresso_4.2.4_267/lpcxpresso/Tools/bin/../lib/gcc/arm-none-eabi/4.6.2/armv6-m/libgcc.a(ledf2.o)
 .ARM.extab     0x000000000000536c        0x0 /Applications/lpcxpresso_4.2.4_267/lpcxpresso/Tools/bin/../lib/gcc/arm-none-eabi/4.6.2/armv6-m/libgcc.a(muldf3.o)
 .ARM.extab     0x000000000000536c        0x0 /Applications/lpcxpresso_4.2.4_267/lpcxpresso/Tools/bin/../lib/gcc/arm-none-eabi/4.6.2/armv6-m/libgcc.a(subdf3.o)
 .ARM.extab     0x000000000000536c        0x0 /Applications/lpcxpresso_4.2.4_267/lpcxpresso/Tools/bin/../lib/gcc/arm-none-eabi/4.6.2/armv6-m/libgcc.a(fixdfsi.o)
 .ARM.extab     0x000000000000536c        0x0 /Applications/lpcxpresso_4.2.4_267/lpcxpresso/Tools/bin/../lib/gcc/arm-none-eabi/4.6.2/armv6-m/libgcc.a(floatsidf.o)
 .ARM.extab     0x000000000000536c        0x0 /Applications/lpcxpresso_4.2.4_267/lpcxpresso/Tools/bin/../lib/gcc/arm-none-eabi/4.6.2/armv6-m/libgcc.a(floatunsidf.o)
 .ARM.extab     0x000000000000536c       0x6c /Applications/lpcxpresso_4.2.4_267/lpcxpresso/Tools/bin/../lib/gcc/arm-none-eabi/4.6.2/armv6-m/libgcc.a(unwind-arm.o)
 .ARM.extab     0x00000000000053d8       0x30 /Applications/lpcxpresso_4.2.4_267/lpcxpresso/Tools/bin/../lib/gcc/arm-none-eabi/4.6.2/armv6-m/libgcc.a(pr-support.o)
 .ARM.extab.text._ZNK10__cxxabiv117__class_type_info11__do_upcastEPKS0_PPv
                0x0000000000005408        0x0 /Applications/lpcxpresso_4.2.4_267/lpcxpresso/Tools/bin/../lib/gcc/arm-none-eabi/4.6.2/../../../../arm-none-eabi/lib/armv6-m/libstdc++.a(class_type_info.o)
 .ARM.extab.text._ZNK10__cxxabiv117__class_type_info20__do_find_public_srcEiPKvPKS0_S2_
                0x0000000000005408        0x0 /Applications/lpcxpresso_4.2.4_267/lpcxpresso/Tools/bin/../lib/gcc/arm-none-eabi/4.6.2/../../../../arm-none-eabi/lib/armv6-m/libstdc++.a(class_type_info.o)
 .ARM.extab.text._ZNK10__cxxabiv117__class_type_info11__do_upcastEPKS0_PKvRNS0_15__upcast_resultE
                0x0000000000005408        0x0 /Applications/lpcxpresso_4.2.4_267/lpcxpresso/Tools/bin/../lib/gcc/arm-none-eabi/4.6.2/../../../../arm-none-eabi/lib/armv6-m/libstdc++.a(class_type_info.o)
 .ARM.extab.text._ZN10__cxxabiv117__class_type_infoD2Ev
                0x0000000000005408        0x0 /Applications/lpcxpresso_4.2.4_267/lpcxpresso/Tools/bin/../lib/gcc/arm-none-eabi/4.6.2/../../../../arm-none-eabi/lib/armv6-m/libstdc++.a(class_type_info.o)
 .ARM.extab.text._ZN10__cxxabiv117__class_type_infoD0Ev
                0x0000000000005408        0x0 /Applications/lpcxpresso_4.2.4_267/lpcxpresso/Tools/bin/../lib/gcc/arm-none-eabi/4.6.2/../../../../arm-none-eabi/lib/armv6-m/libstdc++.a(class_type_info.o)
 .ARM.extab.text._ZNK10__cxxabiv117__class_type_info12__do_dyncastEiNS0_10__sub_kindEPKS0_PKvS3_S5_RNS0_16__dyncast_resultE
                0x0000000000005408        0x0 /Applications/lpcxpresso_4.2.4_267/lpcxpresso/Tools/bin/../lib/gcc/arm-none-eabi/4.6.2/../../../../arm-none-eabi/lib/armv6-m/libstdc++.a(class_type_info.o)
 .ARM.extab.text._ZNK10__cxxabiv117__class_type_info10__do_catchEPKSt9type_infoPPvj
                0x0000000000005408        0x0 /Applications/lpcxpresso_4.2.4_267/lpcxpresso/Tools/bin/../lib/gcc/arm-none-eabi/4.6.2/../../../../arm-none-eabi/lib/armv6-m/libstdc++.a(class_type_info.o)
 .ARM.extab.text._ZN10__cxxabiv120__si_class_type_infoD2Ev
                0x0000000000005408        0x0 /Applications/lpcxpresso_4.2.4_267/lpcxpresso/Tools/bin/../lib/gcc/arm-none-eabi/4.6.2/../../../../arm-none-eabi/lib/armv6-m/libstdc++.a(si_class_type_info.o)
 .ARM.extab.text._ZN10__cxxabiv120__si_class_type_infoD0Ev
                0x0000000000005408        0x0 /Applications/lpcxpresso_4.2.4_267/lpcxpresso/Tools/bin/../lib/gcc/arm-none-eabi/4.6.2/../../../../arm-none-eabi/lib/armv6-m/libstdc++.a(si_class_type_info.o)
 .ARM.extab.text._ZNK10__cxxabiv120__si_class_type_info11__do_upcastEPKNS_17__class_type_infoEPKvRNS1_15__upcast_resultE
                0x0000000000005408        0x0 /Applications/lpcxpresso_4.2.4_267/lpcxpresso/Tools/bin/../lib/gcc/arm-none-eabi/4.6.2/../../../../arm-none-eabi/lib/armv6-m/libstdc++.a(si_class_type_info.o)
 .ARM.extab.text._ZNK10__cxxabiv120__si_class_type_info12__do_dyncastEiNS_17__class_type_info10__sub_kindEPKS1_PKvS4_S6_RNS1_16__dyncast_resultE
                0x0000000000005408        0xc /Applications/lpcxpresso_4.2.4_267/lpcxpresso/Tools/bin/../lib/gcc/arm-none-eabi/4.6.2/../../../../arm-none-eabi/lib/armv6-m/libstdc++.a(si_class_type_info.o)
 .ARM.extab.text._ZNK10__cxxabiv120__si_class_type_info20__do_find_public_srcEiPKvPKNS_17__class_type_infoES2_
                0x0000000000005414        0xc /Applications/lpcxpresso_4.2.4_267/lpcxpresso/Tools/bin/../lib/gcc/arm-none-eabi/4.6.2/../../../../arm-none-eabi/lib/armv6-m/libstdc++.a(si_class_type_info.o)
 .ARM.extab.text._ZNSt9type_infoD2Ev
                0x0000000000005420        0x0 /Applications/lpcxpresso_4.2.4_267/lpcxpresso/Tools/bin/../lib/gcc/arm-none-eabi/4.6.2/../../../../arm-none-eabi/lib/armv6-m/libstdc++.a(tinfo.o)
 .ARM.extab.text._ZNKSt9type_info14__is_pointer_pEv
                0x0000000000005420        0x0 /Applications/lpcxpresso_4.2.4_267/lpcxpresso/Tools/bin/../lib/gcc/arm-none-eabi/4.6.2/../../../../arm-none-eabi/lib/armv6-m/libstdc++.a(tinfo.o)
 .ARM.extab.text._ZNKSt9type_info15__is_function_pEv
                0x0000000000005420        0x0 /Applications/lpcxpresso_4.2.4_267/lpcxpresso/Tools/bin/../lib/gcc/arm-none-eabi/4.6.2/../../../../arm-none-eabi/lib/armv6-m/libstdc++.a(tinfo.o)
 .ARM.extab.text._ZNKSt9type_info11__do_upcastEPKN10__cxxabiv117__class_type_infoEPPv
                0x0000000000005420        0x0 /Applications/lpcxpresso_4.2.4_267/lpcxpresso/Tools/bin/../lib/gcc/arm-none-eabi/4.6.2/../../../../arm-none-eabi/lib/armv6-m/libstdc++.a(tinfo.o)
 .ARM.extab.text._ZNSt9type_infoD0Ev
                0x0000000000005420        0x0 /Applications/lpcxpresso_4.2.4_267/lpcxpresso/Tools/bin/../lib/gcc/arm-none-eabi/4.6.2/../../../../arm-none-eabi/lib/armv6-m/libstdc++.a(tinfo.o)
 .ARM.extab.text._ZNKSt9type_infoeqERKS_
                0x0000000000005420        0x0 /Applications/lpcxpresso_4.2.4_267/lpcxpresso/Tools/bin/../lib/gcc/arm-none-eabi/4.6.2/../../../../arm-none-eabi/lib/armv6-m/libstdc++.a(tinfo.o)
 .ARM.extab.text._ZNKSt9type_info10__do_catchEPKS_PPvj
                0x0000000000005420        0x0 /Applications/lpcxpresso_4.2.4_267/lpcxpresso/Tools/bin/../lib/gcc/arm-none-eabi/4.6.2/../../../../arm-none-eabi/lib/armv6-m/libstdc++.a(tinfo.o)
                0x0000000000005420                __exidx_start = .

.eh_frame       0x0000000000005420        0x0
 .eh_frame      0x0000000000005420        0x0 /Applications/lpcxpresso_4.2.4_267/lpcxpresso/Tools/bin/../lib/gcc/arm-none-eabi/4.6.2/armv6-m/crtbegin.o

.ARM.exidx      0x0000000000005420      0x208
 *(.ARM.exidx* .gnu.linkonce.armexidx.*)
 .ARM.exidx.text._ZN7TextLCD5writeEc
                0x0000000000005420        0x8 /Users/take/proj/LBED/lbed/LBED_USERLIB/Debug/libLBED_USERLIB.a(TextLCD.o)
 .ARM.exidx.text._ZN5PrintC2Ev
                0x0000000000005428        0x8 /Users/take/proj/LBED/lbed/LBED_USERLIB/Debug/libLBED_USERLIB.a(TextLCD.o)
 .ARM.exidx.text._ZN7TextLCDC2EiiiiiiNS_7LCDTypeE
                0x0000000000005430        0x8 /Users/take/proj/LBED/lbed/LBED_USERLIB/Debug/libLBED_USERLIB.a(TextLCD.o)
 .ARM.exidx.text._ZN7TextLCD9characterEiii
                0x0000000000005438        0x8 /Users/take/proj/LBED/lbed/LBED_USERLIB/Debug/libLBED_USERLIB.a(TextLCD.o)
 .ARM.exidx.text._ZN7TextLCD3clsEv
                0x0000000000005440        0x8 /Users/take/proj/LBED/lbed/LBED_USERLIB/Debug/libLBED_USERLIB.a(TextLCD.o)
 .ARM.exidx.text._ZN7TextLCD6locateEii
                0x0000000000005448        0x8 /Users/take/proj/LBED/lbed/LBED_USERLIB/Debug/libLBED_USERLIB.a(TextLCD.o)
 .ARM.exidx.text._ZN7TextLCD5_putcEi
                0x0000000000005450        0x8 /Users/take/proj/LBED/lbed/LBED_USERLIB/Debug/libLBED_USERLIB.a(TextLCD.o)
 .ARM.exidx.text._ZN7TextLCD5_getcEv
                0x0000000000005458        0x8 /Users/take/proj/LBED/lbed/LBED_USERLIB/Debug/libLBED_USERLIB.a(TextLCD.o)
 .ARM.exidx.text._ZN7TextLCD9writeByteEi
                0x0000000000005460        0x8 /Users/take/proj/LBED/lbed/LBED_USERLIB/Debug/libLBED_USERLIB.a(TextLCD.o)
 .ARM.exidx.text._ZN7TextLCD12writeCommandEi
                0x0000000000005468        0x8 /Users/take/proj/LBED/lbed/LBED_USERLIB/Debug/libLBED_USERLIB.a(TextLCD.o)
 .ARM.exidx.text._ZN7TextLCD9writeDataEi
                0x0000000000005470        0x8 /Users/take/proj/LBED/lbed/LBED_USERLIB/Debug/libLBED_USERLIB.a(TextLCD.o)
 .ARM.exidx.text._ZN7TextLCD7addressEii
                0x0000000000005478        0x8 /Users/take/proj/LBED/lbed/LBED_USERLIB/Debug/libLBED_USERLIB.a(TextLCD.o)
 .ARM.exidx.text._ZN7TextLCD7columnsEv
                0x0000000000005480        0x0 /Users/take/proj/LBED/lbed/LBED_USERLIB/Debug/libLBED_USERLIB.a(TextLCD.o)
                                          0x8 (size before relaxing)
 .ARM.exidx.text._ZN7TextLCD4rowsEv
                0x0000000000005480        0x0 /Users/take/proj/LBED/lbed/LBED_USERLIB/Debug/libLBED_USERLIB.a(TextLCD.o)
                                          0x8 (size before relaxing)
 .ARM.exidx     0x0000000000005480       0x10 /Users/take/proj/LBED/lbed/LBED_LPC11xx/Debug/libLBED_LPC11xx.a(BusOut.o)
                                         0x18 (size before relaxing)
 .ARM.exidx     0x0000000000005490        0x0 /Users/take/proj/LBED/lbed/LBED_LPC11xx/Debug/libLBED_LPC11xx.a(DigitalOut.o)
                                         0x18 (size before relaxing)
 .ARM.exidx.text._ZN5Print5writeEPKc
                0x00000000000054f0        0x8 /Users/take/proj/LBED/lbed/LBED_LPC11xx/Debug/libLBED_LPC11xx.a(Print.o)
 .ARM.exidx     0x0000000000005490       0x60 /Users/take/proj/LBED/lbed/LBED_LPC11xx/Debug/libLBED_LPC11xx.a(Print.o)
 .ARM.exidx     0x00000000000054f8        0x8 /Users/take/proj/LBED/lbed/LBED_LPC11xx/Debug/libLBED_LPC11xx.a(pure_virtual.o)
 .ARM.exidx     0x0000000000005500        0x0 /Applications/lpcxpresso_4.2.4_267/lpcxpresso/Tools/bin/../lib/gcc/arm-none-eabi/4.6.2/armv6-m/libgcc.a(adddf3.o)
                                          0x8 (size before relaxing)
 .ARM.exidx     0x0000000000005500        0x0 /Applications/lpcxpresso_4.2.4_267/lpcxpresso/Tools/bin/../lib/gcc/arm-none-eabi/4.6.2/armv6-m/libgcc.a(divdf3.o)
                                          0x8 (size before relaxing)
 .ARM.exidx     0x0000000000005500        0x0 /Applications/lpcxpresso_4.2.4_267/lpcxpresso/Tools/bin/../lib/gcc/arm-none-eabi/4.6.2/armv6-m/libgcc.a(eqdf2.o)
                                          0x8 (size before relaxing)
 .ARM.exidx     0x0000000000005500        0x0 /Applications/lpcxpresso_4.2.4_267/lpcxpresso/Tools/bin/../lib/gcc/arm-none-eabi/4.6.2/armv6-m/libgcc.a(gedf2.o)
                                          0x8 (size before relaxing)
 .ARM.exidx     0x0000000000005500        0x0 /Applications/lpcxpresso_4.2.4_267/lpcxpresso/Tools/bin/../lib/gcc/arm-none-eabi/4.6.2/armv6-m/libgcc.a(ledf2.o)
                                          0x8 (size before relaxing)
 .ARM.exidx     0x0000000000005500        0x0 /Applications/lpcxpresso_4.2.4_267/lpcxpresso/Tools/bin/../lib/gcc/arm-none-eabi/4.6.2/armv6-m/libgcc.a(muldf3.o)
                                          0x8 (size before relaxing)
 .ARM.exidx     0x0000000000005500        0x0 /Applications/lpcxpresso_4.2.4_267/lpcxpresso/Tools/bin/../lib/gcc/arm-none-eabi/4.6.2/armv6-m/libgcc.a(subdf3.o)
                                          0x8 (size before relaxing)
 .ARM.exidx     0x0000000000005500        0x0 /Applications/lpcxpresso_4.2.4_267/lpcxpresso/Tools/bin/../lib/gcc/arm-none-eabi/4.6.2/armv6-m/libgcc.a(fixdfsi.o)
                                          0x8 (size before relaxing)
 .ARM.exidx     0x0000000000005500        0x0 /Applications/lpcxpresso_4.2.4_267/lpcxpresso/Tools/bin/../lib/gcc/arm-none-eabi/4.6.2/armv6-m/libgcc.a(floatsidf.o)
                                          0x8 (size before relaxing)
 .ARM.exidx     0x0000000000005500        0x0 /Applications/lpcxpresso_4.2.4_267/lpcxpresso/Tools/bin/../lib/gcc/arm-none-eabi/4.6.2/armv6-m/libgcc.a(floatunsidf.o)
                                          0x8 (size before relaxing)
 .ARM.exidx     0x0000000000005500       0x98 /Applications/lpcxpresso_4.2.4_267/lpcxpresso/Tools/bin/../lib/gcc/arm-none-eabi/4.6.2/armv6-m/libgcc.a(unwind-arm.o)
                                         0xc0 (size before relaxing)
 .ARM.exidx     0x0000000000005598       0x38 /Applications/lpcxpresso_4.2.4_267/lpcxpresso/Tools/bin/../lib/gcc/arm-none-eabi/4.6.2/armv6-m/libgcc.a(pr-support.o)
                                         0x48 (size before relaxing)
 .ARM.exidx.text._ZNK10__cxxabiv117__class_type_info11__do_upcastEPKS0_PPv
                0x00000000000055d0        0x8 /Applications/lpcxpresso_4.2.4_267/lpcxpresso/Tools/bin/../lib/gcc/arm-none-eabi/4.6.2/../../../../arm-none-eabi/lib/armv6-m/libstdc++.a(class_type_info.o)
 .ARM.exidx.text._ZNK10__cxxabiv117__class_type_info20__do_find_public_srcEiPKvPKS0_S2_
                0x00000000000055d8        0x8 /Applications/lpcxpresso_4.2.4_267/lpcxpresso/Tools/bin/../lib/gcc/arm-none-eabi/4.6.2/../../../../arm-none-eabi/lib/armv6-m/libstdc++.a(class_type_info.o)
 .ARM.exidx.text._ZNK10__cxxabiv117__class_type_info11__do_upcastEPKS0_PKvRNS0_15__upcast_resultE
                0x00000000000055e0        0x8 /Applications/lpcxpresso_4.2.4_267/lpcxpresso/Tools/bin/../lib/gcc/arm-none-eabi/4.6.2/../../../../arm-none-eabi/lib/armv6-m/libstdc++.a(class_type_info.o)
 .ARM.exidx.text._ZN10__cxxabiv117__class_type_infoD2Ev
                0x00000000000055e8        0x8 /Applications/lpcxpresso_4.2.4_267/lpcxpresso/Tools/bin/../lib/gcc/arm-none-eabi/4.6.2/../../../../arm-none-eabi/lib/armv6-m/libstdc++.a(class_type_info.o)
 .ARM.exidx.text._ZN10__cxxabiv117__class_type_infoD0Ev
                0x00000000000055f0        0x0 /Applications/lpcxpresso_4.2.4_267/lpcxpresso/Tools/bin/../lib/gcc/arm-none-eabi/4.6.2/../../../../arm-none-eabi/lib/armv6-m/libstdc++.a(class_type_info.o)
                                          0x8 (size before relaxing)
 .ARM.exidx.text._ZNK10__cxxabiv117__class_type_info12__do_dyncastEiNS0_10__sub_kindEPKS0_PKvS3_S5_RNS0_16__dyncast_resultE
                0x00000000000055f0        0x8 /Applications/lpcxpresso_4.2.4_267/lpcxpresso/Tools/bin/../lib/gcc/arm-none-eabi/4.6.2/../../../../arm-none-eabi/lib/armv6-m/libstdc++.a(class_type_info.o)
 .ARM.exidx.text._ZNK10__cxxabiv117__class_type_info10__do_catchEPKSt9type_infoPPvj
                0x00000000000055f8        0x8 /Applications/lpcxpresso_4.2.4_267/lpcxpresso/Tools/bin/../lib/gcc/arm-none-eabi/4.6.2/../../../../arm-none-eabi/lib/armv6-m/libstdc++.a(class_type_info.o)
 .ARM.exidx.text._ZN10__cxxabiv120__si_class_type_infoD2Ev
                0x0000000000005600        0x8 /Applications/lpcxpresso_4.2.4_267/lpcxpresso/Tools/bin/../lib/gcc/arm-none-eabi/4.6.2/../../../../arm-none-eabi/lib/armv6-m/libstdc++.a(si_class_type_info.o)
 .ARM.exidx.text._ZN10__cxxabiv120__si_class_type_infoD0Ev
                0x0000000000005608        0x0 /Applications/lpcxpresso_4.2.4_267/lpcxpresso/Tools/bin/../lib/gcc/arm-none-eabi/4.6.2/../../../../arm-none-eabi/lib/armv6-m/libstdc++.a(si_class_type_info.o)
                                          0x8 (size before relaxing)
 .ARM.exidx.text._ZNK10__cxxabiv120__si_class_type_info11__do_upcastEPKNS_17__class_type_infoEPKvRNS1_15__upcast_resultE
                0x0000000000005608        0x8 /Applications/lpcxpresso_4.2.4_267/lpcxpresso/Tools/bin/../lib/gcc/arm-none-eabi/4.6.2/../../../../arm-none-eabi/lib/armv6-m/libstdc++.a(si_class_type_info.o)
 .ARM.exidx.text._ZNK10__cxxabiv120__si_class_type_info12__do_dyncastEiNS_17__class_type_info10__sub_kindEPKS1_PKvS4_S6_RNS1_16__dyncast_resultE
                0x0000000000005610        0x8 /Applications/lpcxpresso_4.2.4_267/lpcxpresso/Tools/bin/../lib/gcc/arm-none-eabi/4.6.2/../../../../arm-none-eabi/lib/armv6-m/libstdc++.a(si_class_type_info.o)
 .ARM.exidx.text._ZNK10__cxxabiv120__si_class_type_info20__do_find_public_srcEiPKvPKNS_17__class_type_infoES2_
                0x0000000000005618        0x8 /Applications/lpcxpresso_4.2.4_267/lpcxpresso/Tools/bin/../lib/gcc/arm-none-eabi/4.6.2/../../../../arm-none-eabi/lib/armv6-m/libstdc++.a(si_class_type_info.o)
 .ARM.exidx.text._ZNSt9type_infoD2Ev
                0x0000000000005620        0x8 /Applications/lpcxpresso_4.2.4_267/lpcxpresso/Tools/bin/../lib/gcc/arm-none-eabi/4.6.2/../../../../arm-none-eabi/lib/armv6-m/libstdc++.a(tinfo.o)
 .ARM.exidx.text._ZNKSt9type_info14__is_pointer_pEv
                0x0000000000005628        0x0 /Applications/lpcxpresso_4.2.4_267/lpcxpresso/Tools/bin/../lib/gcc/arm-none-eabi/4.6.2/../../../../arm-none-eabi/lib/armv6-m/libstdc++.a(tinfo.o)
                                          0x8 (size before relaxing)
 .ARM.exidx.text._ZNKSt9type_info15__is_function_pEv
                0x0000000000005628        0x0 /Applications/lpcxpresso_4.2.4_267/lpcxpresso/Tools/bin/../lib/gcc/arm-none-eabi/4.6.2/../../../../arm-none-eabi/lib/armv6-m/libstdc++.a(tinfo.o)
                                          0x8 (size before relaxing)
 .ARM.exidx.text._ZNKSt9type_info11__do_upcastEPKN10__cxxabiv117__class_type_infoEPPv
                0x0000000000005628        0x0 /Applications/lpcxpresso_4.2.4_267/lpcxpresso/Tools/bin/../lib/gcc/arm-none-eabi/4.6.2/../../../../arm-none-eabi/lib/armv6-m/libstdc++.a(tinfo.o)
                                          0x8 (size before relaxing)
 .ARM.exidx.text._ZNSt9type_infoD0Ev
                0x0000000000005628        0x0 /Applications/lpcxpresso_4.2.4_267/lpcxpresso/Tools/bin/../lib/gcc/arm-none-eabi/4.6.2/../../../../arm-none-eabi/lib/armv6-m/libstdc++.a(tinfo.o)
                                          0x8 (size before relaxing)
 .ARM.exidx.text._ZNKSt9type_infoeqERKS_
                0x0000000000005628        0x0 /Applications/lpcxpresso_4.2.4_267/lpcxpresso/Tools/bin/../lib/gcc/arm-none-eabi/4.6.2/../../../../arm-none-eabi/lib/armv6-m/libstdc++.a(tinfo.o)
                                          0x8 (size before relaxing)
 .ARM.exidx.text._ZNKSt9type_info10__do_catchEPKS_PPvj
                0x0000000000005628        0x0 /Applications/lpcxpresso_4.2.4_267/lpcxpresso/Tools/bin/../lib/gcc/arm-none-eabi/4.6.2/../../../../arm-none-eabi/lib/armv6-m/libstdc++.a(tinfo.o)
                                          0x8 (size before relaxing)
                0x0000000000005628                __exidx_end = .
                0x0000000000005628                _etext = .

.uninit_RESERVED
 *(.bss.$RESERVED*)

.data           0x0000000010000000      0x848 load address 0x0000000000005628
 FILL mask 0xff
                0x0000000010000000                _data = .
 *(vtable)
 *(.data*)
 .data.SystemCoreClock
                0x0000000010000000        0x4 /Users/take/proj/LBED/lbed/CMSISv2p00_LPC11xx/Debug/libCMSISv2p00_LPC11xx.a(system_LPC11xx.o)
                0x0000000010000000                SystemCoreClock
 .data          0x0000000010000004      0x410 /Applications/lpcxpresso_4.2.4_267/lpcxpresso/Tools/bin/../lib/gcc/arm-none-eabi/4.6.2/../../../../arm-none-eabi/lib/armv6-m/libc.a(lib_a-mallocr.o)
                0x0000000010000004                __malloc_av_
                0x000000001000040c                __malloc_sbrk_base
                0x0000000010000410                __malloc_trim_threshold
 *fill*         0x0000000010000414        0x4 00
 .data          0x0000000010000418      0x430 /Applications/lpcxpresso_4.2.4_267/lpcxpresso/Tools/bin/../lib/gcc/arm-none-eabi/4.6.2/../../../../arm-none-eabi/lib/armv6-m/libc.a(lib_a-impure.o)
                0x0000000010000418                _impure_ptr
                0x0000000010000848                . = ALIGN (0x4)
                0x0000000010000848                _edata = .

.jcr            0x0000000010000848        0x0 load address 0x0000000000005e70
 .jcr           0x0000000010000848        0x0 /Applications/lpcxpresso_4.2.4_267/lpcxpresso/Tools/bin/../lib/gcc/arm-none-eabi/4.6.2/armv6-m/crtbegin.o

.bss            0x0000000010000848       0x58 load address 0x0000000000005e70
                0x0000000010000848                _bss = .
 *(.bss*)
 .bss           0x0000000010000848       0x34 /Applications/lpcxpresso_4.2.4_267/lpcxpresso/Tools/bin/../lib/gcc/arm-none-eabi/4.6.2/../../../../arm-none-eabi/lib/armv6-m/libc.a(lib_a-mallocr.o)
                0x0000000010000848                __malloc_top_pad
                0x000000001000084c                __malloc_current_mallinfo
                0x0000000010000874                __malloc_max_sbrked_mem
                0x0000000010000878                __malloc_max_total_mem
 .bss           0x000000001000087c       0x1c /Applications/lpcxpresso_4.2.4_267/lpcxpresso/Tools/bin/../lib/gcc/arm-none-eabi/4.6.2/armv6-m/crtbegin.o
 *(COMMON)
 COMMON         0x0000000010000898        0x4 /Applications/lpcxpresso_4.2.4_267/lpcxpresso/Tools/bin/../lib/gcc/arm-none-eabi/4.6.2/../../../../arm-none-eabi/lib/armv6-m/libc.a(lib_a-reent.o)
                0x0000000010000898                errno
 COMMON         0x000000001000089c        0x4 /Applications/lpcxpresso_4.2.4_267/lpcxpresso/Tools/bin/../lib/gcc/arm-none-eabi/4.6.2/../../../../arm-none-eabi/lib/armv6-m/libcr_newlib_nohost.a(_cr_sbrk.o)
                0x000000001000089c                __end_of_heap
                0x00000000100008a0                . = ALIGN (0x4)
                0x00000000100008a0                _ebss = .
                0x00000000100008a0                PROVIDE (end, .)
                0x00000000100008a0                PROVIDE (_pvHeapStart, .)
                0x0000000010001000                PROVIDE (_vStackTop, (__top_RamLoc4 - 0x0))
OUTPUT(LBED_MAIN.axf elf32-littlearm)

.debug_info     0x0000000000000000     0x428c
 .debug_info    0x0000000000000000      0xc3e ./src/TestLCD.o
 .debug_info    0x0000000000000c3e      0x1b6 ./src/cr_cpp_config.o
 .debug_info    0x0000000000000df4      0x283 ./src/cr_startup_lpc11.o
 .debug_info    0x0000000000001077      0x4e4 /Users/take/proj/LBED/lbed/CMSISv2p00_LPC11xx/Debug/libCMSISv2p00_LPC11xx.a(system_LPC11xx.o)
 .debug_info    0x000000000000155b      0xb75 /Users/take/proj/LBED/lbed/LBED_USERLIB/Debug/libLBED_USERLIB.a(TextLCD.o)
 .debug_info    0x00000000000020d0      0x6ca /Users/take/proj/LBED/lbed/LBED_LPC11xx/Debug/libLBED_LPC11xx.a(BusOut.o)
 .debug_info    0x000000000000279a      0xe98 /Users/take/proj/LBED/lbed/LBED_LPC11xx/Debug/libLBED_LPC11xx.a(DigitalOut.o)
 .debug_info    0x0000000000003632      0x72c /Users/take/proj/LBED/lbed/LBED_LPC11xx/Debug/libLBED_LPC11xx.a(Print.o)
 .debug_info    0x0000000000003d5e       0x3a /Users/take/proj/LBED/lbed/LBED_LPC11xx/Debug/libLBED_LPC11xx.a(pure_virtual.o)
 .debug_info    0x0000000000003d98      0x177 /Users/take/proj/LBED/lbed/LBED_LPC11xx/Debug/libLBED_LPC11xx.a(wait_api.o)
 .debug_info    0x0000000000003f0f      0x104 /Applications/lpcxpresso_4.2.4_267/lpcxpresso/Tools/bin/../lib/gcc/arm-none-eabi/4.6.2/../../../../arm-none-eabi/lib/armv6-m/libcr_newlib_nohost.a(_cr_sbrk.o)
 .debug_info    0x0000000000004013       0x5c /Applications/lpcxpresso_4.2.4_267/lpcxpresso/Tools/bin/../lib/gcc/arm-none-eabi/4.6.2/../../../../arm-none-eabi/lib/armv6-m/libcr_newlib_nohost.a(_exit.o)
 .debug_info    0x000000000000406f       0xa5 /Applications/lpcxpresso_4.2.4_267/lpcxpresso/Tools/bin/../lib/gcc/arm-none-eabi/4.6.2/../../../../arm-none-eabi/lib/armv6-m/libcr_newlib_nohost.a(getpid.o)
 .debug_info    0x0000000000004114       0xc6 /Applications/lpcxpresso_4.2.4_267/lpcxpresso/Tools/bin/../lib/gcc/arm-none-eabi/4.6.2/../../../../arm-none-eabi/lib/armv6-m/libcr_newlib_nohost.a(kill.o)
 .debug_info    0x00000000000041da       0xb2 /Applications/lpcxpresso_4.2.4_267/lpcxpresso/Tools/bin/../lib/gcc/arm-none-eabi/4.6.2/../../../../arm-none-eabi/lib/armv6-m/libcr_newlib_nohost.a(_cr_check_heap.o)

.debug_abbrev   0x0000000000000000     0x1199
 .debug_abbrev  0x0000000000000000      0x226 ./src/TestLCD.o
 .debug_abbrev  0x0000000000000226       0xea ./src/cr_cpp_config.o
 .debug_abbrev  0x0000000000000310       0xfa ./src/cr_startup_lpc11.o
 .debug_abbrev  0x000000000000040a       0xec /Users/take/proj/LBED/lbed/CMSISv2p00_LPC11xx/Debug/libCMSISv2p00_LPC11xx.a(system_LPC11xx.o)
 .debug_abbrev  0x00000000000004f6      0x34d /Users/take/proj/LBED/lbed/LBED_USERLIB/Debug/libLBED_USERLIB.a(TextLCD.o)
 .debug_abbrev  0x0000000000000843      0x24e /Users/take/proj/LBED/lbed/LBED_LPC11xx/Debug/libLBED_LPC11xx.a(BusOut.o)
 .debug_abbrev  0x0000000000000a91      0x24c /Users/take/proj/LBED/lbed/LBED_LPC11xx/Debug/libLBED_LPC11xx.a(DigitalOut.o)
 .debug_abbrev  0x0000000000000cdd      0x182 /Users/take/proj/LBED/lbed/LBED_LPC11xx/Debug/libLBED_LPC11xx.a(Print.o)
 .debug_abbrev  0x0000000000000e5f       0x27 /Users/take/proj/LBED/lbed/LBED_LPC11xx/Debug/libLBED_LPC11xx.a(pure_virtual.o)
 .debug_abbrev  0x0000000000000e86       0xf6 /Users/take/proj/LBED/lbed/LBED_LPC11xx/Debug/libLBED_LPC11xx.a(wait_api.o)
 .debug_abbrev  0x0000000000000f7c       0x97 /Applications/lpcxpresso_4.2.4_267/lpcxpresso/Tools/bin/../lib/gcc/arm-none-eabi/4.6.2/../../../../arm-none-eabi/lib/armv6-m/libcr_newlib_nohost.a(_cr_sbrk.o)
 .debug_abbrev  0x0000000000001013       0x52 /Applications/lpcxpresso_4.2.4_267/lpcxpresso/Tools/bin/../lib/gcc/arm-none-eabi/4.6.2/../../../../arm-none-eabi/lib/armv6-m/libcr_newlib_nohost.a(_exit.o)
 .debug_abbrev  0x0000000000001065       0x52 /Applications/lpcxpresso_4.2.4_267/lpcxpresso/Tools/bin/../lib/gcc/arm-none-eabi/4.6.2/../../../../arm-none-eabi/lib/armv6-m/libcr_newlib_nohost.a(getpid.o)
 .debug_abbrev  0x00000000000010b7       0x72 /Applications/lpcxpresso_4.2.4_267/lpcxpresso/Tools/bin/../lib/gcc/arm-none-eabi/4.6.2/../../../../arm-none-eabi/lib/armv6-m/libcr_newlib_nohost.a(kill.o)
 .debug_abbrev  0x0000000000001129       0x70 /Applications/lpcxpresso_4.2.4_267/lpcxpresso/Tools/bin/../lib/gcc/arm-none-eabi/4.6.2/../../../../arm-none-eabi/lib/armv6-m/libcr_newlib_nohost.a(_cr_check_heap.o)

.debug_loc      0x0000000000000000      0xe8c
 .debug_loc     0x0000000000000000      0x11a ./src/TestLCD.o
 .debug_loc     0x000000000000011a      0x144 ./src/cr_cpp_config.o
 .debug_loc     0x000000000000025e      0x1b0 ./src/cr_startup_lpc11.o
 .debug_loc     0x000000000000040e       0x98 /Users/take/proj/LBED/lbed/CMSISv2p00_LPC11xx/Debug/libCMSISv2p00_LPC11xx.a(system_LPC11xx.o)
 .debug_loc     0x00000000000004a6      0x381 /Users/take/proj/LBED/lbed/LBED_USERLIB/Debug/libLBED_USERLIB.a(TextLCD.o)
 .debug_loc     0x0000000000000827      0x188 /Users/take/proj/LBED/lbed/LBED_LPC11xx/Debug/libLBED_LPC11xx.a(BusOut.o)
 .debug_loc     0x00000000000009af       0xa8 /Users/take/proj/LBED/lbed/LBED_LPC11xx/Debug/libLBED_LPC11xx.a(DigitalOut.o)
 .debug_loc     0x0000000000000a57      0x2dc /Users/take/proj/LBED/lbed/LBED_LPC11xx/Debug/libLBED_LPC11xx.a(Print.o)
 .debug_loc     0x0000000000000d33       0x2c /Users/take/proj/LBED/lbed/LBED_LPC11xx/Debug/libLBED_LPC11xx.a(pure_virtual.o)
 .debug_loc     0x0000000000000d5f       0x5f /Users/take/proj/LBED/lbed/LBED_LPC11xx/Debug/libLBED_LPC11xx.a(wait_api.o)
 .debug_loc     0x0000000000000dbe       0x68 /Applications/lpcxpresso_4.2.4_267/lpcxpresso/Tools/bin/../lib/gcc/arm-none-eabi/4.6.2/../../../../arm-none-eabi/lib/armv6-m/libcr_newlib_nohost.a(_cr_sbrk.o)
 .debug_loc     0x0000000000000e26       0x20 /Applications/lpcxpresso_4.2.4_267/lpcxpresso/Tools/bin/../lib/gcc/arm-none-eabi/4.6.2/../../../../arm-none-eabi/lib/armv6-m/libcr_newlib_nohost.a(_exit.o)
 .debug_loc     0x0000000000000e46       0x13 /Applications/lpcxpresso_4.2.4_267/lpcxpresso/Tools/bin/../lib/gcc/arm-none-eabi/4.6.2/../../../../arm-none-eabi/lib/armv6-m/libcr_newlib_nohost.a(kill.o)
 .debug_loc     0x0000000000000e59       0x33 /Applications/lpcxpresso_4.2.4_267/lpcxpresso/Tools/bin/../lib/gcc/arm-none-eabi/4.6.2/../../../../arm-none-eabi/lib/armv6-m/libcr_newlib_nohost.a(_cr_check_heap.o)

.debug_aranges  0x0000000000000000      0x320
 .debug_aranges
                0x0000000000000000       0x40 ./src/TestLCD.o
 .debug_aranges
                0x0000000000000040       0x48 ./src/cr_cpp_config.o
 .debug_aranges
                0x0000000000000088       0x60 ./src/cr_startup_lpc11.o
 .debug_aranges
                0x00000000000000e8       0x28 /Users/take/proj/LBED/lbed/CMSISv2p00_LPC11xx/Debug/libCMSISv2p00_LPC11xx.a(system_LPC11xx.o)
 .debug_aranges
                0x0000000000000110       0x98 /Users/take/proj/LBED/lbed/LBED_USERLIB/Debug/libLBED_USERLIB.a(TextLCD.o)
 .debug_aranges
                0x00000000000001a8       0x40 /Users/take/proj/LBED/lbed/LBED_LPC11xx/Debug/libLBED_LPC11xx.a(BusOut.o)
 .debug_aranges
                0x00000000000001e8       0x20 /Users/take/proj/LBED/lbed/LBED_LPC11xx/Debug/libLBED_LPC11xx.a(DigitalOut.o)
 .debug_aranges
                0x0000000000000208       0x28 /Users/take/proj/LBED/lbed/LBED_LPC11xx/Debug/libLBED_LPC11xx.a(Print.o)
 .debug_aranges
                0x0000000000000230       0x20 /Users/take/proj/LBED/lbed/LBED_LPC11xx/Debug/libLBED_LPC11xx.a(pure_virtual.o)
 .debug_aranges
                0x0000000000000250       0x30 /Users/take/proj/LBED/lbed/LBED_LPC11xx/Debug/libLBED_LPC11xx.a(wait_api.o)
 .debug_aranges
                0x0000000000000280       0x20 /Applications/lpcxpresso_4.2.4_267/lpcxpresso/Tools/bin/../lib/gcc/arm-none-eabi/4.6.2/../../../../arm-none-eabi/lib/armv6-m/libcr_newlib_nohost.a(_cr_sbrk.o)
 .debug_aranges
                0x00000000000002a0       0x20 /Applications/lpcxpresso_4.2.4_267/lpcxpresso/Tools/bin/../lib/gcc/arm-none-eabi/4.6.2/../../../../arm-none-eabi/lib/armv6-m/libcr_newlib_nohost.a(_exit.o)
 .debug_aranges
                0x00000000000002c0       0x20 /Applications/lpcxpresso_4.2.4_267/lpcxpresso/Tools/bin/../lib/gcc/arm-none-eabi/4.6.2/../../../../arm-none-eabi/lib/armv6-m/libcr_newlib_nohost.a(getpid.o)
 .debug_aranges
                0x00000000000002e0       0x20 /Applications/lpcxpresso_4.2.4_267/lpcxpresso/Tools/bin/../lib/gcc/arm-none-eabi/4.6.2/../../../../arm-none-eabi/lib/armv6-m/libcr_newlib_nohost.a(kill.o)
 .debug_aranges
                0x0000000000000300       0x20 /Applications/lpcxpresso_4.2.4_267/lpcxpresso/Tools/bin/../lib/gcc/arm-none-eabi/4.6.2/../../../../arm-none-eabi/lib/armv6-m/libcr_newlib_nohost.a(_cr_check_heap.o)

.debug_ranges   0x0000000000000000      0x1c0
 .debug_ranges  0x0000000000000000       0x30 ./src/TestLCD.o
 .debug_ranges  0x0000000000000030       0x38 ./src/cr_cpp_config.o
 .debug_ranges  0x0000000000000068       0x50 ./src/cr_startup_lpc11.o
 .debug_ranges  0x00000000000000b8       0x18 /Users/take/proj/LBED/lbed/CMSISv2p00_LPC11xx/Debug/libCMSISv2p00_LPC11xx.a(system_LPC11xx.o)
 .debug_ranges  0x00000000000000d0       0x88 /Users/take/proj/LBED/lbed/LBED_USERLIB/Debug/libLBED_USERLIB.a(TextLCD.o)
 .debug_ranges  0x0000000000000158       0x30 /Users/take/proj/LBED/lbed/LBED_LPC11xx/Debug/libLBED_LPC11xx.a(BusOut.o)
 .debug_ranges  0x0000000000000188       0x18 /Users/take/proj/LBED/lbed/LBED_LPC11xx/Debug/libLBED_LPC11xx.a(Print.o)
 .debug_ranges  0x00000000000001a0       0x20 /Users/take/proj/LBED/lbed/LBED_LPC11xx/Debug/libLBED_LPC11xx.a(wait_api.o)

.debug_line     0x0000000000000000     0x19d4
 .debug_line    0x0000000000000000      0x221 ./src/TestLCD.o
 .debug_line    0x0000000000000221      0x119 ./src/cr_cpp_config.o
 .debug_line    0x000000000000033a       0xc1 ./src/cr_startup_lpc11.o
 .debug_line    0x00000000000003fb      0x3fe /Users/take/proj/LBED/lbed/CMSISv2p00_LPC11xx/Debug/libCMSISv2p00_LPC11xx.a(system_LPC11xx.o)
 .debug_line    0x00000000000007f9      0x900 /Users/take/proj/LBED/lbed/LBED_USERLIB/Debug/libLBED_USERLIB.a(TextLCD.o)
 .debug_line    0x00000000000010f9      0x255 /Users/take/proj/LBED/lbed/LBED_LPC11xx/Debug/libLBED_LPC11xx.a(BusOut.o)
 .debug_line    0x000000000000134e      0x1c3 /Users/take/proj/LBED/lbed/LBED_LPC11xx/Debug/libLBED_LPC11xx.a(DigitalOut.o)
 .debug_line    0x0000000000001511      0x137 /Users/take/proj/LBED/lbed/LBED_LPC11xx/Debug/libLBED_LPC11xx.a(Print.o)
 .debug_line    0x0000000000001648       0x52 /Users/take/proj/LBED/lbed/LBED_LPC11xx/Debug/libLBED_LPC11xx.a(pure_virtual.o)
 .debug_line    0x000000000000169a      0x165 /Users/take/proj/LBED/lbed/LBED_LPC11xx/Debug/libLBED_LPC11xx.a(wait_api.o)
 .debug_line    0x00000000000017ff       0xc2 /Applications/lpcxpresso_4.2.4_267/lpcxpresso/Tools/bin/../lib/gcc/arm-none-eabi/4.6.2/../../../../arm-none-eabi/lib/armv6-m/libcr_newlib_nohost.a(_cr_sbrk.o)
 .debug_line    0x00000000000018c1       0x3e /Applications/lpcxpresso_4.2.4_267/lpcxpresso/Tools/bin/../lib/gcc/arm-none-eabi/4.6.2/../../../../arm-none-eabi/lib/armv6-m/libcr_newlib_nohost.a(_exit.o)
 .debug_line    0x00000000000018ff       0x43 /Applications/lpcxpresso_4.2.4_267/lpcxpresso/Tools/bin/../lib/gcc/arm-none-eabi/4.6.2/../../../../arm-none-eabi/lib/armv6-m/libcr_newlib_nohost.a(getpid.o)
 .debug_line    0x0000000000001942       0x41 /Applications/lpcxpresso_4.2.4_267/lpcxpresso/Tools/bin/../lib/gcc/arm-none-eabi/4.6.2/../../../../arm-none-eabi/lib/armv6-m/libcr_newlib_nohost.a(kill.o)
 .debug_line    0x0000000000001983       0x51 /Applications/lpcxpresso_4.2.4_267/lpcxpresso/Tools/bin/../lib/gcc/arm-none-eabi/4.6.2/../../../../arm-none-eabi/lib/armv6-m/libcr_newlib_nohost.a(_cr_check_heap.o)

.debug_str      0x0000000000000000     0x131d
 .debug_str     0x0000000000000000      0x5e7 ./src/TestLCD.o
                                        0x639 (size before relaxing)
 .debug_str     0x00000000000005e7       0xfe ./src/cr_cpp_config.o
                                        0x1fd (size before relaxing)
 .debug_str     0x00000000000006e5      0x14e ./src/cr_startup_lpc11.o
                                        0x24e (size before relaxing)
 .debug_str     0x0000000000000833      0x31e /Users/take/proj/LBED/lbed/CMSISv2p00_LPC11xx/Debug/libCMSISv2p00_LPC11xx.a(system_LPC11xx.o)
                                        0x3ad (size before relaxing)
 .debug_str     0x0000000000000b51      0x225 /Users/take/proj/LBED/lbed/LBED_USERLIB/Debug/libLBED_USERLIB.a(TextLCD.o)
                                        0x466 (size before relaxing)
 .debug_str     0x0000000000000d76       0x48 /Users/take/proj/LBED/lbed/LBED_LPC11xx/Debug/libLBED_LPC11xx.a(BusOut.o)
                                        0x281 (size before relaxing)
 .debug_str     0x0000000000000dbe      0x19c /Users/take/proj/LBED/lbed/LBED_LPC11xx/Debug/libLBED_LPC11xx.a(DigitalOut.o)
                                        0x79b (size before relaxing)
 .debug_str     0x0000000000000f5a      0x1af /Users/take/proj/LBED/lbed/LBED_LPC11xx/Debug/libLBED_LPC11xx.a(Print.o)
                                        0x2ce (size before relaxing)
 .debug_str     0x0000000000001109       0x33 /Users/take/proj/LBED/lbed/LBED_LPC11xx/Debug/libLBED_LPC11xx.a(pure_virtual.o)
                                         0xac (size before relaxing)
 .debug_str     0x000000000000113c       0xa2 /Users/take/proj/LBED/lbed/LBED_LPC11xx/Debug/libLBED_LPC11xx.a(wait_api.o)
                                        0x172 (size before relaxing)
 .debug_str     0x00000000000011de       0xb3 /Applications/lpcxpresso_4.2.4_267/lpcxpresso/Tools/bin/../lib/gcc/arm-none-eabi/4.6.2/../../../../arm-none-eabi/lib/armv6-m/libcr_newlib_nohost.a(_cr_sbrk.o)
                                        0x143 (size before relaxing)
 .debug_str     0x0000000000001291       0x15 /Applications/lpcxpresso_4.2.4_267/lpcxpresso/Tools/bin/../lib/gcc/arm-none-eabi/4.6.2/../../../../arm-none-eabi/lib/armv6-m/libcr_newlib_nohost.a(_exit.o)
                                         0x70 (size before relaxing)
 .debug_str     0x00000000000012a6       0x1e /Applications/lpcxpresso_4.2.4_267/lpcxpresso/Tools/bin/../lib/gcc/arm-none-eabi/4.6.2/../../../../arm-none-eabi/lib/armv6-m/libcr_newlib_nohost.a(getpid.o)
                                        0x102 (size before relaxing)
 .debug_str     0x00000000000012c4       0x14 /Applications/lpcxpresso_4.2.4_267/lpcxpresso/Tools/bin/../lib/gcc/arm-none-eabi/4.6.2/../../../../arm-none-eabi/lib/armv6-m/libcr_newlib_nohost.a(kill.o)
                                         0xfe (size before relaxing)
 .debug_str     0x00000000000012d8       0x45 /Applications/lpcxpresso_4.2.4_267/lpcxpresso/Tools/bin/../lib/gcc/arm-none-eabi/4.6.2/../../../../arm-none-eabi/lib/armv6-m/libcr_newlib_nohost.a(_cr_check_heap.o)
                                         0xcf (size before relaxing)

.comment        0x0000000000000000      0x10a
 .comment       0x0000000000000000       0x70 ./src/TestLCD.o
                                         0x71 (size before relaxing)
 .comment       0x0000000000000000       0x71 ./src/cr_cpp_config.o
 .comment       0x0000000000000000       0x71 ./src/cr_startup_lpc11.o
 .comment       0x0000000000000070       0x70 /Users/take/proj/LBED/lbed/CMSISv2p00_LPC11xx/Debug/libCMSISv2p00_LPC11xx.a(system_LPC11xx.o)
                                         0x71 (size before relaxing)
 .comment       0x0000000000000000       0x71 /Users/take/proj/LBED/lbed/LBED_USERLIB/Debug/libLBED_USERLIB.a(TextLCD.o)
 .comment       0x0000000000000000       0x71 /Users/take/proj/LBED/lbed/LBED_LPC11xx/Debug/libLBED_LPC11xx.a(BusOut.o)
 .comment       0x0000000000000000       0x71 /Users/take/proj/LBED/lbed/LBED_LPC11xx/Debug/libLBED_LPC11xx.a(DigitalOut.o)
 .comment       0x0000000000000000       0x71 /Users/take/proj/LBED/lbed/LBED_LPC11xx/Debug/libLBED_LPC11xx.a(Print.o)
 .comment       0x0000000000000000       0x71 /Users/take/proj/LBED/lbed/LBED_LPC11xx/Debug/libLBED_LPC11xx.a(pure_virtual.o)
 .comment       0x0000000000000000       0x71 /Users/take/proj/LBED/lbed/LBED_LPC11xx/Debug/libLBED_LPC11xx.a(wait_api.o)
 .comment       0x00000000000000e0       0x2a /Applications/lpcxpresso_4.2.4_267/lpcxpresso/Tools/bin/../lib/gcc/arm-none-eabi/4.6.2/../../../../arm-none-eabi/lib/armv6-m/libcr_newlib_nohost.a(_cr_sbrk.o)
                                         0x2b (size before relaxing)
 .comment       0x0000000000000000       0x2b /Applications/lpcxpresso_4.2.4_267/lpcxpresso/Tools/bin/../lib/gcc/arm-none-eabi/4.6.2/../../../../arm-none-eabi/lib/armv6-m/libcr_newlib_nohost.a(_exit.o)
 .comment       0x0000000000000000       0x2b /Applications/lpcxpresso_4.2.4_267/lpcxpresso/Tools/bin/../lib/gcc/arm-none-eabi/4.6.2/../../../../arm-none-eabi/lib/armv6-m/libcr_newlib_nohost.a(getpid.o)
 .comment       0x0000000000000000       0x2b /Applications/lpcxpresso_4.2.4_267/lpcxpresso/Tools/bin/../lib/gcc/arm-none-eabi/4.6.2/../../../../arm-none-eabi/lib/armv6-m/libcr_newlib_nohost.a(kill.o)
 .comment       0x0000000000000000       0x2b /Applications/lpcxpresso_4.2.4_267/lpcxpresso/Tools/bin/../lib/gcc/arm-none-eabi/4.6.2/../../../../arm-none-eabi/lib/armv6-m/libcr_newlib_nohost.a(_cr_check_heap.o)

.ARM.attributes
                0x0000000000000000       0x31
 .ARM.attributes
                0x0000000000000000       0x33 ./src/TestLCD.o
 .ARM.attributes
                0x0000000000000033       0x33 ./src/cr_cpp_config.o
 .ARM.attributes
                0x0000000000000066       0x33 ./src/cr_startup_lpc11.o
 .ARM.attributes
                0x0000000000000099       0x31 /Users/take/proj/LBED/lbed/CMSISv2p00_LPC11xx/Debug/libCMSISv2p00_LPC11xx.a(system_LPC11xx.o)
 .ARM.attributes
                0x00000000000000ca       0x33 /Users/take/proj/LBED/lbed/LBED_USERLIB/Debug/libLBED_USERLIB.a(TextLCD.o)
 .ARM.attributes
                0x00000000000000fd       0x33 /Users/take/proj/LBED/lbed/LBED_LPC11xx/Debug/libLBED_LPC11xx.a(BusOut.o)
 .ARM.attributes
                0x0000000000000130       0x33 /Users/take/proj/LBED/lbed/LBED_LPC11xx/Debug/libLBED_LPC11xx.a(DigitalOut.o)
 .ARM.attributes
                0x0000000000000163       0x33 /Users/take/proj/LBED/lbed/LBED_LPC11xx/Debug/libLBED_LPC11xx.a(Print.o)
 .ARM.attributes
                0x0000000000000196       0x33 /Users/take/proj/LBED/lbed/LBED_LPC11xx/Debug/libLBED_LPC11xx.a(pure_virtual.o)
 .ARM.attributes
                0x00000000000001c9       0x33 /Users/take/proj/LBED/lbed/LBED_LPC11xx/Debug/libLBED_LPC11xx.a(wait_api.o)
 .ARM.attributes
                0x00000000000001fc       0x20 /Applications/lpcxpresso_4.2.4_267/lpcxpresso/Tools/bin/../lib/gcc/arm-none-eabi/4.6.2/armv6-m/libgcc.a(_udivsi3.o)
 .ARM.attributes
                0x000000000000021c       0x20 /Applications/lpcxpresso_4.2.4_267/lpcxpresso/Tools/bin/../lib/gcc/arm-none-eabi/4.6.2/armv6-m/libgcc.a(_dvmd_tls.o)
 .ARM.attributes
                0x000000000000023c       0x20 /Applications/lpcxpresso_4.2.4_267/lpcxpresso/Tools/bin/../lib/gcc/arm-none-eabi/4.6.2/armv6-m/libgcc.a(_arm_cmpdf2.o)
 .ARM.attributes
                0x000000000000025c       0x2e /Applications/lpcxpresso_4.2.4_267/lpcxpresso/Tools/bin/../lib/gcc/arm-none-eabi/4.6.2/armv6-m/libgcc.a(_fixunsdfsi.o)
 .ARM.attributes
                0x000000000000028a       0x2e /Applications/lpcxpresso_4.2.4_267/lpcxpresso/Tools/bin/../lib/gcc/arm-none-eabi/4.6.2/armv6-m/libgcc.a(adddf3.o)
 .ARM.attributes
                0x00000000000002b8       0x2e /Applications/lpcxpresso_4.2.4_267/lpcxpresso/Tools/bin/../lib/gcc/arm-none-eabi/4.6.2/armv6-m/libgcc.a(divdf3.o)
 .ARM.attributes
                0x00000000000002e6       0x2e /Applications/lpcxpresso_4.2.4_267/lpcxpresso/Tools/bin/../lib/gcc/arm-none-eabi/4.6.2/armv6-m/libgcc.a(eqdf2.o)
 .ARM.attributes
                0x0000000000000314       0x2e /Applications/lpcxpresso_4.2.4_267/lpcxpresso/Tools/bin/../lib/gcc/arm-none-eabi/4.6.2/armv6-m/libgcc.a(gedf2.o)
 .ARM.attributes
                0x0000000000000342       0x2e /Applications/lpcxpresso_4.2.4_267/lpcxpresso/Tools/bin/../lib/gcc/arm-none-eabi/4.6.2/armv6-m/libgcc.a(ledf2.o)
 .ARM.attributes
                0x0000000000000370       0x2e /Applications/lpcxpresso_4.2.4_267/lpcxpresso/Tools/bin/../lib/gcc/arm-none-eabi/4.6.2/armv6-m/libgcc.a(muldf3.o)
 .ARM.attributes
                0x000000000000039e       0x2e /Applications/lpcxpresso_4.2.4_267/lpcxpresso/Tools/bin/../lib/gcc/arm-none-eabi/4.6.2/armv6-m/libgcc.a(subdf3.o)
 .ARM.attributes
                0x00000000000003cc       0x2e /Applications/lpcxpresso_4.2.4_267/lpcxpresso/Tools/bin/../lib/gcc/arm-none-eabi/4.6.2/armv6-m/libgcc.a(fixdfsi.o)
 .ARM.attributes
                0x00000000000003fa       0x2e /Applications/lpcxpresso_4.2.4_267/lpcxpresso/Tools/bin/../lib/gcc/arm-none-eabi/4.6.2/armv6-m/libgcc.a(floatsidf.o)
 .ARM.attributes
                0x0000000000000428       0x2e /Applications/lpcxpresso_4.2.4_267/lpcxpresso/Tools/bin/../lib/gcc/arm-none-eabi/4.6.2/armv6-m/libgcc.a(floatunsidf.o)
 .ARM.attributes
                0x0000000000000456       0x2e /Applications/lpcxpresso_4.2.4_267/lpcxpresso/Tools/bin/../lib/gcc/arm-none-eabi/4.6.2/armv6-m/libgcc.a(unwind-arm.o)
 .ARM.attributes
                0x0000000000000484       0x20 /Applications/lpcxpresso_4.2.4_267/lpcxpresso/Tools/bin/../lib/gcc/arm-none-eabi/4.6.2/armv6-m/libgcc.a(libunwind.o)
 .ARM.attributes
                0x00000000000004a4       0x2e /Applications/lpcxpresso_4.2.4_267/lpcxpresso/Tools/bin/../lib/gcc/arm-none-eabi/4.6.2/armv6-m/libgcc.a(pr-support.o)
 .ARM.attributes
                0x00000000000004d2       0x20 /Applications/lpcxpresso_4.2.4_267/lpcxpresso/Tools/bin/../lib/gcc/arm-none-eabi/4.6.2/armv6-m/libgcc.a(_clzsi2.o)
 .ARM.attributes
                0x00000000000004f2       0x2e /Applications/lpcxpresso_4.2.4_267/lpcxpresso/Tools/bin/../lib/gcc/arm-none-eabi/4.6.2/../../../../arm-none-eabi/lib/armv6-m/libc.a(lib_a-abort.o)
 .ARM.attributes
                0x0000000000000520       0x2e /Applications/lpcxpresso_4.2.4_267/lpcxpresso/Tools/bin/../lib/gcc/arm-none-eabi/4.6.2/../../../../arm-none-eabi/lib/armv6-m/libc.a(lib_a-init.o)
 .ARM.attributes
                0x000000000000054e       0x2e /Applications/lpcxpresso_4.2.4_267/lpcxpresso/Tools/bin/../lib/gcc/arm-none-eabi/4.6.2/../../../../arm-none-eabi/lib/armv6-m/libc.a(lib_a-malloc.o)
 .ARM.attributes
                0x000000000000057c       0x2e /Applications/lpcxpresso_4.2.4_267/lpcxpresso/Tools/bin/../lib/gcc/arm-none-eabi/4.6.2/../../../../arm-none-eabi/lib/armv6-m/libc.a(lib_a-mallocr.o)
 .ARM.attributes
                0x00000000000005aa       0x2e /Applications/lpcxpresso_4.2.4_267/lpcxpresso/Tools/bin/../lib/gcc/arm-none-eabi/4.6.2/../../../../arm-none-eabi/lib/armv6-m/libc.a(lib_a-memcpy.o)
 .ARM.attributes
                0x00000000000005d8       0x2e /Applications/lpcxpresso_4.2.4_267/lpcxpresso/Tools/bin/../lib/gcc/arm-none-eabi/4.6.2/../../../../arm-none-eabi/lib/armv6-m/libc.a(lib_a-mlock.o)
 .ARM.attributes
                0x0000000000000606       0x2e /Applications/lpcxpresso_4.2.4_267/lpcxpresso/Tools/bin/../lib/gcc/arm-none-eabi/4.6.2/../../../../arm-none-eabi/lib/armv6-m/libc.a(lib_a-sbrkr.o)
 .ARM.attributes
                0x0000000000000634       0x2e /Applications/lpcxpresso_4.2.4_267/lpcxpresso/Tools/bin/../lib/gcc/arm-none-eabi/4.6.2/../../../../arm-none-eabi/lib/armv6-m/libc.a(lib_a-signal.o)
 .ARM.attributes
                0x0000000000000662       0x2e /Applications/lpcxpresso_4.2.4_267/lpcxpresso/Tools/bin/../lib/gcc/arm-none-eabi/4.6.2/../../../../arm-none-eabi/lib/armv6-m/libc.a(lib_a-signalr.o)
 .ARM.attributes
                0x0000000000000690       0x2e /Applications/lpcxpresso_4.2.4_267/lpcxpresso/Tools/bin/../lib/gcc/arm-none-eabi/4.6.2/../../../../arm-none-eabi/lib/armv6-m/libc.a(lib_a-strlen.o)
 .ARM.attributes
                0x00000000000006be       0x2e /Applications/lpcxpresso_4.2.4_267/lpcxpresso/Tools/bin/../lib/gcc/arm-none-eabi/4.6.2/../../../../arm-none-eabi/lib/armv6-m/libc.a(lib_a-freer.o)
 .ARM.attributes
                0x00000000000006ec       0x2e /Applications/lpcxpresso_4.2.4_267/lpcxpresso/Tools/bin/../lib/gcc/arm-none-eabi/4.6.2/../../../../arm-none-eabi/lib/armv6-m/libc.a(lib_a-impure.o)
 .ARM.attributes
                0x000000000000071a       0x2e /Applications/lpcxpresso_4.2.4_267/lpcxpresso/Tools/bin/../lib/gcc/arm-none-eabi/4.6.2/../../../../arm-none-eabi/lib/armv6-m/libc.a(lib_a-reent.o)
 .ARM.attributes
                0x0000000000000748       0x2e /Applications/lpcxpresso_4.2.4_267/lpcxpresso/Tools/bin/../lib/gcc/arm-none-eabi/4.6.2/../../../../arm-none-eabi/lib/armv6-m/libstdc++.a(class_type_info.o)
 .ARM.attributes
                0x0000000000000776       0x2e /Applications/lpcxpresso_4.2.4_267/lpcxpresso/Tools/bin/../lib/gcc/arm-none-eabi/4.6.2/../../../../arm-none-eabi/lib/armv6-m/libstdc++.a(si_class_type_info.o)
 .ARM.attributes
                0x00000000000007a4       0x2e /Applications/lpcxpresso_4.2.4_267/lpcxpresso/Tools/bin/../lib/gcc/arm-none-eabi/4.6.2/../../../../arm-none-eabi/lib/armv6-m/libstdc++.a(tinfo.o)
 .ARM.attributes
                0x00000000000007d2       0x33 /Applications/lpcxpresso_4.2.4_267/lpcxpresso/Tools/bin/../lib/gcc/arm-none-eabi/4.6.2/../../../../arm-none-eabi/lib/armv6-m/libcr_newlib_nohost.a(_cr_sbrk.o)
 .ARM.attributes
                0x0000000000000805       0x33 /Applications/lpcxpresso_4.2.4_267/lpcxpresso/Tools/bin/../lib/gcc/arm-none-eabi/4.6.2/../../../../arm-none-eabi/lib/armv6-m/libcr_newlib_nohost.a(_exit.o)
 .ARM.attributes
                0x0000000000000838       0x33 /Applications/lpcxpresso_4.2.4_267/lpcxpresso/Tools/bin/../lib/gcc/arm-none-eabi/4.6.2/../../../../arm-none-eabi/lib/armv6-m/libcr_newlib_nohost.a(getpid.o)
 .ARM.attributes
                0x000000000000086b       0x33 /Applications/lpcxpresso_4.2.4_267/lpcxpresso/Tools/bin/../lib/gcc/arm-none-eabi/4.6.2/../../../../arm-none-eabi/lib/armv6-m/libcr_newlib_nohost.a(kill.o)
 .ARM.attributes
                0x000000000000089e       0x33 /Applications/lpcxpresso_4.2.4_267/lpcxpresso/Tools/bin/../lib/gcc/arm-none-eabi/4.6.2/../../../../arm-none-eabi/lib/armv6-m/libcr_newlib_nohost.a(_cr_check_heap.o)
 .ARM.attributes
                0x00000000000008d1       0x20 /Applications/lpcxpresso_4.2.4_267/lpcxpresso/Tools/bin/../lib/gcc/arm-none-eabi/4.6.2/armv6-m/crti.o
 .ARM.attributes
                0x00000000000008f1       0x20 /Applications/lpcxpresso_4.2.4_267/lpcxpresso/Tools/bin/../lib/gcc/arm-none-eabi/4.6.2/armv6-m/crtn.o
 .ARM.attributes
                0x0000000000000911       0x2e /Applications/lpcxpresso_4.2.4_267/lpcxpresso/Tools/bin/../lib/gcc/arm-none-eabi/4.6.2/armv6-m/crtbegin.o
 .ARM.attributes
                0x000000000000093f       0x2e /Applications/lpcxpresso_4.2.4_267/lpcxpresso/Tools/bin/../lib/gcc/arm-none-eabi/4.6.2/armv6-m/crtend.o
 .ARM.attributes
                0x000000000000096d       0x2e /Applications/lpcxpresso_4.2.4_267/lpcxpresso/Tools/bin/../lib/gcc/arm-none-eabi/4.6.2/../../../../arm-none-eabi/lib/armv6-m/libc.a(lib_a-errno.o)
 .ARM.attributes
                0x000000000000099b       0x2e /Applications/lpcxpresso_4.2.4_267/lpcxpresso/Tools/bin/../lib/gcc/arm-none-eabi/4.6.2/../../../../arm-none-eabi/lib/armv6-m/libc.a(lib_a-strcmp.o)

.debug_frame    0x0000000000000000     0x14f8
 .debug_frame   0x0000000000000000       0xb4 ./src/TestLCD.o
 .debug_frame   0x00000000000000b4       0xcc ./src/cr_cpp_config.o
 .debug_frame   0x0000000000000180      0x118 ./src/cr_startup_lpc11.o
 .debug_frame   0x0000000000000298       0x44 /Users/take/proj/LBED/lbed/CMSISv2p00_LPC11xx/Debug/libCMSISv2p00_LPC11xx.a(system_LPC11xx.o)
 .debug_frame   0x00000000000002dc      0x210 /Users/take/proj/LBED/lbed/LBED_USERLIB/Debug/libLBED_USERLIB.a(TextLCD.o)
 .debug_frame   0x00000000000004ec       0xf4 /Users/take/proj/LBED/lbed/LBED_LPC11xx/Debug/libLBED_LPC11xx.a(BusOut.o)
 .debug_frame   0x00000000000005e0       0x70 /Users/take/proj/LBED/lbed/LBED_LPC11xx/Debug/libLBED_LPC11xx.a(DigitalOut.o)
 .debug_frame   0x0000000000000650      0x1b0 /Users/take/proj/LBED/lbed/LBED_LPC11xx/Debug/libLBED_LPC11xx.a(Print.o)
 .debug_frame   0x0000000000000800       0x2c /Users/take/proj/LBED/lbed/LBED_LPC11xx/Debug/libLBED_LPC11xx.a(pure_virtual.o)
 .debug_frame   0x000000000000082c       0x50 /Users/take/proj/LBED/lbed/LBED_LPC11xx/Debug/libLBED_LPC11xx.a(wait_api.o)
 .debug_frame   0x000000000000087c       0x20 /Applications/lpcxpresso_4.2.4_267/lpcxpresso/Tools/bin/../lib/gcc/arm-none-eabi/4.6.2/armv6-m/libgcc.a(_udivsi3.o)
 .debug_frame   0x000000000000089c       0x2c /Applications/lpcxpresso_4.2.4_267/lpcxpresso/Tools/bin/../lib/gcc/arm-none-eabi/4.6.2/armv6-m/libgcc.a(_fixunsdfsi.o)
 .debug_frame   0x00000000000008c8       0x38 /Applications/lpcxpresso_4.2.4_267/lpcxpresso/Tools/bin/../lib/gcc/arm-none-eabi/4.6.2/armv6-m/libgcc.a(adddf3.o)
 .debug_frame   0x0000000000000900       0x3c /Applications/lpcxpresso_4.2.4_267/lpcxpresso/Tools/bin/../lib/gcc/arm-none-eabi/4.6.2/armv6-m/libgcc.a(divdf3.o)
 .debug_frame   0x000000000000093c       0x34 /Applications/lpcxpresso_4.2.4_267/lpcxpresso/Tools/bin/../lib/gcc/arm-none-eabi/4.6.2/armv6-m/libgcc.a(eqdf2.o)
 .debug_frame   0x0000000000000970       0x34 /Applications/lpcxpresso_4.2.4_267/lpcxpresso/Tools/bin/../lib/gcc/arm-none-eabi/4.6.2/armv6-m/libgcc.a(gedf2.o)
 .debug_frame   0x00000000000009a4       0x34 /Applications/lpcxpresso_4.2.4_267/lpcxpresso/Tools/bin/../lib/gcc/arm-none-eabi/4.6.2/armv6-m/libgcc.a(ledf2.o)
 .debug_frame   0x00000000000009d8       0x3c /Applications/lpcxpresso_4.2.4_267/lpcxpresso/Tools/bin/../lib/gcc/arm-none-eabi/4.6.2/armv6-m/libgcc.a(muldf3.o)
 .debug_frame   0x0000000000000a14       0x38 /Applications/lpcxpresso_4.2.4_267/lpcxpresso/Tools/bin/../lib/gcc/arm-none-eabi/4.6.2/armv6-m/libgcc.a(subdf3.o)
 .debug_frame   0x0000000000000a4c       0x2c /Applications/lpcxpresso_4.2.4_267/lpcxpresso/Tools/bin/../lib/gcc/arm-none-eabi/4.6.2/armv6-m/libgcc.a(fixdfsi.o)