Archive member included because of file (symbol)

/Users/take/Documents/LPCXpresso_6.0.2/workspace/CMSIS_CORE_LPC8xx/Debug/libCMSIS_CORE_LPC8xx.a(system_LPC8xx.o)
                              ./src/lbed/wait_api.o (SystemCoreClockUpdate)
/Users/take/Documents/LPCXpresso_6.0.2/workspace/lpc800_driver_lib/Debug/liblpc800_driver_lib.a(lpc8xx_i2c.o)
                              ./src/lbed/I2C.o (I2C_MstInit)
/Applications/lpcxpresso_6.0.2_151/lpcxpresso/tools/bin/../lib/gcc/arm-none-eabi/4.6.2/armv6-m/libgcc.a(_thumb1_case_uqi.o)
                              /Users/take/Documents/LPCXpresso_6.0.2/workspace/lpc800_driver_lib/Debug/liblpc800_driver_lib.a(lpc8xx_i2c.o) (__gnu_thumb1_case_uqi)
/Applications/lpcxpresso_6.0.2_151/lpcxpresso/tools/bin/../lib/gcc/arm-none-eabi/4.6.2/armv6-m/libgcc.a(_udivsi3.o)
                              ./src/lbed/Print.o (__aeabi_uidiv)
/Applications/lpcxpresso_6.0.2_151/lpcxpresso/tools/bin/../lib/gcc/arm-none-eabi/4.6.2/armv6-m/libgcc.a(_divsi3.o)
                              ./src/userlib/LM73.o (__aeabi_idiv)
/Applications/lpcxpresso_6.0.2_151/lpcxpresso/tools/bin/../lib/gcc/arm-none-eabi/4.6.2/armv6-m/libgcc.a(_dvmd_tls.o)
                              /Applications/lpcxpresso_6.0.2_151/lpcxpresso/tools/bin/../lib/gcc/arm-none-eabi/4.6.2/armv6-m/libgcc.a(_udivsi3.o) (__aeabi_idiv0)
/Applications/lpcxpresso_6.0.2_151/lpcxpresso/tools/bin/../lib/gcc/arm-none-eabi/4.6.2/armv6-m/libgcc.a(_arm_cmpdf2.o)
                              ./src/lbed/Print.o (__aeabi_dcmplt)
/Applications/lpcxpresso_6.0.2_151/lpcxpresso/tools/bin/../lib/gcc/arm-none-eabi/4.6.2/armv6-m/libgcc.a(_fixunsdfsi.o)
                              ./src/lbed/Print.o (__aeabi_d2uiz)
/Applications/lpcxpresso_6.0.2_151/lpcxpresso/tools/bin/../lib/gcc/arm-none-eabi/4.6.2/armv6-m/libgcc.a(adddf3.o)
                              ./src/lbed/Print.o (__aeabi_dadd)
/Applications/lpcxpresso_6.0.2_151/lpcxpresso/tools/bin/../lib/gcc/arm-none-eabi/4.6.2/armv6-m/libgcc.a(divdf3.o)
                              ./src/lbed/Print.o (__aeabi_ddiv)
/Applications/lpcxpresso_6.0.2_151/lpcxpresso/tools/bin/../lib/gcc/arm-none-eabi/4.6.2/armv6-m/libgcc.a(eqdf2.o)
                              /Applications/lpcxpresso_6.0.2_151/lpcxpresso/tools/bin/../lib/gcc/arm-none-eabi/4.6.2/armv6-m/libgcc.a(_arm_cmpdf2.o) (__eqdf2)
/Applications/lpcxpresso_6.0.2_151/lpcxpresso/tools/bin/../lib/gcc/arm-none-eabi/4.6.2/armv6-m/libgcc.a(gedf2.o)
                              /Applications/lpcxpresso_6.0.2_151/lpcxpresso/tools/bin/../lib/gcc/arm-none-eabi/4.6.2/armv6-m/libgcc.a(_arm_cmpdf2.o) (__gedf2)
/Applications/lpcxpresso_6.0.2_151/lpcxpresso/tools/bin/../lib/gcc/arm-none-eabi/4.6.2/armv6-m/libgcc.a(ledf2.o)
                              /Applications/lpcxpresso_6.0.2_151/lpcxpresso/tools/bin/../lib/gcc/arm-none-eabi/4.6.2/armv6-m/libgcc.a(_arm_cmpdf2.o) (__ledf2)
/Applications/lpcxpresso_6.0.2_151/lpcxpresso/tools/bin/../lib/gcc/arm-none-eabi/4.6.2/armv6-m/libgcc.a(muldf3.o)
                              ./src/lbed/Print.o (__aeabi_dmul)
/Applications/lpcxpresso_6.0.2_151/lpcxpresso/tools/bin/../lib/gcc/arm-none-eabi/4.6.2/armv6-m/libgcc.a(subdf3.o)
                              ./src/lbed/Print.o (__aeabi_dsub)
/Applications/lpcxpresso_6.0.2_151/lpcxpresso/tools/bin/../lib/gcc/arm-none-eabi/4.6.2/armv6-m/libgcc.a(fixdfsi.o)
                              ./src/lbed/Print.o (__aeabi_d2iz)
/Applications/lpcxpresso_6.0.2_151/lpcxpresso/tools/bin/../lib/gcc/arm-none-eabi/4.6.2/armv6-m/libgcc.a(floatsidf.o)
                              ./src/lbed/Print.o (__aeabi_i2d)
/Applications/lpcxpresso_6.0.2_151/lpcxpresso/tools/bin/../lib/gcc/arm-none-eabi/4.6.2/armv6-m/libgcc.a(floatunsidf.o)
                              ./src/lbed/Print.o (__aeabi_ui2d)
/Applications/lpcxpresso_6.0.2_151/lpcxpresso/tools/bin/../lib/gcc/arm-none-eabi/4.6.2/armv6-m/libgcc.a(_clzsi2.o)
                              /Applications/lpcxpresso_6.0.2_151/lpcxpresso/tools/bin/../lib/gcc/arm-none-eabi/4.6.2/armv6-m/libgcc.a(adddf3.o) (__clzsi2)
/Applications/lpcxpresso_6.0.2_151/lpcxpresso/tools/bin/../lib/gcc/arm-none-eabi/4.6.2/../../../../arm-none-eabi/lib/armv6-m/libc.a(lib_a-init.o)
                              ./src/cr_startup_lpc8xx.o (__libc_init_array)
/Applications/lpcxpresso_6.0.2_151/lpcxpresso/tools/bin/../lib/gcc/arm-none-eabi/4.6.2/../../../../arm-none-eabi/lib/armv6-m/libc.a(lib_a-malloc.o)
                              ./src/cr_cpp_config.o (malloc)
/Applications/lpcxpresso_6.0.2_151/lpcxpresso/tools/bin/../lib/gcc/arm-none-eabi/4.6.2/../../../../arm-none-eabi/lib/armv6-m/libc.a(lib_a-mallocr.o)
                              /Applications/lpcxpresso_6.0.2_151/lpcxpresso/tools/bin/../lib/gcc/arm-none-eabi/4.6.2/../../../../arm-none-eabi/lib/armv6-m/libc.a(lib_a-malloc.o) (_malloc_r)
/Applications/lpcxpresso_6.0.2_151/lpcxpresso/tools/bin/../lib/gcc/arm-none-eabi/4.6.2/../../../../arm-none-eabi/lib/armv6-m/libc.a(lib_a-mlock.o)
                              /Applications/lpcxpresso_6.0.2_151/lpcxpresso/tools/bin/../lib/gcc/arm-none-eabi/4.6.2/../../../../arm-none-eabi/lib/armv6-m/libc.a(lib_a-mallocr.o) (__malloc_lock)
/Applications/lpcxpresso_6.0.2_151/lpcxpresso/tools/bin/../lib/gcc/arm-none-eabi/4.6.2/../../../../arm-none-eabi/lib/armv6-m/libc.a(lib_a-sbrkr.o)
                              /Applications/lpcxpresso_6.0.2_151/lpcxpresso/tools/bin/../lib/gcc/arm-none-eabi/4.6.2/../../../../arm-none-eabi/lib/armv6-m/libc.a(lib_a-mallocr.o) (_sbrk_r)
/Applications/lpcxpresso_6.0.2_151/lpcxpresso/tools/bin/../lib/gcc/arm-none-eabi/4.6.2/../../../../arm-none-eabi/lib/armv6-m/libc.a(lib_a-freer.o)
                              /Applications/lpcxpresso_6.0.2_151/lpcxpresso/tools/bin/../lib/gcc/arm-none-eabi/4.6.2/../../../../arm-none-eabi/lib/armv6-m/libc.a(lib_a-malloc.o) (_free_r)
/Applications/lpcxpresso_6.0.2_151/lpcxpresso/tools/bin/../lib/gcc/arm-none-eabi/4.6.2/../../../../arm-none-eabi/lib/armv6-m/libc.a(lib_a-impure.o)
                              /Applications/lpcxpresso_6.0.2_151/lpcxpresso/tools/bin/../lib/gcc/arm-none-eabi/4.6.2/../../../../arm-none-eabi/lib/armv6-m/libc.a(lib_a-malloc.o) (_impure_ptr)
/Applications/lpcxpresso_6.0.2_151/lpcxpresso/tools/bin/../lib/gcc/arm-none-eabi/4.6.2/../../../../arm-none-eabi/lib/armv6-m/libc.a(lib_a-reent.o)
                              /Applications/lpcxpresso_6.0.2_151/lpcxpresso/tools/bin/../lib/gcc/arm-none-eabi/4.6.2/../../../../arm-none-eabi/lib/armv6-m/libc.a(lib_a-sbrkr.o) (errno)

Allocating common symbols
Common symbol       size              file

errno               0x4               /Applications/lpcxpresso_6.0.2_151/lpcxpresso/tools/bin/../lib/gcc/arm-none-eabi/4.6.2/../../../../arm-none-eabi/lib/armv6-m/libc.a(lib_a-reent.o)
I2CStatus           0x4               /Users/take/Documents/LPCXpresso_6.0.2/workspace/lpc800_driver_lib/Debug/liblpc800_driver_lib.a(lpc8xx_i2c.o)

Discarded input sections

 .group         0x0000000000000000        0x8 ./src/userlib/AQCM0802.o
 .text          0x0000000000000000        0x0 ./src/userlib/AQCM0802.o
 .data          0x0000000000000000        0x0 ./src/userlib/AQCM0802.o
 .bss           0x0000000000000000        0x0 ./src/userlib/AQCM0802.o
 .text._ZN8AQCM08025writeEc
                0x0000000000000000        0xc ./src/userlib/AQCM0802.o
 .text._ZN8AQCM08025_getcEv
                0x0000000000000000        0x6 ./src/userlib/AQCM0802.o
 .text._ZN8AQCM0802C2Ecc
                0x0000000000000000       0x18 ./src/userlib/AQCM0802.o
 .text._ZN8AQCM08026locateEii
                0x0000000000000000        0x6 ./src/userlib/AQCM0802.o
 .text._ZN8AQCM080212writeCommandEi
                0x0000000000000000       0x1a ./src/userlib/AQCM0802.o
 .text._ZN8AQCM08023clsEv
                0x0000000000000000       0x20 ./src/userlib/AQCM0802.o
 .text._ZN8AQCM08025setupEv
                0x0000000000000000       0x6e ./src/userlib/AQCM0802.o
 .text._ZN8AQCM08029writeDataEi
                0x0000000000000000       0x1c ./src/userlib/AQCM0802.o
 .text._ZN8AQCM08029characterEiii
                0x0000000000000000       0x1a ./src/userlib/AQCM0802.o
 .text._ZN8AQCM08025_putcEi
                0x0000000000000000       0x38 ./src/userlib/AQCM0802.o
 .text._ZN8AQCM08027addressEii
                0x0000000000000000        0x8 ./src/userlib/AQCM0802.o
 .text._ZN8AQCM08027columnsEv
                0x0000000000000000        0x4 ./src/userlib/AQCM0802.o
 .text._ZN8AQCM08024rowsEv
                0x0000000000000000        0x4 ./src/userlib/AQCM0802.o
 .rodata._ZTV8AQCM0802
                0x0000000000000000       0x18 ./src/userlib/AQCM0802.o
 .text          0x0000000000000000        0x0 ./src/userlib/LM73.o
 .data          0x0000000000000000        0x0 ./src/userlib/LM73.o
 .bss           0x0000000000000000        0x0 ./src/userlib/LM73.o
 .text._ZN4LM73D2Ev
                0x0000000000000000        0x2 ./src/userlib/LM73.o
 .text          0x0000000000000000        0x0 ./src/userlib/RTC8664.o
 .data          0x0000000000000000        0x0 ./src/userlib/RTC8664.o
 .bss           0x0000000000000000        0x0 ./src/userlib/RTC8664.o
 .text._ZN7RTC8664C2Ecc
                0x0000000000000000        0xe ./src/userlib/RTC8664.o
 .text._ZN7RTC86648read_rtcEv
                0x0000000000000000       0x4c ./src/userlib/RTC8664.o
 .text._ZN7RTC86647commandEhh
                0x0000000000000000       0x1c ./src/userlib/RTC8664.o
 .text._ZN7RTC86645resetEv
                0x0000000000000000       0x36 ./src/userlib/RTC8664.o
 .text._ZN7RTC86645setupEv
                0x0000000000000000        0x8 ./src/userlib/RTC8664.o
 .text._ZN7RTC86648set_timeEhhhhhhh
                0x0000000000000000       0x98 ./src/userlib/RTC8664.o
 .text._ZN7RTC86649set_alarmEhh
                0x0000000000000000       0x36 ./src/userlib/RTC8664.o
 .text._ZN7RTC866416clear_alarm_flagEv
                0x0000000000000000       0x30 ./src/userlib/RTC8664.o
 .group         0x0000000000000000        0x8 ./src/userlib/SoftSerialTxOnly.o
 .group         0x0000000000000000        0x8 ./src/userlib/SoftSerialTxOnly.o
 .text          0x0000000000000000        0x0 ./src/userlib/SoftSerialTxOnly.o
 .data          0x0000000000000000        0x0 ./src/userlib/SoftSerialTxOnly.o
 .bss           0x0000000000000000        0x0 ./src/userlib/SoftSerialTxOnly.o
 .text          0x0000000000000000        0x0 ./src/lbed/DigitalIn.o
 .data          0x0000000000000000        0x0 ./src/lbed/DigitalIn.o
 .bss           0x0000000000000000        0x0 ./src/lbed/DigitalIn.o
 .text._ZN9DigitalInC2Ev
                0x0000000000000000        0x6 ./src/lbed/DigitalIn.o
 .text._ZN9DigitalIn5setupEc
                0x0000000000000000       0x1e ./src/lbed/DigitalIn.o
 .text._ZN9DigitalInC2Ec
                0x0000000000000000       0x10 ./src/lbed/DigitalIn.o
 .text._ZN9DigitalIn4readEv
                0x0000000000000000       0x18 ./src/lbed/DigitalIn.o
 .text          0x0000000000000000        0x0 ./src/lbed/DigitalOut.o
 .data          0x0000000000000000        0x0 ./src/lbed/DigitalOut.o
 .bss           0x0000000000000000        0x0 ./src/lbed/DigitalOut.o
 .text._ZN10DigitalOutC2Ev
                0x0000000000000000        0x6 ./src/lbed/DigitalOut.o
 .text          0x0000000000000000        0x0 ./src/lbed/I2C.o
 .data          0x0000000000000000        0x0 ./src/lbed/I2C.o
 .bss           0x0000000000000000        0x0 ./src/lbed/I2C.o
 .bss.I2CReadLength
                0x0000000000000000        0x4 ./src/lbed/I2C.o
 .bss.I2CWriteLength
                0x0000000000000000        0x4 ./src/lbed/I2C.o
 .text          0x0000000000000000        0x0 ./src/lbed/I2C_SwitchMatrix.o
 .data          0x0000000000000000        0x0 ./src/lbed/I2C_SwitchMatrix.o
 .bss           0x0000000000000000        0x0 ./src/lbed/I2C_SwitchMatrix.o
 .group         0x0000000000000000        0x8 ./src/lbed/Print.o
 .text          0x0000000000000000        0x0 ./src/lbed/Print.o
 .data          0x0000000000000000        0x0 ./src/lbed/Print.o
 .bss           0x0000000000000000        0x0 ./src/lbed/Print.o
 .text._ZN5Print7printlnEc
                0x0000000000000000       0x14 ./src/lbed/Print.o
 .text._ZN5Print6printfEPKcz
                0x0000000000000000      0x19e ./src/lbed/Print.o
 .text._ZN5Print5printEmi
                0x0000000000000000       0x16 ./src/lbed/Print.o
 .text._ZN5Print10printFloatEdi
                0x0000000000000000      0x140 ./src/lbed/Print.o
 .text._ZN5Print5printEdi
                0x0000000000000000        0xc ./src/lbed/Print.o
 .rodata._ZTV5Print
                0x0000000000000000       0x10 ./src/lbed/Print.o
 .rodata.str1.1
                0x0000000000000000        0x6 ./src/lbed/Print.o
 .text          0x0000000000000000        0x0 ./src/lbed/lbed_setup.o
 .data          0x0000000000000000        0x0 ./src/lbed/lbed_setup.o
 .bss           0x0000000000000000        0x0 ./src/lbed/lbed_setup.o
 .text          0x0000000000000000        0x0 ./src/lbed/pure_virtual.o
 .data          0x0000000000000000        0x0 ./src/lbed/pure_virtual.o
 .bss           0x0000000000000000        0x0 ./src/lbed/pure_virtual.o
 .text.__cxa_pure_virtual
                0x0000000000000000        0x4 ./src/lbed/pure_virtual.o
 .text          0x0000000000000000        0x0 ./src/lbed/wait_api.o
 .data          0x0000000000000000        0x0 ./src/lbed/wait_api.o
 .bss           0x0000000000000000        0x0 ./src/lbed/wait_api.o
 .text          0x0000000000000000        0x0 ./src/SoftSerialTx.o
 .data          0x0000000000000000        0x0 ./src/SoftSerialTx.o
 .bss           0x0000000000000000        0x0 ./src/SoftSerialTx.o
 .text          0x0000000000000000        0x0 ./src/cr_cpp_config.o
 .data          0x0000000000000000        0x0 ./src/cr_cpp_config.o
 .bss           0x0000000000000000        0x0 ./src/cr_cpp_config.o
 .text._Znwj    0x0000000000000000        0x8 ./src/cr_cpp_config.o
 .text._Znaj    0x0000000000000000        0x8 ./src/cr_cpp_config.o
 .text._ZdlPv   0x0000000000000000        0x8 ./src/cr_cpp_config.o
 .text._ZdaPv   0x0000000000000000        0x8 ./src/cr_cpp_config.o
 .text.__aeabi_atexit
                0x0000000000000000        0x4 ./src/cr_cpp_config.o
 .text._ZN9__gnu_cxx27__verbose_terminate_handlerEv
                0x0000000000000000        0x4 ./src/cr_cpp_config.o
 .text          0x0000000000000000        0x0 ./src/cr_startup_lpc8xx.o
 .data          0x0000000000000000        0x0 ./src/cr_startup_lpc8xx.o
 .bss           0x0000000000000000        0x0 ./src/cr_startup_lpc8xx.o
 .text          0x0000000000000000        0x0 ./src/crp.o
 .data          0x0000000000000000        0x0 ./src/crp.o
 .bss           0x0000000000000000        0x0 ./src/crp.o
 .crp           0x0000000000000000        0x4 ./src/crp.o
 .text          0x0000000000000000        0x0 ./src/mtb.o
 .data          0x0000000000000000        0x0 ./src/mtb.o
 .bss           0x0000000000000000        0x0 ./src/mtb.o
 .mtb.$RAM1     0x0000000000000000      0x100 ./src/mtb.o
 .text          0x0000000000000000        0x0 /Users/take/Documents/LPCXpresso_6.0.2/workspace/CMSIS_CORE_LPC8xx/Debug/libCMSIS_CORE_LPC8xx.a(system_LPC8xx.o)
 .data          0x0000000000000000        0x0 /Users/take/Documents/LPCXpresso_6.0.2/workspace/CMSIS_CORE_LPC8xx/Debug/libCMSIS_CORE_LPC8xx.a(system_LPC8xx.o)
 .bss           0x0000000000000000        0x0 /Users/take/Documents/LPCXpresso_6.0.2/workspace/CMSIS_CORE_LPC8xx/Debug/libCMSIS_CORE_LPC8xx.a(system_LPC8xx.o)
 .text          0x0000000000000000        0x0 /Users/take/Documents/LPCXpresso_6.0.2/workspace/lpc800_driver_lib/Debug/liblpc800_driver_lib.a(lpc8xx_i2c.o)
 .data          0x0000000000000000        0x0 /Users/take/Documents/LPCXpresso_6.0.2/workspace/lpc800_driver_lib/Debug/liblpc800_driver_lib.a(lpc8xx_i2c.o)
 .bss           0x0000000000000000        0x0 /Users/take/Documents/LPCXpresso_6.0.2/workspace/lpc800_driver_lib/Debug/liblpc800_driver_lib.a(lpc8xx_i2c.o)
 .text.I2C_SlvInit
                0x0000000000000000       0x60 /Users/take/Documents/LPCXpresso_6.0.2/workspace/lpc800_driver_lib/Debug/liblpc800_driver_lib.a(lpc8xx_i2c.o)
 .text.I2C_SlaveSendData
                0x0000000000000000       0x34 /Users/take/Documents/LPCXpresso_6.0.2/workspace/lpc800_driver_lib/Debug/liblpc800_driver_lib.a(lpc8xx_i2c.o)
 .text.I2C_SlaveReceiveData
                0x0000000000000000       0x38 /Users/take/Documents/LPCXpresso_6.0.2/workspace/lpc800_driver_lib/Debug/liblpc800_driver_lib.a(lpc8xx_i2c.o)
 .text.I2C_SlaveReceiveSend
                0x0000000000000000       0x64 /Users/take/Documents/LPCXpresso_6.0.2/workspace/lpc800_driver_lib/Debug/liblpc800_driver_lib.a(lpc8xx_i2c.o)
 .bss.I2CSlvSelectedCount
                0x0000000000000000        0x4 /Users/take/Documents/LPCXpresso_6.0.2/workspace/lpc800_driver_lib/Debug/liblpc800_driver_lib.a(lpc8xx_i2c.o)
 .bss.SlaveAddr
                0x0000000000000000        0x4 /Users/take/Documents/LPCXpresso_6.0.2/workspace/lpc800_driver_lib/Debug/liblpc800_driver_lib.a(lpc8xx_i2c.o)
 .bss.I2CMonOverrunCount
                0x0000000000000000        0x4 /Users/take/Documents/LPCXpresso_6.0.2/workspace/lpc800_driver_lib/Debug/liblpc800_driver_lib.a(lpc8xx_i2c.o)
 .bss.I2CEventTimeoutCount
                0x0000000000000000        0x4 /Users/take/Documents/LPCXpresso_6.0.2/workspace/lpc800_driver_lib/Debug/liblpc800_driver_lib.a(lpc8xx_i2c.o)
 .bss.I2CSCLTimeoutCount
                0x0000000000000000        0x4 /Users/take/Documents/LPCXpresso_6.0.2/workspace/lpc800_driver_lib/Debug/liblpc800_driver_lib.a(lpc8xx_i2c.o)
 .bss.I2CMonIdleCount
                0x0000000000000000        0x4 /Users/take/Documents/LPCXpresso_6.0.2/workspace/lpc800_driver_lib/Debug/liblpc800_driver_lib.a(lpc8xx_i2c.o)
 .data          0x0000000000000000        0x0 /Applications/lpcxpresso_6.0.2_151/lpcxpresso/tools/bin/../lib/gcc/arm-none-eabi/4.6.2/armv6-m/libgcc.a(_thumb1_case_uqi.o)
 .bss           0x0000000000000000        0x0 /Applications/lpcxpresso_6.0.2_151/lpcxpresso/tools/bin/../lib/gcc/arm-none-eabi/4.6.2/armv6-m/libgcc.a(_thumb1_case_uqi.o)
 .data          0x0000000000000000        0x0 /Applications/lpcxpresso_6.0.2_151/lpcxpresso/tools/bin/../lib/gcc/arm-none-eabi/4.6.2/armv6-m/libgcc.a(_udivsi3.o)
 .bss           0x0000000000000000        0x0 /Applications/lpcxpresso_6.0.2_151/lpcxpresso/tools/bin/../lib/gcc/arm-none-eabi/4.6.2/armv6-m/libgcc.a(_udivsi3.o)
 .data          0x0000000000000000        0x0 /Applications/lpcxpresso_6.0.2_151/lpcxpresso/tools/bin/../lib/gcc/arm-none-eabi/4.6.2/armv6-m/libgcc.a(_divsi3.o)
 .bss           0x0000000000000000        0x0 /Applications/lpcxpresso_6.0.2_151/lpcxpresso/tools/bin/../lib/gcc/arm-none-eabi/4.6.2/armv6-m/libgcc.a(_divsi3.o)
 .data          0x0000000000000000        0x0 /Applications/lpcxpresso_6.0.2_151/lpcxpresso/tools/bin/../lib/gcc/arm-none-eabi/4.6.2/armv6-m/libgcc.a(_dvmd_tls.o)
 .bss           0x0000000000000000        0x0 /Applications/lpcxpresso_6.0.2_151/lpcxpresso/tools/bin/../lib/gcc/arm-none-eabi/4.6.2/armv6-m/libgcc.a(_dvmd_tls.o)
 .text          0x0000000000000000       0x7c /Applications/lpcxpresso_6.0.2_151/lpcxpresso/tools/bin/../lib/gcc/arm-none-eabi/4.6.2/armv6-m/libgcc.a(_arm_cmpdf2.o)
 .data          0x0000000000000000        0x0 /Applications/lpcxpresso_6.0.2_151/lpcxpresso/tools/bin/../lib/gcc/arm-none-eabi/4.6.2/armv6-m/libgcc.a(_arm_cmpdf2.o)
 .bss           0x0000000000000000        0x0 /Applications/lpcxpresso_6.0.2_151/lpcxpresso/tools/bin/../lib/gcc/arm-none-eabi/4.6.2/armv6-m/libgcc.a(_arm_cmpdf2.o)
 .text          0x0000000000000000       0x40 /Applications/lpcxpresso_6.0.2_151/lpcxpresso/tools/bin/../lib/gcc/arm-none-eabi/4.6.2/armv6-m/libgcc.a(_fixunsdfsi.o)
 .data          0x0000000000000000        0x0 /Applications/lpcxpresso_6.0.2_151/lpcxpresso/tools/bin/../lib/gcc/arm-none-eabi/4.6.2/armv6-m/libgcc.a(_fixunsdfsi.o)
 .bss           0x0000000000000000        0x0 /Applications/lpcxpresso_6.0.2_151/lpcxpresso/tools/bin/../lib/gcc/arm-none-eabi/4.6.2/armv6-m/libgcc.a(_fixunsdfsi.o)
 .text          0x0000000000000000      0x6d4 /Applications/lpcxpresso_6.0.2_151/lpcxpresso/tools/bin/../lib/gcc/arm-none-eabi/4.6.2/armv6-m/libgcc.a(adddf3.o)
 .data          0x0000000000000000        0x0 /Applications/lpcxpresso_6.0.2_151/lpcxpresso/tools/bin/../lib/gcc/arm-none-eabi/4.6.2/armv6-m/libgcc.a(adddf3.o)
 .bss           0x0000000000000000        0x0 /Applications/lpcxpresso_6.0.2_151/lpcxpresso/tools/bin/../lib/gcc/arm-none-eabi/4.6.2/armv6-m/libgcc.a(adddf3.o)
 .text          0x0000000000000000      0x5e4 /Applications/lpcxpresso_6.0.2_151/lpcxpresso/tools/bin/../lib/gcc/arm-none-eabi/4.6.2/armv6-m/libgcc.a(divdf3.o)
 .data          0x0000000000000000        0x0 /Applications/lpcxpresso_6.0.2_151/lpcxpresso/tools/bin/../lib/gcc/arm-none-eabi/4.6.2/armv6-m/libgcc.a(divdf3.o)
 .bss           0x0000000000000000        0x0 /Applications/lpcxpresso_6.0.2_151/lpcxpresso/tools/bin/../lib/gcc/arm-none-eabi/4.6.2/armv6-m/libgcc.a(divdf3.o)
 .rodata        0x0000000000000000       0x40 /Applications/lpcxpresso_6.0.2_151/lpcxpresso/tools/bin/../lib/gcc/arm-none-eabi/4.6.2/armv6-m/libgcc.a(divdf3.o)
 .text          0x0000000000000000       0x80 /Applications/lpcxpresso_6.0.2_151/lpcxpresso/tools/bin/../lib/gcc/arm-none-eabi/4.6.2/armv6-m/libgcc.a(eqdf2.o)
 .data          0x0000000000000000        0x0 /Applications/lpcxpresso_6.0.2_151/lpcxpresso/tools/bin/../lib/gcc/arm-none-eabi/4.6.2/armv6-m/libgcc.a(eqdf2.o)
 .bss           0x0000000000000000        0x0 /Applications/lpcxpresso_6.0.2_151/lpcxpresso/tools/bin/../lib/gcc/arm-none-eabi/4.6.2/armv6-m/libgcc.a(eqdf2.o)
 .text          0x0000000000000000       0xec /Applications/lpcxpresso_6.0.2_151/lpcxpresso/tools/bin/../lib/gcc/arm-none-eabi/4.6.2/armv6-m/libgcc.a(gedf2.o)
 .data          0x0000000000000000        0x0 /Applications/lpcxpresso_6.0.2_151/lpcxpresso/tools/bin/../lib/gcc/arm-none-eabi/4.6.2/armv6-m/libgcc.a(gedf2.o)
 .bss           0x0000000000000000        0x0 /Applications/lpcxpresso_6.0.2_151/lpcxpresso/tools/bin/../lib/gcc/arm-none-eabi/4.6.2/armv6-m/libgcc.a(gedf2.o)
 .text          0x0000000000000000       0xc0 /Applications/lpcxpresso_6.0.2_151/lpcxpresso/tools/bin/../lib/gcc/arm-none-eabi/4.6.2/armv6-m/libgcc.a(ledf2.o)
 .data          0x0000000000000000        0x0 /Applications/lpcxpresso_6.0.2_151/lpcxpresso/tools/bin/../lib/gcc/arm-none-eabi/4.6.2/armv6-m/libgcc.a(ledf2.o)
 .bss           0x0000000000000000        0x0 /Applications/lpcxpresso_6.0.2_151/lpcxpresso/tools/bin/../lib/gcc/arm-none-eabi/4.6.2/armv6-m/libgcc.a(ledf2.o)
 .text          0x0000000000000000      0x4a4 /Applications/lpcxpresso_6.0.2_151/lpcxpresso/tools/bin/../lib/gcc/arm-none-eabi/4.6.2/armv6-m/libgcc.a(muldf3.o)
 .data          0x0000000000000000        0x0 /Applications/lpcxpresso_6.0.2_151/lpcxpresso/tools/bin/../lib/gcc/arm-none-eabi/4.6.2/armv6-m/libgcc.a(muldf3.o)
 .bss           0x0000000000000000        0x0 /Applications/lpcxpresso_6.0.2_151/lpcxpresso/tools/bin/../lib/gcc/arm-none-eabi/4.6.2/armv6-m/libgcc.a(muldf3.o)
 .rodata        0x0000000000000000       0x40 /Applications/lpcxpresso_6.0.2_151/lpcxpresso/tools/bin/../lib/gcc/arm-none-eabi/4.6.2/armv6-m/libgcc.a(muldf3.o)
 .text          0x0000000000000000      0x72c /Applications/lpcxpresso_6.0.2_151/lpcxpresso/tools/bin/../lib/gcc/arm-none-eabi/4.6.2/armv6-m/libgcc.a(subdf3.o)
 .data          0x0000000000000000        0x0 /Applications/lpcxpresso_6.0.2_151/lpcxpresso/tools/bin/../lib/gcc/arm-none-eabi/4.6.2/armv6-m/libgcc.a(subdf3.o)
 .bss           0x0000000000000000        0x0 /Applications/lpcxpresso_6.0.2_151/lpcxpresso/tools/bin/../lib/gcc/arm-none-eabi/4.6.2/armv6-m/libgcc.a(subdf3.o)
 .text          0x0000000000000000       0x68 /Applications/lpcxpresso_6.0.2_151/lpcxpresso/tools/bin/../lib/gcc/arm-none-eabi/4.6.2/armv6-m/libgcc.a(fixdfsi.o)
 .data          0x0000000000000000        0x0 /Applications/lpcxpresso_6.0.2_151/lpcxpresso/tools/bin/../lib/gcc/arm-none-eabi/4.6.2/armv6-m/libgcc.a(fixdfsi.o)
 .bss           0x0000000000000000        0x0 /Applications/lpcxpresso_6.0.2_151/lpcxpresso/tools/bin/../lib/gcc/arm-none-eabi/4.6.2/armv6-m/libgcc.a(fixdfsi.o)
 .text          0x0000000000000000       0x78 /Applications/lpcxpresso_6.0.2_151/lpcxpresso/tools/bin/../lib/gcc/arm-none-eabi/4.6.2/armv6-m/libgcc.a(floatsidf.o)
 .data          0x0000000000000000        0x0 /Applications/lpcxpresso_6.0.2_151/lpcxpresso/tools/bin/../lib/gcc/arm-none-eabi/4.6.2/armv6-m/libgcc.a(floatsidf.o)
 .bss           0x0000000000000000        0x0 /Applications/lpcxpresso_6.0.2_151/lpcxpresso/tools/bin/../lib/gcc/arm-none-eabi/4.6.2/armv6-m/libgcc.a(floatsidf.o)
 .text          0x0000000000000000       0x68 /Applications/lpcxpresso_6.0.2_151/lpcxpresso/tools/bin/../lib/gcc/arm-none-eabi/4.6.2/armv6-m/libgcc.a(floatunsidf.o)
 .data          0x0000000000000000        0x0 /Applications/lpcxpresso_6.0.2_151/lpcxpresso/tools/bin/../lib/gcc/arm-none-eabi/4.6.2/armv6-m/libgcc.a(floatunsidf.o)
 .bss           0x0000000000000000        0x0 /Applications/lpcxpresso_6.0.2_151/lpcxpresso/tools/bin/../lib/gcc/arm-none-eabi/4.6.2/armv6-m/libgcc.a(floatunsidf.o)
 .text          0x0000000000000000       0x3c /Applications/lpcxpresso_6.0.2_151/lpcxpresso/tools/bin/../lib/gcc/arm-none-eabi/4.6.2/armv6-m/libgcc.a(_clzsi2.o)
 .data          0x0000000000000000        0x0 /Applications/lpcxpresso_6.0.2_151/lpcxpresso/tools/bin/../lib/gcc/arm-none-eabi/4.6.2/armv6-m/libgcc.a(_clzsi2.o)
 .bss           0x0000000000000000        0x0 /Applications/lpcxpresso_6.0.2_151/lpcxpresso/tools/bin/../lib/gcc/arm-none-eabi/4.6.2/armv6-m/libgcc.a(_clzsi2.o)
 .text          0x0000000000000000        0x0 /Applications/lpcxpresso_6.0.2_151/lpcxpresso/tools/bin/../lib/gcc/arm-none-eabi/4.6.2/../../../../arm-none-eabi/lib/armv6-m/libc.a(lib_a-init.o)
 .data          0x0000000000000000        0x0 /Applications/lpcxpresso_6.0.2_151/lpcxpresso/tools/bin/../lib/gcc/arm-none-eabi/4.6.2/../../../../arm-none-eabi/lib/armv6-m/libc.a(lib_a-init.o)
 .bss           0x0000000000000000        0x0 /Applications/lpcxpresso_6.0.2_151/lpcxpresso/tools/bin/../lib/gcc/arm-none-eabi/4.6.2/../../../../arm-none-eabi/lib/armv6-m/libc.a(lib_a-init.o)
 .text          0x0000000000000000        0x0 /Applications/lpcxpresso_6.0.2_151/lpcxpresso/tools/bin/../lib/gcc/arm-none-eabi/4.6.2/../../../../arm-none-eabi/lib/armv6-m/libc.a(lib_a-malloc.o)
 .data          0x0000000000000000        0x0 /Applications/lpcxpresso_6.0.2_151/lpcxpresso/tools/bin/../lib/gcc/arm-none-eabi/4.6.2/../../../../arm-none-eabi/lib/armv6-m/libc.a(lib_a-malloc.o)
 .bss           0x0000000000000000        0x0 /Applications/lpcxpresso_6.0.2_151/lpcxpresso/tools/bin/../lib/gcc/arm-none-eabi/4.6.2/../../../../arm-none-eabi/lib/armv6-m/libc.a(lib_a-malloc.o)
 .text.malloc   0x0000000000000000       0x14 /Applications/lpcxpresso_6.0.2_151/lpcxpresso/tools/bin/../lib/gcc/arm-none-eabi/4.6.2/../../../../arm-none-eabi/lib/armv6-m/libc.a(lib_a-malloc.o)
 .text.free     0x0000000000000000       0x14 /Applications/lpcxpresso_6.0.2_151/lpcxpresso/tools/bin/../lib/gcc/arm-none-eabi/4.6.2/../../../../arm-none-eabi/lib/armv6-m/libc.a(lib_a-malloc.o)
 .text          0x0000000000000000        0x0 /Applications/lpcxpresso_6.0.2_151/lpcxpresso/tools/bin/../lib/gcc/arm-none-eabi/4.6.2/../../../../arm-none-eabi/lib/armv6-m/libc.a(lib_a-mallocr.o)
 .data          0x0000000000000000        0x0 /Applications/lpcxpresso_6.0.2_151/lpcxpresso/tools/bin/../lib/gcc/arm-none-eabi/4.6.2/../../../../arm-none-eabi/lib/armv6-m/libc.a(lib_a-mallocr.o)
 .bss           0x0000000000000000        0x0 /Applications/lpcxpresso_6.0.2_151/lpcxpresso/tools/bin/../lib/gcc/arm-none-eabi/4.6.2/../../../../arm-none-eabi/lib/armv6-m/libc.a(lib_a-mallocr.o)
 .text._malloc_r
                0x0000000000000000      0x520 /Applications/lpcxpresso_6.0.2_151/lpcxpresso/tools/bin/../lib/gcc/arm-none-eabi/4.6.2/../../../../arm-none-eabi/lib/armv6-m/libc.a(lib_a-mallocr.o)
 .data.__malloc_av_
                0x0000000000000000      0x408 /Applications/lpcxpresso_6.0.2_151/lpcxpresso/tools/bin/../lib/gcc/arm-none-eabi/4.6.2/../../../../arm-none-eabi/lib/armv6-m/libc.a(lib_a-mallocr.o)
 .data.__malloc_trim_threshold
                0x0000000000000000        0x4 /Applications/lpcxpresso_6.0.2_151/lpcxpresso/tools/bin/../lib/gcc/arm-none-eabi/4.6.2/../../../../arm-none-eabi/lib/armv6-m/libc.a(lib_a-mallocr.o)
 .bss.__malloc_max_total_mem
                0x0000000000000000        0x4 /Applications/lpcxpresso_6.0.2_151/lpcxpresso/tools/bin/../lib/gcc/arm-none-eabi/4.6.2/../../../../arm-none-eabi/lib/armv6-m/libc.a(lib_a-mallocr.o)
 .bss.__malloc_max_sbrked_mem
                0x0000000000000000        0x4 /Applications/lpcxpresso_6.0.2_151/lpcxpresso/tools/bin/../lib/gcc/arm-none-eabi/4.6.2/../../../../arm-none-eabi/lib/armv6-m/libc.a(lib_a-mallocr.o)
 .bss.__malloc_top_pad
                0x0000000000000000        0x4 /Applications/lpcxpresso_6.0.2_151/lpcxpresso/tools/bin/../lib/gcc/arm-none-eabi/4.6.2/../../../../arm-none-eabi/lib/armv6-m/libc.a(lib_a-mallocr.o)
 .bss.__malloc_current_mallinfo
                0x0000000000000000       0x28 /Applications/lpcxpresso_6.0.2_151/lpcxpresso/tools/bin/../lib/gcc/arm-none-eabi/4.6.2/../../../../arm-none-eabi/lib/armv6-m/libc.a(lib_a-mallocr.o)
 .data.__malloc_sbrk_base
                0x0000000000000000        0x4 /Applications/lpcxpresso_6.0.2_151/lpcxpresso/tools/bin/../lib/gcc/arm-none-eabi/4.6.2/../../../../arm-none-eabi/lib/armv6-m/libc.a(lib_a-mallocr.o)
 .text          0x0000000000000000        0x0 /Applications/lpcxpresso_6.0.2_151/lpcxpresso/tools/bin/../lib/gcc/arm-none-eabi/4.6.2/../../../../arm-none-eabi/lib/armv6-m/libc.a(lib_a-mlock.o)
 .data          0x0000000000000000        0x0 /Applications/lpcxpresso_6.0.2_151/lpcxpresso/tools/bin/../lib/gcc/arm-none-eabi/4.6.2/../../../../arm-none-eabi/lib/armv6-m/libc.a(lib_a-mlock.o)
 .bss           0x0000000000000000        0x0 /Applications/lpcxpresso_6.0.2_151/lpcxpresso/tools/bin/../lib/gcc/arm-none-eabi/4.6.2/../../../../arm-none-eabi/lib/armv6-m/libc.a(lib_a-mlock.o)
 .text.__malloc_lock
                0x0000000000000000        0x4 /Applications/lpcxpresso_6.0.2_151/lpcxpresso/tools/bin/../lib/gcc/arm-none-eabi/4.6.2/../../../../arm-none-eabi/lib/armv6-m/libc.a(lib_a-mlock.o)
 .text.__malloc_unlock
                0x0000000000000000        0x4 /Applications/lpcxpresso_6.0.2_151/lpcxpresso/tools/bin/../lib/gcc/arm-none-eabi/4.6.2/../../../../arm-none-eabi/lib/armv6-m/libc.a(lib_a-mlock.o)
 .text          0x0000000000000000        0x0 /Applications/lpcxpresso_6.0.2_151/lpcxpresso/tools/bin/../lib/gcc/arm-none-eabi/4.6.2/../../../../arm-none-eabi/lib/armv6-m/libc.a(lib_a-sbrkr.o)
 .data          0x0000000000000000        0x0 /Applications/lpcxpresso_6.0.2_151/lpcxpresso/tools/bin/../lib/gcc/arm-none-eabi/4.6.2/../../../../arm-none-eabi/lib/armv6-m/libc.a(lib_a-sbrkr.o)
 .bss           0x0000000000000000        0x0 /Applications/lpcxpresso_6.0.2_151/lpcxpresso/tools/bin/../lib/gcc/arm-none-eabi/4.6.2/../../../../arm-none-eabi/lib/armv6-m/libc.a(lib_a-sbrkr.o)
 .text._sbrk_r  0x0000000000000000       0x24 /Applications/lpcxpresso_6.0.2_151/lpcxpresso/tools/bin/../lib/gcc/arm-none-eabi/4.6.2/../../../../arm-none-eabi/lib/armv6-m/libc.a(lib_a-sbrkr.o)
 .text          0x0000000000000000        0x0 /Applications/lpcxpresso_6.0.2_151/lpcxpresso/tools/bin/../lib/gcc/arm-none-eabi/4.6.2/../../../../arm-none-eabi/lib/armv6-m/libc.a(lib_a-freer.o)
 .data          0x0000000000000000        0x0 /Applications/lpcxpresso_6.0.2_151/lpcxpresso/tools/bin/../lib/gcc/arm-none-eabi/4.6.2/../../../../arm-none-eabi/lib/armv6-m/libc.a(lib_a-freer.o)
 .bss           0x0000000000000000        0x0 /Applications/lpcxpresso_6.0.2_151/lpcxpresso/tools/bin/../lib/gcc/arm-none-eabi/4.6.2/../../../../arm-none-eabi/lib/armv6-m/libc.a(lib_a-freer.o)
 .text._malloc_trim_r
                0x0000000000000000       0xa8 /Applications/lpcxpresso_6.0.2_151/lpcxpresso/tools/bin/../lib/gcc/arm-none-eabi/4.6.2/../../../../arm-none-eabi/lib/armv6-m/libc.a(lib_a-freer.o)
 .text._free_r  0x0000000000000000      0x198 /Applications/lpcxpresso_6.0.2_151/lpcxpresso/tools/bin/../lib/gcc/arm-none-eabi/4.6.2/../../../../arm-none-eabi/lib/armv6-m/libc.a(lib_a-freer.o)
 .text          0x0000000000000000        0x0 /Applications/lpcxpresso_6.0.2_151/lpcxpresso/tools/bin/../lib/gcc/arm-none-eabi/4.6.2/../../../../arm-none-eabi/lib/armv6-m/libc.a(lib_a-impure.o)
 .data          0x0000000000000000        0x0 /Applications/lpcxpresso_6.0.2_151/lpcxpresso/tools/bin/../lib/gcc/arm-none-eabi/4.6.2/../../../../arm-none-eabi/lib/armv6-m/libc.a(lib_a-impure.o)
 .bss           0x0000000000000000        0x0 /Applications/lpcxpresso_6.0.2_151/lpcxpresso/tools/bin/../lib/gcc/arm-none-eabi/4.6.2/../../../../arm-none-eabi/lib/armv6-m/libc.a(lib_a-impure.o)
 .data.impure_data
                0x0000000000000000      0x428 /Applications/lpcxpresso_6.0.2_151/lpcxpresso/tools/bin/../lib/gcc/arm-none-eabi/4.6.2/../../../../arm-none-eabi/lib/armv6-m/libc.a(lib_a-impure.o)
 .data._impure_ptr
                0x0000000000000000        0x4 /Applications/lpcxpresso_6.0.2_151/lpcxpresso/tools/bin/../lib/gcc/arm-none-eabi/4.6.2/../../../../arm-none-eabi/lib/armv6-m/libc.a(lib_a-impure.o)
 .rodata.str1.4
                0x0000000000000000        0x4 /Applications/lpcxpresso_6.0.2_151/lpcxpresso/tools/bin/../lib/gcc/arm-none-eabi/4.6.2/../../../../arm-none-eabi/lib/armv6-m/libc.a(lib_a-impure.o)
 .rodata._global_impure_ptr
                0x0000000000000000        0x4 /Applications/lpcxpresso_6.0.2_151/lpcxpresso/tools/bin/../lib/gcc/arm-none-eabi/4.6.2/../../../../arm-none-eabi/lib/armv6-m/libc.a(lib_a-impure.o)
 .text          0x0000000000000000        0x0 /Applications/lpcxpresso_6.0.2_151/lpcxpresso/tools/bin/../lib/gcc/arm-none-eabi/4.6.2/../../../../arm-none-eabi/lib/armv6-m/libc.a(lib_a-reent.o)
 .data          0x0000000000000000        0x0 /Applications/lpcxpresso_6.0.2_151/lpcxpresso/tools/bin/../lib/gcc/arm-none-eabi/4.6.2/../../../../arm-none-eabi/lib/armv6-m/libc.a(lib_a-reent.o)
 .bss           0x0000000000000000        0x0 /Applications/lpcxpresso_6.0.2_151/lpcxpresso/tools/bin/../lib/gcc/arm-none-eabi/4.6.2/../../../../arm-none-eabi/lib/armv6-m/libc.a(lib_a-reent.o)
 .text.cleanup_glue
                0x0000000000000000       0x1c /Applications/lpcxpresso_6.0.2_151/lpcxpresso/tools/bin/../lib/gcc/arm-none-eabi/4.6.2/../../../../arm-none-eabi/lib/armv6-m/libc.a(lib_a-reent.o)
 .text._reclaim_reent
                0x0000000000000000       0xa0 /Applications/lpcxpresso_6.0.2_151/lpcxpresso/tools/bin/../lib/gcc/arm-none-eabi/4.6.2/../../../../arm-none-eabi/lib/armv6-m/libc.a(lib_a-reent.o)
 .text._wrapup_reent
                0x0000000000000000       0x44 /Applications/lpcxpresso_6.0.2_151/lpcxpresso/tools/bin/../lib/gcc/arm-none-eabi/4.6.2/../../../../arm-none-eabi/lib/armv6-m/libc.a(lib_a-reent.o)
 COMMON         0x0000000000000000        0x4 /Applications/lpcxpresso_6.0.2_151/lpcxpresso/tools/bin/../lib/gcc/arm-none-eabi/4.6.2/../../../../arm-none-eabi/lib/armv6-m/libc.a(lib_a-reent.o)
 .text          0x0000000000000000        0x0 /Applications/lpcxpresso_6.0.2_151/lpcxpresso/tools/bin/../lib/gcc/arm-none-eabi/4.6.2/armv6-m/crti.o
 .data          0x0000000000000000        0x0 /Applications/lpcxpresso_6.0.2_151/lpcxpresso/tools/bin/../lib/gcc/arm-none-eabi/4.6.2/armv6-m/crti.o
 .bss           0x0000000000000000        0x0 /Applications/lpcxpresso_6.0.2_151/lpcxpresso/tools/bin/../lib/gcc/arm-none-eabi/4.6.2/armv6-m/crti.o
 .text          0x0000000000000000        0x0 /Applications/lpcxpresso_6.0.2_151/lpcxpresso/tools/bin/../lib/gcc/arm-none-eabi/4.6.2/armv6-m/crtn.o
 .data          0x0000000000000000        0x0 /Applications/lpcxpresso_6.0.2_151/lpcxpresso/tools/bin/../lib/gcc/arm-none-eabi/4.6.2/armv6-m/crtn.o
 .bss           0x0000000000000000        0x0 /Applications/lpcxpresso_6.0.2_151/lpcxpresso/tools/bin/../lib/gcc/arm-none-eabi/4.6.2/armv6-m/crtn.o
 .data          0x0000000000000000        0x4 /Applications/lpcxpresso_6.0.2_151/lpcxpresso/tools/bin/../lib/gcc/arm-none-eabi/4.6.2/armv6-m/crtbegin.o
 .fini_array    0x0000000000000000        0x4 /Applications/lpcxpresso_6.0.2_151/lpcxpresso/tools/bin/../lib/gcc/arm-none-eabi/4.6.2/armv6-m/crtbegin.o
 .text          0x0000000000000000        0x0 /Applications/lpcxpresso_6.0.2_151/lpcxpresso/tools/bin/../lib/gcc/arm-none-eabi/4.6.2/armv6-m/crtend.o
 .data          0x0000000000000000        0x0 /Applications/lpcxpresso_6.0.2_151/lpcxpresso/tools/bin/../lib/gcc/arm-none-eabi/4.6.2/armv6-m/crtend.o
 .bss           0x0000000000000000        0x0 /Applications/lpcxpresso_6.0.2_151/lpcxpresso/tools/bin/../lib/gcc/arm-none-eabi/4.6.2/armv6-m/crtend.o
 .eh_frame      0x0000000000000000        0x4 /Applications/lpcxpresso_6.0.2_151/lpcxpresso/tools/bin/../lib/gcc/arm-none-eabi/4.6.2/armv6-m/crtend.o
 .jcr           0x0000000000000000        0x4 /Applications/lpcxpresso_6.0.2_151/lpcxpresso/tools/bin/../lib/gcc/arm-none-eabi/4.6.2/armv6-m/crtend.o

Memory Configuration

Name             Origin             Length             Attributes
MFlash4          0x0000000000000000 0x0000000000001000 xr
RamLoc1          0x0000000010000000 0x0000000000000400 xrw
*default*        0x0000000000000000 0xffffffffffffffff

Linker script and memory map

LOAD ./src/userlib/AQCM0802.o
LOAD ./src/userlib/LM73.o
LOAD ./src/userlib/RTC8664.o
LOAD ./src/userlib/SoftSerialTxOnly.o
LOAD ./src/lbed/DigitalIn.o
LOAD ./src/lbed/DigitalOut.o
LOAD ./src/lbed/I2C.o
LOAD ./src/lbed/I2C_SwitchMatrix.o
LOAD ./src/lbed/Print.o
LOAD ./src/lbed/lbed_setup.o
LOAD ./src/lbed/pure_virtual.o
LOAD ./src/lbed/wait_api.o
LOAD ./src/SoftSerialTx.o
LOAD ./src/cr_cpp_config.o
LOAD ./src/cr_startup_lpc8xx.o
LOAD ./src/crp.o
LOAD ./src/mtb.o
LOAD /Users/take/Documents/LPCXpresso_6.0.2/workspace/CMSIS_CORE_LPC8xx/Debug/libCMSIS_CORE_LPC8xx.a
LOAD /Users/take/Documents/LPCXpresso_6.0.2/workspace/lpc800_driver_lib/Debug/liblpc800_driver_lib.a
START GROUP
LOAD /Applications/lpcxpresso_6.0.2_151/lpcxpresso/tools/bin/../lib/gcc/arm-none-eabi/4.6.2/armv6-m/libgcc.a
LOAD /Applications/lpcxpresso_6.0.2_151/lpcxpresso/tools/bin/../lib/gcc/arm-none-eabi/4.6.2/../../../../arm-none-eabi/lib/armv6-m/libc.a
LOAD /Applications/lpcxpresso_6.0.2_151/lpcxpresso/tools/bin/../lib/gcc/arm-none-eabi/4.6.2/../../../../arm-none-eabi/lib/armv6-m/libstdc++.a
LOAD /Applications/lpcxpresso_6.0.2_151/lpcxpresso/tools/bin/../lib/gcc/arm-none-eabi/4.6.2/../../../../arm-none-eabi/lib/armv6-m/libm.a
LOAD /Applications/lpcxpresso_6.0.2_151/lpcxpresso/tools/bin/../lib/gcc/arm-none-eabi/4.6.2/armv6-m/crti.o
LOAD /Applications/lpcxpresso_6.0.2_151/lpcxpresso/tools/bin/../lib/gcc/arm-none-eabi/4.6.2/armv6-m/crtn.o
LOAD /Applications/lpcxpresso_6.0.2_151/lpcxpresso/tools/bin/../lib/gcc/arm-none-eabi/4.6.2/armv6-m/crtbegin.o
LOAD /Applications/lpcxpresso_6.0.2_151/lpcxpresso/tools/bin/../lib/gcc/arm-none-eabi/4.6.2/armv6-m/crtend.o
END GROUP
                0x0000000000001000                __top_MFlash4 = 0x1000
                0x0000000010000400                __top_RamLoc1 = 0x10000400

.text           0x0000000000000000      0xd64
 FILL mask 0xff
                0x0000000000000000                __vectors_start__ = ABSOLUTE (.)
 *(.isr_vector)
 .isr_vector    0x0000000000000000       0xc0 ./src/cr_startup_lpc8xx.o
                0x0000000000000000                g_pfnVectors
                0x00000000000000c0                . = ALIGN (0x4)
                0x00000000000000c0                __section_table_start = .
                0x00000000000000c0                __data_section_table = .
                0x00000000000000c0        0x4 LONG 0xd64 LOADADDR (.data)
                0x00000000000000c4        0x4 LONG 0x10000000 ADDR (.data)
                0x00000000000000c8        0x4 LONG 0x4 SIZEOF (.data)
                0x00000000000000cc                __data_section_table_end = .
                0x00000000000000cc                __bss_section_table = .
                0x00000000000000cc        0x4 LONG 0x10000004 ADDR (.bss)
                0x00000000000000d0        0x4 LONG 0x1b4 SIZEOF (.bss)
                0x00000000000000d4                __bss_section_table_end = .
                0x00000000000000d4                __section_table_end = .
 *(.after_vectors*)
 .after_vectors
                0x00000000000000d4       0x84 ./src/cr_startup_lpc8xx.o
                0x00000000000000d4                NMI_Handler
                0x00000000000000d8                HardFault_Handler
                0x00000000000000dc                SVC_Handler
                0x00000000000000e0                PendSV_Handler
                0x00000000000000e4                SysTick_Handler
                0x00000000000000e8                _Z9data_initjjj
                0x00000000000000fa                _Z8bss_initjj
                0x000000000000010c                ResetISR
                0x0000000000000154                SPI1_IRQHandler
                0x0000000000000154                IntDefaultHandler
                0x0000000000000154                CMP_IRQHandler
                0x0000000000000154                UART2_IRQHandler
                0x0000000000000154                PININT5_IRQHandler
                0x0000000000000154                PININT4_IRQHandler
                0x0000000000000154                PININT0_IRQHandler
                0x0000000000000154                BOD_IRQHandler
                0x0000000000000154                SCT_IRQHandler
                0x0000000000000154                WDT_IRQHandler
                0x0000000000000154                PININT6_IRQHandler
                0x0000000000000154                SPI0_IRQHandler
                0x0000000000000154                PININT3_IRQHandler
                0x0000000000000154                PININT7_IRQHandler
                0x0000000000000154                WKT_IRQHandler
                0x0000000000000154                PININT2_IRQHandler
                0x0000000000000154                PININT1_IRQHandler
                0x0000000000000154                MRT_IRQHandler
                0x0000000000000154                UART1_IRQHandler
                0x0000000000000154                UART0_IRQHandler
 *(.text*)
 .text._ZN4LM73C2Ecc
                0x0000000000000158       0x38 ./src/userlib/LM73.o
                0x0000000000000158                _ZN4LM73C1Ecc
                0x0000000000000158                _ZN4LM73C2Ecc
 .text._ZN4LM734readEv
                0x0000000000000190       0x36 ./src/userlib/LM73.o
                0x0000000000000190                _ZN4LM734readEv
 .text._ZN16SoftSerialTxOnly5_getcEv
                0x00000000000001c6        0x6 ./src/userlib/SoftSerialTxOnly.o
                0x00000000000001c6                _ZN16SoftSerialTxOnly5_getcEv
 .text._ZN16SoftSerialTxOnly5writeEc
                0x00000000000001cc        0xc ./src/userlib/SoftSerialTxOnly.o
                0x00000000000001cc                _ZN16SoftSerialTxOnly5writeEc
 .text._ZN16SoftSerialTxOnly5_putcEi
                0x00000000000001d8       0x5c ./src/userlib/SoftSerialTxOnly.o
                0x00000000000001d8                _ZN16SoftSerialTxOnly5_putcEi
 .text._ZN16SoftSerialTxOnlyC2Ec
                0x0000000000000234       0x18 ./src/userlib/SoftSerialTxOnly.o
                0x0000000000000234                _ZN16SoftSerialTxOnlyC1Ec
                0x0000000000000234                _ZN16SoftSerialTxOnlyC2Ec
 .text._ZN10DigitalOut5setupEc
                0x000000000000024c       0x20 ./src/lbed/DigitalOut.o
                0x000000000000024c                _ZN10DigitalOut5setupEc
 .text._ZN10DigitalOutC2Ec
                0x000000000000026c       0x10 ./src/lbed/DigitalOut.o
                0x000000000000026c                _ZN10DigitalOutC1Ec
                0x000000000000026c                _ZN10DigitalOutC2Ec
 .text._ZN10DigitalOut5writeEc
                0x000000000000027c       0x1e ./src/lbed/DigitalOut.o
                0x000000000000027c                _ZN10DigitalOut5writeEc
 *fill*         0x000000000000029a        0x2 00
 .text._ZN3I2C5setupEv
                0x000000000000029c       0x64 ./src/lbed/I2C.o
                0x000000000000029c                _ZN3I2C5setupEv
 .text._ZN3I2CC2Ecc
                0x0000000000000300        0xc ./src/lbed/I2C.o
                0x0000000000000300                _ZN3I2CC1Ecc
                0x0000000000000300                _ZN3I2CC2Ecc
 .text._ZN3I2C5writeEiPKcib
                0x000000000000030c       0x2c ./src/lbed/I2C.o
                0x000000000000030c                _ZN3I2C5writeEiPKcib
 .text._ZN3I2C4readEiPcib
                0x0000000000000338       0x38 ./src/lbed/I2C.o
                0x0000000000000338                _ZN3I2C4readEiPcib
 .text.I2C_SwitchMatrix_Init
                0x0000000000000370       0x30 ./src/lbed/I2C_SwitchMatrix.o
                0x0000000000000370                I2C_SwitchMatrix_Init
 .text._ZN5Print5writeEPKci
                0x00000000000003a0       0x24 ./src/lbed/Print.o
                0x00000000000003a0                _ZN5Print5writeEPKci
 .text._ZN5Print5writeEPKc
                0x00000000000003c4       0x1e ./src/lbed/Print.o
                0x00000000000003c4                _ZN5Print5writeEPKc
 .text._ZN5Print5printEPKc
                0x00000000000003e2        0x8 ./src/lbed/Print.o
                0x00000000000003e2                _ZN5Print5printEPKc
 .text._ZN5Print5printEc
                0x00000000000003ea        0xa ./src/lbed/Print.o
                0x00000000000003ea                _ZN5Print5printEc
 .text._ZN5Print7printlnEv
                0x00000000000003f4       0x18 ./src/lbed/Print.o
                0x00000000000003f4                _ZN5Print7printlnEv
 .text._ZN5Print7printlnEPKc
                0x000000000000040c       0x14 ./src/lbed/Print.o
                0x000000000000040c                _ZN5Print7printlnEPKc
 .text._ZN5Print11printNumberEmi
                0x0000000000000420       0x50 ./src/lbed/Print.o
                0x0000000000000420                _ZN5Print11printNumberEmi
 .text._ZN5Print5printEli
                0x0000000000000470       0x3c ./src/lbed/Print.o
                0x0000000000000470                _ZN5Print5printEli
 .text._ZN5Print5printEii
                0x00000000000004ac        0x8 ./src/lbed/Print.o
                0x00000000000004ac                _ZN5Print5printEii
 .text.lbed_setup
                0x00000000000004b4        0x8 ./src/lbed/lbed_setup.o
                0x00000000000004b4                lbed_setup
 .text.wait_init
                0x00000000000004bc       0x28 ./src/lbed/wait_api.o
                0x00000000000004bc                wait_init
 .text.wait_ms  0x00000000000004e4       0x30 ./src/lbed/wait_api.o
                0x00000000000004e4                wait_ms
 .text.wait_us  0x0000000000000514       0x12 ./src/lbed/wait_api.o
                0x0000000000000514                wait_us
 *fill*         0x0000000000000526        0x2 00
 .text.startup.main
                0x0000000000000528       0x58 ./src/SoftSerialTx.o
                0x0000000000000528                main
 .text.SystemCoreClockUpdate
                0x0000000000000580       0x88 /Users/take/Documents/LPCXpresso_6.0.2/workspace/CMSIS_CORE_LPC8xx/Debug/libCMSIS_CORE_LPC8xx.a(system_LPC8xx.o)
                0x0000000000000580                SystemCoreClockUpdate
 .text.SystemInit
                0x0000000000000608       0x44 /Users/take/Documents/LPCXpresso_6.0.2/workspace/CMSIS_CORE_LPC8xx/Debug/libCMSIS_CORE_LPC8xx.a(system_LPC8xx.o)
                0x0000000000000608                SystemInit
 .text.I2C_MasterStatus
                0x000000000000064c       0x40 /Users/take/Documents/LPCXpresso_6.0.2/workspace/lpc800_driver_lib/Debug/liblpc800_driver_lib.a(lpc8xx_i2c.o)
                0x000000000000064c                I2C_MasterStatus
 .text.I2C_SlaveStatus
                0x000000000000068c       0x30 /Users/take/Documents/LPCXpresso_6.0.2/workspace/lpc800_driver_lib/Debug/liblpc800_driver_lib.a(lpc8xx_i2c.o)
                0x000000000000068c                I2C_SlaveStatus
 .text.I2C_IRQHandler
                0x00000000000006bc      0x19c /Users/take/Documents/LPCXpresso_6.0.2/workspace/lpc800_driver_lib/Debug/liblpc800_driver_lib.a(lpc8xx_i2c.o)
                0x00000000000006bc                I2C_IRQHandler
 .text.I2C_MstInit
                0x0000000000000858       0x4c /Users/take/Documents/LPCXpresso_6.0.2/workspace/lpc800_driver_lib/Debug/liblpc800_driver_lib.a(lpc8xx_i2c.o)
                0x0000000000000858                I2C_MstInit
 .text.I2C_CheckError
                0x00000000000008a4       0x3c /Users/take/Documents/LPCXpresso_6.0.2/workspace/lpc800_driver_lib/Debug/liblpc800_driver_lib.a(lpc8xx_i2c.o)
                0x00000000000008a4                I2C_CheckError
 .text.I2C_CheckIdle
                0x00000000000008e0       0x18 /Users/take/Documents/LPCXpresso_6.0.2/workspace/lpc800_driver_lib/Debug/liblpc800_driver_lib.a(lpc8xx_i2c.o)
                0x00000000000008e0                I2C_CheckIdle
 .text.I2C_MstSend
                0x00000000000008f8       0x80 /Users/take/Documents/LPCXpresso_6.0.2/workspace/lpc800_driver_lib/Debug/liblpc800_driver_lib.a(lpc8xx_i2c.o)
                0x00000000000008f8                I2C_MstSend
 .text.I2C_MstReceive
                0x0000000000000978       0x6c /Users/take/Documents/LPCXpresso_6.0.2/workspace/lpc800_driver_lib/Debug/liblpc800_driver_lib.a(lpc8xx_i2c.o)
                0x0000000000000978                I2C_MstReceive
 .text.I2C_MstSendRcv
                0x00000000000009e4       0xe4 /Users/take/Documents/LPCXpresso_6.0.2/workspace/lpc800_driver_lib/Debug/liblpc800_driver_lib.a(lpc8xx_i2c.o)
                0x00000000000009e4                I2C_MstSendRcv
 .text          0x0000000000000ac8       0x14 /Applications/lpcxpresso_6.0.2_151/lpcxpresso/tools/bin/../lib/gcc/arm-none-eabi/4.6.2/armv6-m/libgcc.a(_thumb1_case_uqi.o)
                0x0000000000000ac8                __gnu_thumb1_case_uqi
 .text          0x0000000000000adc       0x9c /Applications/lpcxpresso_6.0.2_151/lpcxpresso/tools/bin/../lib/gcc/arm-none-eabi/4.6.2/armv6-m/libgcc.a(_udivsi3.o)
                0x0000000000000adc                __udivsi3
                0x0000000000000adc                __aeabi_uidiv
                0x0000000000000b64                __aeabi_uidivmod
 .text          0x0000000000000b78       0xc0 /Applications/lpcxpresso_6.0.2_151/lpcxpresso/tools/bin/../lib/gcc/arm-none-eabi/4.6.2/armv6-m/libgcc.a(_divsi3.o)
                0x0000000000000b78                __aeabi_idiv
                0x0000000000000b78                __divsi3
                0x0000000000000c24                __aeabi_idivmod
 .text          0x0000000000000c38        0x4 /Applications/lpcxpresso_6.0.2_151/lpcxpresso/tools/bin/../lib/gcc/arm-none-eabi/4.6.2/armv6-m/libgcc.a(_dvmd_tls.o)
                0x0000000000000c38                __aeabi_ldiv0
                0x0000000000000c38                __aeabi_idiv0
 .text.__libc_init_array
                0x0000000000000c3c       0x44 /Applications/lpcxpresso_6.0.2_151/lpcxpresso/tools/bin/../lib/gcc/arm-none-eabi/4.6.2/../../../../arm-none-eabi/lib/armv6-m/libc.a(lib_a-init.o)
                0x0000000000000c3c                __libc_init_array
 .text          0x0000000000000c80       0x60 /Applications/lpcxpresso_6.0.2_151/lpcxpresso/tools/bin/../lib/gcc/arm-none-eabi/4.6.2/armv6-m/crtbegin.o
 *(.rodata .rodata.*)
 .rodata._ZTV16SoftSerialTxOnly
                0x0000000000000ce0       0x18 ./src/userlib/SoftSerialTxOnly.o
                0x0000000000000ce0                _ZTV16SoftSerialTxOnly
 .rodata.str1.1
                0x0000000000000cf8       0x13 ./src/SoftSerialTx.o
 *fill*         0x0000000000000d0b        0x1 00
 .rodata.CSWTCH.6
                0x0000000000000d0c       0x3c /Users/take/Documents/LPCXpresso_6.0.2/workspace/CMSIS_CORE_LPC8xx/Debug/libCMSIS_CORE_LPC8xx.a(system_LPC8xx.o)
                0x0000000000000d48                . = ALIGN (0x4)
                0x0000000000000d48                . = ALIGN (0x4)
 *(.init)
 .init          0x0000000000000d48        0x4 /Applications/lpcxpresso_6.0.2_151/lpcxpresso/tools/bin/../lib/gcc/arm-none-eabi/4.6.2/armv6-m/crti.o
                0x0000000000000d48                _init
 .init          0x0000000000000d4c        0x8 /Applications/lpcxpresso_6.0.2_151/lpcxpresso/tools/bin/../lib/gcc/arm-none-eabi/4.6.2/armv6-m/crtn.o
                0x0000000000000d54                . = ALIGN (0x4)
                0x0000000000000d54                __preinit_array_start = .
 *(.preinit_array)
                0x0000000000000d54                __preinit_array_end = .
                0x0000000000000d54                . = ALIGN (0x4)
                0x0000000000000d54                __init_array_start = .
 *(SORT(.init_array.*))
 *(.init_array)
 .init_array    0x0000000000000d54        0x4 /Applications/lpcxpresso_6.0.2_151/lpcxpresso/tools/bin/../lib/gcc/arm-none-eabi/4.6.2/armv6-m/crtbegin.o
                0x0000000000000d58                __init_array_end = .
 *(.fini)
 .fini          0x0000000000000d58        0x4 /Applications/lpcxpresso_6.0.2_151/lpcxpresso/tools/bin/../lib/gcc/arm-none-eabi/4.6.2/armv6-m/crti.o
                0x0000000000000d58                _fini
 .fini          0x0000000000000d5c        0x8 /Applications/lpcxpresso_6.0.2_151/lpcxpresso/tools/bin/../lib/gcc/arm-none-eabi/4.6.2/armv6-m/crtn.o
                0x0000000000000d64                . = ALIGN (0x4)
 *crtbegin.o(.ctors)
 *(EXCLUDE_FILE(*crtend.o) .ctors)
 *(SORT(.ctors.*))
 *crtend.o(.ctors)
                0x0000000000000d64                . = ALIGN (0x4)
 *crtbegin.o(.dtors)
 *(EXCLUDE_FILE(*crtend.o) .dtors)
 *(SORT(.dtors.*))
 *crtend.o(.dtors)

.glue_7         0x0000000000000d64        0x0
 .glue_7        0x0000000000000000        0x0 linker stubs

.glue_7t        0x0000000000000d64        0x0
 .glue_7t       0x0000000000000000        0x0 linker stubs

.vfp11_veneer   0x0000000000000d64        0x0
 .vfp11_veneer  0x0000000000000000        0x0 linker stubs

.v4_bx          0x0000000000000d64        0x0
 .v4_bx         0x0000000000000000        0x0 linker stubs

.eh_frame       0x0000000000000d64        0x0
 .eh_frame      0x0000000000000d64        0x0 /Applications/lpcxpresso_6.0.2_151/lpcxpresso/tools/bin/../lib/gcc/arm-none-eabi/4.6.2/armv6-m/crtbegin.o

.ARM.extab
 *(.ARM.extab* .gnu.linkonce.armextab.*)
                0x0000000000000d64                __exidx_start = .

.ARM.exidx
 *(.ARM.exidx* .gnu.linkonce.armexidx.*)
                0x0000000000000d64                __exidx_end = .
                0x0000000000000d64                _etext = .

.uninit_RESERVED
                0x0000000010000000        0x0
 *(.bss.$RESERVED*)
                0x0000000010000000                . = ALIGN (0x4)
                0x0000000010000000                _end_uninit_RESERVED = .

.data           0x0000000010000000        0x4 load address 0x0000000000000d64
 FILL mask 0xff
                0x0000000010000000                _data = .
 *(vtable)
 *(.data*)
 .data.SystemCoreClock
                0x0000000010000000        0x4 /Users/take/Documents/LPCXpresso_6.0.2/workspace/CMSIS_CORE_LPC8xx/Debug/libCMSIS_CORE_LPC8xx.a(system_LPC8xx.o)
                0x0000000010000000                SystemCoreClock
                0x0000000010000004                . = ALIGN (0x4)
                0x0000000010000004                _edata = .

.jcr            0x0000000010000004        0x0 load address 0x0000000000000d68
 .jcr           0x0000000010000004        0x0 /Applications/lpcxpresso_6.0.2_151/lpcxpresso/tools/bin/../lib/gcc/arm-none-eabi/4.6.2/armv6-m/crtbegin.o

.bss            0x0000000010000004      0x1b4 load address 0x0000000000000d68
                0x0000000010000004                _bss = .
 *(.bss*)
 .bss.I2CMasterRXBuffer
                0x0000000010000004       0x10 ./src/lbed/I2C.o
                0x0000000010000004                I2CMasterRXBuffer
 .bss.I2CMasterTXBuffer
                0x0000000010000014       0x10 ./src/lbed/I2C.o
                0x0000000010000014                I2CMasterTXBuffer
 .bss.I2CSlaveRXBuffer
                0x0000000010000024       0x10 ./src/lbed/I2C.o
                0x0000000010000024                I2CSlaveRXBuffer
 .bss.I2CSlaveTXBuffer
                0x0000000010000034       0x10 ./src/lbed/I2C.o
                0x0000000010000034                I2CSlaveTXBuffer
 .bss.I2CMonBuffer
                0x0000000010000044      0x100 ./src/lbed/I2C.o
                0x0000000010000044                I2CMonBuffer
 .bss.mstidle   0x0000000010000144        0x4 /Users/take/Documents/LPCXpresso_6.0.2/workspace/lpc800_driver_lib/Debug/liblpc800_driver_lib.a(lpc8xx_i2c.o)
                0x0000000010000144                mstidle
 .bss.I2CInterruptCount
                0x0000000010000148        0x4 /Users/take/Documents/LPCXpresso_6.0.2/workspace/lpc800_driver_lib/Debug/liblpc800_driver_lib.a(lpc8xx_i2c.o)
                0x0000000010000148                I2CInterruptCount
 .bss.I2CARBLossCount
                0x000000001000014c        0x4 /Users/take/Documents/LPCXpresso_6.0.2/workspace/lpc800_driver_lib/Debug/liblpc800_driver_lib.a(lpc8xx_i2c.o)
                0x000000001000014c                I2CARBLossCount
 .bss.I2CSlvDeselectedCount
                0x0000000010000150        0x4 /Users/take/Documents/LPCXpresso_6.0.2/workspace/lpc800_driver_lib/Debug/liblpc800_driver_lib.a(lpc8xx_i2c.o)
                0x0000000010000150                I2CSlvDeselectedCount
 .bss.I2CSlvTXCount
                0x0000000010000154        0x4 /Users/take/Documents/LPCXpresso_6.0.2/workspace/lpc800_driver_lib/Debug/liblpc800_driver_lib.a(lpc8xx_i2c.o)
                0x0000000010000154                I2CSlvTXCount
 .bss.I2CMstIdleCount
                0x0000000010000158        0x4 /Users/take/Documents/LPCXpresso_6.0.2/workspace/lpc800_driver_lib/Debug/liblpc800_driver_lib.a(lpc8xx_i2c.o)
                0x0000000010000158                I2CMstIdleCount
 .bss.slvtxrdy  0x000000001000015c        0x4 /Users/take/Documents/LPCXpresso_6.0.2/workspace/lpc800_driver_lib/Debug/liblpc800_driver_lib.a(lpc8xx_i2c.o)
                0x000000001000015c                slvtxrdy
 .bss.I2CMstNACKTXCount
                0x0000000010000160        0x4 /Users/take/Documents/LPCXpresso_6.0.2/workspace/lpc800_driver_lib/Debug/liblpc800_driver_lib.a(lpc8xx_i2c.o)
                0x0000000010000160                I2CMstNACKTXCount
 .bss.RetryCount
                0x0000000010000164        0x4 /Users/take/Documents/LPCXpresso_6.0.2/workspace/lpc800_driver_lib/Debug/liblpc800_driver_lib.a(lpc8xx_i2c.o)
                0x0000000010000164                RetryCount
 .bss.I2CSlvAddrCount
                0x0000000010000168        0x4 /Users/take/Documents/LPCXpresso_6.0.2/workspace/lpc800_driver_lib/Debug/liblpc800_driver_lib.a(lpc8xx_i2c.o)
                0x0000000010000168                I2CSlvAddrCount
 .bss.I2CMstNACKAddrCount
                0x000000001000016c        0x4 /Users/take/Documents/LPCXpresso_6.0.2/workspace/lpc800_driver_lib/Debug/liblpc800_driver_lib.a(lpc8xx_i2c.o)
                0x000000001000016c                I2CMstNACKAddrCount
 .bss.slvrxrdy  0x0000000010000170        0x4 /Users/take/Documents/LPCXpresso_6.0.2/workspace/lpc800_driver_lib/Debug/liblpc800_driver_lib.a(lpc8xx_i2c.o)
                0x0000000010000170                slvrxrdy
 .bss.mstrxrdy  0x0000000010000174        0x4 /Users/take/Documents/LPCXpresso_6.0.2/workspace/lpc800_driver_lib/Debug/liblpc800_driver_lib.a(lpc8xx_i2c.o)
                0x0000000010000174                mstrxrdy
 .bss.slvaddrrcvd
                0x0000000010000178        0x4 /Users/take/Documents/LPCXpresso_6.0.2/workspace/lpc800_driver_lib/Debug/liblpc800_driver_lib.a(lpc8xx_i2c.o)
                0x0000000010000178                slvaddrrcvd
 .bss.I2CMstSSErrCount
                0x000000001000017c        0x4 /Users/take/Documents/LPCXpresso_6.0.2/workspace/lpc800_driver_lib/Debug/liblpc800_driver_lib.a(lpc8xx_i2c.o)
                0x000000001000017c                I2CMstSSErrCount
 .bss.I2CSlvNotStrCount
                0x0000000010000180        0x4 /Users/take/Documents/LPCXpresso_6.0.2/workspace/lpc800_driver_lib/Debug/liblpc800_driver_lib.a(lpc8xx_i2c.o)
                0x0000000010000180                I2CSlvNotStrCount
 .bss.msttxrdy  0x0000000010000184        0x4 /Users/take/Documents/LPCXpresso_6.0.2/workspace/lpc800_driver_lib/Debug/liblpc800_driver_lib.a(lpc8xx_i2c.o)
                0x0000000010000184                msttxrdy
 .bss.I2CMstTXCount
                0x0000000010000188        0x4 /Users/take/Documents/LPCXpresso_6.0.2/workspace/lpc800_driver_lib/Debug/liblpc800_driver_lib.a(lpc8xx_i2c.o)
                0x0000000010000188                I2CMstTXCount
 .bss.I2CMstRXCount
                0x000000001000018c        0x4 /Users/take/Documents/LPCXpresso_6.0.2/workspace/lpc800_driver_lib/Debug/liblpc800_driver_lib.a(lpc8xx_i2c.o)
                0x000000001000018c                I2CMstRXCount
 .bss.I2CMonRXCount
                0x0000000010000190        0x4 /Users/take/Documents/LPCXpresso_6.0.2/workspace/lpc800_driver_lib/Debug/liblpc800_driver_lib.a(lpc8xx_i2c.o)
                0x0000000010000190                I2CMonRXCount
 .bss.I2CSlvRXCount
                0x0000000010000194        0x4 /Users/take/Documents/LPCXpresso_6.0.2/workspace/lpc800_driver_lib/Debug/liblpc800_driver_lib.a(lpc8xx_i2c.o)
                0x0000000010000194                I2CSlvRXCount
 .bss           0x0000000010000198       0x1c /Applications/lpcxpresso_6.0.2_151/lpcxpresso/tools/bin/../lib/gcc/arm-none-eabi/4.6.2/armv6-m/crtbegin.o
 *(COMMON)
 COMMON         0x00000000100001b4        0x4 /Users/take/Documents/LPCXpresso_6.0.2/workspace/lpc800_driver_lib/Debug/liblpc800_driver_lib.a(lpc8xx_i2c.o)
                0x00000000100001b4                I2CStatus
                0x00000000100001b8                . = ALIGN (0x4)
                0x00000000100001b8                _ebss = .
                0x00000000100001b8                PROVIDE (end, .)

.noinit         0x00000000100001b8        0x0 load address 0x0000000000000d68
                0x00000000100001b8                _noinit = .
 *(.noinit*)
                0x00000000100001b8                . = ALIGN (0x4)
                0x00000000100001b8                _end_noinit = .
                0x00000000100001b8                PROVIDE (_pvHeapStart, .)
                0x0000000010000400                PROVIDE (_vStackTop, (__top_RamLoc1 - 0x0))
OUTPUT(LBED_LPC810.axf elf32-littlearm)

.debug_info     0x0000000000000000     0x5644
 .debug_info    0x0000000000000000      0x8a7 ./src/userlib/AQCM0802.o
 .debug_info    0x00000000000008a7      0x3a1 ./src/userlib/LM73.o
 .debug_info    0x0000000000000c48      0x64e ./src/userlib/RTC8664.o
 .debug_info    0x0000000000001296      0x4fa ./src/userlib/SoftSerialTxOnly.o
 .debug_info    0x0000000000001790      0x3e6 ./src/lbed/DigitalIn.o
 .debug_info    0x0000000000001b76      0x461 ./src/lbed/DigitalOut.o
 .debug_info    0x0000000000001fd7      0xbf0 ./src/lbed/I2C.o
 .debug_info    0x0000000000002bc7      0x550 ./src/lbed/I2C_SwitchMatrix.o
 .debug_info    0x0000000000003117      0x9cd ./src/lbed/Print.o
 .debug_info    0x0000000000003ae4       0x5d ./src/lbed/lbed_setup.o
 .debug_info    0x0000000000003b41       0x42 ./src/lbed/pure_virtual.o
 .debug_info    0x0000000000003b83      0x186 ./src/lbed/wait_api.o
 .debug_info    0x0000000000003d09      0x2fc ./src/SoftSerialTx.o
 .debug_info    0x0000000000004005      0x1bc ./src/cr_cpp_config.o
 .debug_info    0x00000000000041c1      0x247 ./src/cr_startup_lpc8xx.o
 .debug_info    0x0000000000004408       0x48 ./src/crp.o
 .debug_info    0x0000000000004450       0x5a ./src/mtb.o
 .debug_info    0x00000000000044aa      0x494 /Users/take/Documents/LPCXpresso_6.0.2/workspace/CMSIS_CORE_LPC8xx/Debug/libCMSIS_CORE_LPC8xx.a(system_LPC8xx.o)
 .debug_info    0x000000000000493e      0xd06 /Users/take/Documents/LPCXpresso_6.0.2/workspace/lpc800_driver_lib/Debug/liblpc800_driver_lib.a(lpc8xx_i2c.o)

.debug_abbrev   0x0000000000000000     0x1ae2
 .debug_abbrev  0x0000000000000000      0x2f8 ./src/userlib/AQCM0802.o
 .debug_abbrev  0x00000000000002f8      0x1e9 ./src/userlib/LM73.o
 .debug_abbrev  0x00000000000004e1      0x1ee ./src/userlib/RTC8664.o
 .debug_abbrev  0x00000000000006cf      0x276 ./src/userlib/SoftSerialTxOnly.o
 .debug_abbrev  0x0000000000000945      0x1d2 ./src/lbed/DigitalIn.o
 .debug_abbrev  0x0000000000000b17      0x1ea ./src/lbed/DigitalOut.o
 .debug_abbrev  0x0000000000000d01      0x23d ./src/lbed/I2C.o
 .debug_abbrev  0x0000000000000f3e       0xdd ./src/lbed/I2C_SwitchMatrix.o
 .debug_abbrev  0x000000000000101b      0x278 ./src/lbed/Print.o
 .debug_abbrev  0x0000000000001293       0x4e ./src/lbed/lbed_setup.o
 .debug_abbrev  0x00000000000012e1       0x2b ./src/lbed/pure_virtual.o
 .debug_abbrev  0x000000000000130c       0xf8 ./src/lbed/wait_api.o
 .debug_abbrev  0x0000000000001404      0x167 ./src/SoftSerialTx.o
 .debug_abbrev  0x000000000000156b       0xfb ./src/cr_cpp_config.o
 .debug_abbrev  0x0000000000001666      0x100 ./src/cr_startup_lpc8xx.o
 .debug_abbrev  0x0000000000001766       0x39 ./src/crp.o
 .debug_abbrev  0x000000000000179f       0x44 ./src/mtb.o
 .debug_abbrev  0x00000000000017e3       0xe3 /Users/take/Documents/LPCXpresso_6.0.2/workspace/CMSIS_CORE_LPC8xx/Debug/libCMSIS_CORE_LPC8xx.a(system_LPC8xx.o)
 .debug_abbrev  0x00000000000018c6      0x21c /Users/take/Documents/LPCXpresso_6.0.2/workspace/lpc800_driver_lib/Debug/liblpc800_driver_lib.a(lpc8xx_i2c.o)

.debug_loc      0x0000000000000000     0x2360
 .debug_loc     0x0000000000000000      0x33f ./src/userlib/AQCM0802.o
 .debug_loc     0x000000000000033f       0xf7 ./src/userlib/LM73.o
 .debug_loc     0x0000000000000436      0x2e5 ./src/userlib/RTC8664.o
 .debug_loc     0x000000000000071b      0x1c6 ./src/userlib/SoftSerialTxOnly.o
 .debug_loc     0x00000000000008e1       0xa2 ./src/lbed/DigitalIn.o
 .debug_loc     0x0000000000000983       0xf3 ./src/lbed/DigitalOut.o
 .debug_loc     0x0000000000000a76      0x241 ./src/lbed/I2C.o
 .debug_loc     0x0000000000000cb7      0xb45 ./src/lbed/Print.o
 .debug_loc     0x00000000000017fc       0x20 ./src/lbed/lbed_setup.o
 .debug_loc     0x000000000000181c       0x20 ./src/lbed/pure_virtual.o
 .debug_loc     0x000000000000183c       0xb0 ./src/lbed/wait_api.o
 .debug_loc     0x00000000000018ec       0x3e ./src/SoftSerialTx.o
 .debug_loc     0x000000000000192a       0xff ./src/cr_cpp_config.o
 .debug_loc     0x0000000000001a29      0x28f ./src/cr_startup_lpc8xx.o
 .debug_loc     0x0000000000001cb8       0x5f /Users/take/Documents/LPCXpresso_6.0.2/workspace/CMSIS_CORE_LPC8xx/Debug/libCMSIS_CORE_LPC8xx.a(system_LPC8xx.o)
 .debug_loc     0x0000000000001d17      0x649 /Users/take/Documents/LPCXpresso_6.0.2/workspace/lpc800_driver_lib/Debug/liblpc800_driver_lib.a(lpc8xx_i2c.o)

.debug_aranges  0x0000000000000000      0x470
 .debug_aranges
                0x0000000000000000       0x80 ./src/userlib/AQCM0802.o
 .debug_aranges
                0x0000000000000080       0x30 ./src/userlib/LM73.o
 .debug_aranges
                0x00000000000000b0       0x58 ./src/userlib/RTC8664.o
 .debug_aranges
                0x0000000000000108       0x38 ./src/userlib/SoftSerialTxOnly.o
 .debug_aranges
                0x0000000000000140       0x38 ./src/lbed/DigitalIn.o
 .debug_aranges
                0x0000000000000178       0x38 ./src/lbed/DigitalOut.o
 .debug_aranges
                0x00000000000001b0       0x38 ./src/lbed/I2C.o
 .debug_aranges
                0x00000000000001e8       0x20 ./src/lbed/I2C_SwitchMatrix.o
 .debug_aranges
                0x0000000000000208       0x88 ./src/lbed/Print.o
 .debug_aranges
                0x0000000000000290       0x20 ./src/lbed/lbed_setup.o
 .debug_aranges
                0x00000000000002b0       0x20 ./src/lbed/pure_virtual.o
 .debug_aranges
                0x00000000000002d0       0x30 ./src/lbed/wait_api.o
 .debug_aranges
                0x0000000000000300       0x20 ./src/SoftSerialTx.o
 .debug_aranges
                0x0000000000000320       0x48 ./src/cr_cpp_config.o
 .debug_aranges
                0x0000000000000368       0x60 ./src/cr_startup_lpc8xx.o
 .debug_aranges
                0x00000000000003c8       0x28 /Users/take/Documents/LPCXpresso_6.0.2/workspace/CMSIS_CORE_LPC8xx/Debug/libCMSIS_CORE_LPC8xx.a(system_LPC8xx.o)
 .debug_aranges
                0x00000000000003f0       0x80 /Users/take/Documents/LPCXpresso_6.0.2/workspace/lpc800_driver_lib/Debug/liblpc800_driver_lib.a(lpc8xx_i2c.o)

.debug_ranges   0x0000000000000000      0x4a8
 .debug_ranges  0x0000000000000000       0xa8 ./src/userlib/AQCM0802.o
 .debug_ranges  0x00000000000000a8       0x38 ./src/userlib/LM73.o
 .debug_ranges  0x00000000000000e0       0x78 ./src/userlib/RTC8664.o
 .debug_ranges  0x0000000000000158       0x68 ./src/userlib/SoftSerialTxOnly.o
 .debug_ranges  0x00000000000001c0       0x28 ./src/lbed/DigitalIn.o
 .debug_ranges  0x00000000000001e8       0x28 ./src/lbed/DigitalOut.o
 .debug_ranges  0x0000000000000210       0x40 ./src/lbed/I2C.o
 .debug_ranges  0x0000000000000250       0x10 ./src/lbed/I2C_SwitchMatrix.o
 .debug_ranges  0x0000000000000260       0xe8 ./src/lbed/Print.o
 .debug_ranges  0x0000000000000348       0x10 ./src/lbed/lbed_setup.o
 .debug_ranges  0x0000000000000358       0x10 ./src/lbed/pure_virtual.o
 .debug_ranges  0x0000000000000368       0x20 ./src/lbed/wait_api.o
 .debug_ranges  0x0000000000000388       0x10 ./src/SoftSerialTx.o
 .debug_ranges  0x0000000000000398       0x38 ./src/cr_cpp_config.o
 .debug_ranges  0x00000000000003d0       0x50 ./src/cr_startup_lpc8xx.o
 .debug_ranges  0x0000000000000420       0x18 /Users/take/Documents/LPCXpresso_6.0.2/workspace/CMSIS_CORE_LPC8xx/Debug/libCMSIS_CORE_LPC8xx.a(system_LPC8xx.o)
 .debug_ranges  0x0000000000000438       0x70 /Users/take/Documents/LPCXpresso_6.0.2/workspace/lpc800_driver_lib/Debug/liblpc800_driver_lib.a(lpc8xx_i2c.o)

.debug_line     0x0000000000000000     0x352b
 .debug_line    0x0000000000000000      0x1ed ./src/userlib/AQCM0802.o
 .debug_line    0x00000000000001ed       0xf9 ./src/userlib/LM73.o
 .debug_line    0x00000000000002e6      0x17c ./src/userlib/RTC8664.o
 .debug_line    0x0000000000000462      0x3db ./src/userlib/SoftSerialTxOnly.o
 .debug_line    0x000000000000083d      0x3e1 ./src/lbed/DigitalIn.o
 .debug_line    0x0000000000000c1e      0x3e5 ./src/lbed/DigitalOut.o
 .debug_line    0x0000000000001003      0x418 ./src/lbed/I2C.o
 .debug_line    0x000000000000141b      0x2ec ./src/lbed/I2C_SwitchMatrix.o
 .debug_line    0x0000000000001707      0x36e ./src/lbed/Print.o
 .debug_line    0x0000000000001a75       0x48 ./src/lbed/lbed_setup.o
 .debug_line    0x0000000000001abd       0x4a ./src/lbed/pure_virtual.o
 .debug_line    0x0000000000001b07      0x34f ./src/lbed/wait_api.o
 .debug_line    0x0000000000001e56      0x3e1 ./src/SoftSerialTx.o
 .debug_line    0x0000000000002237      0x5d1 ./src/cr_cpp_config.o
 .debug_line    0x0000000000002808       0xa4 ./src/cr_startup_lpc8xx.o
 .debug_line    0x00000000000028ac       0xb3 ./src/crp.o
 .debug_line    0x000000000000295f       0xd0 ./src/mtb.o
 .debug_line    0x0000000000002a2f      0x40c /Users/take/Documents/LPCXpresso_6.0.2/workspace/CMSIS_CORE_LPC8xx/Debug/libCMSIS_CORE_LPC8xx.a(system_LPC8xx.o)
 .debug_line    0x0000000000002e3b      0x6f0 /Users/take/Documents/LPCXpresso_6.0.2/workspace/lpc800_driver_lib/Debug/liblpc800_driver_lib.a(lpc8xx_i2c.o)

.debug_macinfo  0x0000000000000000    0x425d9
 .debug_macinfo
                0x0000000000000000     0x241f ./src/userlib/AQCM0802.o
 .debug_macinfo
                0x000000000000241f     0x23bd ./src/userlib/LM73.o
 .debug_macinfo
                0x00000000000047dc     0x24b5 ./src/userlib/RTC8664.o
 .debug_macinfo
                0x0000000000006c91     0x4527 ./src/userlib/SoftSerialTxOnly.o
 .debug_macinfo
                0x000000000000b1b8     0x47cd ./src/lbed/DigitalIn.o
 .debug_macinfo
                0x000000000000f985     0x47cd ./src/lbed/DigitalOut.o
 .debug_macinfo
                0x0000000000014152     0x4a24 ./src/lbed/I2C.o
 .debug_macinfo
                0x0000000000018b76     0x43ac ./src/lbed/I2C_SwitchMatrix.o
 .debug_macinfo
                0x000000000001cf22     0x2466 ./src/lbed/Print.o
 .debug_macinfo
                0x000000000001f388     0x2267 ./src/lbed/lbed_setup.o
 .debug_macinfo
                0x00000000000215ef     0x22b5 ./src/lbed/pure_virtual.o
 .debug_macinfo
                0x00000000000238a4     0x43c3 ./src/lbed/wait_api.o
 .debug_macinfo
                0x0000000000027c67     0x48ad ./src/SoftSerialTx.o
 .debug_macinfo
                0x000000000002c514     0x4283 ./src/cr_cpp_config.o
 .debug_macinfo
                0x0000000000030797     0x2301 ./src/cr_startup_lpc8xx.o
 .debug_macinfo
                0x0000000000032a98     0x2349 ./src/crp.o
 .debug_macinfo
                0x0000000000034de1     0x26bb ./src/mtb.o
 .debug_macinfo
                0x000000000003749c     0x5731 /Users/take/Documents/LPCXpresso_6.0.2/workspace/CMSIS_CORE_LPC8xx/Debug/libCMSIS_CORE_LPC8xx.a(system_LPC8xx.o)
 .debug_macinfo
                0x000000000003cbcd     0x5a0c /Users/take/Documents/LPCXpresso_6.0.2/workspace/lpc800_driver_lib/Debug/liblpc800_driver_lib.a(lpc8xx_i2c.o)

.debug_str      0x0000000000000000     0x170e
 .debug_str     0x0000000000000000      0x2d3 ./src/userlib/AQCM0802.o
                                        0x304 (size before relaxing)
 .debug_str     0x00000000000002d3       0x49 ./src/userlib/LM73.o
                                        0x19a (size before relaxing)
 .debug_str     0x000000000000031c      0x132 ./src/userlib/RTC8664.o
                                        0x290 (size before relaxing)
 .debug_str     0x000000000000044e      0x192 ./src/userlib/SoftSerialTxOnly.o
                                        0x291 (size before relaxing)
 .debug_str     0x00000000000005e0      0x10d ./src/lbed/DigitalIn.o
                                        0x250 (size before relaxing)
 .debug_str     0x00000000000006ed       0x1b ./src/lbed/DigitalOut.o
                                        0x2a5 (size before relaxing)
 .debug_str     0x0000000000000708      0x43a ./src/lbed/I2C.o
                                        0x6ad (size before relaxing)
 .debug_str     0x0000000000000b42       0x7e ./src/lbed/I2C_SwitchMatrix.o
                                        0x3d3 (size before relaxing)
 .debug_str     0x0000000000000bc0      0x216 ./src/lbed/Print.o
                                        0x2d4 (size before relaxing)
 .debug_str     0x0000000000000dd6       0x2e ./src/lbed/lbed_setup.o
                                         0xa4 (size before relaxing)
 .debug_str     0x0000000000000e04       0x30 ./src/lbed/pure_virtual.o
                                         0xa8 (size before relaxing)
 .debug_str     0x0000000000000e34       0x5c ./src/lbed/wait_api.o
                                        0x16e (size before relaxing)
 .debug_str     0x0000000000000e90       0x22 ./src/SoftSerialTx.o
                                        0x20c (size before relaxing)
 .debug_str     0x0000000000000eb2       0xf9 ./src/cr_cpp_config.o
                                        0x1ff (size before relaxing)
 .debug_str     0x0000000000000fab      0x14f ./src/cr_startup_lpc8xx.o
                                        0x1da (size before relaxing)
 .debug_str     0x00000000000010fa       0x16 ./src/crp.o
                                         0x99 (size before relaxing)
 .debug_str     0x0000000000001110       0x1c ./src/mtb.o
                                         0xa4 (size before relaxing)
 .debug_str     0x000000000000112c       0x89 /Users/take/Documents/LPCXpresso_6.0.2/workspace/CMSIS_CORE_LPC8xx/Debug/libCMSIS_CORE_LPC8xx.a(system_LPC8xx.o)
                                        0x377 (size before relaxing)
 .debug_str     0x00000000000011b5      0x559 /Users/take/Documents/LPCXpresso_6.0.2/workspace/lpc800_driver_lib/Debug/liblpc800_driver_lib.a(lpc8xx_i2c.o)
                                        0x73f (size before relaxing)

.comment        0x0000000000000000       0x70
 .comment       0x0000000000000000       0x70 ./src/userlib/AQCM0802.o
                                         0x71 (size before relaxing)
 .comment       0x0000000000000000       0x71 ./src/userlib/LM73.o
 .comment       0x0000000000000000       0x71 ./src/userlib/RTC8664.o
 .comment       0x0000000000000000       0x71 ./src/userlib/SoftSerialTxOnly.o
 .comment       0x0000000000000000       0x71 ./src/lbed/DigitalIn.o
 .comment       0x0000000000000000       0x71 ./src/lbed/DigitalOut.o
 .comment       0x0000000000000000       0x71 ./src/lbed/I2C.o
 .comment       0x0000000000000000       0x71 ./src/lbed/I2C_SwitchMatrix.o
 .comment       0x0000000000000000       0x71 ./src/lbed/Print.o
 .comment       0x0000000000000000       0x71 ./src/lbed/lbed_setup.o
 .comment       0x0000000000000000       0x71 ./src/lbed/pure_virtual.o
 .comment       0x0000000000000000       0x71 ./src/lbed/wait_api.o
 .comment       0x0000000000000000       0x71 ./src/SoftSerialTx.o
 .comment       0x0000000000000000       0x71 ./src/cr_cpp_config.o
 .comment       0x0000000000000000       0x71 ./src/cr_startup_lpc8xx.o
 .comment       0x0000000000000000       0x71 ./src/crp.o
 .comment       0x0000000000000000       0x71 ./src/mtb.o
 .comment       0x0000000000000000       0x71 /Users/take/Documents/LPCXpresso_6.0.2/workspace/CMSIS_CORE_LPC8xx/Debug/libCMSIS_CORE_LPC8xx.a(system_LPC8xx.o)
 .comment       0x0000000000000000       0x71 /Users/take/Documents/LPCXpresso_6.0.2/workspace/lpc800_driver_lib/Debug/liblpc800_driver_lib.a(lpc8xx_i2c.o)

.ARM.attributes
                0x0000000000000000       0x31
 .ARM.attributes
                0x0000000000000000       0x31 ./src/userlib/AQCM0802.o
 .ARM.attributes
                0x0000000000000031       0x31 ./src/userlib/LM73.o
 .ARM.attributes
                0x0000000000000062       0x31 ./src/userlib/RTC8664.o
 .ARM.attributes
                0x0000000000000093       0x31 ./src/userlib/SoftSerialTxOnly.o
 .ARM.attributes
                0x00000000000000c4       0x31 ./src/lbed/DigitalIn.o
 .ARM.attributes
                0x00000000000000f5       0x31 ./src/lbed/DigitalOut.o
 .ARM.attributes
                0x0000000000000126       0x31 ./src/lbed/I2C.o
 .ARM.attributes
                0x0000000000000157       0x31 ./src/lbed/I2C_SwitchMatrix.o
 .ARM.attributes
                0x0000000000000188       0x31 ./src/lbed/Print.o
 .ARM.attributes
                0x00000000000001b9       0x31 ./src/lbed/lbed_setup.o
 .ARM.attributes
                0x00000000000001ea       0x31 ./src/lbed/pure_virtual.o
 .ARM.attributes
                0x000000000000021b       0x31 ./src/lbed/wait_api.o
 .ARM.attributes
                0x000000000000024c       0x31 ./src/SoftSerialTx.o
 .ARM.attributes
                0x000000000000027d       0x31 ./src/cr_cpp_config.o
 .ARM.attributes
                0x00000000000002ae       0x31 ./src/cr_startup_lpc8xx.o
 .ARM.attributes
                0x00000000000002df       0x31 ./src/crp.o
 .ARM.attributes
                0x0000000000000310       0x31 ./src/mtb.o
 .ARM.attributes
                0x0000000000000341       0x31 /Users/take/Documents/LPCXpresso_6.0.2/workspace/CMSIS_CORE_LPC8xx/Debug/libCMSIS_CORE_LPC8xx.a(system_LPC8xx.o)
 .ARM.attributes
                0x0000000000000372       0x31 /Users/take/Documents/LPCXpresso_6.0.2/workspace/lpc800_driver_lib/Debug/liblpc800_driver_lib.a(lpc8xx_i2c.o)
 .ARM.attributes
                0x00000000000003a3       0x1e /Applications/lpcxpresso_6.0.2_151/lpcxpresso/tools/bin/../lib/gcc/arm-none-eabi/4.6.2/armv6-m/libgcc.a(_thumb1_case_uqi.o)
 .ARM.attributes
                0x00000000000003c1       0x1e /Applications/lpcxpresso_6.0.2_151/lpcxpresso/tools/bin/../lib/gcc/arm-none-eabi/4.6.2/armv6-m/libgcc.a(_udivsi3.o)
 .ARM.attributes
                0x00000000000003df       0x1e /Applications/lpcxpresso_6.0.2_151/lpcxpresso/tools/bin/../lib/gcc/arm-none-eabi/4.6.2/armv6-m/libgcc.a(_divsi3.o)
 .ARM.attributes
                0x00000000000003fd       0x1e /Applications/lpcxpresso_6.0.2_151/lpcxpresso/tools/bin/../lib/gcc/arm-none-eabi/4.6.2/armv6-m/libgcc.a(_dvmd_tls.o)
 .ARM.attributes
                0x000000000000041b       0x1e /Applications/lpcxpresso_6.0.2_151/lpcxpresso/tools/bin/../lib/gcc/arm-none-eabi/4.6.2/armv6-m/libgcc.a(_arm_cmpdf2.o)
 .ARM.attributes
                0x0000000000000439       0x2c /Applications/lpcxpresso_6.0.2_151/lpcxpresso/tools/bin/../lib/gcc/arm-none-eabi/4.6.2/armv6-m/libgcc.a(_fixunsdfsi.o)
 .ARM.attributes
                0x0000000000000465       0x2c /Applications/lpcxpresso_6.0.2_151/lpcxpresso/tools/bin/../lib/gcc/arm-none-eabi/4.6.2/armv6-m/libgcc.a(adddf3.o)
 .ARM.attributes
                0x0000000000000491       0x2c /Applications/lpcxpresso_6.0.2_151/lpcxpresso/tools/bin/../lib/gcc/arm-none-eabi/4.6.2/armv6-m/libgcc.a(divdf3.o)
 .ARM.attributes
                0x00000000000004bd       0x2c /Applications/lpcxpresso_6.0.2_151/lpcxpresso/tools/bin/../lib/gcc/arm-none-eabi/4.6.2/armv6-m/libgcc.a(eqdf2.o)
 .ARM.attributes
                0x00000000000004e9       0x2c /Applications/lpcxpresso_6.0.2_151/lpcxpresso/tools/bin/../lib/gcc/arm-none-eabi/4.6.2/armv6-m/libgcc.a(gedf2.o)
 .ARM.attributes
                0x0000000000000515       0x2c /Applications/lpcxpresso_6.0.2_151/lpcxpresso/tools/bin/../lib/gcc/arm-none-eabi/4.6.2/armv6-m/libgcc.a(ledf2.o)
 .ARM.attributes
                0x0000000000000541       0x2c /Applications/lpcxpresso_6.0.2_151/lpcxpresso/tools/bin/../lib/gcc/arm-none-eabi/4.6.2/armv6-m/libgcc.a(muldf3.o)
 .ARM.attributes
                0x000000000000056d       0x2c /Applications/lpcxpresso_6.0.2_151/lpcxpresso/tools/bin/../lib/gcc/arm-none-eabi/4.6.2/armv6-m/libgcc.a(subdf3.o)
 .ARM.attributes
                0x0000000000000599       0x2c /Applications/lpcxpresso_6.0.2_151/lpcxpresso/tools/bin/../lib/gcc/arm-none-eabi/4.6.2/armv6-m/libgcc.a(fixdfsi.o)
 .ARM.attributes
                0x00000000000005c5       0x2c /Applications/lpcxpresso_6.0.2_151/lpcxpresso/tools/bin/../lib/gcc/arm-none-eabi/4.6.2/armv6-m/libgcc.a(floatsidf.o)
 .ARM.attributes
                0x00000000000005f1       0x2c /Applications/lpcxpresso_6.0.2_151/lpcxpresso/tools/bin/../lib/gcc/arm-none-eabi/4.6.2/armv6-m/libgcc.a(floatunsidf.o)
 .ARM.attributes
                0x000000000000061d       0x1e /Applications/lpcxpresso_6.0.2_151/lpcxpresso/tools/bin/../lib/gcc/arm-none-eabi/4.6.2/armv6-m/libgcc.a(_clzsi2.o)
 .ARM.attributes
                0x000000000000063b       0x2c /Applications/lpcxpresso_6.0.2_151/lpcxpresso/tools/bin/../lib/gcc/arm-none-eabi/4.6.2/../../../../arm-none-eabi/lib/armv6-m/libc.a(lib_a-init.o)
 .ARM.attributes
                0x0000000000000667       0x2c /Applications/lpcxpresso_6.0.2_151/lpcxpresso/tools/bin/../lib/gcc/arm-none-eabi/4.6.2/../../../../arm-none-eabi/lib/armv6-m/libc.a(lib_a-malloc.o)
 .ARM.attributes
                0x0000000000000693       0x2c /Applications/lpcxpresso_6.0.2_151/lpcxpresso/tools/bin/../lib/gcc/arm-none-eabi/4.6.2/../../../../arm-none-eabi/lib/armv6-m/libc.a(lib_a-mallocr.o)
 .ARM.attributes
                0x00000000000006bf       0x2c /Applications/lpcxpresso_6.0.2_151/lpcxpresso/tools/bin/../lib/gcc/arm-none-eabi/4.6.2/../../../../arm-none-eabi/lib/armv6-m/libc.a(lib_a-mlock.o)
 .ARM.attributes
                0x00000000000006eb       0x2c /Applications/lpcxpresso_6.0.2_151/lpcxpresso/tools/bin/../lib/gcc/arm-none-eabi/4.6.2/../../../../arm-none-eabi/lib/armv6-m/libc.a(lib_a-sbrkr.o)
 .ARM.attributes
                0x0000000000000717       0x2c /Applications/lpcxpresso_6.0.2_151/lpcxpresso/tools/bin/../lib/gcc/arm-none-eabi/4.6.2/../../../../arm-none-eabi/lib/armv6-m/libc.a(lib_a-freer.o)
 .ARM.attributes
                0x0000000000000743       0x2c /Applications/lpcxpresso_6.0.2_151/lpcxpresso/tools/bin/../lib/gcc/arm-none-eabi/4.6.2/../../../../arm-none-eabi/lib/armv6-m/libc.a(lib_a-impure.o)
 .ARM.attributes
                0x000000000000076f       0x2c /Applications/lpcxpresso_6.0.2_151/lpcxpresso/tools/bin/../lib/gcc/arm-none-eabi/4.6.2/../../../../arm-none-eabi/lib/armv6-m/libc.a(lib_a-reent.o)
 .ARM.attributes
                0x000000000000079b       0x1e /Applications/lpcxpresso_6.0.2_151/lpcxpresso/tools/bin/../lib/gcc/arm-none-eabi/4.6.2/armv6-m/crti.o
 .ARM.attributes
                0x00000000000007b9       0x1e /Applications/lpcxpresso_6.0.2_151/lpcxpresso/tools/bin/../lib/gcc/arm-none-eabi/4.6.2/armv6-m/crtn.o
 .ARM.attributes
                0x00000000000007d7       0x2c /Applications/lpcxpresso_6.0.2_151/lpcxpresso/tools/bin/../lib/gcc/arm-none-eabi/4.6.2/armv6-m/crtbegin.o
 .ARM.attributes
                0x0000000000000803       0x2c /Applications/lpcxpresso_6.0.2_151/lpcxpresso/tools/bin/../lib/gcc/arm-none-eabi/4.6.2/armv6-m/crtend.o

.debug_frame    0x0000000000000000      0xe70
 .debug_frame   0x0000000000000000      0x138 ./src/userlib/AQCM0802.o
 .debug_frame   0x0000000000000138       0x64 ./src/userlib/LM73.o
 .debug_frame   0x000000000000019c       0xf4 ./src/userlib/RTC8664.o
 .debug_frame   0x0000000000000290       0x74 ./src/userlib/SoftSerialTxOnly.o
 .debug_frame   0x0000000000000304       0x60 ./src/lbed/DigitalIn.o
 .debug_frame   0x0000000000000364       0x68 ./src/lbed/DigitalOut.o
 .debug_frame   0x00000000000003cc       0x7c ./src/lbed/I2C.o
 .debug_frame   0x0000000000000448       0x20 ./src/lbed/I2C_SwitchMatrix.o
 .debug_frame   0x0000000000000468      0x19c ./src/lbed/Print.o
 .debug_frame   0x0000000000000604       0x28 ./src/lbed/lbed_setup.o
 .debug_frame   0x000000000000062c       0x28 ./src/lbed/pure_virtual.o
 .debug_frame   0x0000000000000654       0x5c ./src/lbed/wait_api.o
 .debug_frame   0x00000000000006b0       0x30 ./src/SoftSerialTx.o
 .debug_frame   0x00000000000006e0       0x98 ./src/cr_cpp_config.o
 .debug_frame   0x0000000000000778       0xec ./src/cr_startup_lpc8xx.o
 .debug_frame   0x0000000000000864       0x44 /Users/take/Documents/LPCXpresso_6.0.2/workspace/CMSIS_CORE_LPC8xx/Debug/libCMSIS_CORE_LPC8xx.a(system_LPC8xx.o)
 .debug_frame   0x00000000000008a8      0x190 /Users/take/Documents/LPCXpresso_6.0.2/workspace/lpc800_driver_lib/Debug/liblpc800_driver_lib.a(lpc8xx_i2c.o)
 .debug_frame   0x0000000000000a38       0x20 /Applications/lpcxpresso_6.0.2_151/lpcxpresso/tools/bin/../lib/gcc/arm-none-eabi/4.6.2/armv6-m/libgcc.a(_udivsi3.o)
 .debug_frame   0x0000000000000a58       0x20 /Applications/lpcxpresso_6.0.2_151/lpcxpresso/tools/bin/../lib/gcc/arm-none-eabi/4.6.2/armv6-m/libgcc.a(_divsi3.o)
 .debug_frame   0x0000000000000a78       0x2c /Applications/lpcxpresso_6.0.2_151/lpcxpresso/tools/bin/../lib/gcc/arm-none-eabi/4.6.2/armv6-m/libgcc.a(_fixunsdfsi.o)
 .debug_frame   0x0000000000000aa4       0x38 /Applications/lpcxpresso_6.0.2_151/lpcxpresso/tools/bin/../lib/gcc/arm-none-eabi/4.6.2/armv6-m/libgcc.a(adddf3.o)
 .debug_frame   0x0000000000000adc       0x3c /Applications/lpcxpresso_6.0.2_151/lpcxpresso/tools/bin/../lib/gcc/arm-none-eabi/4.6.2/armv6-m/libgcc.a(divdf3.o)
 .debug_frame   0x0000000000000b18       0x34 /Applications/lpcxpresso_6.0.2_151/lpcxpresso/tools/bin/../lib/gcc/arm-none-eabi/4.6.2/armv6-m/libgcc.a(eqdf2.o)
 .debug_frame   0x0000000000000b4c       0x34 /Applications/lpcxpresso_6.0.2_151/lpcxpresso/tools/bin/../lib/gcc/arm-none-eabi/4.6.2/armv6-m/libgcc.a(gedf2.o)
 .debug_frame   0x0000000000000b80       0x34 /Applications/lpcxpresso_6.0.2_151/lpcxpresso/tools/bin/../lib/gcc/arm-none-eabi/4.6.2/armv6-m/libgcc.a(ledf2.o)
 .debug_frame   0x0000000000000bb4       0x3c /Applications/lpcxpresso_6.0.2_151/lpcxpresso/tools/bin/../lib/gcc/arm-none-eabi/4.6.2/armv6-m/libgcc.a(muldf3.o)
 .debug_frame   0x0000000000000bf0       0x38 /Applications/lpcxpresso_6.0.2_151/lpcxpresso/tools/bin/../lib/gcc/arm-none-eabi/4.6.2/armv6-m/libgcc.a(subdf3.o)
 .debug_frame   0x0000000000000c28       0x2c /Applications/lpcxpresso_6.0.2_151/lpcxpresso/tools/bin/../lib/gcc/arm-none-eabi/4.6.2/armv6-m/libgcc.a(fixdfsi.o)
 .debug_frame   0x0000000000000c54       0x30 /Applications/lpcxpresso_6.0.2_151/lpcxpresso/tools/bin/../lib/gcc/arm-none-eabi/4.6.2/armv6-m/libgcc.a(floatsidf.o)
 .debug_frame   0x0000000000000c84       0x2c /Applications/lpcxpresso_6.0.2_151/lpcxpresso/tools/bin/../lib/gcc/arm-none-eabi/4.6.2/armv6-m/libgcc.a(floatunsidf.o)
 .debug_frame   0x0000000000000cb0       0x2c /Applications/lpcxpresso_6.0.2_151/lpcxpresso/tools/bin/../lib/gcc/arm-none-eabi/4.6.2/../../../../arm-none-eabi/lib/armv6-m/libc.a(lib_a-init.o)
 .debug_frame   0x0000000000000cdc       0x40 /Applications/lpcxpresso_6.0.2_151/lpcxpresso/tools/bin/../lib/gcc/arm-none-eabi/4.6.2/../../../../arm-none-eabi/lib/armv6-m/libc.a(lib_a-malloc.o)
 .debug_frame   0x0000000000000d1c       0x3c /Applications/lpcxpresso_6.0.2_151/lpcxpresso/tools/bin/../lib/gcc/arm-none-eabi/4.6.2/../../../../arm-none-eabi/lib/armv6-m/libc.a(lib_a-mallocr.o)
 .debug_frame   0x0000000000000d58       0x30 /Applications/lpcxpresso_6.0.2_151/lpcxpresso/tools/bin/../lib/gcc/arm-none-eabi/4.6.2/../../../../arm-none-eabi/lib/armv6-m/libc.a(lib_a-mlock.o)
 .debug_frame   0x0000000000000d88       0x2c /Applications/lpcxpresso_6.0.2_151/lpcxpresso/tools/bin/../lib/gcc/arm-none-eabi/4.6.2/../../../../arm-none-eabi/lib/armv6-m/libc.a(lib_a-sbrkr.o)
 .debug_frame   0x0000000000000db4       0x54 /Applications/lpcxpresso_6.0.2_151/lpcxpresso/tools/bin/../lib/gcc/arm-none-eabi/4.6.2/../../../../arm-none-eabi/lib/armv6-m/libc.a(lib_a-freer.o)
 .debug_frame   0x0000000000000e08       0x68 /Applications/lpcxpresso_6.0.2_151/lpcxpresso/tools/bin/../lib/gcc/arm-none-eabi/4.6.2/../../../../arm-none-eabi/lib/armv6-m/libc.a(lib_a-reent.o)
